#
# There is insufficient memory for the Java Runtime Environment to continue.
# Native memory allocation (mmap) failed to map 1778384896 bytes for Failed to commit pages from 655360 of length 434176
# Possible reasons:
#   The system is out of physical RAM or swap space
#   In 32 bit mode, the process size limit was hit
# Possible solutions:
#   Reduce memory load on the system
#   Increase physical memory or swap space
#   Check if swap backing store is full
#   Use 64 bit Java on a 64 bit OS
#   Decrease Java heap size (-Xmx/-Xms)
#   Decrease number of Java threads
#   Decrease Java thread stack sizes (-Xss)
#   Set larger code cache with -XX:ReservedCodeCacheSize=
# This output file may be truncated or incomplete.
#
#  Out of Memory Error (os_windows.cpp:3324), pid=22444, tid=24276
#
# JRE version: Java(TM) SE Runtime Environment (8.0_51-b16) (build 1.8.0_51-b16)
# Java VM: Java HotSpot(TM) 64-Bit Server VM (25.51-b03 mixed mode windows-amd64 compressed oops)
# Failed to write core dump. Minidumps are not enabled by default on client versions of Windows
#

---------------  T H R E A D  ---------------

Current thread (0x0000000030eee800):  VMThread [stack: 0x0000000030f80000,0x0000000031080000] [id=24276]

Stack: [0x0000000030f80000,0x0000000031080000]
[error occurred during error reporting (printing stack bounds), id 0xc0000005]

Native frames: (J=compiled Java code, j=interpreted, Vv=VM code, C=native code)
V  [jvm.dll+0x32b4ca]
V  [jvm.dll+0x2797e3]
V  [jvm.dll+0x27a479]
V  [jvm.dll+0x293446]
V  [jvm.dll+0x297d3c]
V  [jvm.dll+0x5ca9cf]
C  [msvcr100.dll+0x712e3]
V  [jvm.dll+0x5ca0cd]
C  [ntdll.dll+0x16479f]
C  [ntdll.dll+0x45e97]
C  [ntdll.dll+0x1640de]
V  [jvm.dll+0x21bbc1]

VM_Operation (0x000000003c7bef30): G1IncCollectionPause, mode: safepoint, requested by thread 0x0000000032ab0800


---------------  P R O C E S S  ---------------

Java Threads: ( => current thread )
  0x00000000327ce000 JavaThread "Worker-Bootstrap-5" daemon [_thread_blocked, id=21096, stack(0x0000000040d00000,0x0000000040e00000)]
  0x00000000416b9000 JavaThread "Worker-Bootstrap-4" daemon [_thread_blocked, id=24056, stack(0x000000003f800000,0x000000003f900000)]
  0x0000000042d73000 JavaThread "Worker-Bootstrap-3" daemon [_thread_blocked, id=24064, stack(0x000000003c510000,0x000000003c610000)]
  0x000000003ed8e000 JavaThread "Worker-Bootstrap-2" daemon [_thread_blocked, id=24528, stack(0x000000003be60000,0x000000003bf60000)]
  0x000000003fc53000 JavaThread "Worker-Bootstrap-1" daemon [_thread_blocked, id=24448, stack(0x000000003b6e0000,0x000000003b7e0000)]
  0x0000000041e6e800 JavaThread "pool-3-thread-1" [_thread_blocked, id=24692, stack(0x000000003c010000,0x000000003c110000)]
  0x000000003ff4d000 JavaThread "pool-2-thread-1" daemon [_thread_blocked, id=24080, stack(0x000000003f3a0000,0x000000003f4a0000)]
  0x0000000032ab0800 JavaThread "Thread-3" daemon [_thread_blocked, id=24808, stack(0x000000003c6c0000,0x000000003c7c0000)]
  0x00000000330bd800 JavaThread "Thread-2" daemon [_thread_in_native, id=10872, stack(0x0000000034490000,0x0000000034590000)]
  0x0000000032787000 JavaThread "Thread-1" daemon [_thread_blocked, id=20788, stack(0x0000000034390000,0x0000000034490000)]
  0x00000000318d8800 JavaThread "Service Thread" daemon [_thread_blocked, id=13864, stack(0x0000000031c80000,0x0000000031d80000)]
  0x0000000030f68800 JavaThread "C1 CompilerThread2" daemon [_thread_blocked, id=24240, stack(0x0000000031780000,0x0000000031880000)]
  0x0000000030f5a000 JavaThread "C2 CompilerThread1" daemon [_thread_blocked, id=25560, stack(0x0000000031680000,0x0000000031780000)]
  0x0000000030f59000 JavaThread "C2 CompilerThread0" daemon [_thread_blocked, id=18044, stack(0x0000000031580000,0x0000000031680000)]
  0x0000000030f55000 JavaThread "Attach Listener" daemon [_thread_blocked, id=24516, stack(0x0000000031480000,0x0000000031580000)]
  0x0000000030f0d000 JavaThread "Signal Dispatcher" daemon [_thread_blocked, id=23908, stack(0x0000000031380000,0x0000000031480000)]
  0x0000000030f0c000 JavaThread "Surrogate Locker Thread (Concurrent GC)" daemon [_thread_blocked, id=21236, stack(0x0000000031280000,0x0000000031380000)]
  0x0000000030ef9800 JavaThread "Finalizer" daemon [_thread_blocked, id=20160, stack(0x0000000031180000,0x0000000031280000)]
  0x0000000030ef2000 JavaThread "Reference Handler" daemon [_thread_blocked, id=17020, stack(0x0000000031080000,0x0000000031180000)]
  0x0000000002c04800 JavaThread "main" [_thread_blocked, id=19740, stack(0x0000000002b00000,0x0000000002c00000)]

Other Threads:
=>0x0000000030eee800 VMThread [stack: 0x0000000030f80000,0x0000000031080000] [id=24276]
  0x000000003188f000 WatcherThread [stack: 0x0000000031d80000,0x0000000031e80000] [id=23764]

VM state:at safepoint (normal execution)

VM Mutex/Monitor currently owned by a thread:  ([mutex/lock_event])
[0x0000000002c03160] Threads_lock - owner thread: 0x0000000030eee800
[0x0000000002c020e0] Heap_lock - owner thread: 0x0000000032ab0800

Heap:
 garbage-first heap   total 4358144K, used 269626K [0x0000000516000000, 0x0000000518000428, 0x00000007c0000000)
  region size 32768K, 2 young (65536K), 2 survivors (65536K)
 Metaspace       used 60781K, capacity 66818K, committed 67100K, reserved 1105920K
  class space    used 8511K, capacity 10028K, committed 10060K, reserved 1048576K

Heap Regions: (Y=young(eden), SU=young(survivor), HS=humongous(starts), HC=humongous(continues), CS=collection set, F=free, TS=gc time stamp, PTAMS=previous top-at-mark-start, NTAMS=next top-at-mark-start)
AC   0  O    TS     0 PTAMS 0x0000000518000000 NTAMS 0x0000000518000000 space 32768K, 100% used [0x0000000516000000, 0x0000000518000000)
AC   0  O    TS     0 PTAMS 0x000000051a000000 NTAMS 0x000000051a000000 space 32768K, 100% used [0x0000000518000000, 0x000000051a000000)
AC   0  O    TS     3 PTAMS 0x000000051a8d8400 NTAMS 0x000000051a8d8400 space 32768K, 100% used [0x000000051a000000, 0x000000051c000000)
AC   0  O    TS     0 PTAMS 0x000000051e000000 NTAMS 0x000000051e000000 space 32768K, 100% used [0x000000051c000000, 0x000000051e000000)
AC   0  O    TS     0 PTAMS 0x0000000520000000 NTAMS 0x0000000520000000 space 32768K, 100% used [0x000000051e000000, 0x0000000520000000)
AC   0  O    TS     7 PTAMS 0x0000000520000000 NTAMS 0x0000000520000000 space 32768K,  78% used [0x0000000520000000, 0x0000000522000000)
AC   0  F    TS     1 PTAMS 0x0000000522000000 NTAMS 0x0000000522000000 space 32768K,   0% used [0x0000000522000000, 0x0000000524000000)
AC   0  F    TS     0 PTAMS 0x0000000524000000 NTAMS 0x0000000524000000 space 32768K,   0% used [0x0000000524000000, 0x0000000526000000)
AC   0  O    TS     0 PTAMS 0x0000000528000000 NTAMS 0x0000000528000000 space 32768K, 100% used [0x0000000526000000, 0x0000000528000000)
AC   0  F    TS     0 PTAMS 0x0000000528000000 NTAMS 0x0000000528000000 space 32768K,   0% used [0x0000000528000000, 0x000000052a000000)
AC   0  F    TS     1 PTAMS 0x000000052a000000 NTAMS 0x000000052a000000 space 32768K,   0% used [0x000000052a000000, 0x000000052c000000)
AC   0  F    TS     1 PTAMS 0x000000052c000000 NTAMS 0x000000052c000000 space 32768K,   0% used [0x000000052c000000, 0x000000052e000000)
AC   0  F    TS     3 PTAMS 0x000000052e000000 NTAMS 0x000000052e000000 space 32768K,   0% used [0x000000052e000000, 0x0000000530000000)
AC   0  F    TS     1 PTAMS 0x0000000530000000 NTAMS 0x0000000530000000 space 32768K,   0% used [0x0000000530000000, 0x0000000532000000)
AC   0  F    TS     1 PTAMS 0x0000000532000000 NTAMS 0x0000000532000000 space 32768K,   0% used [0x0000000532000000, 0x0000000534000000)
AC   0  F    TS     1 PTAMS 0x0000000534000000 NTAMS 0x0000000534000000 space 32768K,   0% used [0x0000000534000000, 0x0000000536000000)
AC   0  F    TS     1 PTAMS 0x0000000536000000 NTAMS 0x0000000536000000 space 32768K,   0% used [0x0000000536000000, 0x0000000538000000)
AC   0  F    TS     1 PTAMS 0x0000000538000000 NTAMS 0x0000000538000000 space 32768K,   0% used [0x0000000538000000, 0x000000053a000000)
AC   0  F    TS     1 PTAMS 0x000000053a000000 NTAMS 0x000000053a000000 space 32768K,   0% used [0x000000053a000000, 0x000000053c000000)
AC   0  F    TS     1 PTAMS 0x000000053c000000 NTAMS 0x000000053c000000 space 32768K,   0% used [0x000000053c000000, 0x000000053e000000)
AC   0  F    TS     3 PTAMS 0x000000053e000000 NTAMS 0x000000053e000000 space 32768K,   0% used [0x000000053e000000, 0x0000000540000000)
AC   0  F    TS     3 PTAMS 0x0000000540000000 NTAMS 0x0000000540000000 space 32768K,   0% used [0x0000000540000000, 0x0000000542000000)
AC   0  F    TS     3 PTAMS 0x0000000542000000 NTAMS 0x0000000542000000 space 32768K,   0% used [0x0000000542000000, 0x0000000544000000)
AC   0  F    TS     3 PTAMS 0x0000000544000000 NTAMS 0x0000000544000000 space 32768K,   0% used [0x0000000544000000, 0x0000000546000000)
AC   0  F    TS     3 PTAMS 0x0000000546000000 NTAMS 0x0000000546000000 space 32768K,   0% used [0x0000000546000000, 0x0000000548000000)
AC   0  F    TS     3 PTAMS 0x0000000548000000 NTAMS 0x0000000548000000 space 32768K,   0% used [0x0000000548000000, 0x000000054a000000)
AC   0  F    TS     3 PTAMS 0x000000054a000000 NTAMS 0x000000054a000000 space 32768K,   0% used [0x000000054a000000, 0x000000054c000000)
AC   0  F    TS     3 PTAMS 0x000000054c000000 NTAMS 0x000000054c000000 space 32768K,   0% used [0x000000054c000000, 0x000000054e000000)
AC   0  F    TS     3 PTAMS 0x000000054e000000 NTAMS 0x000000054e000000 space 32768K,   0% used [0x000000054e000000, 0x0000000550000000)
AC   0  F    TS     3 PTAMS 0x0000000550000000 NTAMS 0x0000000550000000 space 32768K,   0% used [0x0000000550000000, 0x0000000552000000)
AC   0  F    TS     3 PTAMS 0x0000000552000000 NTAMS 0x0000000552000000 space 32768K,   0% used [0x0000000552000000, 0x0000000554000000)
AC   0  F    TS     3 PTAMS 0x0000000554000000 NTAMS 0x0000000554000000 space 32768K,   0% used [0x0000000554000000, 0x0000000556000000)
AC   0  F    TS     5 PTAMS 0x0000000556000000 NTAMS 0x0000000556000000 space 32768K,   0% used [0x0000000556000000, 0x0000000558000000)
AC   0  F    TS     3 PTAMS 0x0000000558000000 NTAMS 0x0000000558000000 space 32768K,   0% used [0x0000000558000000, 0x000000055a000000)
AC   0  F    TS     3 PTAMS 0x000000055a000000 NTAMS 0x000000055a000000 space 32768K,   0% used [0x000000055a000000, 0x000000055c000000)
AC   0  F    TS     3 PTAMS 0x000000055c000000 NTAMS 0x000000055c000000 space 32768K,   0% used [0x000000055c000000, 0x000000055e000000)
AC   0  F    TS     3 PTAMS 0x000000055e000000 NTAMS 0x000000055e000000 space 32768K,   0% used [0x000000055e000000, 0x0000000560000000)
AC   0  F    TS     3 PTAMS 0x0000000560000000 NTAMS 0x0000000560000000 space 32768K,   0% used [0x0000000560000000, 0x0000000562000000)
AC   0  F    TS     3 PTAMS 0x0000000562000000 NTAMS 0x0000000562000000 space 32768K,   0% used [0x0000000562000000, 0x0000000564000000)
AC   0  F    TS     3 PTAMS 0x0000000564000000 NTAMS 0x0000000564000000 space 32768K,   0% used [0x0000000564000000, 0x0000000566000000)
AC   0  F    TS     5 PTAMS 0x0000000566000000 NTAMS 0x0000000566000000 space 32768K,   0% used [0x0000000566000000, 0x0000000568000000)
AC   0  F    TS     5 PTAMS 0x0000000568000000 NTAMS 0x0000000568000000 space 32768K,   0% used [0x0000000568000000, 0x000000056a000000)
AC   0  F    TS     5 PTAMS 0x000000056a000000 NTAMS 0x000000056a000000 space 32768K,   0% used [0x000000056a000000, 0x000000056c000000)
AC   0  F    TS     5 PTAMS 0x000000056c000000 NTAMS 0x000000056c000000 space 32768K,   0% used [0x000000056c000000, 0x000000056e000000)
AC   0  F    TS     5 PTAMS 0x000000056e000000 NTAMS 0x000000056e000000 space 32768K,   0% used [0x000000056e000000, 0x0000000570000000)
AC   0  F    TS     5 PTAMS 0x0000000570000000 NTAMS 0x0000000570000000 space 32768K,   0% used [0x0000000570000000, 0x0000000572000000)
AC   0  F    TS     5 PTAMS 0x0000000572000000 NTAMS 0x0000000572000000 space 32768K,   0% used [0x0000000572000000, 0x0000000574000000)
AC   0  F    TS     5 PTAMS 0x0000000574000000 NTAMS 0x0000000574000000 space 32768K,   0% used [0x0000000574000000, 0x0000000576000000)
AC   0  F    TS     5 PTAMS 0x0000000576000000 NTAMS 0x0000000576000000 space 32768K,   0% used [0x0000000576000000, 0x0000000578000000)
AC   0  F    TS     5 PTAMS 0x0000000578000000 NTAMS 0x0000000578000000 space 32768K,   0% used [0x0000000578000000, 0x000000057a000000)
AC   0  F    TS     5 PTAMS 0x000000057a000000 NTAMS 0x000000057a000000 space 32768K,   0% used [0x000000057a000000, 0x000000057c000000)
AC   0  F    TS     5 PTAMS 0x000000057c000000 NTAMS 0x000000057c000000 space 32768K,   0% used [0x000000057c000000, 0x000000057e000000)
AC   0  F    TS     5 PTAMS 0x000000057e000000 NTAMS 0x000000057e000000 space 32768K,   0% used [0x000000057e000000, 0x0000000580000000)
AC   0  F    TS     5 PTAMS 0x0000000580000000 NTAMS 0x0000000580000000 space 32768K,   0% used [0x0000000580000000, 0x0000000582000000)
AC   0  F    TS     5 PTAMS 0x0000000582000000 NTAMS 0x0000000582000000 space 32768K,   0% used [0x0000000582000000, 0x0000000584000000)
AC   0  F    TS     5 PTAMS 0x0000000584000000 NTAMS 0x0000000584000000 space 32768K,   0% used [0x0000000584000000, 0x0000000586000000)
AC   0  F    TS     5 PTAMS 0x0000000586000000 NTAMS 0x0000000586000000 space 32768K,   0% used [0x0000000586000000, 0x0000000588000000)
AC   0  F    TS     5 PTAMS 0x0000000588000000 NTAMS 0x0000000588000000 space 32768K,   0% used [0x0000000588000000, 0x000000058a000000)
AC   0  F    TS     5 PTAMS 0x000000058a000000 NTAMS 0x000000058a000000 space 32768K,   0% used [0x000000058a000000, 0x000000058c000000)
AC   0  F    TS     5 PTAMS 0x000000058c000000 NTAMS 0x000000058c000000 space 32768K,   0% used [0x000000058c000000, 0x000000058e000000)
AC   0  F    TS     5 PTAMS 0x000000058e000000 NTAMS 0x000000058e000000 space 32768K,   0% used [0x000000058e000000, 0x0000000590000000)
AC   0  F    TS     5 PTAMS 0x0000000590000000 NTAMS 0x0000000590000000 space 32768K,   0% used [0x0000000590000000, 0x0000000592000000)
AC   0  S CS TS     7 PTAMS 0x0000000592000000 NTAMS 0x0000000592000000 space 32768K,  44% used [0x0000000592000000, 0x0000000594000000)
AC   0  S CS TS     7 PTAMS 0x0000000594000000 NTAMS 0x0000000594000000 space 32768K, 100% used [0x0000000594000000, 0x0000000596000000)
AC   0  F    TS     5 PTAMS 0x0000000596000000 NTAMS 0x0000000596000000 space 32768K,   0% used [0x0000000596000000, 0x0000000598000000)
AC   0  F    TS     5 PTAMS 0x0000000598000000 NTAMS 0x0000000598000000 space 32768K,   0% used [0x0000000598000000, 0x000000059a000000)
AC   0  F    TS     5 PTAMS 0x000000059a000000 NTAMS 0x000000059a000000 space 32768K,   0% used [0x000000059a000000, 0x000000059c000000)
AC   0  F    TS     5 PTAMS 0x000000059c000000 NTAMS 0x000000059c000000 space 32768K,   0% used [0x000000059c000000, 0x000000059e000000)
AC   0  F    TS     5 PTAMS 0x000000059e000000 NTAMS 0x000000059e000000 space 32768K,   0% used [0x000000059e000000, 0x00000005a0000000)
AC   0  F    TS     5 PTAMS 0x00000005a0000000 NTAMS 0x00000005a0000000 space 32768K,   0% used [0x00000005a0000000, 0x00000005a2000000)
AC   0  F    TS     5 PTAMS 0x00000005a2000000 NTAMS 0x00000005a2000000 space 32768K,   0% used [0x00000005a2000000, 0x00000005a4000000)
AC   0  F    TS     5 PTAMS 0x00000005a4000000 NTAMS 0x00000005a4000000 space 32768K,   0% used [0x00000005a4000000, 0x00000005a6000000)
AC   0  F    TS     5 PTAMS 0x00000005a6000000 NTAMS 0x00000005a6000000 space 32768K,   0% used [0x00000005a6000000, 0x00000005a8000000)
AC   0  F    TS     5 PTAMS 0x00000005a8000000 NTAMS 0x00000005a8000000 space 32768K,   0% used [0x00000005a8000000, 0x00000005aa000000)
AC   0  F    TS     5 PTAMS 0x00000005aa000000 NTAMS 0x00000005aa000000 space 32768K,   0% used [0x00000005aa000000, 0x00000005ac000000)
AC   0  F    TS     5 PTAMS 0x00000005ac000000 NTAMS 0x00000005ac000000 space 32768K,   0% used [0x00000005ac000000, 0x00000005ae000000)
AC   0  F    TS     5 PTAMS 0x00000005ae000000 NTAMS 0x00000005ae000000 space 32768K,   0% used [0x00000005ae000000, 0x00000005b0000000)
AC   0  F    TS     5 PTAMS 0x00000005b0000000 NTAMS 0x00000005b0000000 space 32768K,   0% used [0x00000005b0000000, 0x00000005b2000000)
AC   0  F    TS     5 PTAMS 0x00000005b2000000 NTAMS 0x00000005b2000000 space 32768K,   0% used [0x00000005b2000000, 0x00000005b4000000)
AC   0  F    TS     5 PTAMS 0x00000005b4000000 NTAMS 0x00000005b4000000 space 32768K,   0% used [0x00000005b4000000, 0x00000005b6000000)

Card table byte_map: [0x0000000014970000,0x0000000015ec0000] byte_map_base: 0x00000000120c0000

Marking Bits (Prev, Next): (CMBitMap*) 0x0000000002c9aee8, (CMBitMap*) 0x0000000002c9af40
 Prev Bits: [0x0000000017410000, 0x0000000021e90000)
 Next Bits: [0x0000000021e90000, 0x000000002c910000)

Polling page: 0x0000000001150000

CodeCache: size=245760Kb used=24598Kb max_used=24609Kb free=221161Kb
 bounds [0x0000000002d00000, 0x0000000004530000, 0x0000000011d00000]
 total_blobs=9452 nmethods=8141 adapters=1221
 compilation: enabled

Compilation events (10 events):
Event: 14.130 Thread 0x0000000030f5a000 nmethod 9912 0x000000000451df50 code [0x000000000451e0c0, 0x000000000451e3f8]
Event: 14.130 Thread 0x0000000030f5a000 9913       4       sun.reflect.DelegatingMethodAccessorImpl::invoke (10 bytes)
Event: 14.132 Thread 0x0000000030f5a000 nmethod 9913 0x000000000451f810 code [0x000000000451f980, 0x000000000451fd18]
Event: 14.132 Thread 0x0000000030f5a000 9904       4       com.mojang.datafixers.View::create (11 bytes)
Event: 14.134 Thread 0x0000000030f5a000 nmethod 9904 0x0000000004511010 code [0x0000000004511160, 0x0000000004511478]
Event: 14.134 Thread 0x0000000030f5a000 9915       4       com.mojang.datafixers.types.templates.Tag$TagType::equals (68 bytes)
Event: 14.136 Thread 0x0000000030f5a000 nmethod 9915 0x00000000045163d0 code [0x0000000004516520, 0x0000000004516738]
Event: 14.136 Thread 0x0000000030f5a000 9902       4       java.util.BitSet::<init> (56 bytes)
Event: 14.137 Thread 0x0000000030f5a000 nmethod 9902 0x000000000451c210 code [0x000000000451c360, 0x000000000451c578]
Event: 14.160 Thread 0x0000000030f5a000 9916       4       java.util.stream.StreamOpFlag::fromCharacteristics (37 bytes)

GC Heap History (10 events):
Event: 11.225 GC heap after
Heap after GC invocations=67 (full 0):
 garbage-first heap   total 294912K, used 200839K [0x0000000516000000, 0x0000000518000048, 0x00000007c0000000)
  region size 32768K, 1 young (32768K), 1 survivors (32768K)
 Metaspace       used 59617K, capacity 65480K, committed 65692K, reserved 1105920K
  class space    used 8264K, capacity 9675K, committed 9676K, reserved 1048576K
}
Event: 11.327 GC heap before
{Heap before GC invocations=67 (full 0):
 garbage-first heap   total 294912K, used 233607K [0x0000000516000000, 0x0000000518000048, 0x00000007c0000000)
  region size 32768K, 3 young (98304K), 1 survivors (32768K)
 Metaspace       used 59661K, capacity 65530K, committed 65820K, reserved 1105920K
  class space    used 8278K, capacity 9696K, committed 9804K, reserved 1048576K
Event: 11.346 GC heap after
Heap after GC invocations=68 (full 0):
 garbage-first heap   total 327680K, used 216490K [0x0000000516000000, 0x0000000518000050, 0x00000007c0000000)
  region size 32768K, 1 young (32768K), 1 survivors (32768K)
 Metaspace       used 59661K, capacity 65530K, committed 65820K, reserved 1105920K
  class space    used 8278K, capacity 9696K, committed 9804K, reserved 1048576K
}
Event: 11.481 GC heap before
{Heap before GC invocations=69 (full 0):
 garbage-first heap   total 327680K, used 249258K [0x0000000516000000, 0x0000000518000050, 0x00000007c0000000)
  region size 32768K, 2 young (65536K), 1 survivors (32768K)
 Metaspace       used 59714K, capacity 65494K, committed 65820K, reserved 1105920K
  class space    used 8291K, capacity 9714K, committed 9804K, reserved 1048576K
Event: 11.502 GC heap after
Heap after GC invocations=70 (full 0):
 garbage-first heap   total 655360K, used 216390K [0x0000000516000000, 0x00000005180000a0, 0x00000007c0000000)
  region size 32768K, 1 young (32768K), 1 survivors (32768K)
 Metaspace       used 59714K, capacity 65494K, committed 65820K, reserved 1105920K
  class space    used 8291K, capacity 9714K, committed 9804K, reserved 1048576K
}
Event: 11.677 GC heap before
{Heap before GC invocations=70 (full 0):
 garbage-first heap   total 655360K, used 445766K [0x0000000516000000, 0x00000005180000a0, 0x00000007c0000000)
  region size 32768K, 8 young (262144K), 1 survivors (32768K)
 Metaspace       used 60043K, capacity 65918K, committed 66204K, reserved 1105920K
  class space    used 8374K, capacity 9836K, committed 9932K, reserved 1048576K
Event: 13.168 GC heap after
Heap after GC invocations=71 (full 0):
 garbage-first heap   total 1310720K, used 241129K [0x0000000516000000, 0x0000000518000140, 0x00000007c0000000)
  region size 32768K, 1 young (32768K), 1 survivors (32768K)
 Metaspace       used 60043K, capacity 65918K, committed 66204K, reserved 1105920K
  class space    used 8374K, capacity 9836K, committed 9932K, reserved 1048576K
}
Event: 13.320 GC heap before
{Heap before GC invocations=71 (full 0):
 garbage-first heap   total 1310720K, used 470505K [0x0000000516000000, 0x0000000518000140, 0x00000007c0000000)
  region size 32768K, 8 young (262144K), 1 survivors (32768K)
 Metaspace       used 60176K, capacity 66138K, committed 66460K, reserved 1105920K
  class space    used 8405K, capacity 9876K, committed 9932K, reserved 1048576K
Event: 13.699 GC heap after
Heap after GC invocations=72 (full 0):
 garbage-first heap   total 2621440K, used 254251K [0x0000000516000000, 0x0000000518000280, 0x00000007c0000000)
  region size 32768K, 1 young (32768K), 1 survivors (32768K)
 Metaspace       used 60176K, capacity 66138K, committed 66460K, reserved 1105920K
  class space    used 8405K, capacity 9876K, committed 9932K, reserved 1048576K
}
Event: 14.160 GC heap before
{Heap before GC invocations=72 (full 0):
 garbage-first heap   total 2621440K, used 745771K [0x0000000516000000, 0x0000000518000280, 0x00000007c0000000)
  region size 32768K, 17 young (557056K), 1 survivors (32768K)
 Metaspace       used 60781K, capacity 66818K, committed 67100K, reserved 1105920K
  class space    used 8511K, capacity 10028K, committed 10060K, reserved 1048576K

Deoptimization events (10 events):
Event: 13.953 Thread 0x0000000041e6e800 Uncommon trap: reason=class_check action=maybe_recompile pc=0x00000000041df71c method=com.google.common.collect.CollectCollectors.lambda$toImmutableMap$1(Ljava/util/function/Function;Ljava/util/function/Function;Lcom/google/common/collect/ImmutableMap$Buil´[='ΩÁ+@
Event: 13.953 Thread 0x0000000041e6e800 Uncommon trap: reason=class_check action=maybe_recompile pc=0x00000000041df71c method=com.google.common.collect.CollectCollectors.lambda$toImmutableMap$1(Ljava/util/function/Function;Ljava/util/function/Function;Lcom/google/common/collect/ImmutableMap$Buil¬Wœ§®Í+@
Event: 13.958 Thread 0x000000003ed8e000 Uncommon trap: reason=unstable_if action=reinterpret pc=0x00000000043d6adc method=com.mojang.datafixers.functions.PointFreeRule$CataFuseSame.doRewrite(Lcom/mojang/datafixers/types/Type;Lcom/mojang/datafixers/types/Type;Lcom/mojang/datafixers/functions/Poin£Àõ√µÍ+@
Event: 13.958 Thread 0x000000003ed8e000 Uncommon trap: reason=unstable_if action=reinterpret pc=0x00000000043d67d4 method=com.mojang.datafixers.functions.PointFreeRule$CataFuseDifferent.doRewrite(Lcom/mojang/datafixers/types/Type;Lcom/mojang/datafixers/types/Type;Lcom/mojang/datafixers/functionsÎ—
¬Î+@
Event: 13.960 Thread 0x000000003ed8e000 Uncommon trap: reason=class_check action=maybe_recompile pc=0x0000000003181784 method=com.mojang.datafixers.types.templates.Product.equals(Ljava/lang/Object;)Z @ 8
Event: 13.960 Thread 0x000000003ed8e000 Uncommon trap: reason=class_check action=maybe_recompile pc=0x0000000003181784 method=com.mojang.datafixers.types.templates.Product.equals(Ljava/lang/Object;)Z @ 8
Event: 13.961 Thread 0x000000003ed8e000 Uncommon trap: reason=class_check action=maybe_recompile pc=0x0000000003181784 method=com.mojang.datafixers.types.templates.Product.equals(Ljava/lang/Object;)Z @ 8
Event: 13.961 Thread 0x000000003ed8e000 Uncommon trap: reason=class_check action=maybe_recompile pc=0x0000000003181784 method=com.mojang.datafixers.types.templates.Product.equals(Ljava/lang/Object;)Z @ 8
Event: 13.964 Thread 0x000000003ed8e000 Uncommon trap: reason=unstable_if action=reinterpret pc=0x00000000044bb6c8 method=com.mojang.datafixers.DataFixUtils.orElse(Ljava/util/Optional;Ljava/lang/Object;)Ljava/lang/Object; @ 4
Event: 14.157 Thread 0x0000000041e6e800 Uncommon trap: reason=class_check action=maybe_recompile pc=0x0000000004514d7c method=sun.reflect.DelegatingMethodAccessorImpl.invoke(Ljava/lang/Object;[Ljava/lang/Object;)Ljava/lang/Object; @ 6

Internal exceptions (10 events):
Event: 11.123 Thread 0x0000000042d73000 Implicit null exception at 0x0000000003bedd9a to 0x0000000003bedea7
Event: 11.268 Thread 0x0000000041e6e800 Exception <a 'java/lang/NoSuchMethodError': java.lang.Object.func_232949_a_(Ljava/util/function/Supplier;Lnet/minecraft/util/ResourceLocation;)Lcom/mojang/serialization/DataResult;> (0x0000000524b647d8) thrown at [C:\re\workspace\8-2-build-windows-amd64-cyK!êKâ&@
Event: 11.268 Thread 0x0000000041e6e800 Exception <a 'java/lang/NoSuchMethodError': java.lang.Object.func_232948_a_(Ljava/util/function/Supplier;Lnet/minecraft/tags/ITag;)Lcom/mojang/serialization/DataResult;> (0x0000000524b68940) thrown at [C:\re\workspace\8-2-build-windows-amd64-cygwin\jdk8u51Ø–Àÿî&@
Event: 11.291 Thread 0x0000000042d73000 Implicit null exception at 0x0000000002e6aa6c to 0x0000000002e6acad
Event: 13.257 Thread 0x0000000041e6e800 Exception <a 'java/lang/NoSuchMethodError': java.lang.Object.lambda$optionalFieldOf$2(Ljava/lang/Object;Ljava/util/Optional;)Ljava/lang/Object;> (0x000000055ff4b7d8) thrown at [C:\re\workspace\8-2-build-windows-amd64-cygwin\jdk8u51\3951\hotspot\src\share\v-q.„É*@
Event: 13.258 Thread 0x0000000041e6e800 Exception <a 'java/lang/NoSuchMethodError': java.lang.Object.lambda$optionalFieldOf$3(Ljava/lang/Object;Ljava/lang/Object;)Ljava/util/Optional;> (0x000000055ff4e718) thrown at [C:\re\workspace\8-2-build-windows-amd64-cygwin\jdk8u51\3951\hotspot\src\share\v§•óΩä+@
Event: 13.770 Thread 0x0000000041e6e800 Exception <a 'java/lang/NoSuchMethodError': java.lang.Object.func_242924_a(Lcom/mojang/serialization/Codec;)Lcom/mojang/serialization/Codec;> (0x00000005b531a058) thrown at [C:\re\workspace\8-2-build-windows-amd64-cygwin\jdk8u51\3951\hotspot\src\share\vm\i
Event: 13.786 Thread 0x0000000041e6e800 Exception <a 'java/lang/NoSuchMethodError': java.lang.Object.func_242923_a(Lcom/mojang/datafixers/util/Either;)Lnet/minecraft/world/gen/feature/template/StructureProcessorList;> (0x00000005b0399fa8) thrown at [C:\re\workspace\8-2-build-windows-amd64-cygwinÃÛ;®Î+@
Event: 13.959 Thread 0x000000003ed8e000 Exception <a 'java/lang/NoSuchMethodError': java.lang.Object.lambda$rewrite$0(Lcom/mojang/datafixers/View;Lcom/mojang/datafixers/functions/PointFree;)Lcom/mojang/datafixers/View;> (0x00000005a46a76d0) thrown at [C:\re\workspace\8-2-build-windows-amd64-cygwùè!∂™K,@
Event: 14.148 Thread 0x0000000041e6e800 Exception <a 'java/lang/IncompatibleClassChangeError': Found class java.lang.Object, but interface was expected> (0x00000005a1d628f8) thrown at [C:\re\workspace\8-2-build-windows-amd64-cygwin\jdk8u51\3951\hotspot\src\share\vm\interpreter\linkResolver.cpp, €Ã◊?&@

Events (10 events):
Event: 14.158 loading class com/mojang/serialization/codecs/RecordCodecBuilder$Instance done
Event: 14.158 loading class com/mojang/serialization/codecs/RecordCodecBuilder$Instance
Event: 14.158 loading class com/mojang/serialization/codecs/RecordCodecBuilder$Instance done
Event: 14.158 loading class net/minecraft/world/biome/MobSpawnInfo
Event: 14.158 loading class net/minecraft/world/biome/MobSpawnInfo done
Event: 14.158 loading class net/minecraft/world/biome/MobSpawnInfo
Event: 14.158 loading class net/minecraft/world/biome/MobSpawnInfo done
Event: 14.158 loading class org/apache/logging/log4j/Logger
Event: 14.158 loading class org/apache/logging/log4j/Logger done
Event: 14.160 Executing VM operation: G1IncCollectionPause


Dynamic libraries:
0x00007ff745190000 - 0x00007ff7451c7000 	C:\Users\nrk47\AppData\Roaming\.minecraft\runtime\jre-legacy\windows\jre-legacy\bin\javaw.exe
0x00007ffe4fd20000 - 0x00007ffe4ff86000 	C:\WINDOWS\SYSTEM32\ntdll.dll
0x00007ffe4e280000 - 0x00007ffe4e349000 	C:\WINDOWS\System32\KERNEL32.DLL
0x00007ffe4cfd0000 - 0x00007ffe4d3ce000 	C:\WINDOWS\System32\KERNELBASE.dll
0x00007ffe4de10000 - 0x00007ffe4dec7000 	C:\WINDOWS\System32\ADVAPI32.dll
0x00007ffe4f9f0000 - 0x00007ffe4fa99000 	C:\WINDOWS\System32\msvcrt.dll
0x00007ffe4f850000 - 0x00007ffe4f8fa000 	C:\WINDOWS\System32\sechost.dll
0x00007ffe4db30000 - 0x00007ffe4dc48000 	C:\WINDOWS\System32\RPCRT4.dll
0x00007ffe4fac0000 - 0x00007ffe4fc87000 	C:\WINDOWS\System32\USER32.dll
0x00007ffe4d3e0000 - 0x00007ffe4d407000 	C:\WINDOWS\System32\win32u.dll
0x00007ffe4dd70000 - 0x00007ffe4dd9b000 	C:\WINDOWS\System32\GDI32.dll
0x00007ffe4d860000 - 0x00007ffe4d98a000 	C:\WINDOWS\System32\gdi32full.dll
0x00007ffe4d7b0000 - 0x00007ffe4d853000 	C:\WINDOWS\System32\msvcp_win.dll
0x00007ffe4d410000 - 0x00007ffe4d55c000 	C:\WINDOWS\System32\ucrtbase.dll
0x00007ffe2a070000 - 0x00007ffe2a302000 	C:\WINDOWS\WinSxS\amd64_microsoft.windows.common-controls_6595b64144ccf1df_6.0.26100.8875_none_3e0d5d42e32fe9dd\COMCTL32.dll
0x00007ffe4f900000 - 0x00007ffe4f932000 	C:\WINDOWS\System32\IMM32.DLL
0x0000000050040000 - 0x0000000050112000 	C:\Users\nrk47\AppData\Roaming\.minecraft\runtime\jre-legacy\windows\jre-legacy\bin\msvcr100.dll
0x00000000748b0000 - 0x0000000075133000 	C:\Users\nrk47\AppData\Roaming\.minecraft\runtime\jre-legacy\windows\jre-legacy\bin\server\jvm.dll
0x00007ffe4dd60000 - 0x00007ffe4dd68000 	C:\WINDOWS\System32\PSAPI.DLL
0x00007ffe45b80000 - 0x00007ffe45b8b000 	C:\WINDOWS\SYSTEM32\VERSION.dll
0x00007ffe3ed70000 - 0x00007ffe3eda6000 	C:\WINDOWS\SYSTEM32\WINMM.dll
0x00007ffe49cf0000 - 0x00007ffe49cfa000 	C:\WINDOWS\SYSTEM32\WSOCK32.dll
0x00007ffe4f940000 - 0x00007ffe4f9c0000 	C:\WINDOWS\System32\ws2_32.DLL
0x0000000050030000 - 0x000000005003f000 	C:\Users\nrk47\AppData\Roaming\.minecraft\runtime\jre-legacy\windows\jre-legacy\bin\verify.dll
0x0000000050000000 - 0x0000000050029000 	C:\Users\nrk47\AppData\Roaming\.minecraft\runtime\jre-legacy\windows\jre-legacy\bin\java.dll
0x0000000076860000 - 0x0000000076876000 	C:\Users\nrk47\AppData\Roaming\.minecraft\runtime\jre-legacy\windows\jre-legacy\bin\zip.dll
0x00007ffe4e4f0000 - 0x00007ffe4ec82000 	C:\WINDOWS\System32\SHELL32.dll
0x00007ffe4a9c0000 - 0x00007ffe4b252000 	C:\WINDOWS\SYSTEM32\windows.storage.dll
0x00007ffe4f030000 - 0x00007ffe4f3b3000 	C:\WINDOWS\System32\combase.dll
0x00007ffe4edc0000 - 0x00007ffe4eeb7000 	C:\WINDOWS\System32\SHCORE.dll
0x00007ffe4dda0000 - 0x00007ffe4de07000 	C:\WINDOWS\System32\shlwapi.dll
0x00007ffe4ce60000 - 0x00007ffe4ce89000 	C:\WINDOWS\SYSTEM32\profapi.dll
0x0000000076850000 - 0x000000007685d000 	C:\Users\nrk47\AppData\Roaming\.minecraft\runtime\jre-legacy\windows\jre-legacy\bin\management.dll
0x0000000076830000 - 0x000000007684a000 	C:\Users\nrk47\AppData\Roaming\.minecraft\runtime\jre-legacy\windows\jre-legacy\bin\net.dll
0x00007ffe4c170000 - 0x00007ffe4c1dc000 	C:\WINDOWS\system32\mswsock.dll
0x00007ffe1ff40000 - 0x00007ffe1ff58000 	C:\WINDOWS\system32\napinsp.dll
0x00007ffe4b5d0000 - 0x00007ffe4b726000 	C:\WINDOWS\SYSTEM32\DNSAPI.dll
0x00007ffe4bf70000 - 0x00007ffe4bf7d000 	C:\WINDOWS\SYSTEM32\DSPARSE.dll
0x00007ffe4b590000 - 0x00007ffe4b5c3000 	C:\WINDOWS\SYSTEM32\IPHLPAPI.DLL
0x00007ffe4ec90000 - 0x00007ffe4ec9a000 	C:\WINDOWS\System32\NSI.dll
0x00007ffe201c0000 - 0x00007ffe201d3000 	C:\WINDOWS\System32\winrnr.dll
0x00007ffe1ff60000 - 0x00007ffe1ff82000 	C:\WINDOWS\system32\nlansp_c.dll
0x00007ffe201e0000 - 0x00007ffe201f6000 	C:\WINDOWS\system32\wshbth.dll
0x00007ffe3cf00000 - 0x00007ffe3cf86000 	C:\WINDOWS\System32\fwpuclnt.dll
0x00007ffe32e20000 - 0x00007ffe32e2b000 	C:\Windows\System32\rasadhlp.dll
0x0000000076810000 - 0x0000000076821000 	C:\Users\nrk47\AppData\Roaming\.minecraft\runtime\jre-legacy\windows\jre-legacy\bin\nio.dll
0x00000000767e0000 - 0x0000000076804000 	C:\Users\nrk47\AppData\Roaming\.minecraft\runtime\jre-legacy\windows\jre-legacy\bin\sunec.dll
0x00007ffe4c5a0000 - 0x00007ffe4c5bb000 	C:\WINDOWS\SYSTEM32\CRYPTSP.dll
0x00007ffe4bb40000 - 0x00007ffe4bb79000 	C:\WINDOWS\system32\rsaenh.dll
0x00007ffe4c230000 - 0x00007ffe4c262000 	C:\WINDOWS\SYSTEM32\USERENV.dll
0x00007ffe4ce30000 - 0x00007ffe4ce5a000 	C:\WINDOWS\SYSTEM32\bcrypt.dll
0x00007ffe4d990000 - 0x00007ffe4da3c000 	C:\WINDOWS\System32\bcryptprimitives.dll
0x00007ffe4c3e0000 - 0x00007ffe4c3ec000 	C:\WINDOWS\SYSTEM32\CRYPTBASE.dll
0x00007ffd33fb0000 - 0x00007ffd34022000 	C:\Users\nrk47\AppData\Roaming\.minecraft\versions\CrimsonCraft\natives\lwjgl.dll
0x00007ffd33170000 - 0x00007ffd333c1000 	C:\Users\nrk47\AppData\Roaming\.minecraft\versions\CrimsonCraft\natives\jemalloc.dll
0x00007ffd34240000 - 0x00007ffd3429e000 	C:\Users\nrk47\AppData\Roaming\.minecraft\versions\CrimsonCraft\natives\glfw.dll
0x00007ffe4a050000 - 0x00007ffe4a0f9000 	C:\WINDOWS\system32\uxtheme.dll
0x00007ffd8d0e0000 - 0x00007ffd8d12b000 	C:\WINDOWS\SYSTEM32\dinput8.dll
0x00007ffdfbb50000 - 0x00007ffdfbb6b000 	C:\WINDOWS\SYSTEM32\xinput1_4.dll
0x00007ffe4caa0000 - 0x00007ffe4caf1000 	C:\WINDOWS\SYSTEM32\cfgmgr32.dll
0x00007ffe4ca60000 - 0x00007ffe4ca8f000 	C:\WINDOWS\SYSTEM32\DEVOBJ.dll
0x00007ffe4a2f0000 - 0x00007ffe4a31f000 	C:\WINDOWS\SYSTEM32\dwmapi.dll
0x00007ffe16ff0000 - 0x00007ffe171d4000 	C:\WINDOWS\SYSTEM32\inputhost.dll
0x00007ffe49a10000 - 0x00007ffe49b35000 	C:\WINDOWS\SYSTEM32\CoreMessaging.dll
0x00007ffe4eec0000 - 0x00007ffe4f01d000 	C:\WINDOWS\System32\MSCTF.dll
0x00007ffe4bbe0000 - 0x00007ffe4bbfb000 	C:\WINDOWS\SYSTEM32\kernel.appcore.dll
0x00007ffe4b260000 - 0x00007ffe4b26f000 	C:\WINDOWS\SYSTEM32\HID.DLL
0x00007ffe4f3c0000 - 0x00007ffe4f847000 	C:\WINDOWS\System32\SETUPAPI.DLL
0x00007ffe4cf40000 - 0x00007ffe4cfc3000 	C:\WINDOWS\System32\WINTRUST.dll
0x00007ffe4d570000 - 0x00007ffe4d6e8000 	C:\WINDOWS\System32\CRYPT32.dll
0x00007ffe4c610000 - 0x00007ffe4c623000 	C:\WINDOWS\SYSTEM32\MSASN1.dll
0x00007ffd844f0000 - 0x00007ffd845fc000 	C:\WINDOWS\SYSTEM32\opengl32.dll
0x00007ffd844b0000 - 0x00007ffd844dd000 	C:\WINDOWS\SYSTEM32\GLU32.dll
0x00007ffe4a130000 - 0x00007ffe4a176000 	C:\WINDOWS\SYSTEM32\dxcore.dll
0x00007ffe2bc10000 - 0x00007ffe2bc2a000 	C:\WINDOWS\SYSTEM32\windows.staterepositorycore.dll
0x00007ffd81870000 - 0x00007ffd84195000 	C:\WINDOWS\System32\DriverStore\FileRepository\nv_dispig.inf_amd64_f4c7a2fd13e0f763\nvoglv64.dll
0x00007ffe4e350000 - 0x00007ffe4e4e9000 	C:\WINDOWS\System32\ole32.dll
0x00007ffe4da50000 - 0x00007ffe4db29000 	C:\WINDOWS\System32\OLEAUT32.dll
0x00007ffe49ed0000 - 0x00007ffe49ef9000 	C:\WINDOWS\SYSTEM32\WTSAPI32.dll
0x00007ffe4be90000 - 0x00007ffe4bed9000 	C:\WINDOWS\SYSTEM32\SspiCli.dll
0x00007ffe45b40000 - 0x00007ffe45b7b000 	C:\WINDOWS\SYSTEM32\cryptnet.dll
0x00007ffe4c4a0000 - 0x00007ffe4c50a000 	C:\WINDOWS\SYSTEM32\wldp.dll
0x00007ffe459c0000 - 0x00007ffe45b39000 	C:\WINDOWS\SYSTEM32\drvstore.dll
0x00007ffe4bd10000 - 0x00007ffe4bd46000 	C:\WINDOWS\SYSTEM32\ntmarta.dll
0x00007ffe4eca0000 - 0x00007ffe4ecc0000 	C:\WINDOWS\System32\imagehlp.dll
0x00007ffe409b0000 - 0x00007ffe456af000 	C:\WINDOWS\System32\DriverStore\FileRepository\nv_dispig.inf_amd64_f4c7a2fd13e0f763\nvgpucomp64.dll
0x00007ffd95010000 - 0x00007ffd95157000 	C:\WINDOWS\system32\nvspcap64.dll
0x00007ffe4cda0000 - 0x00007ffe4cdfe000 	C:\WINDOWS\SYSTEM32\powrprof.dll
0x00007ffe4ccd0000 - 0x00007ffe4cce4000 	C:\WINDOWS\SYSTEM32\UMPDC.dll
0x00007ffe4cb00000 - 0x00007ffe4cb61000 	C:\WINDOWS\SYSTEM32\WINSTA.dll
0x00007ffd33f30000 - 0x00007ffd33faf000 	C:\Users\nrk47\AppData\Roaming\.minecraft\versions\CrimsonCraft\natives\lwjgl_stb.dll
0x00007ffe29d60000 - 0x00007ffe29e1f000 	C:\WINDOWS\SYSTEM32\mscms.dll
0x00007ffd33ee0000 - 0x00007ffd33f29000 	C:\WINDOWS\SYSTEM32\icm32.dll
0x00007ffe28de0000 - 0x00007ffe28f27000 	C:\WINDOWS\SYSTEM32\textinputframework.dll
0x00007ffe45ea0000 - 0x00007ffe46184000 	C:\WINDOWS\SYSTEM32\CoreUIComponents.dll
0x00007ffe46190000 - 0x00007ffe462fa000 	C:\WINDOWS\SYSTEM32\wintypes.dll
0x00007ffe29e90000 - 0x00007ffe29f03000 	C:\WINDOWS\system32\Oleacc.dll
0x00007ffd33110000 - 0x00007ffd33168000 	C:\Users\nrk47\AppData\Roaming\.minecraft\versions\CrimsonCraft\natives\lwjgl_opengl.dll
0x00007ffe3d0b0000 - 0x00007ffe3d2f2000 	C:\WINDOWS\SYSTEM32\dbghelp.dll

VM Arguments:
jvm_args: -Dos.name=Windows 10 -Dos.version=10.0 -Xmx10881M -XX:+UnlockExperimentalVMOptions -XX:+UseG1GC -XX:G1NewSizePercent=20 -XX:G1ReservePercent=20 -XX:MaxGCPauseMillis=50 -XX:G1HeapRegionSize=32M -Dfml.ignoreInvalidMinecraftCertificates=true -Dfml.ignorePatchDiscrepancies=true -Djava.net.preferIPv4Stack=true -XX:HeapDumpPath=MojangTricksIntelDriversForPerformance_javaw.exe_minecraft.exe.heapdump -Xss1M -Djava.library.path=C:\Users\nrk47\AppData\Roaming\.minecraft\versions\CrimsonCraft\natives -Dminecraft.launcher.brand=minecraft-launcher -Dminecraft.launcher.version=2.3.173 -XX:+IgnoreUnrecognizedVMOptions --add-exports=java.base/sun.security.util=ALL-UNNAMED --add-exports=jdk.naming.dns/com.sun.jndi.dns=java.naming --add-opens=java.base/java.util.jar=ALL-UNNAMED -Dminecraft.applet.TargetDirectory=C:\Users\nrk47\AppData\Roaming\.minecraft\versions\CrimsonCraft -DlibraryDirectory=C:\Users\nrk47\AppData\Roaming\.minecraft\libraries -Dcountry=RO -Dlog4j.configurationFile=C:\Users\nrk47\AppData\Roaming\.minecraft\assets\log_configs\client-1.12.xml -DLibLoader.modsFolder=C:\Users\nrk47\AppData\Roaming\.minecraft\versions\CrimsonCraft\mods 
java_command: cpw.mods.modlauncher.Launcher --username SZN_Nero --version CrimsonCraft --gameDir C:\Users\nrk47\AppData\Roaming\.minecraft\versions\CrimsonCraft --assetsDir C:\Users\nrk47\AppData\Roaming\.minecraft\assets --assetIndex 1.16 --uuid 123eddbd-cdd4-11ef-af44-9c6b00470e68 --accessToken null --userType mojang --versionType modified --width 925 --height 530 --launchTarget fmlclient --fml.forgeVersion 36.2.42 --fml.mcVersion 1.16.5 --fml.forgeGroup net.minecraftforge --fml.mcpVersion 20210115.111550
java_class_path (initial): C:\Users\nrk47\AppData\Roaming\.minecraft\libraries\net\minecraftforge\forge\1.16.5-36.2.42\forge-1.16.5-36.2.42.jar;C:\Users\nrk47\AppData\Roaming\.minecraft\libraries\org\ow2\asm\asm\9.6\asm-9.6.jar;C:\Users\nrk47\AppData\Roaming\.minecraft\libraries\org\ow2\asm\asm-commons\9.6\asm-commons-9.6.jar;C:\Users\nrk47\AppData\Roaming\.minecraft\libraries\org\ow2\asm\asm-tree\9.6\asm-tree-9.6.jar;C:\Users\nrk47\AppData\Roaming\.minecraft\libraries\org\ow2\asm\asm-util\9.6\asm-util-9.6.jar;C:\Users\nrk47\AppData\Roaming\.minecraft\libraries\org\ow2\asm\asm-analysis\9.6\asm-analysis-9.6.jar;C:\Users\nrk47\AppData\Roaming\.minecraft\libraries\cpw\mods\modlauncher\8.1.3\modlauncher-8.1.3.jar;C:\Users\nrk47\AppData\Roaming\.minecraft\libraries\cpw\mods\grossjava9hacks\1.3.3\grossjava9hacks-1.3.3.jar;C:\Users\nrk47\AppData\Roaming\.minecraft\libraries\net\minecraftforge\accesstransformers\3.0.1\accesstransformers-3.0.1.jar;C:\Users\nrk47\AppData\Roaming\.minecraft\libraries\org\antlr\antlr4-runtime\4.9.1\antlr4-runtime-4.9.1.jar;C:\Users\nrk47\AppData\Roaming\.minecraft\libraries\net\minecraftforge\eventbus\4.0.0\eventbus-4.0.0.jar;C:\Users\nrk47\AppData\Roaming\.minecraft\libraries\net\minecraftforge\forgespi\3.2.0\forgespi-3.2.0.jar;C:\Users\nrk47\AppData\Roaming\.minecraft\libraries\net\minecraftforge\coremods\4.0.6\coremods-4.0.6.jar;C:\Users\nrk47\AppData\Roaming\.minecraft\libraries\net\minecraftforge\unsafe\0.2.0\unsafe-0.2.0.jar;C:\Users\nrk47\AppData\Roaming\.minecraft\libraries\com\electronwill\night-config\core\3.6.3\core-3.6.3.jar;C:\Users\nrk47\AppData\Roaming\.minecraft\libraries\com\electronwill\night-config\toml\3.6.3\toml-3.6.3.jar;C:\Users\nrk47\AppData\Roaming\.minecraft\libraries\org\jline\jline\3.12.1\jline-3.12.1.jar;C:\Users\nrk47\AppData\Roaming\.minecraft\libraries\org\apache\maven\maven-artifact\3.6.3\maven-artifact-3.6.3.jar;C:\Users\nrk47\AppData\Roaming\.minecraft\libraries\net\jodah\typetools\0.8.3\typetools-0.8.3.jar;
Launcher Type: SUN_STANDARD

Environment Variables:
PATH=C:\Program Files\Eclipse Foundation\jdk-16.0.2.7-hotspot\bin;C:\Program Files\Common Files\Oracle\Java\javapath;C:\Program Files (x86)\Common Files\Oracle\Java\java8path;C:\Program Files (x86)\Common Files\Oracle\Java\javapath;C:\Program Files\ImageMagick-7.1.2-Q16-HDRI;C:\Program Files (x86)\Razer Chroma SDK\bin;C:\Program Files\Razer Chroma SDK\bin;C:\WINDOWS\system32;C:\WINDOWS;C:\WINDOWS\System32\Wbem;C:\WINDOWS\System32\WindowsPowerShell\v1.0\;C:\WINDOWS\System32\OpenSSH\;C:\WINDOWS\system32\config\systemprofile\AppData\Local\Microsoft\WindowsApps;C:\Program Files (x86)\Razer\ChromaBroadcast\bin;C:\Program Files\Razer\ChromaBroadcast\bin;C:\Users\nrk47\AppData\Local\Microsoft\WindowsApps;;C:\Program Files (x86)\NVIDIA Corporation\PhysX\Common;C:\Program Files\playit_gg\bin\;C:\Program Files\dotnet\;C:\Program Files\Cloudflare\Cloudflare WARP\;C:\Program Files\NVIDIA Corporation\NVIDIA App\NvDLISR;C:\Users\nrk47\AppData\Local\Microsoft\WindowsApps;C:\Users\nrk47\AppData\Local\Programs\Microsoft VS Code\bin;C:\Users\nrk47\AppData\Local\Python\bin;C:\Users\nrk47\.dotnet\tools;C:\Users\nrk47\AppData\Local\spicetify;C:\Users\nrk47\AppData\Local\Kingsoft\WPS Office\12.1.0.27458\clitool;C:\Program Files\Eclipse Foundation\jdk-16.0.2.7-hotspot\bin
USERNAME=nrk47
OS=Windows_NT
PROCESSOR_IDENTIFIER=Intel64 Family 6 Model 158 Stepping 10, GenuineIntel



---------------  S Y S T E M  ---------------

OS: Windows 10.0 , 64 bit Build 26100 (10.0.26100.8875)

CPU:total 6 (6 cores per cpu, 1 threads per core) family 6 model 158 stepping 10, cmov, cx8, fxsr, mmx, sse, sse2, sse3, ssse3, sse4.1, sse4.2, popcnt, avx, avx2, aes, clmul, erms, 3dnowpref, lzcnt, tsc, tscinvbit, bmi1, bmi2, adx

Memory: 4k page, physical 16713748k(1020056k free), swap 24173744k(1839452k free)

vm_info: Java HotSpot(TM) 64-Bit Server VM (25.51-b03) for windows-amd64 JRE (1.8.0_51-b16), built on Jun  8 2015 18:03:07 by "java_re" with MS VC++ 10.0 (VS2010)

time: Thu Aug 13 14:01:02 2026
elapsed time: 25 seconds (0d 0h 0m 25s)

