#
# There is insufficient memory for the Java Runtime Environment to continue.
# Native memory allocation (mmap) failed to map 234881024 bytes for Failed to commit pages from 2523136 of length 57344
# Possible reasons:
#   The system is out of physical RAM or swap space
#   In 32 bit mode, the process size limit was hit
# Possible solutions:
#   Reduce memory load on the system
#   Increase physical memory or swap space
#   Check if swap backing store is full
#   Use 64 bit Java on a 64 bit OS
#   Decrease Java heap size (-Xmx/-Xms)
#   Decrease number of Java threads
#   Decrease Java thread stack sizes (-Xss)
#   Set larger code cache with -XX:ReservedCodeCacheSize=
# This output file may be truncated or incomplete.
#
#  Out of Memory Error (os_windows.cpp:3324), pid=6592, tid=9836
#
# JRE version: Java(TM) SE Runtime Environment (8.0_51-b16) (build 1.8.0_51-b16)
# Java VM: Java HotSpot(TM) 64-Bit Server VM (25.51-b03 mixed mode windows-amd64 compressed oops)
# Failed to write core dump. Minidumps are not enabled by default on client versions of Windows
#

---------------  T H R E A D  ---------------

Current thread (0x00000000316b8000):  VMThread [stack: 0x0000000031780000,0x0000000031880000] [id=9836]

Stack: [0x0000000031780000,0x0000000031880000]
Native frames: (J=compiled Java code, j=interpreted, Vv=VM code, C=native code)
V  [jvm.dll+0x32b4ca]
V  [jvm.dll+0x2797e3]
V  [jvm.dll+0x27a479]
V  [jvm.dll+0x271765]
V  [jvm.dll+0x296868]
V  [jvm.dll+0x21acb5]
V  [jvm.dll+0x3d73ff]
V  [jvm.dll+0x3d83e8]
V  [jvm.dll+0x3e0639]
V  [jvm.dll+0x3e0ff6]
V  [jvm.dll+0x3e1210]
V  [jvm.dll+0x3c133a]
V  [jvm.dll+0x3cdebc]
V  [jvm.dll+0x3e66df]
V  [jvm.dll+0x247e47]
V  [jvm.dll+0x2470e6]
V  [jvm.dll+0x247581]
V  [jvm.dll+0x24779e]
V  [jvm.dll+0x29846a]
C  [msvcr100.dll+0x21d9f]
C  [msvcr100.dll+0x21e3b]
C  [KERNEL32.DLL+0x2e957]
C  [ntdll.dll+0xaad6c]

VM_Operation (0x00000000459bdf10): G1IncCollectionPause, mode: safepoint, requested by thread 0x000000004221a800


---------------  P R O C E S S  ---------------

Java Threads: ( => current thread )
  0x0000000040ecc000 JavaThread "Snooper Timer" daemon [_thread_blocked, id=10668, stack(0x000000003c4f0000,0x000000003c5f0000)]
  0x0000000040ecb800 JavaThread "Timer hack thread" daemon [_thread_blocked, id=12732, stack(0x0000000034890000,0x0000000034990000)]
  0x0000000040ec8000 JavaThread "Worker-Bootstrap-5" daemon [_thread_blocked, id=19520, stack(0x0000000046f60000,0x0000000047060000)]
  0x0000000040eca800 JavaThread "Worker-Bootstrap-4" daemon [_thread_blocked, id=7340, stack(0x0000000045c10000,0x0000000045d10000)]
  0x000000004221a800 JavaThread "Worker-Bootstrap-3" daemon [_thread_blocked, id=19936, stack(0x00000000458c0000,0x00000000459c0000)]
  0x0000000043c10800 JavaThread "Worker-Bootstrap-2" daemon [_thread_blocked, id=1500, stack(0x0000000043780000,0x0000000043880000)]
  0x00000000421e5000 JavaThread "Worker-Bootstrap-1" daemon [_thread_blocked, id=20188, stack(0x0000000042fa0000,0x00000000430a0000)]
  0x000000003edbd000 JavaThread "pool-2-thread-1" daemon [_thread_blocked, id=14560, stack(0x000000003fea0000,0x000000003ffa0000)]
  0x00000000336c7800 JavaThread "Thread-2" daemon [_thread_in_native, id=10516, stack(0x0000000034c90000,0x0000000034d90000)]
  0x0000000033894000 JavaThread "Thread-1" daemon [_thread_blocked, id=18920, stack(0x0000000034b90000,0x0000000034c90000)]
  0x00000000320ca800 JavaThread "Service Thread" daemon [_thread_blocked, id=5728, stack(0x0000000032480000,0x0000000032580000)]
  0x000000003175e000 JavaThread "C1 CompilerThread2" daemon [_thread_blocked, id=17788, stack(0x0000000031f80000,0x0000000032080000)]
  0x0000000031756000 JavaThread "C2 CompilerThread1" daemon [_thread_blocked, id=2340, stack(0x0000000031e80000,0x0000000031f80000)]
  0x0000000031753000 JavaThread "C2 CompilerThread0" daemon [_thread_blocked, id=9956, stack(0x0000000031d80000,0x0000000031e80000)]
  0x0000000031751000 JavaThread "Attach Listener" daemon [_thread_blocked, id=20048, stack(0x0000000031c80000,0x0000000031d80000)]
  0x0000000031709000 JavaThread "Signal Dispatcher" daemon [_thread_blocked, id=16696, stack(0x0000000031b80000,0x0000000031c80000)]
  0x0000000031708000 JavaThread "Surrogate Locker Thread (Concurrent GC)" daemon [_thread_blocked, id=20740, stack(0x0000000031a80000,0x0000000031b80000)]
  0x00000000316f6000 JavaThread "Finalizer" daemon [_thread_blocked, id=21192, stack(0x0000000031980000,0x0000000031a80000)]
  0x00000000316e9000 JavaThread "Reference Handler" daemon [_thread_blocked, id=12272, stack(0x0000000031880000,0x0000000031980000)]
  0x00000000033e4800 JavaThread "Render thread" [_thread_blocked, id=15528, stack(0x00000000032e0000,0x00000000033e0000)]

Other Threads:
=>0x00000000316b8000 VMThread [stack: 0x0000000031780000,0x0000000031880000] [id=9836]
  0x000000003177e800 WatcherThread [stack: 0x0000000032580000,0x0000000032680000] [id=6364]

VM state:at safepoint (normal execution)

VM Mutex/Monitor currently owned by a thread:  ([mutex/lock_event])
[0x00000000033e3060] Threads_lock - owner thread: 0x00000000316b8000
[0x00000000033e29e0] Heap_lock - owner thread: 0x000000004221a800

Heap:
 garbage-first heap   total 10321920K, used 337566K [0x0000000516000000, 0x00000005180009d8, 0x00000007c0000000)
  region size 32768K, 3 young (98304K), 3 survivors (98304K)
 Metaspace       used 68107K, capacity 75008K, committed 75216K, reserved 1112064K
  class space    used 9868K, capacity 11744K, committed 11776K, reserved 1048576K

Heap Regions: (Y=young(eden), SU=young(survivor), HS=humongous(starts), HC=humongous(continues), CS=collection set, F=free, TS=gc time stamp, PTAMS=previous top-at-mark-start, NTAMS=next top-at-mark-start)
AC   0  O    TS     0 PTAMS 0x0000000518000000 NTAMS 0x0000000518000000 space 32768K, 100% used [0x0000000516000000, 0x0000000518000000)
AC   0  O    TS     1 PTAMS 0x0000000519586400 NTAMS 0x0000000519586400 space 32768K, 100% used [0x0000000518000000, 0x000000051a000000)
AC   0  O    TS     5 PTAMS 0x000000051a000000 NTAMS 0x000000051a000000 space 32768K, 100% used [0x000000051a000000, 0x000000051c000000)
AC   0  O    TS     0 PTAMS 0x000000051e000000 NTAMS 0x000000051e000000 space 32768K, 100% used [0x000000051c000000, 0x000000051e000000)
AC   0  O    TS     0 PTAMS 0x0000000520000000 NTAMS 0x0000000520000000 space 32768K, 100% used [0x000000051e000000, 0x0000000520000000)
AC   0  O    TS    33 PTAMS 0x0000000520000000 NTAMS 0x0000000520000000 space 32768K, 100% used [0x0000000520000000, 0x0000000522000000)
AC   0  O    TS    39 PTAMS 0x0000000522000000 NTAMS 0x0000000522000000 space 32768K, 100% used [0x0000000522000000, 0x0000000524000000)
AC   0  O    TS    39 PTAMS 0x0000000524000000 NTAMS 0x0000000524000000 space 32768K,   7% used [0x0000000524000000, 0x0000000526000000)
AC   0  O    TS     0 PTAMS 0x0000000528000000 NTAMS 0x0000000528000000 space 32768K, 100% used [0x0000000526000000, 0x0000000528000000)
AC   0  F    TS     0 PTAMS 0x0000000528000000 NTAMS 0x0000000528000000 space 32768K,   0% used [0x0000000528000000, 0x000000052a000000)
AC   0  F    TS     1 PTAMS 0x000000052a000000 NTAMS 0x000000052a000000 space 32768K,   0% used [0x000000052a000000, 0x000000052c000000)
AC   0  F    TS     3 PTAMS 0x000000052c000000 NTAMS 0x000000052c000000 space 32768K,   0% used [0x000000052c000000, 0x000000052e000000)
AC   0  F    TS     1 PTAMS 0x000000052e000000 NTAMS 0x000000052e000000 space 32768K,   0% used [0x000000052e000000, 0x0000000530000000)
AC   0  F    TS     1 PTAMS 0x0000000530000000 NTAMS 0x0000000530000000 space 32768K,   0% used [0x0000000530000000, 0x0000000532000000)
AC   0  F    TS     1 PTAMS 0x0000000532000000 NTAMS 0x0000000532000000 space 32768K,   0% used [0x0000000532000000, 0x0000000534000000)
AC   0  F    TS     1 PTAMS 0x0000000534000000 NTAMS 0x0000000534000000 space 32768K,   0% used [0x0000000534000000, 0x0000000536000000)
AC   0  F    TS     1 PTAMS 0x0000000536000000 NTAMS 0x0000000536000000 space 32768K,   0% used [0x0000000536000000, 0x0000000538000000)
AC   0  F    TS     1 PTAMS 0x0000000538000000 NTAMS 0x0000000538000000 space 32768K,   0% used [0x0000000538000000, 0x000000053a000000)
AC   0  F    TS     1 PTAMS 0x000000053a000000 NTAMS 0x000000053a000000 space 32768K,   0% used [0x000000053a000000, 0x000000053c000000)
AC   0  F    TS     1 PTAMS 0x000000053c000000 NTAMS 0x000000053c000000 space 32768K,   0% used [0x000000053c000000, 0x000000053e000000)
AC   0  F    TS     3 PTAMS 0x000000053e000000 NTAMS 0x000000053e000000 space 32768K,   0% used [0x000000053e000000, 0x0000000540000000)
AC   0  F    TS     3 PTAMS 0x0000000540000000 NTAMS 0x0000000540000000 space 32768K,   0% used [0x0000000540000000, 0x0000000542000000)
AC   0  F    TS     3 PTAMS 0x0000000542000000 NTAMS 0x0000000542000000 space 32768K,   0% used [0x0000000542000000, 0x0000000544000000)
AC   0  F    TS     3 PTAMS 0x0000000544000000 NTAMS 0x0000000544000000 space 32768K,   0% used [0x0000000544000000, 0x0000000546000000)
AC   0  F    TS     3 PTAMS 0x0000000546000000 NTAMS 0x0000000546000000 space 32768K,   0% used [0x0000000546000000, 0x0000000548000000)
AC   0  F    TS     3 PTAMS 0x0000000548000000 NTAMS 0x0000000548000000 space 32768K,   0% used [0x0000000548000000, 0x000000054a000000)
AC   0  F    TS     3 PTAMS 0x000000054a000000 NTAMS 0x000000054a000000 space 32768K,   0% used [0x000000054a000000, 0x000000054c000000)
AC   0  F    TS     3 PTAMS 0x000000054c000000 NTAMS 0x000000054c000000 space 32768K,   0% used [0x000000054c000000, 0x000000054e000000)
AC   0  F    TS     3 PTAMS 0x000000054e000000 NTAMS 0x000000054e000000 space 32768K,   0% used [0x000000054e000000, 0x0000000550000000)
AC   0  F    TS     3 PTAMS 0x0000000550000000 NTAMS 0x0000000550000000 space 32768K,   0% used [0x0000000550000000, 0x0000000552000000)
AC   0  F    TS     5 PTAMS 0x0000000552000000 NTAMS 0x0000000552000000 space 32768K,   0% used [0x0000000552000000, 0x0000000554000000)
AC   0  F    TS     5 PTAMS 0x0000000554000000 NTAMS 0x0000000554000000 space 32768K,   0% used [0x0000000554000000, 0x0000000556000000)
AC   0  F    TS     3 PTAMS 0x0000000556000000 NTAMS 0x0000000556000000 space 32768K,   0% used [0x0000000556000000, 0x0000000558000000)
AC   0  F    TS     3 PTAMS 0x0000000558000000 NTAMS 0x0000000558000000 space 32768K,   0% used [0x0000000558000000, 0x000000055a000000)
AC   0  F    TS     3 PTAMS 0x000000055a000000 NTAMS 0x000000055a000000 space 32768K,   0% used [0x000000055a000000, 0x000000055c000000)
AC   0  F    TS     3 PTAMS 0x000000055c000000 NTAMS 0x000000055c000000 space 32768K,   0% used [0x000000055c000000, 0x000000055e000000)
AC   0  F    TS     3 PTAMS 0x000000055e000000 NTAMS 0x000000055e000000 space 32768K,   0% used [0x000000055e000000, 0x0000000560000000)
AC   0  F    TS     3 PTAMS 0x0000000560000000 NTAMS 0x0000000560000000 space 32768K,   0% used [0x0000000560000000, 0x0000000562000000)
AC   0  F    TS     3 PTAMS 0x0000000562000000 NTAMS 0x0000000562000000 space 32768K,   0% used [0x0000000562000000, 0x0000000564000000)
AC   0  F    TS     3 PTAMS 0x0000000564000000 NTAMS 0x0000000564000000 space 32768K,   0% used [0x0000000564000000, 0x0000000566000000)
AC   0  F    TS     5 PTAMS 0x0000000566000000 NTAMS 0x0000000566000000 space 32768K,   0% used [0x0000000566000000, 0x0000000568000000)
AC   0  F    TS     5 PTAMS 0x0000000568000000 NTAMS 0x0000000568000000 space 32768K,   0% used [0x0000000568000000, 0x000000056a000000)
AC   0  F    TS     5 PTAMS 0x000000056a000000 NTAMS 0x000000056a000000 space 32768K,   0% used [0x000000056a000000, 0x000000056c000000)
AC   0  F    TS     5 PTAMS 0x000000056c000000 NTAMS 0x000000056c000000 space 32768K,   0% used [0x000000056c000000, 0x000000056e000000)
AC   0  F    TS     5 PTAMS 0x000000056e000000 NTAMS 0x000000056e000000 space 32768K,   0% used [0x000000056e000000, 0x0000000570000000)
AC   0  F    TS     5 PTAMS 0x0000000570000000 NTAMS 0x0000000570000000 space 32768K,   0% used [0x0000000570000000, 0x0000000572000000)
AC   0  F    TS     5 PTAMS 0x0000000572000000 NTAMS 0x0000000572000000 space 32768K,   0% used [0x0000000572000000, 0x0000000574000000)
AC   0  F    TS     5 PTAMS 0x0000000574000000 NTAMS 0x0000000574000000 space 32768K,   0% used [0x0000000574000000, 0x0000000576000000)
AC   0  F    TS     5 PTAMS 0x0000000576000000 NTAMS 0x0000000576000000 space 32768K,   0% used [0x0000000576000000, 0x0000000578000000)
AC   0  F    TS     5 PTAMS 0x0000000578000000 NTAMS 0x0000000578000000 space 32768K,   0% used [0x0000000578000000, 0x000000057a000000)
AC   0  F    TS     5 PTAMS 0x000000057a000000 NTAMS 0x000000057a000000 space 32768K,   0% used [0x000000057a000000, 0x000000057c000000)
AC   0  F    TS     5 PTAMS 0x000000057c000000 NTAMS 0x000000057c000000 space 32768K,   0% used [0x000000057c000000, 0x000000057e000000)
AC   0  F    TS     5 PTAMS 0x000000057e000000 NTAMS 0x000000057e000000 space 32768K,   0% used [0x000000057e000000, 0x0000000580000000)
AC   0  F    TS     5 PTAMS 0x0000000580000000 NTAMS 0x0000000580000000 space 32768K,   0% used [0x0000000580000000, 0x0000000582000000)
AC   0  F    TS     5 PTAMS 0x0000000582000000 NTAMS 0x0000000582000000 space 32768K,   0% used [0x0000000582000000, 0x0000000584000000)
AC   0  F    TS     5 PTAMS 0x0000000584000000 NTAMS 0x0000000584000000 space 32768K,   0% used [0x0000000584000000, 0x0000000586000000)
AC   0  F    TS     5 PTAMS 0x0000000586000000 NTAMS 0x0000000586000000 space 32768K,   0% used [0x0000000586000000, 0x0000000588000000)
AC   0  F    TS     5 PTAMS 0x0000000588000000 NTAMS 0x0000000588000000 space 32768K,   0% used [0x0000000588000000, 0x000000058a000000)
AC   0  F    TS     5 PTAMS 0x000000058a000000 NTAMS 0x000000058a000000 space 32768K,   0% used [0x000000058a000000, 0x000000058c000000)
AC   0  F    TS     5 PTAMS 0x000000058c000000 NTAMS 0x000000058c000000 space 32768K,   0% used [0x000000058c000000, 0x000000058e000000)
AC   0  F    TS     5 PTAMS 0x000000058e000000 NTAMS 0x000000058e000000 space 32768K,   0% used [0x000000058e000000, 0x0000000590000000)
AC   0  F    TS     5 PTAMS 0x0000000590000000 NTAMS 0x0000000590000000 space 32768K,   0% used [0x0000000590000000, 0x0000000592000000)
AC   0  F    TS     5 PTAMS 0x0000000592000000 NTAMS 0x0000000592000000 space 32768K,   0% used [0x0000000592000000, 0x0000000594000000)
AC   0  F    TS     5 PTAMS 0x0000000594000000 NTAMS 0x0000000594000000 space 32768K,   0% used [0x0000000594000000, 0x0000000596000000)
AC   0  F    TS     7 PTAMS 0x0000000596000000 NTAMS 0x0000000596000000 space 32768K,   0% used [0x0000000596000000, 0x0000000598000000)
AC   0  F    TS     7 PTAMS 0x0000000598000000 NTAMS 0x0000000598000000 space 32768K,   0% used [0x0000000598000000, 0x000000059a000000)
AC   0  F    TS     5 PTAMS 0x000000059a000000 NTAMS 0x000000059a000000 space 32768K,   0% used [0x000000059a000000, 0x000000059c000000)
AC   0  F    TS     5 PTAMS 0x000000059c000000 NTAMS 0x000000059c000000 space 32768K,   0% used [0x000000059c000000, 0x000000059e000000)
AC   0  F    TS     5 PTAMS 0x000000059e000000 NTAMS 0x000000059e000000 space 32768K,   0% used [0x000000059e000000, 0x00000005a0000000)
AC   0  F    TS     5 PTAMS 0x00000005a0000000 NTAMS 0x00000005a0000000 space 32768K,   0% used [0x00000005a0000000, 0x00000005a2000000)
AC   0  F    TS     5 PTAMS 0x00000005a2000000 NTAMS 0x00000005a2000000 space 32768K,   0% used [0x00000005a2000000, 0x00000005a4000000)
AC   0  F    TS     5 PTAMS 0x00000005a4000000 NTAMS 0x00000005a4000000 space 32768K,   0% used [0x00000005a4000000, 0x00000005a6000000)
AC   0  F    TS     5 PTAMS 0x00000005a6000000 NTAMS 0x00000005a6000000 space 32768K,   0% used [0x00000005a6000000, 0x00000005a8000000)
AC   0  F    TS     5 PTAMS 0x00000005a8000000 NTAMS 0x00000005a8000000 space 32768K,   0% used [0x00000005a8000000, 0x00000005aa000000)
AC   0  F    TS     5 PTAMS 0x00000005aa000000 NTAMS 0x00000005aa000000 space 32768K,   0% used [0x00000005aa000000, 0x00000005ac000000)
AC   0  F    TS     5 PTAMS 0x00000005ac000000 NTAMS 0x00000005ac000000 space 32768K,   0% used [0x00000005ac000000, 0x00000005ae000000)
AC   0  F    TS     5 PTAMS 0x00000005ae000000 NTAMS 0x00000005ae000000 space 32768K,   0% used [0x00000005ae000000, 0x00000005b0000000)
AC   0  F    TS     5 PTAMS 0x00000005b0000000 NTAMS 0x00000005b0000000 space 32768K,   0% used [0x00000005b0000000, 0x00000005b2000000)
AC   0  F    TS     5 PTAMS 0x00000005b2000000 NTAMS 0x00000005b2000000 space 32768K,   0% used [0x00000005b2000000, 0x00000005b4000000)
AC   0  F    TS     5 PTAMS 0x00000005b4000000 NTAMS 0x00000005b4000000 space 32768K,   0% used [0x00000005b4000000, 0x00000005b6000000)
AC   0  F    TS     7 PTAMS 0x00000005b6000000 NTAMS 0x00000005b6000000 space 32768K,   0% used [0x00000005b6000000, 0x00000005b8000000)
AC   0  F    TS     7 PTAMS 0x00000005b8000000 NTAMS 0x00000005b8000000 space 32768K,   0% used [0x00000005b8000000, 0x00000005ba000000)
AC   0  F    TS     7 PTAMS 0x00000005ba000000 NTAMS 0x00000005ba000000 space 32768K,   0% used [0x00000005ba000000, 0x00000005bc000000)
AC   0  F    TS     7 PTAMS 0x00000005bc000000 NTAMS 0x00000005bc000000 space 32768K,   0% used [0x00000005bc000000, 0x00000005be000000)
AC   0  F    TS     7 PTAMS 0x00000005be000000 NTAMS 0x00000005be000000 space 32768K,   0% used [0x00000005be000000, 0x00000005c0000000)
AC   0  F    TS     7 PTAMS 0x00000005c0000000 NTAMS 0x00000005c0000000 space 32768K,   0% used [0x00000005c0000000, 0x00000005c2000000)
AC   0  F    TS     7 PTAMS 0x00000005c2000000 NTAMS 0x00000005c2000000 space 32768K,   0% used [0x00000005c2000000, 0x00000005c4000000)
AC   0  F    TS     7 PTAMS 0x00000005c4000000 NTAMS 0x00000005c4000000 space 32768K,   0% used [0x00000005c4000000, 0x00000005c6000000)
AC   0  F    TS     7 PTAMS 0x00000005c6000000 NTAMS 0x00000005c6000000 space 32768K,   0% used [0x00000005c6000000, 0x00000005c8000000)
AC   0  F    TS     7 PTAMS 0x00000005c8000000 NTAMS 0x00000005c8000000 space 32768K,   0% used [0x00000005c8000000, 0x00000005ca000000)
AC   0  F    TS     7 PTAMS 0x00000005ca000000 NTAMS 0x00000005ca000000 space 32768K,   0% used [0x00000005ca000000, 0x00000005cc000000)
AC   0  F    TS     7 PTAMS 0x00000005cc000000 NTAMS 0x00000005cc000000 space 32768K,   0% used [0x00000005cc000000, 0x00000005ce000000)
AC   0  F    TS     7 PTAMS 0x00000005ce000000 NTAMS 0x00000005ce000000 space 32768K,   0% used [0x00000005ce000000, 0x00000005d0000000)
AC   0  F    TS     7 PTAMS 0x00000005d0000000 NTAMS 0x00000005d0000000 space 32768K,   0% used [0x00000005d0000000, 0x00000005d2000000)
AC   0  F    TS     7 PTAMS 0x00000005d2000000 NTAMS 0x00000005d2000000 space 32768K,   0% used [0x00000005d2000000, 0x00000005d4000000)
AC   0  F    TS     7 PTAMS 0x00000005d4000000 NTAMS 0x00000005d4000000 space 32768K,   0% used [0x00000005d4000000, 0x00000005d6000000)
AC   0  F    TS     7 PTAMS 0x00000005d6000000 NTAMS 0x00000005d6000000 space 32768K,   0% used [0x00000005d6000000, 0x00000005d8000000)
AC   0  F    TS     7 PTAMS 0x00000005d8000000 NTAMS 0x00000005d8000000 space 32768K,   0% used [0x00000005d8000000, 0x00000005da000000)
AC   0  F    TS     7 PTAMS 0x00000005da000000 NTAMS 0x00000005da000000 space 32768K,   0% used [0x00000005da000000, 0x00000005dc000000)
AC   0  F    TS     7 PTAMS 0x00000005dc000000 NTAMS 0x00000005dc000000 space 32768K,   0% used [0x00000005dc000000, 0x00000005de000000)
AC   0  F    TS     7 PTAMS 0x00000005de000000 NTAMS 0x00000005de000000 space 32768K,   0% used [0x00000005de000000, 0x00000005e0000000)
AC   0  F    TS     7 PTAMS 0x00000005e0000000 NTAMS 0x00000005e0000000 space 32768K,   0% used [0x00000005e0000000, 0x00000005e2000000)
AC   0  F    TS     7 PTAMS 0x00000005e2000000 NTAMS 0x00000005e2000000 space 32768K,   0% used [0x00000005e2000000, 0x00000005e4000000)
AC   0  F    TS     7 PTAMS 0x00000005e4000000 NTAMS 0x00000005e4000000 space 32768K,   0% used [0x00000005e4000000, 0x00000005e6000000)
AC   0  F    TS     7 PTAMS 0x00000005e6000000 NTAMS 0x00000005e6000000 space 32768K,   0% used [0x00000005e6000000, 0x00000005e8000000)
AC   0  F    TS     7 PTAMS 0x00000005e8000000 NTAMS 0x00000005e8000000 space 32768K,   0% used [0x00000005e8000000, 0x00000005ea000000)
AC   0  F    TS     9 PTAMS 0x00000005ea000000 NTAMS 0x00000005ea000000 space 32768K,   0% used [0x00000005ea000000, 0x00000005ec000000)
AC   0  F    TS     9 PTAMS 0x00000005ec000000 NTAMS 0x00000005ec000000 space 32768K,   0% used [0x00000005ec000000, 0x00000005ee000000)
AC   0  F    TS     9 PTAMS 0x00000005ee000000 NTAMS 0x00000005ee000000 space 32768K,   0% used [0x00000005ee000000, 0x00000005f0000000)
AC   0  F    TS     7 PTAMS 0x00000005f0000000 NTAMS 0x00000005f0000000 space 32768K,   0% used [0x00000005f0000000, 0x00000005f2000000)
AC   0  F    TS     7 PTAMS 0x00000005f2000000 NTAMS 0x00000005f2000000 space 32768K,   0% used [0x00000005f2000000, 0x00000005f4000000)
AC   0  F    TS     7 PTAMS 0x00000005f4000000 NTAMS 0x00000005f4000000 space 32768K,   0% used [0x00000005f4000000, 0x00000005f6000000)
AC   0  F    TS     7 PTAMS 0x00000005f6000000 NTAMS 0x00000005f6000000 space 32768K,   0% used [0x00000005f6000000, 0x00000005f8000000)
AC   0  F    TS     7 PTAMS 0x00000005f8000000 NTAMS 0x00000005f8000000 space 32768K,   0% used [0x00000005f8000000, 0x00000005fa000000)
AC   0  F    TS     7 PTAMS 0x00000005fa000000 NTAMS 0x00000005fa000000 space 32768K,   0% used [0x00000005fa000000, 0x00000005fc000000)
AC   0  F    TS     7 PTAMS 0x00000005fc000000 NTAMS 0x00000005fc000000 space 32768K,   0% used [0x00000005fc000000, 0x00000005fe000000)
AC   0  F    TS    37 PTAMS 0x00000005fe000000 NTAMS 0x00000005fe000000 space 32768K,   0% used [0x00000005fe000000, 0x0000000600000000)
AC   0  F    TS    37 PTAMS 0x0000000600000000 NTAMS 0x0000000600000000 space 32768K,   0% used [0x0000000600000000, 0x0000000602000000)
AC   0  F    TS    37 PTAMS 0x0000000602000000 NTAMS 0x0000000602000000 space 32768K,   0% used [0x0000000602000000, 0x0000000604000000)
AC   0  F    TS     7 PTAMS 0x0000000604000000 NTAMS 0x0000000604000000 space 32768K,   0% used [0x0000000604000000, 0x0000000606000000)
AC   0  F    TS     7 PTAMS 0x0000000606000000 NTAMS 0x0000000606000000 space 32768K,   0% used [0x0000000606000000, 0x0000000608000000)
AC   0  F    TS     7 PTAMS 0x0000000608000000 NTAMS 0x0000000608000000 space 32768K,   0% used [0x0000000608000000, 0x000000060a000000)
AC   0  F    TS     7 PTAMS 0x000000060a000000 NTAMS 0x000000060a000000 space 32768K,   0% used [0x000000060a000000, 0x000000060c000000)
AC   0  F    TS     7 PTAMS 0x000000060c000000 NTAMS 0x000000060c000000 space 32768K,   0% used [0x000000060c000000, 0x000000060e000000)
AC   0  F    TS     7 PTAMS 0x000000060e000000 NTAMS 0x000000060e000000 space 32768K,   0% used [0x000000060e000000, 0x0000000610000000)
AC   0  F    TS     7 PTAMS 0x0000000610000000 NTAMS 0x0000000610000000 space 32768K,   0% used [0x0000000610000000, 0x0000000612000000)
AC   0  F    TS     7 PTAMS 0x0000000612000000 NTAMS 0x0000000612000000 space 32768K,   0% used [0x0000000612000000, 0x0000000614000000)
AC   0  F    TS     7 PTAMS 0x0000000614000000 NTAMS 0x0000000614000000 space 32768K,   0% used [0x0000000614000000, 0x0000000616000000)
AC   0  F    TS     7 PTAMS 0x0000000616000000 NTAMS 0x0000000616000000 space 32768K,   0% used [0x0000000616000000, 0x0000000618000000)
AC   0  F    TS    15 PTAMS 0x0000000618000000 NTAMS 0x0000000618000000 space 32768K,   0% used [0x0000000618000000, 0x000000061a000000)
AC   0  F    TS    15 PTAMS 0x000000061a000000 NTAMS 0x000000061a000000 space 32768K,   0% used [0x000000061a000000, 0x000000061c000000)
AC   0  F    TS    15 PTAMS 0x000000061c000000 NTAMS 0x000000061c000000 space 32768K,   0% used [0x000000061c000000, 0x000000061e000000)
AC   0  F    TS     7 PTAMS 0x000000061e000000 NTAMS 0x000000061e000000 space 32768K,   0% used [0x000000061e000000, 0x0000000620000000)
AC   0  F    TS     9 PTAMS 0x0000000620000000 NTAMS 0x0000000620000000 space 32768K,   0% used [0x0000000620000000, 0x0000000622000000)
AC   0  F    TS     9 PTAMS 0x0000000622000000 NTAMS 0x0000000622000000 space 32768K,   0% used [0x0000000622000000, 0x0000000624000000)
AC   0  F    TS     9 PTAMS 0x0000000624000000 NTAMS 0x0000000624000000 space 32768K,   0% used [0x0000000624000000, 0x0000000626000000)
AC   0  F    TS     9 PTAMS 0x0000000626000000 NTAMS 0x0000000626000000 space 32768K,   0% used [0x0000000626000000, 0x0000000628000000)
AC   0  F    TS    11 PTAMS 0x0000000628000000 NTAMS 0x0000000628000000 space 32768K,   0% used [0x0000000628000000, 0x000000062a000000)
AC   0  F    TS    11 PTAMS 0x000000062a000000 NTAMS 0x000000062a000000 space 32768K,   0% used [0x000000062a000000, 0x000000062c000000)
AC   0  F    TS    11 PTAMS 0x000000062c000000 NTAMS 0x000000062c000000 space 32768K,   0% used [0x000000062c000000, 0x000000062e000000)
AC   0  F    TS    11 PTAMS 0x000000062e000000 NTAMS 0x000000062e000000 space 32768K,   0% used [0x000000062e000000, 0x0000000630000000)
AC   0  F    TS     9 PTAMS 0x0000000630000000 NTAMS 0x0000000630000000 space 32768K,   0% used [0x0000000630000000, 0x0000000632000000)
AC   0  F    TS     9 PTAMS 0x0000000632000000 NTAMS 0x0000000632000000 space 32768K,   0% used [0x0000000632000000, 0x0000000634000000)
AC   0  F    TS     9 PTAMS 0x0000000634000000 NTAMS 0x0000000634000000 space 32768K,   0% used [0x0000000634000000, 0x0000000636000000)
AC   0  F    TS     9 PTAMS 0x0000000636000000 NTAMS 0x0000000636000000 space 32768K,   0% used [0x0000000636000000, 0x0000000638000000)
AC   0  F    TS     9 PTAMS 0x0000000638000000 NTAMS 0x0000000638000000 space 32768K,   0% used [0x0000000638000000, 0x000000063a000000)
AC   0  F    TS     9 PTAMS 0x000000063a000000 NTAMS 0x000000063a000000 space 32768K,   0% used [0x000000063a000000, 0x000000063c000000)
AC   0  F    TS     9 PTAMS 0x000000063c000000 NTAMS 0x000000063c000000 space 32768K,   0% used [0x000000063c000000, 0x000000063e000000)
AC   0  F    TS     9 PTAMS 0x000000063e000000 NTAMS 0x000000063e000000 space 32768K,   0% used [0x000000063e000000, 0x0000000640000000)
AC   0  F    TS     9 PTAMS 0x0000000640000000 NTAMS 0x0000000640000000 space 32768K,   0% used [0x0000000640000000, 0x0000000642000000)
AC   0  F    TS     9 PTAMS 0x0000000642000000 NTAMS 0x0000000642000000 space 32768K,   0% used [0x0000000642000000, 0x0000000644000000)
AC   0  F    TS     9 PTAMS 0x0000000644000000 NTAMS 0x0000000644000000 space 32768K,   0% used [0x0000000644000000, 0x0000000646000000)
AC   0  F    TS     9 PTAMS 0x0000000646000000 NTAMS 0x0000000646000000 space 32768K,   0% used [0x0000000646000000, 0x0000000648000000)
AC   0  F    TS     9 PTAMS 0x0000000648000000 NTAMS 0x0000000648000000 space 32768K,   0% used [0x0000000648000000, 0x000000064a000000)
AC   0  F    TS     9 PTAMS 0x000000064a000000 NTAMS 0x000000064a000000 space 32768K,   0% used [0x000000064a000000, 0x000000064c000000)
AC   0  F    TS     9 PTAMS 0x000000064c000000 NTAMS 0x000000064c000000 space 32768K,   0% used [0x000000064c000000, 0x000000064e000000)
AC   0  F    TS     9 PTAMS 0x000000064e000000 NTAMS 0x000000064e000000 space 32768K,   0% used [0x000000064e000000, 0x0000000650000000)
AC   0  F    TS     9 PTAMS 0x0000000650000000 NTAMS 0x0000000650000000 space 32768K,   0% used [0x0000000650000000, 0x0000000652000000)
AC   0  F    TS     9 PTAMS 0x0000000652000000 NTAMS 0x0000000652000000 space 32768K,   0% used [0x0000000652000000, 0x0000000654000000)
AC   0  F    TS     9 PTAMS 0x0000000654000000 NTAMS 0x0000000654000000 space 32768K,   0% used [0x0000000654000000, 0x0000000656000000)
AC   0  F    TS     9 PTAMS 0x0000000656000000 NTAMS 0x0000000656000000 space 32768K,   0% used [0x0000000656000000, 0x0000000658000000)
AC   0  F    TS     9 PTAMS 0x0000000658000000 NTAMS 0x0000000658000000 space 32768K,   0% used [0x0000000658000000, 0x000000065a000000)
AC   0  F    TS     9 PTAMS 0x000000065a000000 NTAMS 0x000000065a000000 space 32768K,   0% used [0x000000065a000000, 0x000000065c000000)
AC   0  F    TS     9 PTAMS 0x000000065c000000 NTAMS 0x000000065c000000 space 32768K,   0% used [0x000000065c000000, 0x000000065e000000)
AC   0  F    TS     9 PTAMS 0x000000065e000000 NTAMS 0x000000065e000000 space 32768K,   0% used [0x000000065e000000, 0x0000000660000000)
AC   0  F    TS     9 PTAMS 0x0000000660000000 NTAMS 0x0000000660000000 space 32768K,   0% used [0x0000000660000000, 0x0000000662000000)
AC   0  F    TS     9 PTAMS 0x0000000662000000 NTAMS 0x0000000662000000 space 32768K,   0% used [0x0000000662000000, 0x0000000664000000)
AC   0  F    TS     9 PTAMS 0x0000000664000000 NTAMS 0x0000000664000000 space 32768K,   0% used [0x0000000664000000, 0x0000000666000000)
AC   0  F    TS     9 PTAMS 0x0000000666000000 NTAMS 0x0000000666000000 space 32768K,   0% used [0x0000000666000000, 0x0000000668000000)
AC   0  F    TS    13 PTAMS 0x0000000668000000 NTAMS 0x0000000668000000 space 32768K,   0% used [0x0000000668000000, 0x000000066a000000)
AC   0  F    TS    13 PTAMS 0x000000066a000000 NTAMS 0x000000066a000000 space 32768K,   0% used [0x000000066a000000, 0x000000066c000000)
AC   0  F    TS    13 PTAMS 0x000000066c000000 NTAMS 0x000000066c000000 space 32768K,   0% used [0x000000066c000000, 0x000000066e000000)
AC   0  F    TS     9 PTAMS 0x000000066e000000 NTAMS 0x000000066e000000 space 32768K,   0% used [0x000000066e000000, 0x0000000670000000)
AC   0  F    TS     9 PTAMS 0x0000000670000000 NTAMS 0x0000000670000000 space 32768K,   0% used [0x0000000670000000, 0x0000000672000000)
AC   0  F    TS     9 PTAMS 0x0000000672000000 NTAMS 0x0000000672000000 space 32768K,   0% used [0x0000000672000000, 0x0000000674000000)
AC   0  F    TS    11 PTAMS 0x0000000674000000 NTAMS 0x0000000674000000 space 32768K,   0% used [0x0000000674000000, 0x0000000676000000)
AC   0  F    TS    11 PTAMS 0x0000000676000000 NTAMS 0x0000000676000000 space 32768K,   0% used [0x0000000676000000, 0x0000000678000000)
AC   0  F    TS    11 PTAMS 0x0000000678000000 NTAMS 0x0000000678000000 space 32768K,   0% used [0x0000000678000000, 0x000000067a000000)
AC   0  F    TS    11 PTAMS 0x000000067a000000 NTAMS 0x000000067a000000 space 32768K,   0% used [0x000000067a000000, 0x000000067c000000)
AC   0  F    TS    11 PTAMS 0x000000067c000000 NTAMS 0x000000067c000000 space 32768K,   0% used [0x000000067c000000, 0x000000067e000000)
AC   0  F    TS    11 PTAMS 0x000000067e000000 NTAMS 0x000000067e000000 space 32768K,   0% used [0x000000067e000000, 0x0000000680000000)
AC   0  F    TS    11 PTAMS 0x0000000680000000 NTAMS 0x0000000680000000 space 32768K,   0% used [0x0000000680000000, 0x0000000682000000)
AC   0  F    TS    11 PTAMS 0x0000000682000000 NTAMS 0x0000000682000000 space 32768K,   0% used [0x0000000682000000, 0x0000000684000000)
AC   0  F    TS    11 PTAMS 0x0000000684000000 NTAMS 0x0000000684000000 space 32768K,   0% used [0x0000000684000000, 0x0000000686000000)
AC   0  F    TS    11 PTAMS 0x0000000686000000 NTAMS 0x0000000686000000 space 32768K,   0% used [0x0000000686000000, 0x0000000688000000)
AC   0  F    TS    11 PTAMS 0x0000000688000000 NTAMS 0x0000000688000000 space 32768K,   0% used [0x0000000688000000, 0x000000068a000000)
AC   0  F    TS    11 PTAMS 0x000000068a000000 NTAMS 0x000000068a000000 space 32768K,   0% used [0x000000068a000000, 0x000000068c000000)
AC   0  F    TS    11 PTAMS 0x000000068c000000 NTAMS 0x000000068c000000 space 32768K,   0% used [0x000000068c000000, 0x000000068e000000)
AC   0  F    TS    11 PTAMS 0x000000068e000000 NTAMS 0x000000068e000000 space 32768K,   0% used [0x000000068e000000, 0x0000000690000000)
AC   0  F    TS    11 PTAMS 0x0000000690000000 NTAMS 0x0000000690000000 space 32768K,   0% used [0x0000000690000000, 0x0000000692000000)
AC   0  F    TS    11 PTAMS 0x0000000692000000 NTAMS 0x0000000692000000 space 32768K,   0% used [0x0000000692000000, 0x0000000694000000)
AC   0  F    TS    11 PTAMS 0x0000000694000000 NTAMS 0x0000000694000000 space 32768K,   0% used [0x0000000694000000, 0x0000000696000000)
AC   0  F    TS    11 PTAMS 0x0000000696000000 NTAMS 0x0000000696000000 space 32768K,   0% used [0x0000000696000000, 0x0000000698000000)
AC   0  F    TS    11 PTAMS 0x0000000698000000 NTAMS 0x0000000698000000 space 32768K,   0% used [0x0000000698000000, 0x000000069a000000)
AC   0  F    TS    11 PTAMS 0x000000069a000000 NTAMS 0x000000069a000000 space 32768K,   0% used [0x000000069a000000, 0x000000069c000000)
AC   0  F    TS    11 PTAMS 0x000000069c000000 NTAMS 0x000000069c000000 space 32768K,   0% used [0x000000069c000000, 0x000000069e000000)
AC   0  F    TS    11 PTAMS 0x000000069e000000 NTAMS 0x000000069e000000 space 32768K,   0% used [0x000000069e000000, 0x00000006a0000000)
AC   0  F    TS    11 PTAMS 0x00000006a0000000 NTAMS 0x00000006a0000000 space 32768K,   0% used [0x00000006a0000000, 0x00000006a2000000)
AC   0  F    TS    27 PTAMS 0x00000006a2000000 NTAMS 0x00000006a2000000 space 32768K,   0% used [0x00000006a2000000, 0x00000006a4000000)
AC   0  F    TS    25 PTAMS 0x00000006a4000000 NTAMS 0x00000006a4000000 space 32768K,   0% used [0x00000006a4000000, 0x00000006a6000000)
AC   0  F    TS    29 PTAMS 0x00000006a6000000 NTAMS 0x00000006a6000000 space 32768K,   0% used [0x00000006a6000000, 0x00000006a8000000)
AC   0  F    TS    29 PTAMS 0x00000006a8000000 NTAMS 0x00000006a8000000 space 32768K,   0% used [0x00000006a8000000, 0x00000006aa000000)
AC   0  F    TS    29 PTAMS 0x00000006aa000000 NTAMS 0x00000006aa000000 space 32768K,   0% used [0x00000006aa000000, 0x00000006ac000000)
AC   0  F    TS    29 PTAMS 0x00000006ac000000 NTAMS 0x00000006ac000000 space 32768K,   0% used [0x00000006ac000000, 0x00000006ae000000)
AC   0  F    TS    29 PTAMS 0x00000006ae000000 NTAMS 0x00000006ae000000 space 32768K,   0% used [0x00000006ae000000, 0x00000006b0000000)
AC   0  F    TS    31 PTAMS 0x00000006b0000000 NTAMS 0x00000006b0000000 space 32768K,   0% used [0x00000006b0000000, 0x00000006b2000000)
AC   0  F    TS    31 PTAMS 0x00000006b2000000 NTAMS 0x00000006b2000000 space 32768K,   0% used [0x00000006b2000000, 0x00000006b4000000)
AC   0  F    TS    31 PTAMS 0x00000006b4000000 NTAMS 0x00000006b4000000 space 32768K,   0% used [0x00000006b4000000, 0x00000006b6000000)
AC   0  F    TS    31 PTAMS 0x00000006b6000000 NTAMS 0x00000006b6000000 space 32768K,   0% used [0x00000006b6000000, 0x00000006b8000000)
AC   0  F    TS    29 PTAMS 0x00000006b8000000 NTAMS 0x00000006b8000000 space 32768K,   0% used [0x00000006b8000000, 0x00000006ba000000)
AC   0  F    TS    31 PTAMS 0x00000006ba000000 NTAMS 0x00000006ba000000 space 32768K,   0% used [0x00000006ba000000, 0x00000006bc000000)
AC   0  F    TS    23 PTAMS 0x00000006bc000000 NTAMS 0x00000006bc000000 space 32768K,   0% used [0x00000006bc000000, 0x00000006be000000)
AC   0  F    TS    23 PTAMS 0x00000006be000000 NTAMS 0x00000006be000000 space 32768K,   0% used [0x00000006be000000, 0x00000006c0000000)
AC   0  F    TS    13 PTAMS 0x00000006c0000000 NTAMS 0x00000006c0000000 space 32768K,   0% used [0x00000006c0000000, 0x00000006c2000000)
AC   0  F    TS    13 PTAMS 0x00000006c2000000 NTAMS 0x00000006c2000000 space 32768K,   0% used [0x00000006c2000000, 0x00000006c4000000)
AC   0  F    TS    13 PTAMS 0x00000006c4000000 NTAMS 0x00000006c4000000 space 32768K,   0% used [0x00000006c4000000, 0x00000006c6000000)
AC   0  F    TS    13 PTAMS 0x00000006c6000000 NTAMS 0x00000006c6000000 space 32768K,   0% used [0x00000006c6000000, 0x00000006c8000000)
AC   0  F    TS    13 PTAMS 0x00000006c8000000 NTAMS 0x00000006c8000000 space 32768K,   0% used [0x00000006c8000000, 0x00000006ca000000)
AC   0  F    TS    13 PTAMS 0x00000006ca000000 NTAMS 0x00000006ca000000 space 32768K,   0% used [0x00000006ca000000, 0x00000006cc000000)
AC   0  F    TS    13 PTAMS 0x00000006cc000000 NTAMS 0x00000006cc000000 space 32768K,   0% used [0x00000006cc000000, 0x00000006ce000000)
AC   0  F    TS    33 PTAMS 0x00000006ce000000 NTAMS 0x00000006ce000000 space 32768K,   0% used [0x00000006ce000000, 0x00000006d0000000)
AC   0  F    TS    33 PTAMS 0x00000006d0000000 NTAMS 0x00000006d0000000 space 32768K,   0% used [0x00000006d0000000, 0x00000006d2000000)
AC   0  F    TS    33 PTAMS 0x00000006d2000000 NTAMS 0x00000006d2000000 space 32768K,   0% used [0x00000006d2000000, 0x00000006d4000000)
AC   0  F    TS    33 PTAMS 0x00000006d4000000 NTAMS 0x00000006d4000000 space 32768K,   0% used [0x00000006d4000000, 0x00000006d6000000)
AC   0  F    TS    13 PTAMS 0x00000006d6000000 NTAMS 0x00000006d6000000 space 32768K,   0% used [0x00000006d6000000, 0x00000006d8000000)
AC   0  F    TS    13 PTAMS 0x00000006d8000000 NTAMS 0x00000006d8000000 space 32768K,   0% used [0x00000006d8000000, 0x00000006da000000)
AC   0  F    TS    13 PTAMS 0x00000006da000000 NTAMS 0x00000006da000000 space 32768K,   0% used [0x00000006da000000, 0x00000006dc000000)
AC   0  F    TS    13 PTAMS 0x00000006dc000000 NTAMS 0x00000006dc000000 space 32768K,   0% used [0x00000006dc000000, 0x00000006de000000)
AC   0  F    TS    13 PTAMS 0x00000006de000000 NTAMS 0x00000006de000000 space 32768K,   0% used [0x00000006de000000, 0x00000006e0000000)
AC   0  F    TS    13 PTAMS 0x00000006e0000000 NTAMS 0x00000006e0000000 space 32768K,   0% used [0x00000006e0000000, 0x00000006e2000000)
AC   0  F    TS    13 PTAMS 0x00000006e2000000 NTAMS 0x00000006e2000000 space 32768K,   0% used [0x00000006e2000000, 0x00000006e4000000)
AC   0  F    TS    13 PTAMS 0x00000006e4000000 NTAMS 0x00000006e4000000 space 32768K,   0% used [0x00000006e4000000, 0x00000006e6000000)
AC   0  F    TS    35 PTAMS 0x00000006e6000000 NTAMS 0x00000006e6000000 space 32768K,   0% used [0x00000006e6000000, 0x00000006e8000000)
AC   0  F    TS    35 PTAMS 0x00000006e8000000 NTAMS 0x00000006e8000000 space 32768K,   0% used [0x00000006e8000000, 0x00000006ea000000)
AC   0  F    TS    35 PTAMS 0x00000006ea000000 NTAMS 0x00000006ea000000 space 32768K,   0% used [0x00000006ea000000, 0x00000006ec000000)
AC   0  F    TS    13 PTAMS 0x00000006ec000000 NTAMS 0x00000006ec000000 space 32768K,   0% used [0x00000006ec000000, 0x00000006ee000000)
AC   0  F    TS    15 PTAMS 0x00000006ee000000 NTAMS 0x00000006ee000000 space 32768K,   0% used [0x00000006ee000000, 0x00000006f0000000)
AC   0  F    TS    15 PTAMS 0x00000006f0000000 NTAMS 0x00000006f0000000 space 32768K,   0% used [0x00000006f0000000, 0x00000006f2000000)
AC   0  F    TS    15 PTAMS 0x00000006f2000000 NTAMS 0x00000006f2000000 space 32768K,   0% used [0x00000006f2000000, 0x00000006f4000000)
AC   0  F    TS    15 PTAMS 0x00000006f4000000 NTAMS 0x00000006f4000000 space 32768K,   0% used [0x00000006f4000000, 0x00000006f6000000)
AC   0  F    TS    15 PTAMS 0x00000006f6000000 NTAMS 0x00000006f6000000 space 32768K,   0% used [0x00000006f6000000, 0x00000006f8000000)
AC   0  F    TS    15 PTAMS 0x00000006f8000000 NTAMS 0x00000006f8000000 space 32768K,   0% used [0x00000006f8000000, 0x00000006fa000000)
AC   0  F    TS    15 PTAMS 0x00000006fa000000 NTAMS 0x00000006fa000000 space 32768K,   0% used [0x00000006fa000000, 0x00000006fc000000)
AC   0  F    TS    15 PTAMS 0x00000006fc000000 NTAMS 0x00000006fc000000 space 32768K,   0% used [0x00000006fc000000, 0x00000006fe000000)
AC   0  F    TS    15 PTAMS 0x00000006fe000000 NTAMS 0x00000006fe000000 space 32768K,   0% used [0x00000006fe000000, 0x0000000700000000)
AC   0  F    TS    15 PTAMS 0x0000000700000000 NTAMS 0x0000000700000000 space 32768K,   0% used [0x0000000700000000, 0x0000000702000000)
AC   0  F    TS    15 PTAMS 0x0000000702000000 NTAMS 0x0000000702000000 space 32768K,   0% used [0x0000000702000000, 0x0000000704000000)
AC   0  S CS TS    39 PTAMS 0x0000000704000000 NTAMS 0x0000000704000000 space 32768K,  22% used [0x0000000704000000, 0x0000000706000000)
AC   0  S CS TS    39 PTAMS 0x0000000706000000 NTAMS 0x0000000706000000 space 32768K, 100% used [0x0000000706000000, 0x0000000708000000)
AC   0  S CS TS    39 PTAMS 0x0000000708000000 NTAMS 0x0000000708000000 space 32768K, 100% used [0x0000000708000000, 0x000000070a000000)
AC   0  F    TS    15 PTAMS 0x000000070a000000 NTAMS 0x000000070a000000 space 32768K,   0% used [0x000000070a000000, 0x000000070c000000)
AC   0  F    TS    15 PTAMS 0x000000070c000000 NTAMS 0x000000070c000000 space 32768K,   0% used [0x000000070c000000, 0x000000070e000000)
AC   0  F    TS    15 PTAMS 0x000000070e000000 NTAMS 0x000000070e000000 space 32768K,   0% used [0x000000070e000000, 0x0000000710000000)
AC   0  F    TS    15 PTAMS 0x0000000710000000 NTAMS 0x0000000710000000 space 32768K,   0% used [0x0000000710000000, 0x0000000712000000)
AC   0  F    TS    15 PTAMS 0x0000000712000000 NTAMS 0x0000000712000000 space 32768K,   0% used [0x0000000712000000, 0x0000000714000000)
AC   0  F    TS    15 PTAMS 0x0000000714000000 NTAMS 0x0000000714000000 space 32768K,   0% used [0x0000000714000000, 0x0000000716000000)
AC   0  F    TS    15 PTAMS 0x0000000716000000 NTAMS 0x0000000716000000 space 32768K,   0% used [0x0000000716000000, 0x0000000718000000)
AC   0  F    TS    31 PTAMS 0x0000000718000000 NTAMS 0x0000000718000000 space 32768K,   0% used [0x0000000718000000, 0x000000071a000000)
AC   0  F    TS    31 PTAMS 0x000000071a000000 NTAMS 0x000000071a000000 space 32768K,   0% used [0x000000071a000000, 0x000000071c000000)
AC   0  F    TS    31 PTAMS 0x000000071c000000 NTAMS 0x000000071c000000 space 32768K,   0% used [0x000000071c000000, 0x000000071e000000)
AC   0  F    TS    31 PTAMS 0x000000071e000000 NTAMS 0x000000071e000000 space 32768K,   0% used [0x000000071e000000, 0x0000000720000000)
AC   0  F    TS    31 PTAMS 0x0000000720000000 NTAMS 0x0000000720000000 space 32768K,   0% used [0x0000000720000000, 0x0000000722000000)
AC   0  F    TS    31 PTAMS 0x0000000722000000 NTAMS 0x0000000722000000 space 32768K,   0% used [0x0000000722000000, 0x0000000724000000)
AC   0  F    TS    31 PTAMS 0x0000000724000000 NTAMS 0x0000000724000000 space 32768K,   0% used [0x0000000724000000, 0x0000000726000000)
AC   0  F    TS    31 PTAMS 0x0000000726000000 NTAMS 0x0000000726000000 space 32768K,   0% used [0x0000000726000000, 0x0000000728000000)
AC   0  F    TS    31 PTAMS 0x0000000728000000 NTAMS 0x0000000728000000 space 32768K,   0% used [0x0000000728000000, 0x000000072a000000)
AC   0  F    TS    31 PTAMS 0x000000072a000000 NTAMS 0x000000072a000000 space 32768K,   0% used [0x000000072a000000, 0x000000072c000000)
AC   0  F    TS    31 PTAMS 0x000000072c000000 NTAMS 0x000000072c000000 space 32768K,   0% used [0x000000072c000000, 0x000000072e000000)
AC   0  F    TS    31 PTAMS 0x000000072e000000 NTAMS 0x000000072e000000 space 32768K,   0% used [0x000000072e000000, 0x0000000730000000)
AC   0  F    TS    31 PTAMS 0x0000000730000000 NTAMS 0x0000000730000000 space 32768K,   0% used [0x0000000730000000, 0x0000000732000000)
AC   0  F    TS    31 PTAMS 0x0000000732000000 NTAMS 0x0000000732000000 space 32768K,   0% used [0x0000000732000000, 0x0000000734000000)
AC   0  F    TS    31 PTAMS 0x0000000734000000 NTAMS 0x0000000734000000 space 32768K,   0% used [0x0000000734000000, 0x0000000736000000)
AC   0  F    TS    31 PTAMS 0x0000000736000000 NTAMS 0x0000000736000000 space 32768K,   0% used [0x0000000736000000, 0x0000000738000000)
AC   0  F    TS    31 PTAMS 0x0000000738000000 NTAMS 0x0000000738000000 space 32768K,   0% used [0x0000000738000000, 0x000000073a000000)
AC   0  F    TS    33 PTAMS 0x000000073a000000 NTAMS 0x000000073a000000 space 32768K,   0% used [0x000000073a000000, 0x000000073c000000)
AC   0  F    TS    33 PTAMS 0x000000073c000000 NTAMS 0x000000073c000000 space 32768K,   0% used [0x000000073c000000, 0x000000073e000000)
AC   0  F    TS    33 PTAMS 0x000000073e000000 NTAMS 0x000000073e000000 space 32768K,   0% used [0x000000073e000000, 0x0000000740000000)
AC   0  F    TS    33 PTAMS 0x0000000740000000 NTAMS 0x0000000740000000 space 32768K,   0% used [0x0000000740000000, 0x0000000742000000)
AC   0  F    TS    33 PTAMS 0x0000000742000000 NTAMS 0x0000000742000000 space 32768K,   0% used [0x0000000742000000, 0x0000000744000000)
AC   0  F    TS    33 PTAMS 0x0000000744000000 NTAMS 0x0000000744000000 space 32768K,   0% used [0x0000000744000000, 0x0000000746000000)
AC   0  F    TS    33 PTAMS 0x0000000746000000 NTAMS 0x0000000746000000 space 32768K,   0% used [0x0000000746000000, 0x0000000748000000)
AC   0  F    TS    33 PTAMS 0x0000000748000000 NTAMS 0x0000000748000000 space 32768K,   0% used [0x0000000748000000, 0x000000074a000000)
AC   0  F    TS    33 PTAMS 0x000000074a000000 NTAMS 0x000000074a000000 space 32768K,   0% used [0x000000074a000000, 0x000000074c000000)
AC   0  F    TS    33 PTAMS 0x000000074c000000 NTAMS 0x000000074c000000 space 32768K,   0% used [0x000000074c000000, 0x000000074e000000)
AC   0  F    TS    33 PTAMS 0x000000074e000000 NTAMS 0x000000074e000000 space 32768K,   0% used [0x000000074e000000, 0x0000000750000000)
AC   0  F    TS    33 PTAMS 0x0000000750000000 NTAMS 0x0000000750000000 space 32768K,   0% used [0x0000000750000000, 0x0000000752000000)
AC   0  F    TS    33 PTAMS 0x0000000752000000 NTAMS 0x0000000752000000 space 32768K,   0% used [0x0000000752000000, 0x0000000754000000)
AC   0  F    TS    33 PTAMS 0x0000000754000000 NTAMS 0x0000000754000000 space 32768K,   0% used [0x0000000754000000, 0x0000000756000000)
AC   0  F    TS    35 PTAMS 0x0000000756000000 NTAMS 0x0000000756000000 space 32768K,   0% used [0x0000000756000000, 0x0000000758000000)
AC   0  F    TS    35 PTAMS 0x0000000758000000 NTAMS 0x0000000758000000 space 32768K,   0% used [0x0000000758000000, 0x000000075a000000)
AC   0  F    TS    35 PTAMS 0x000000075a000000 NTAMS 0x000000075a000000 space 32768K,   0% used [0x000000075a000000, 0x000000075c000000)
AC   0  F    TS    35 PTAMS 0x000000075c000000 NTAMS 0x000000075c000000 space 32768K,   0% used [0x000000075c000000, 0x000000075e000000)
AC   0  F    TS    35 PTAMS 0x000000075e000000 NTAMS 0x000000075e000000 space 32768K,   0% used [0x000000075e000000, 0x0000000760000000)
AC   0  F    TS    35 PTAMS 0x0000000760000000 NTAMS 0x0000000760000000 space 32768K,   0% used [0x0000000760000000, 0x0000000762000000)
AC   0  F    TS    35 PTAMS 0x0000000762000000 NTAMS 0x0000000762000000 space 32768K,   0% used [0x0000000762000000, 0x0000000764000000)
AC   0  F    TS    35 PTAMS 0x0000000764000000 NTAMS 0x0000000764000000 space 32768K,   0% used [0x0000000764000000, 0x0000000766000000)
AC   0  F    TS    35 PTAMS 0x0000000766000000 NTAMS 0x0000000766000000 space 32768K,   0% used [0x0000000766000000, 0x0000000768000000)
AC   0  F    TS    35 PTAMS 0x0000000768000000 NTAMS 0x0000000768000000 space 32768K,   0% used [0x0000000768000000, 0x000000076a000000)
AC   0  F    TS    35 PTAMS 0x000000076a000000 NTAMS 0x000000076a000000 space 32768K,   0% used [0x000000076a000000, 0x000000076c000000)
AC   0  F    TS    37 PTAMS 0x000000076c000000 NTAMS 0x000000076c000000 space 32768K,   0% used [0x000000076c000000, 0x000000076e000000)
AC   0  F    TS    37 PTAMS 0x000000076e000000 NTAMS 0x000000076e000000 space 32768K,   0% used [0x000000076e000000, 0x0000000770000000)
AC   0  F    TS    37 PTAMS 0x0000000770000000 NTAMS 0x0000000770000000 space 32768K,   0% used [0x0000000770000000, 0x0000000772000000)
AC   0  F    TS    37 PTAMS 0x0000000772000000 NTAMS 0x0000000772000000 space 32768K,   0% used [0x0000000772000000, 0x0000000774000000)
AC   0  F    TS    37 PTAMS 0x0000000774000000 NTAMS 0x0000000774000000 space 32768K,   0% used [0x0000000774000000, 0x0000000776000000)
AC   0  F    TS    37 PTAMS 0x0000000776000000 NTAMS 0x0000000776000000 space 32768K,   0% used [0x0000000776000000, 0x0000000778000000)
AC   0  F    TS    37 PTAMS 0x0000000778000000 NTAMS 0x0000000778000000 space 32768K,   0% used [0x0000000778000000, 0x000000077a000000)
AC   0  F    TS    37 PTAMS 0x000000077a000000 NTAMS 0x000000077a000000 space 32768K,   0% used [0x000000077a000000, 0x000000077c000000)
AC   0  F    TS    37 PTAMS 0x000000077c000000 NTAMS 0x000000077c000000 space 32768K,   0% used [0x000000077c000000, 0x000000077e000000)

Card table byte_map: [0x0000000015150000,0x00000000166a0000] byte_map_base: 0x00000000128a0000

Marking Bits (Prev, Next): (CMBitMap*) 0x00000000034752f0, (CMBitMap*) 0x0000000003475298
 Prev Bits: [0x0000000022670000, 0x000000002d0f0000)
 Next Bits: [0x0000000017bf0000, 0x0000000022670000)

Polling page: 0x0000000001940000

CodeCache: size=245760Kb used=27878Kb max_used=28312Kb free=217881Kb
 bounds [0x00000000034e0000, 0x00000000050a0000, 0x00000000124e0000]
 total_blobs=10285 nmethods=8902 adapters=1293
 compilation: enabled

Compilation events (10 events):
Event: 21.915 Thread 0x000000003175e000 10854       3       org.lwjgl.system.MemoryUtil::memGetAddress (31 bytes)
Event: 21.915 Thread 0x0000000031756000 10857       4       org.lwjgl.system.Checks::check (17 bytes)
Event: 21.915 Thread 0x000000003175e000 nmethod 10854 0x0000000003645ad0 code [0x0000000003645c20, 0x0000000003645d90]
Event: 21.915 Thread 0x0000000031756000 nmethod 10857 0x00000000036851d0 code [0x0000000003685300, 0x0000000003685378]
Event: 21.916 Thread 0x000000003175e000 10855       3       org.lwjgl.PointerBuffer::get (22 bytes)
Event: 21.916 Thread 0x000000003175e000 nmethod 10855 0x0000000003f4ef50 code [0x0000000003f4f0e0, 0x0000000003f4f548]
Event: 21.917 Thread 0x000000003175e000 10856       3       org.lwjgl.system.CustomBuffer::remaining (10 bytes)
Event: 21.917 Thread 0x000000003175e000 nmethod 10856 0x0000000003781750 code [0x00000000037818a0, 0x00000000037819f0]
Event: 22.753 Thread 0x0000000031753000 10858       4       it.unimi.dsi.fastutil.ints.IntAVLTreeSet::compare (27 bytes)
Event: 22.754 Thread 0x0000000031753000 nmethod 10858 0x0000000003e2ed10 code [0x0000000003e2ee40, 0x0000000003e2eed8]

GC Heap History (10 events):
Event: 19.977 GC heap after
Heap after GC invocations=82 (full 0):
 garbage-first heap   total 8421376K, used 381378K [0x0000000516000000, 0x0000000518000808, 0x00000007c0000000)
  region size 32768K, 6 young (196608K), 6 survivors (196608K)
 Metaspace       used 68098K, capacity 75006K, committed 75216K, reserved 1112064K
  class space    used 9867K, capacity 11743K, committed 11776K, reserved 1048576K
}
Event: 20.294 GC heap before
{Heap before GC invocations=82 (full 0):
 garbage-first heap   total 8421376K, used 1855938K [0x0000000516000000, 0x0000000518000808, 0x00000007c0000000)
  region size 32768K, 52 young (1703936K), 6 survivors (196608K)
 Metaspace       used 68098K, capacity 75006K, committed 75216K, reserved 1112064K
  class space    used 9867K, capacity 11743K, committed 11776K, reserved 1048576K
Event: 20.391 GC heap after
Heap after GC invocations=83 (full 0):
 garbage-first heap   total 8978432K, used 355822K [0x0000000516000000, 0x0000000518000890, 0x00000007c0000000)
  region size 32768K, 5 young (163840K), 5 survivors (163840K)
 Metaspace       used 68098K, capacity 75006K, committed 75216K, reserved 1112064K
  class space    used 9867K, capacity 11743K, committed 11776K, reserved 1048576K
}
Event: 20.830 GC heap before
{Heap before GC invocations=83 (full 0):
 garbage-first heap   total 8978432K, used 1961454K [0x0000000516000000, 0x0000000518000890, 0x00000007c0000000)
  region size 32768K, 55 young (1802240K), 5 survivors (163840K)
 Metaspace       used 68099K, capacity 75006K, committed 75216K, reserved 1112064K
  class space    used 9867K, capacity 11743K, committed 11776K, reserved 1048576K
Event: 20.887 GC heap after
Heap after GC invocations=84 (full 0):
 garbage-first heap   total 9437184K, used 341430K [0x0000000516000000, 0x0000000518000900, 0x00000007c0000000)
  region size 32768K, 4 young (131072K), 4 survivors (131072K)
 Metaspace       used 68099K, capacity 75006K, committed 75216K, reserved 1112064K
  class space    used 9867K, capacity 11743K, committed 11776K, reserved 1048576K
}
Event: 21.290 GC heap before
{Heap before GC invocations=84 (full 0):
 garbage-first heap   total 9437184K, used 2078134K [0x0000000516000000, 0x0000000518000900, 0x00000007c0000000)
  region size 32768K, 57 young (1867776K), 4 survivors (131072K)
 Metaspace       used 68099K, capacity 75006K, committed 75216K, reserved 1112064K
  class space    used 9867K, capacity 11743K, committed 11776K, reserved 1048576K
Event: 21.346 GC heap after
Heap after GC invocations=85 (full 0):
 garbage-first heap   total 9797632K, used 333214K [0x0000000516000000, 0x0000000518000958, 0x00000007c0000000)
  region size 32768K, 3 young (98304K), 3 survivors (98304K)
 Metaspace       used 68099K, capacity 75006K, committed 75216K, reserved 1112064K
  class space    used 9867K, capacity 11743K, committed 11776K, reserved 1048576K
}
Event: 22.804 GC heap before
{Heap before GC invocations=85 (full 0):
 garbage-first heap   total 9797632K, used 6100382K [0x0000000516000000, 0x0000000518000958, 0x00000007c0000000)
  region size 32768K, 180 young (5898240K), 3 survivors (98304K)
 Metaspace       used 68107K, capacity 75008K, committed 75216K, reserved 1112064K
  class space    used 9868K, capacity 11744K, committed 11776K, reserved 1048576K
Event: 22.863 GC heap after
Heap after GC invocations=86 (full 0):
 garbage-first heap   total 10092544K, used 338937K [0x0000000516000000, 0x00000005180009a0, 0x00000007c0000000)
  region size 32768K, 3 young (98304K), 3 survivors (98304K)
 Metaspace       used 68107K, capacity 75008K, committed 75216K, reserved 1112064K
  class space    used 9868K, capacity 11744K, committed 11776K, reserved 1048576K
}
Event: 23.313 GC heap before
{Heap before GC invocations=86 (full 0):
 garbage-first heap   total 10092544K, used 2239481K [0x0000000516000000, 0x00000005180009a0, 0x00000007c0000000)
  region size 32768K, 61 young (1998848K), 3 survivors (98304K)
 Metaspace       used 68107K, capacity 75008K, committed 75216K, reserved 1112064K
  class space    used 9868K, capacity 11744K, committed 11776K, reserved 1048576K

Deoptimization events (10 events):
Event: 17.350 Thread 0x00000000033e4800 Uncommon trap: reason=array_check action=maybe_recompile pc=0x0000000004df6610 method=com.google.common.collect.ImmutableSet.construct(I[Ljava/lang/Object;)Lcom/google/common/collect/ImmutableSet; @ 122
Event: 17.364 Thread 0x00000000033e4800 Uncommon trap: reason=bimorphic action=maybe_recompile pc=0x0000000004aa3530 method=java.util.Spliterators$ArraySpliterator.tryAdvance(Ljava/util/function/Consumer;)Z @ 49
Event: 17.364 Thread 0x00000000033e4800 Uncommon trap: reason=bimorphic action=maybe_recompile pc=0x0000000004aa3530 method=java.util.Spliterators$ArraySpliterator.tryAdvance(Ljava/util/function/Consumer;)Z @ 49
Event: 17.451 Thread 0x00000000033e4800 Uncommon trap: reason=unstable_if action=reinterpret pc=0x00000000043baff0 method=java.util.EnumMap.isValidKey(Ljava/lang/Object;)Z @ 16
Event: 17.451 Thread 0x00000000033e4800 Uncommon trap: reason=unstable_if action=reinterpret pc=0x000000000445b578 method=java.util.EnumMap.isValidKey(Ljava/lang/Object;)Z @ 16
Event: 17.649 Thread 0x00000000033e4800 Uncommon trap: reason=unstable_if action=reinterpret pc=0x0000000004db5df4 method=org.objectweb.asm.Frame.execute(IILorg/objectweb/asm/Symbol;Lorg/objectweb/asm/SymbolTable;)V @ 1198
Event: 17.704 Thread 0x00000000033e4800 Uncommon trap: reason=class_check action=maybe_recompile pc=0x0000000003c3be50 method=java.util.Collections$ReverseComparator2.compare(Ljava/lang/Object;Ljava/lang/Object;)I @ 6
Event: 17.704 Thread 0x00000000033e4800 Uncommon trap: reason=class_check action=maybe_recompile pc=0x0000000003c3be50 method=java.util.Collections$ReverseComparator2.compare(Ljava/lang/Object;Ljava/lang/Object;)I @ 6
Event: 17.704 Thread 0x00000000033e4800 Uncommon trap: reason=class_check action=maybe_recompile pc=0x0000000003c3be50 method=java.util.Collections$ReverseComparator2.compare(Ljava/lang/Object;Ljava/lang/Object;)I @ 6
Event: 17.704 Thread 0x00000000033e4800 Uncommon trap: reason=class_check action=maybe_recompile pc=0x0000000003c3be50 method=java.util.Collections$ReverseComparator2.compare(Ljava/lang/Object;Ljava/lang/Object;)I @ 6

Internal exceptions (10 events):
Event: 16.556 Thread 0x0000000032726800 Exception <a 'java/lang/NoSuchMethodError': java.lang.Object.lambda$dispatchStable$8(Ljava/util/function/Function;Ljava/lang/Object;)Lcom/mojang/serialization/DataResult;> (0x00000007075fdff0) thrown at [C:\re\workspace\8-2-build-windows-amd64-cygwin\jdk8uU}øC}Ž0@
Event: 16.557 Thread 0x0000000032726800 Exception <a 'java/lang/NoSuchMethodError': java.lang.Object.lambda$dispatchStable$9(Ljava/util/function/Function;Ljava/lang/Object;)Lcom/mojang/serialization/DataResult;> (0x0000000707601288) thrown at [C:\re\workspace\8-2-build-windows-amd64-cygwin\jdk8uš¤Cñt”0@
Event: 16.580 Thread 0x0000000032726800 Exception <a 'java/lang/NoSuchMethodError': java.lang.Object.func_236850_a_(Lcom/mojang/serialization/Codec;)Lcom/mojang/serialization/Codec;> (0x00000006ff104828) thrown at [C:\re\workspace\8-2-build-windows-amd64-cygwin\jdk8u51\3951\hotspot\src\share\vm\8±ÑƒÌ¥0@
Event: 16.648 Thread 0x0000000032726800 Exception <a 'java/lang/NoSuchMethodError': java.lang.Object.func_210297_lambda$static$0(Lnet/minecraft/dispenser/IBlockSource;Lnet/minecraft/item/ItemStack;)Lnet/minecraft/item/ItemStack;> (0x00000006f54c0f08) thrown at [C:\re\workspace\8-2-build-windows-ÓjÄ0@
Event: 16.767 Thread 0x0000000032726800 Exception <a 'java/lang/NoSuchMethodError': java.lang.Object.func_211371_a()Lnet/minecraft/command/arguments/IRangeArgument$IntRange;> (0x00000006d4cb3828) thrown at [C:\re\workspace\8-2-build-windows-amd64-cygwin\jdk8u51\3951\hotspot\src\share\vm\interpremÔù¦ŸÄ0@
Event: 16.768 Thread 0x0000000032726800 Exception <a 'java/lang/NoSuchMethodError': java.lang.Object.func_243493_b()Lnet/minecraft/command/arguments/IRangeArgument$FloatRange;> (0x00000006d4cd4a78) thrown at [C:\re\workspace\8-2-build-windows-amd64-cygwin\jdk8u51\3951\hotspot\src\share\vm\interp ²Hï1@
Event: 17.066 Thread 0x00000000033e4800 Exception <a 'java/lang/NoSuchMethodError': java.lang.Object.lambda$static$0()Lnet/optifine/render/RenderEnv;> (0x0000000713fa68d0) thrown at [C:\re\workspace\8-2-build-windows-amd64-cygwin\jdk8u51\3951\hotspot\src\share\vm\interpreter\linkResolver.cpp, liÊ·ˆ9L1@
Event: 17.298 Thread 0x00000000033e4800 Implicit null exception at 0x0000000004455f8c to 0x0000000004455fd1
Event: 17.355 Thread 0x00000000033e4800 Exception <a 'java/lang/NoSuchMethodError': java.lang.Object.func_232631_a_(Lnet/minecraft/util/text/ITextComponent;)Lnet/minecraft/util/text/ITextComponent;> (0x00000006dab430d8) thrown at [C:\re\workspace\8-2-build-windows-amd64-cygwin\jdk8u51\3951\hotspKõ®‹ìZ1@
Event: 17.355 Thread 0x00000000033e4800 Exception <a 'java/lang/NoSuchMethodError': java.lang.Object.func_232632_a_(Lnet/minecraft/util/text/ITextComponent;Lnet/minecraft/util/text/ITextComponent;)Lnet/minecraft/util/text/ITextComponent;> (0x00000006dab45a58) thrown at [C:\re\workspace\8-2-build

Events (10 events):
Event: 21.917 Thread 0x000000003175e000 flushing nmethod 0x0000000004af7990
Event: 21.917 Thread 0x000000003175e000 flushing nmethod 0x0000000004b1f0d0
Event: 21.917 Thread 0x000000003175e000 flushing nmethod 0x0000000004b8c410
Event: 21.917 Thread 0x000000003175e000 flushing nmethod 0x0000000004bb1310
Event: 21.917 Thread 0x000000003175e000 flushing nmethod 0x0000000004bcf910
Event: 22.803 Executing VM operation: G1IncCollectionPause
Event: 22.804 Executing VM operation: G1IncCollectionPause done
Event: 22.804 Executing VM operation: G1IncCollectionPause
Event: 22.863 Executing VM operation: G1IncCollectionPause done
Event: 23.313 Executing VM operation: G1IncCollectionPause


Dynamic libraries:
0x00007ff63ff90000 - 0x00007ff63ffc7000 	C:\Users\nrk47\AppData\Roaming\.minecraft\runtime\jre-legacy\windows\jre-legacy\bin\javaw.exe
0x00007ffdd51a0000 - 0x00007ffdd5406000 	C:\WINDOWS\SYSTEM32\ntdll.dll
0x00007ffdd43e0000 - 0x00007ffdd44a9000 	C:\WINDOWS\System32\KERNEL32.DLL
0x00007ffdd26b0000 - 0x00007ffdd2aae000 	C:\WINDOWS\System32\KERNELBASE.dll
0x00007ffdd4a10000 - 0x00007ffdd4ac7000 	C:\WINDOWS\System32\ADVAPI32.dll
0x00007ffdd44b0000 - 0x00007ffdd4559000 	C:\WINDOWS\System32\msvcrt.dll
0x00007ffdd46d0000 - 0x00007ffdd477a000 	C:\WINDOWS\System32\sechost.dll
0x00007ffdd42c0000 - 0x00007ffdd43d8000 	C:\WINDOWS\System32\RPCRT4.dll
0x00007ffdd3770000 - 0x00007ffdd3937000 	C:\WINDOWS\System32\USER32.dll
0x00007ffdd2cb0000 - 0x00007ffdd2cd7000 	C:\WINDOWS\System32\win32u.dll
0x00007ffdd3740000 - 0x00007ffdd376b000 	C:\WINDOWS\System32\GDI32.dll
0x00007ffdd2da0000 - 0x00007ffdd2eca000 	C:\WINDOWS\System32\gdi32full.dll
0x00007ffdd23c0000 - 0x00007ffdd2463000 	C:\WINDOWS\System32\msvcp_win.dll
0x00007ffdd2ac0000 - 0x00007ffdd2c0c000 	C:\WINDOWS\System32\ucrtbase.dll
0x00007ffdb0600000 - 0x00007ffdb0892000 	C:\WINDOWS\WinSxS\amd64_microsoft.windows.common-controls_6595b64144ccf1df_6.0.26100.8875_none_3e0d5d42e32fe9dd\COMCTL32.dll
0x00007ffdd2ed0000 - 0x00007ffdd2f02000 	C:\WINDOWS\System32\IMM32.DLL
0x0000000052ef0000 - 0x0000000052fc2000 	C:\Users\nrk47\AppData\Roaming\.minecraft\runtime\jre-legacy\windows\jre-legacy\bin\msvcr100.dll
0x0000000052660000 - 0x0000000052ee3000 	C:\Users\nrk47\AppData\Roaming\.minecraft\runtime\jre-legacy\windows\jre-legacy\bin\server\jvm.dll
0x00007ffdd45e0000 - 0x00007ffdd45e8000 	C:\WINDOWS\System32\PSAPI.DLL
0x00007ffdcb000000 - 0x00007ffdcb00b000 	C:\WINDOWS\SYSTEM32\VERSION.dll
0x00007ffdc3a00000 - 0x00007ffdc3a36000 	C:\WINDOWS\SYSTEM32\WINMM.dll
0x00007ffdcbdd0000 - 0x00007ffdcbdda000 	C:\WINDOWS\SYSTEM32\WSOCK32.dll
0x00007ffdd47a0000 - 0x00007ffdd4820000 	C:\WINDOWS\System32\WS2_32.dll
0x0000000054390000 - 0x000000005439f000 	C:\Users\nrk47\AppData\Roaming\.minecraft\runtime\jre-legacy\windows\jre-legacy\bin\verify.dll
0x0000000054360000 - 0x0000000054389000 	C:\Users\nrk47\AppData\Roaming\.minecraft\runtime\jre-legacy\windows\jre-legacy\bin\java.dll
0x0000000054340000 - 0x0000000054356000 	C:\Users\nrk47\AppData\Roaming\.minecraft\runtime\jre-legacy\windows\jre-legacy\bin\zip.dll
0x00007ffdd2fa0000 - 0x00007ffdd3732000 	C:\WINDOWS\System32\SHELL32.dll
0x00007ffdcfe40000 - 0x00007ffdd06d2000 	C:\WINDOWS\SYSTEM32\windows.storage.dll
0x00007ffdd4d80000 - 0x00007ffdd5103000 	C:\WINDOWS\System32\combase.dll
0x00007ffdd4c40000 - 0x00007ffdd4d37000 	C:\WINDOWS\System32\SHCORE.dll
0x00007ffdd4bd0000 - 0x00007ffdd4c37000 	C:\WINDOWS\System32\shlwapi.dll
0x00007ffdd22e0000 - 0x00007ffdd2309000 	C:\WINDOWS\SYSTEM32\profapi.dll
0x0000000054330000 - 0x000000005433d000 	C:\Users\nrk47\AppData\Roaming\.minecraft\runtime\jre-legacy\windows\jre-legacy\bin\management.dll
0x0000000054310000 - 0x000000005432a000 	C:\Users\nrk47\AppData\Roaming\.minecraft\runtime\jre-legacy\windows\jre-legacy\bin\net.dll
0x00007ffdd15f0000 - 0x00007ffdd165c000 	C:\WINDOWS\system32\mswsock.dll
0x00007ffda5ba0000 - 0x00007ffda5bb8000 	C:\WINDOWS\system32\napinsp.dll
0x00007ffdd0a50000 - 0x00007ffdd0ba6000 	C:\WINDOWS\SYSTEM32\DNSAPI.dll
0x00007ffdd13f0000 - 0x00007ffdd13fd000 	C:\WINDOWS\SYSTEM32\DSPARSE.dll
0x00007ffdd0a10000 - 0x00007ffdd0a43000 	C:\WINDOWS\SYSTEM32\IPHLPAPI.DLL
0x00007ffdd4d70000 - 0x00007ffdd4d7a000 	C:\WINDOWS\System32\NSI.dll
0x00007ffda5bc0000 - 0x00007ffda5bd3000 	C:\WINDOWS\System32\winrnr.dll
0x00007ffda5b70000 - 0x00007ffda5b92000 	C:\WINDOWS\system32\nlansp_c.dll
0x00007ffda6ba0000 - 0x00007ffda6bb6000 	C:\WINDOWS\system32\wshbth.dll
0x00007ffdbcf80000 - 0x00007ffdbd006000 	C:\WINDOWS\System32\fwpuclnt.dll
0x00007ffdb6fd0000 - 0x00007ffdb6fdb000 	C:\Windows\System32\rasadhlp.dll
0x00000000542f0000 - 0x0000000054301000 	C:\Users\nrk47\AppData\Roaming\.minecraft\runtime\jre-legacy\windows\jre-legacy\bin\nio.dll
0x0000000052630000 - 0x0000000052654000 	C:\Users\nrk47\AppData\Roaming\.minecraft\runtime\jre-legacy\windows\jre-legacy\bin\sunec.dll
0x00007ffdd1a20000 - 0x00007ffdd1a3b000 	C:\WINDOWS\SYSTEM32\CRYPTSP.dll
0x00007ffdd0fc0000 - 0x00007ffdd0ff9000 	C:\WINDOWS\system32\rsaenh.dll
0x00007ffdd16b0000 - 0x00007ffdd16e2000 	C:\WINDOWS\SYSTEM32\USERENV.dll
0x00007ffdd22b0000 - 0x00007ffdd22da000 	C:\WINDOWS\SYSTEM32\bcrypt.dll
0x00007ffdd2ce0000 - 0x00007ffdd2d8c000 	C:\WINDOWS\System32\bcryptprimitives.dll
0x00007ffdd1860000 - 0x00007ffdd186c000 	C:\WINDOWS\SYSTEM32\CRYPTBASE.dll
0x00007ffdcd290000 - 0x00007ffdcd302000 	C:\Users\nrk47\AppData\Roaming\.minecraft\versions\CrimsonCraft\natives\lwjgl.dll
0x00007ffd91510000 - 0x00007ffd91761000 	C:\Users\nrk47\AppData\Roaming\.minecraft\versions\CrimsonCraft\natives\jemalloc.dll
0x00007ffdcb680000 - 0x00007ffdcb6de000 	C:\Users\nrk47\AppData\Roaming\.minecraft\versions\CrimsonCraft\natives\glfw.dll
0x00007ffdcf4d0000 - 0x00007ffdcf579000 	C:\WINDOWS\system32\uxtheme.dll
0x00007ffd021a0000 - 0x00007ffd021eb000 	C:\WINDOWS\SYSTEM32\dinput8.dll
0x00007ffd13460000 - 0x00007ffd1347b000 	C:\WINDOWS\SYSTEM32\xinput1_4.dll
0x00007ffdd1ee0000 - 0x00007ffdd1f31000 	C:\WINDOWS\SYSTEM32\cfgmgr32.dll
0x00007ffdd1f40000 - 0x00007ffdd1f6f000 	C:\WINDOWS\SYSTEM32\DEVOBJ.dll
0x00007ffdcf770000 - 0x00007ffdcf79f000 	C:\WINDOWS\SYSTEM32\dwmapi.dll
0x00007ffd9c8d0000 - 0x00007ffd9cab4000 	C:\WINDOWS\SYSTEM32\inputhost.dll
0x00007ffdcee90000 - 0x00007ffdcefb5000 	C:\WINDOWS\SYSTEM32\CoreMessaging.dll
0x00007ffdd3fb0000 - 0x00007ffdd410d000 	C:\WINDOWS\System32\MSCTF.dll
0x00007ffdd1060000 - 0x00007ffdd107b000 	C:\WINDOWS\SYSTEM32\kernel.appcore.dll
0x00007ffdd06e0000 - 0x00007ffdd06ef000 	C:\WINDOWS\SYSTEM32\HID.DLL
0x00007ffdd3b20000 - 0x00007ffdd3fa7000 	C:\WINDOWS\System32\SETUPAPI.DLL
0x00007ffdd2c20000 - 0x00007ffdd2ca3000 	C:\WINDOWS\System32\WINTRUST.dll
0x00007ffdd2530000 - 0x00007ffdd26a8000 	C:\WINDOWS\System32\CRYPT32.dll
0x00007ffdd1a90000 - 0x00007ffdd1aa3000 	C:\WINDOWS\SYSTEM32\MSASN1.dll
0x00007ffd26d80000 - 0x00007ffd26e8c000 	C:\WINDOWS\SYSTEM32\opengl32.dll
0x00007ffdba180000 - 0x00007ffdba1ad000 	C:\WINDOWS\SYSTEM32\GLU32.dll
0x00007ffdcf5b0000 - 0x00007ffdcf5f6000 	C:\WINDOWS\SYSTEM32\dxcore.dll
0x00007ffdb2580000 - 0x00007ffdb259a000 	C:\WINDOWS\SYSTEM32\windows.staterepositorycore.dll
0x00007ffcf5a60000 - 0x00007ffcf8385000 	C:\WINDOWS\System32\DriverStore\FileRepository\nv_dispig.inf_amd64_f4c7a2fd13e0f763\nvoglv64.dll
0x00007ffdd4120000 - 0x00007ffdd42b9000 	C:\WINDOWS\System32\ole32.dll
0x00007ffdd45f0000 - 0x00007ffdd46c9000 	C:\WINDOWS\System32\OLEAUT32.dll
0x00007ffdcf350000 - 0x00007ffdcf379000 	C:\WINDOWS\SYSTEM32\WTSAPI32.dll
0x00007ffdd1310000 - 0x00007ffdd1359000 	C:\WINDOWS\SYSTEM32\SspiCli.dll
0x00007ffdcaf90000 - 0x00007ffdcafcb000 	C:\WINDOWS\SYSTEM32\cryptnet.dll
0x00007ffdd1920000 - 0x00007ffdd198a000 	C:\WINDOWS\SYSTEM32\wldp.dll
0x00007ffdcae10000 - 0x00007ffdcaf89000 	C:\WINDOWS\SYSTEM32\drvstore.dll
0x00007ffdd1190000 - 0x00007ffdd11c6000 	C:\WINDOWS\SYSTEM32\ntmarta.dll
0x00007ffdd3940000 - 0x00007ffdd3960000 	C:\WINDOWS\System32\imagehlp.dll
0x00007ffdc5f50000 - 0x00007ffdcac4f000 	C:\WINDOWS\System32\DriverStore\FileRepository\nv_dispig.inf_amd64_f4c7a2fd13e0f763\nvgpucomp64.dll
0x00007ffd120c0000 - 0x00007ffd12207000 	C:\WINDOWS\system32\nvspcap64.dll
0x00007ffdd2220000 - 0x00007ffdd227e000 	C:\WINDOWS\SYSTEM32\powrprof.dll
0x00007ffdd2200000 - 0x00007ffdd2214000 	C:\WINDOWS\SYSTEM32\UMPDC.dll
0x00007ffdd1fb0000 - 0x00007ffdd2011000 	C:\WINDOWS\SYSTEM32\WINSTA.dll
0x00007ffdba090000 - 0x00007ffdba10f000 	C:\Users\nrk47\AppData\Roaming\.minecraft\versions\CrimsonCraft\natives\lwjgl_stb.dll
0x00007ffdae4e0000 - 0x00007ffdae59f000 	C:\WINDOWS\SYSTEM32\mscms.dll
0x00007ffdcb630000 - 0x00007ffdcb679000 	C:\WINDOWS\SYSTEM32\icm32.dll
0x00007ffdae1e0000 - 0x00007ffdae327000 	C:\WINDOWS\SYSTEM32\textinputframework.dll
0x00007ffdcb320000 - 0x00007ffdcb604000 	C:\WINDOWS\SYSTEM32\CoreUIComponents.dll
0x00007ffdcbe50000 - 0x00007ffdcbfba000 	C:\WINDOWS\SYSTEM32\wintypes.dll
0x00007ffdba030000 - 0x00007ffdba088000 	C:\Users\nrk47\AppData\Roaming\.minecraft\versions\CrimsonCraft\natives\lwjgl_opengl.dll
0x00007ffd53420000 - 0x00007ffd53550000 	C:\Program Files\TikTok LIVE Studio\1.33.7\resources\app\electron\sdk\lib\MediaSDK_V2\plugins\game_detour_64.dll
0x00007ffdcdf70000 - 0x00007ffdce1d0000 	C:\WINDOWS\system32\d3d11.dll
0x00007ffdcf600000 - 0x00007ffdcf73e000 	C:\WINDOWS\SYSTEM32\dxgi.dll
0x00007ffdcbfc0000 - 0x00007ffdcc01f000 	C:\WINDOWS\SYSTEM32\directxdatabasehelper.dll
0x00007ffd11f00000 - 0x00007ffd120b7000 	C:\WINDOWS\System32\DriverStore\FileRepository\nv_dispig.inf_amd64_f4c7a2fd13e0f763\nvppex.dll
0x00007ffdcb010000 - 0x00007ffdcb0d4000 	C:\WINDOWS\System32\DriverStore\FileRepository\nv_dispig.inf_amd64_f4c7a2fd13e0f763\nvldumdx.dll
0x00007ffdc3a40000 - 0x00007ffdc3b70000 	C:\WINDOWS\System32\DriverStore\FileRepository\nv_dispig.inf_amd64_f4c7a2fd13e0f763\NvMemMapStoragex.dll
0x00007ffdbd970000 - 0x00007ffdc2a5e000 	C:\WINDOWS\System32\DriverStore\FileRepository\nv_dispig.inf_amd64_f4c7a2fd13e0f763\nvwgf2umx.dll
0x00007ffdbc2e0000 - 0x00007ffdbc875000 	C:\WINDOWS\SYSTEM32\nvapi64.dll
0x00007ffdbcd30000 - 0x00007ffdbcf72000 	C:\WINDOWS\SYSTEM32\dbghelp.dll

VM Arguments:
jvm_args: -Dos.name=Windows 10 -Dos.version=10.0 -Xmx10881M -XX:+UnlockExperimentalVMOptions -XX:+UseG1GC -XX:G1NewSizePercent=20 -XX:G1ReservePercent=20 -XX:MaxGCPauseMillis=50 -XX:G1HeapRegionSize=32M -Dfml.ignoreInvalidMinecraftCertificates=true -Dfml.ignorePatchDiscrepancies=true -Djava.net.preferIPv4Stack=true -XX:HeapDumpPath=MojangTricksIntelDriversForPerformance_javaw.exe_minecraft.exe.heapdump -Xss1M -Djava.library.path=C:\Users\nrk47\AppData\Roaming\.minecraft\versions\CrimsonCraft\natives -Dminecraft.launcher.brand=minecraft-launcher -Dminecraft.launcher.version=2.3.173 -XX:+IgnoreUnrecognizedVMOptions --add-exports=java.base/sun.security.util=ALL-UNNAMED --add-exports=jdk.naming.dns/com.sun.jndi.dns=java.naming --add-opens=java.base/java.util.jar=ALL-UNNAMED -Dminecraft.applet.TargetDirectory=C:\Users\nrk47\AppData\Roaming\.minecraft\versions\CrimsonCraft -DlibraryDirectory=C:\Users\nrk47\AppData\Roaming\.minecraft\libraries -Dcountry=RO -Dlog4j.configurationFile=C:\Users\nrk47\AppData\Roaming\.minecraft\assets\log_configs\client-1.12.xml -DLibLoader.modsFolder=C:\Users\nrk47\AppData\Roaming\.minecraft\versions\CrimsonCraft\mods 
java_command: cpw.mods.modlauncher.Launcher --username SZN_Nero --version CrimsonCraft --gameDir C:\Users\nrk47\AppData\Roaming\.minecraft\versions\CrimsonCraft --assetsDir C:\Users\nrk47\AppData\Roaming\.minecraft\assets --assetIndex 1.16 --uuid 123eddbd-cdd4-11ef-af44-9c6b00470e68 --accessToken null --userType mojang --versionType modified --width 925 --height 530 --launchTarget fmlclient --fml.forgeVersion 36.2.42 --fml.mcVersion 1.16.5 --fml.forgeGroup net.minecraftforge --fml.mcpVersion 20210115.111550
java_class_path (initial): C:\Users\nrk47\AppData\Roaming\.minecraft\libraries\net\minecraftforge\forge\1.16.5-36.2.42\forge-1.16.5-36.2.42.jar;C:\Users\nrk47\AppData\Roaming\.minecraft\libraries\org\ow2\asm\asm\9.6\asm-9.6.jar;C:\Users\nrk47\AppData\Roaming\.minecraft\libraries\org\ow2\asm\asm-commons\9.6\asm-commons-9.6.jar;C:\Users\nrk47\AppData\Roaming\.minecraft\libraries\org\ow2\asm\asm-tree\9.6\asm-tree-9.6.jar;C:\Users\nrk47\AppData\Roaming\.minecraft\libraries\org\ow2\asm\asm-util\9.6\asm-util-9.6.jar;C:\Users\nrk47\AppData\Roaming\.minecraft\libraries\org\ow2\asm\asm-analysis\9.6\asm-analysis-9.6.jar;C:\Users\nrk47\AppData\Roaming\.minecraft\libraries\cpw\mods\modlauncher\8.1.3\modlauncher-8.1.3.jar;C:\Users\nrk47\AppData\Roaming\.minecraft\libraries\cpw\mods\grossjava9hacks\1.3.3\grossjava9hacks-1.3.3.jar;C:\Users\nrk47\AppData\Roaming\.minecraft\libraries\net\minecraftforge\accesstransformers\3.0.1\accesstransformers-3.0.1.jar;C:\Users\nrk47\AppData\Roaming\.minecraft\libraries\org\antlr\antlr4-runtime\4.9.1\antlr4-runtime-4.9.1.jar;C:\Users\nrk47\AppData\Roaming\.minecraft\libraries\net\minecraftforge\eventbus\4.0.0\eventbus-4.0.0.jar;C:\Users\nrk47\AppData\Roaming\.minecraft\libraries\net\minecraftforge\forgespi\3.2.0\forgespi-3.2.0.jar;C:\Users\nrk47\AppData\Roaming\.minecraft\libraries\net\minecraftforge\coremods\4.0.6\coremods-4.0.6.jar;C:\Users\nrk47\AppData\Roaming\.minecraft\libraries\net\minecraftforge\unsafe\0.2.0\unsafe-0.2.0.jar;C:\Users\nrk47\AppData\Roaming\.minecraft\libraries\com\electronwill\night-config\core\3.6.3\core-3.6.3.jar;C:\Users\nrk47\AppData\Roaming\.minecraft\libraries\com\electronwill\night-config\toml\3.6.3\toml-3.6.3.jar;C:\Users\nrk47\AppData\Roaming\.minecraft\libraries\org\jline\jline\3.12.1\jline-3.12.1.jar;C:\Users\nrk47\AppData\Roaming\.minecraft\libraries\org\apache\maven\maven-artifact\3.6.3\maven-artifact-3.6.3.jar;C:\Users\nrk47\AppData\Roaming\.minecraft\libraries\net\jodah\typetools\0.8.3\typetools-0.8.3.jar;
Launcher Type: SUN_STANDARD

Environment Variables:
PATH=C:\Program Files\Eclipse Foundation\jdk-16.0.2.7-hotspot\bin;C:\Program Files\Common Files\Oracle\Java\javapath;C:\Program Files (x86)\Common Files\Oracle\Java\java8path;C:\Program Files (x86)\Common Files\Oracle\Java\javapath;C:\Program Files\ImageMagick-7.1.2-Q16-HDRI;C:\Program Files (x86)\Razer Chroma SDK\bin;C:\Program Files\Razer Chroma SDK\bin;C:\WINDOWS\system32;C:\WINDOWS;C:\WINDOWS\System32\Wbem;C:\WINDOWS\System32\WindowsPowerShell\v1.0\;C:\WINDOWS\System32\OpenSSH\;C:\WINDOWS\system32\config\systemprofile\AppData\Local\Microsoft\WindowsApps;C:\Program Files (x86)\Razer\ChromaBroadcast\bin;C:\Program Files\Razer\ChromaBroadcast\bin;C:\Users\nrk47\AppData\Local\Microsoft\WindowsApps;;C:\Program Files (x86)\NVIDIA Corporation\PhysX\Common;C:\Program Files\playit_gg\bin\;C:\Program Files\dotnet\;C:\Program Files\Cloudflare\Cloudflare WARP\;C:\Program Files\NVIDIA Corporation\NVIDIA App\NvDLISR;C:\Users\nrk47\AppData\Local\Microsoft\WindowsApps;C:\Users\nrk47\AppData\Local\Programs\Microsoft VS Code\bin;C:\Users\nrk47\AppData\Local\Python\bin;C:\Users\nrk47\.dotnet\tools;C:\Users\nrk47\AppData\Local\spicetify;C:\Users\nrk47\AppData\Local\Kingsoft\WPS Office\12.1.0.27458\clitool;C:\Program Files\Eclipse Foundation\jdk-16.0.2.7-hotspot\bin
USERNAME=nrk47
OS=Windows_NT
PROCESSOR_IDENTIFIER=Intel64 Family 6 Model 158 Stepping 10, GenuineIntel



---------------  S Y S T E M  ---------------

OS: Windows 10.0 , 64 bit Build 26100 (10.0.26100.8875)

CPU:total 6 (6 cores per cpu, 1 threads per core) family 6 model 158 stepping 10, cmov, cx8, fxsr, mmx, sse, sse2, sse3, ssse3, sse4.1, sse4.2, popcnt, avx, avx2, aes, clmul, erms, 3dnowpref, lzcnt, tsc, tscinvbit, bmi1, bmi2, adx

Memory: 4k page, physical 16713748k(1511588k free), swap 25102356k(54996k free)

vm_info: Java HotSpot(TM) 64-Bit Server VM (25.51-b03) for windows-amd64 JRE (1.8.0_51-b16), built on Jun  8 2015 18:03:07 by "java_re" with MS VC++ 10.0 (VS2010)

time: Wed Aug 12 11:47:16 2026
elapsed time: 23 seconds (0d 0h 0m 23s)

