#
# There is insufficient memory for the Java Runtime Environment to continue.
# Native memory allocation (mmap) failed to map 1409286144 bytes for Failed to commit pages from 1089536 of length 344064
# Possible reasons:
#   The system is out of physical RAM or swap space
#   In 32 bit mode, the process size limit was hit
# Possible solutions:
#   Reduce memory load on the system
#   Increase physical memory or swap space
#   Check if swap backing store is full
#   Use 64 bit Java on a 64 bit OS
#   Decrease Java heap size (-Xmx/-Xms)
#   Decrease number of Java threads
#   Decrease Java thread stack sizes (-Xss)
#   Set larger code cache with -XX:ReservedCodeCacheSize=
# This output file may be truncated or incomplete.
#
#  Out of Memory Error (os_windows.cpp:3324), pid=15972, tid=23804
#
# JRE version: Java(TM) SE Runtime Environment (8.0_51-b16) (build 1.8.0_51-b16)
# Java VM: Java HotSpot(TM) 64-Bit Server VM (25.51-b03 mixed mode windows-amd64 compressed oops)
# Failed to write core dump. Minidumps are not enabled by default on client versions of Windows
#

---------------  T H R E A D  ---------------

Current thread (0x00000000310e8000):  VMThread [stack: 0x00000000311b0000,0x00000000312b0000] [id=23804]

Stack: [0x00000000311b0000,0x00000000312b0000]
[error occurred during error reporting (printing stack bounds), id 0xc0000005]

Native frames: (J=compiled Java code, j=interpreted, Vv=VM code, C=native code)
V  [jvm.dll+0x32b4ca]
V  [jvm.dll+0x2797e3]
V  [jvm.dll+0x27a479]
V  [jvm.dll+0x293446]
V  [jvm.dll+0x297d3c]
V  [jvm.dll+0x5ca9cf]
C  [msvcr100.dll+0x712e3]
V  [jvm.dll+0x5ca0cd]
C  [ntdll.dll+0x16479f]
C  [ntdll.dll+0x45e97]
C  [ntdll.dll+0x1640de]
V  [jvm.dll+0x21bbc1]

VM_Operation (0x0000000045af9360): G1IncCollectionPause, mode: safepoint, requested by thread 0x0000000043062800


---------------  P R O C E S S  ---------------

Java Threads: ( => current thread )
  0x000000004308d800 JavaThread "Worker-Bootstrap-5" daemon [_thread_blocked, id=24720, stack(0x0000000045c00000,0x0000000045d00000)]
  0x0000000041813000 JavaThread "Worker-Bootstrap-4" daemon [_thread_blocked, id=22256, stack(0x0000000045b00000,0x0000000045c00000)]
  0x0000000043062800 JavaThread "Worker-Bootstrap-3" daemon [_thread_blocked, id=22248, stack(0x0000000045a00000,0x0000000045b00000)]
  0x00000000433e6000 JavaThread "Worker-Bootstrap-2" daemon [_thread_blocked, id=18760, stack(0x0000000042c10000,0x0000000042d10000)]
  0x000000003e03e800 JavaThread "Worker-Bootstrap-1" daemon [_thread_blocked, id=23892, stack(0x00000000412d0000,0x00000000413d0000)]
  0x000000003e22d800 JavaThread "pool-3-thread-1" [_thread_blocked, id=23208, stack(0x000000003f830000,0x000000003f930000)]
  0x000000003e03c800 JavaThread "pool-2-thread-1" daemon [_thread_blocked, id=24436, stack(0x000000003f400000,0x000000003f500000)]
  0x0000000033123800 JavaThread "Thread-3" daemon [_thread_blocked, id=24812, stack(0x000000003c770000,0x000000003c870000)]
  0x0000000032e83800 JavaThread "Thread-2" daemon [_thread_in_native, id=23904, stack(0x00000000346c0000,0x00000000347c0000)]
  0x000000003357e000 JavaThread "Thread-1" daemon [_thread_blocked, id=24448, stack(0x00000000345c0000,0x00000000346c0000)]
  0x0000000031b00000 JavaThread "Service Thread" daemon [_thread_blocked, id=22240, stack(0x0000000031eb0000,0x0000000031fb0000)]
  0x000000003118c000 JavaThread "C1 CompilerThread2" daemon [_thread_blocked, id=8952, stack(0x00000000319b0000,0x0000000031ab0000)]
  0x0000000031184000 JavaThread "C2 CompilerThread1" daemon [_thread_blocked, id=14372, stack(0x00000000318b0000,0x00000000319b0000)]
  0x0000000031181000 JavaThread "C2 CompilerThread0" daemon [_thread_blocked, id=1028, stack(0x00000000317b0000,0x00000000318b0000)]
  0x000000003117f000 JavaThread "Attach Listener" daemon [_thread_blocked, id=23216, stack(0x00000000316b0000,0x00000000317b0000)]
  0x0000000031136800 JavaThread "Signal Dispatcher" daemon [_thread_blocked, id=23524, stack(0x00000000315b0000,0x00000000316b0000)]
  0x0000000031135800 JavaThread "Surrogate Locker Thread (Concurrent GC)" daemon [_thread_blocked, id=25292, stack(0x00000000314b0000,0x00000000315b0000)]
  0x0000000031123800 JavaThread "Finalizer" daemon [_thread_blocked, id=1596, stack(0x00000000313b0000,0x00000000314b0000)]
  0x000000003111b000 JavaThread "Reference Handler" daemon [_thread_blocked, id=18140, stack(0x00000000312b0000,0x00000000313b0000)]
  0x0000000002e44800 JavaThread "main" [_thread_blocked, id=22612, stack(0x0000000002d40000,0x0000000002e40000)]

Other Threads:
=>0x00000000310e8000 VMThread [stack: 0x00000000311b0000,0x00000000312b0000] [id=23804]
  0x0000000031b0b000 WatcherThread [stack: 0x0000000031fb0000,0x00000000320b0000] [id=25520]

VM state:at safepoint (normal execution)

VM Mutex/Monitor currently owned by a thread:  ([mutex/lock_event])
[0x0000000002e41f60] Threads_lock - owner thread: 0x00000000310e8000
[0x0000000002e43960] Heap_lock - owner thread: 0x0000000043062800

Heap:
 garbage-first heap   total 5734400K, used 284943K [0x0000000516000000, 0x0000000518000578, 0x00000007c0000000)
  region size 32768K, 3 young (98304K), 3 survivors (98304K)
 Metaspace       used 61232K, capacity 67504K, committed 67792K, reserved 1107968K
  class space    used 8596K, capacity 10187K, committed 10240K, reserved 1048576K

Heap Regions: (Y=young(eden), SU=young(survivor), HS=humongous(starts), HC=humongous(continues), CS=collection set, F=free, TS=gc time stamp, PTAMS=previous top-at-mark-start, NTAMS=next top-at-mark-start)
AC   0  O    TS     1 PTAMS 0x00000005163c8400 NTAMS 0x00000005163c8400 space 32768K, 100% used [0x0000000516000000, 0x0000000518000000)
AC   0  O    TS     0 PTAMS 0x000000051a000000 NTAMS 0x000000051a000000 space 32768K, 100% used [0x0000000518000000, 0x000000051a000000)
AC   0  O    TS     0 PTAMS 0x000000051c000000 NTAMS 0x000000051c000000 space 32768K, 100% used [0x000000051a000000, 0x000000051c000000)
AC   0  O    TS     0 PTAMS 0x000000051e000000 NTAMS 0x000000051e000000 space 32768K, 100% used [0x000000051c000000, 0x000000051e000000)
AC   0  O    TS     7 PTAMS 0x000000051e000000 NTAMS 0x000000051e000000 space 32768K,  54% used [0x000000051e000000, 0x0000000520000000)
AC   0  F    TS     0 PTAMS 0x0000000520000000 NTAMS 0x0000000520000000 space 32768K,   0% used [0x0000000520000000, 0x0000000522000000)
AC   0  F    TS     0 PTAMS 0x0000000522000000 NTAMS 0x0000000522000000 space 32768K,   0% used [0x0000000522000000, 0x0000000524000000)
AC   0  F    TS     0 PTAMS 0x0000000524000000 NTAMS 0x0000000524000000 space 32768K,   0% used [0x0000000524000000, 0x0000000526000000)
AC   0  O    TS     0 PTAMS 0x0000000528000000 NTAMS 0x0000000528000000 space 32768K, 100% used [0x0000000526000000, 0x0000000528000000)
AC   0  O    TS     0 PTAMS 0x000000052a000000 NTAMS 0x000000052a000000 space 32768K, 100% used [0x0000000528000000, 0x000000052a000000)
AC   0  F    TS     0 PTAMS 0x000000052a000000 NTAMS 0x000000052a000000 space 32768K,   0% used [0x000000052a000000, 0x000000052c000000)
AC   0  F    TS     0 PTAMS 0x000000052c000000 NTAMS 0x000000052c000000 space 32768K,   0% used [0x000000052c000000, 0x000000052e000000)
AC   0  F    TS     1 PTAMS 0x000000052e000000 NTAMS 0x000000052e000000 space 32768K,   0% used [0x000000052e000000, 0x0000000530000000)
AC   0  F    TS     0 PTAMS 0x0000000530000000 NTAMS 0x0000000530000000 space 32768K,   0% used [0x0000000530000000, 0x0000000532000000)
AC   0  F    TS     0 PTAMS 0x0000000532000000 NTAMS 0x0000000532000000 space 32768K,   0% used [0x0000000532000000, 0x0000000534000000)
AC   0  F    TS     0 PTAMS 0x0000000534000000 NTAMS 0x0000000534000000 space 32768K,   0% used [0x0000000534000000, 0x0000000536000000)
AC   0  F    TS     0 PTAMS 0x0000000536000000 NTAMS 0x0000000536000000 space 32768K,   0% used [0x0000000536000000, 0x0000000538000000)
AC   0  F    TS     0 PTAMS 0x0000000538000000 NTAMS 0x0000000538000000 space 32768K,   0% used [0x0000000538000000, 0x000000053a000000)
AC   0  F    TS     0 PTAMS 0x000000053a000000 NTAMS 0x000000053a000000 space 32768K,   0% used [0x000000053a000000, 0x000000053c000000)
AC   0  F    TS     0 PTAMS 0x000000053c000000 NTAMS 0x000000053c000000 space 32768K,   0% used [0x000000053c000000, 0x000000053e000000)
AC   0  F    TS     1 PTAMS 0x000000053e000000 NTAMS 0x000000053e000000 space 32768K,   0% used [0x000000053e000000, 0x0000000540000000)
AC   0  F    TS     1 PTAMS 0x0000000540000000 NTAMS 0x0000000540000000 space 32768K,   0% used [0x0000000540000000, 0x0000000542000000)
AC   0  F    TS     1 PTAMS 0x0000000542000000 NTAMS 0x0000000542000000 space 32768K,   0% used [0x0000000542000000, 0x0000000544000000)
AC   0  F    TS     1 PTAMS 0x0000000544000000 NTAMS 0x0000000544000000 space 32768K,   0% used [0x0000000544000000, 0x0000000546000000)
AC   0  F    TS     1 PTAMS 0x0000000546000000 NTAMS 0x0000000546000000 space 32768K,   0% used [0x0000000546000000, 0x0000000548000000)
AC   0  F    TS     1 PTAMS 0x0000000548000000 NTAMS 0x0000000548000000 space 32768K,   0% used [0x0000000548000000, 0x000000054a000000)
AC   0  F    TS     1 PTAMS 0x000000054a000000 NTAMS 0x000000054a000000 space 32768K,   0% used [0x000000054a000000, 0x000000054c000000)
AC   0  F    TS     1 PTAMS 0x000000054c000000 NTAMS 0x000000054c000000 space 32768K,   0% used [0x000000054c000000, 0x000000054e000000)
AC   0  F    TS     3 PTAMS 0x000000054e000000 NTAMS 0x000000054e000000 space 32768K,   0% used [0x000000054e000000, 0x0000000550000000)
AC   0  F    TS     3 PTAMS 0x0000000550000000 NTAMS 0x0000000550000000 space 32768K,   0% used [0x0000000550000000, 0x0000000552000000)
AC   0  F    TS     1 PTAMS 0x0000000552000000 NTAMS 0x0000000552000000 space 32768K,   0% used [0x0000000552000000, 0x0000000554000000)
AC   0  F    TS     1 PTAMS 0x0000000554000000 NTAMS 0x0000000554000000 space 32768K,   0% used [0x0000000554000000, 0x0000000556000000)
AC   0  F    TS     1 PTAMS 0x0000000556000000 NTAMS 0x0000000556000000 space 32768K,   0% used [0x0000000556000000, 0x0000000558000000)
AC   0  F    TS     1 PTAMS 0x0000000558000000 NTAMS 0x0000000558000000 space 32768K,   0% used [0x0000000558000000, 0x000000055a000000)
AC   0  F    TS     1 PTAMS 0x000000055a000000 NTAMS 0x000000055a000000 space 32768K,   0% used [0x000000055a000000, 0x000000055c000000)
AC   0  F    TS     1 PTAMS 0x000000055c000000 NTAMS 0x000000055c000000 space 32768K,   0% used [0x000000055c000000, 0x000000055e000000)
AC   0  F    TS     1 PTAMS 0x000000055e000000 NTAMS 0x000000055e000000 space 32768K,   0% used [0x000000055e000000, 0x0000000560000000)
AC   0  F    TS     1 PTAMS 0x0000000560000000 NTAMS 0x0000000560000000 space 32768K,   0% used [0x0000000560000000, 0x0000000562000000)
AC   0  F    TS     1 PTAMS 0x0000000562000000 NTAMS 0x0000000562000000 space 32768K,   0% used [0x0000000562000000, 0x0000000564000000)
AC   0  F    TS     1 PTAMS 0x0000000564000000 NTAMS 0x0000000564000000 space 32768K,   0% used [0x0000000564000000, 0x0000000566000000)
AC   0  F    TS     3 PTAMS 0x0000000566000000 NTAMS 0x0000000566000000 space 32768K,   0% used [0x0000000566000000, 0x0000000568000000)
AC   0  F    TS     3 PTAMS 0x0000000568000000 NTAMS 0x0000000568000000 space 32768K,   0% used [0x0000000568000000, 0x000000056a000000)
AC   0  F    TS     3 PTAMS 0x000000056a000000 NTAMS 0x000000056a000000 space 32768K,   0% used [0x000000056a000000, 0x000000056c000000)
AC   0  F    TS     3 PTAMS 0x000000056c000000 NTAMS 0x000000056c000000 space 32768K,   0% used [0x000000056c000000, 0x000000056e000000)
AC   0  F    TS     3 PTAMS 0x000000056e000000 NTAMS 0x000000056e000000 space 32768K,   0% used [0x000000056e000000, 0x0000000570000000)
AC   0  F    TS     3 PTAMS 0x0000000570000000 NTAMS 0x0000000570000000 space 32768K,   0% used [0x0000000570000000, 0x0000000572000000)
AC   0  F    TS     3 PTAMS 0x0000000572000000 NTAMS 0x0000000572000000 space 32768K,   0% used [0x0000000572000000, 0x0000000574000000)
AC   0  F    TS     3 PTAMS 0x0000000574000000 NTAMS 0x0000000574000000 space 32768K,   0% used [0x0000000574000000, 0x0000000576000000)
AC   0  F    TS     3 PTAMS 0x0000000576000000 NTAMS 0x0000000576000000 space 32768K,   0% used [0x0000000576000000, 0x0000000578000000)
AC   0  F    TS     3 PTAMS 0x0000000578000000 NTAMS 0x0000000578000000 space 32768K,   0% used [0x0000000578000000, 0x000000057a000000)
AC   0  F    TS     3 PTAMS 0x000000057a000000 NTAMS 0x000000057a000000 space 32768K,   0% used [0x000000057a000000, 0x000000057c000000)
AC   0  F    TS     3 PTAMS 0x000000057c000000 NTAMS 0x000000057c000000 space 32768K,   0% used [0x000000057c000000, 0x000000057e000000)
AC   0  F    TS     3 PTAMS 0x000000057e000000 NTAMS 0x000000057e000000 space 32768K,   0% used [0x000000057e000000, 0x0000000580000000)
AC   0  F    TS     3 PTAMS 0x0000000580000000 NTAMS 0x0000000580000000 space 32768K,   0% used [0x0000000580000000, 0x0000000582000000)
AC   0  F    TS     3 PTAMS 0x0000000582000000 NTAMS 0x0000000582000000 space 32768K,   0% used [0x0000000582000000, 0x0000000584000000)
AC   0  F    TS     3 PTAMS 0x0000000584000000 NTAMS 0x0000000584000000 space 32768K,   0% used [0x0000000584000000, 0x0000000586000000)
AC   0  F    TS     3 PTAMS 0x0000000586000000 NTAMS 0x0000000586000000 space 32768K,   0% used [0x0000000586000000, 0x0000000588000000)
AC   0  F    TS     3 PTAMS 0x0000000588000000 NTAMS 0x0000000588000000 space 32768K,   0% used [0x0000000588000000, 0x000000058a000000)
AC   0  F    TS     3 PTAMS 0x000000058a000000 NTAMS 0x000000058a000000 space 32768K,   0% used [0x000000058a000000, 0x000000058c000000)
AC   0  F    TS     3 PTAMS 0x000000058c000000 NTAMS 0x000000058c000000 space 32768K,   0% used [0x000000058c000000, 0x000000058e000000)
AC   0  F    TS     3 PTAMS 0x000000058e000000 NTAMS 0x000000058e000000 space 32768K,   0% used [0x000000058e000000, 0x0000000590000000)
AC   0  F    TS     3 PTAMS 0x0000000590000000 NTAMS 0x0000000590000000 space 32768K,   0% used [0x0000000590000000, 0x0000000592000000)
AC   0  F    TS     3 PTAMS 0x0000000592000000 NTAMS 0x0000000592000000 space 32768K,   0% used [0x0000000592000000, 0x0000000594000000)
AC   0  F    TS     3 PTAMS 0x0000000594000000 NTAMS 0x0000000594000000 space 32768K,   0% used [0x0000000594000000, 0x0000000596000000)
AC   0  F    TS     5 PTAMS 0x0000000596000000 NTAMS 0x0000000596000000 space 32768K,   0% used [0x0000000596000000, 0x0000000598000000)
AC   0  F    TS     5 PTAMS 0x0000000598000000 NTAMS 0x0000000598000000 space 32768K,   0% used [0x0000000598000000, 0x000000059a000000)
AC   0  F    TS     3 PTAMS 0x000000059a000000 NTAMS 0x000000059a000000 space 32768K,   0% used [0x000000059a000000, 0x000000059c000000)
AC   0  F    TS     3 PTAMS 0x000000059c000000 NTAMS 0x000000059c000000 space 32768K,   0% used [0x000000059c000000, 0x000000059e000000)
AC   0  F    TS     3 PTAMS 0x000000059e000000 NTAMS 0x000000059e000000 space 32768K,   0% used [0x000000059e000000, 0x00000005a0000000)
AC   0  F    TS     3 PTAMS 0x00000005a0000000 NTAMS 0x00000005a0000000 space 32768K,   0% used [0x00000005a0000000, 0x00000005a2000000)
AC   0  F    TS     3 PTAMS 0x00000005a2000000 NTAMS 0x00000005a2000000 space 32768K,   0% used [0x00000005a2000000, 0x00000005a4000000)
AC   0  F    TS     3 PTAMS 0x00000005a4000000 NTAMS 0x00000005a4000000 space 32768K,   0% used [0x00000005a4000000, 0x00000005a6000000)
AC   0  F    TS     3 PTAMS 0x00000005a6000000 NTAMS 0x00000005a6000000 space 32768K,   0% used [0x00000005a6000000, 0x00000005a8000000)
AC   0  F    TS     3 PTAMS 0x00000005a8000000 NTAMS 0x00000005a8000000 space 32768K,   0% used [0x00000005a8000000, 0x00000005aa000000)
AC   0  F    TS     3 PTAMS 0x00000005aa000000 NTAMS 0x00000005aa000000 space 32768K,   0% used [0x00000005aa000000, 0x00000005ac000000)
AC   0  F    TS     3 PTAMS 0x00000005ac000000 NTAMS 0x00000005ac000000 space 32768K,   0% used [0x00000005ac000000, 0x00000005ae000000)
AC   0  F    TS     3 PTAMS 0x00000005ae000000 NTAMS 0x00000005ae000000 space 32768K,   0% used [0x00000005ae000000, 0x00000005b0000000)
AC   0  F    TS     3 PTAMS 0x00000005b0000000 NTAMS 0x00000005b0000000 space 32768K,   0% used [0x00000005b0000000, 0x00000005b2000000)
AC   0  F    TS     3 PTAMS 0x00000005b2000000 NTAMS 0x00000005b2000000 space 32768K,   0% used [0x00000005b2000000, 0x00000005b4000000)
AC   0  F    TS     3 PTAMS 0x00000005b4000000 NTAMS 0x00000005b4000000 space 32768K,   0% used [0x00000005b4000000, 0x00000005b6000000)
AC   0  F    TS     5 PTAMS 0x00000005b6000000 NTAMS 0x00000005b6000000 space 32768K,   0% used [0x00000005b6000000, 0x00000005b8000000)
AC   0  F    TS     5 PTAMS 0x00000005b8000000 NTAMS 0x00000005b8000000 space 32768K,   0% used [0x00000005b8000000, 0x00000005ba000000)
AC   0  F    TS     5 PTAMS 0x00000005ba000000 NTAMS 0x00000005ba000000 space 32768K,   0% used [0x00000005ba000000, 0x00000005bc000000)
AC   0  F    TS     5 PTAMS 0x00000005bc000000 NTAMS 0x00000005bc000000 space 32768K,   0% used [0x00000005bc000000, 0x00000005be000000)
AC   0  F    TS     5 PTAMS 0x00000005be000000 NTAMS 0x00000005be000000 space 32768K,   0% used [0x00000005be000000, 0x00000005c0000000)
AC   0  F    TS     5 PTAMS 0x00000005c0000000 NTAMS 0x00000005c0000000 space 32768K,   0% used [0x00000005c0000000, 0x00000005c2000000)
AC   0  F    TS     5 PTAMS 0x00000005c2000000 NTAMS 0x00000005c2000000 space 32768K,   0% used [0x00000005c2000000, 0x00000005c4000000)
AC   0  F    TS     5 PTAMS 0x00000005c4000000 NTAMS 0x00000005c4000000 space 32768K,   0% used [0x00000005c4000000, 0x00000005c6000000)
AC   0  F    TS     5 PTAMS 0x00000005c6000000 NTAMS 0x00000005c6000000 space 32768K,   0% used [0x00000005c6000000, 0x00000005c8000000)
AC   0  F    TS     5 PTAMS 0x00000005c8000000 NTAMS 0x00000005c8000000 space 32768K,   0% used [0x00000005c8000000, 0x00000005ca000000)
AC   0  F    TS     5 PTAMS 0x00000005ca000000 NTAMS 0x00000005ca000000 space 32768K,   0% used [0x00000005ca000000, 0x00000005cc000000)
AC   0  F    TS     5 PTAMS 0x00000005cc000000 NTAMS 0x00000005cc000000 space 32768K,   0% used [0x00000005cc000000, 0x00000005ce000000)
AC   0  F    TS     5 PTAMS 0x00000005ce000000 NTAMS 0x00000005ce000000 space 32768K,   0% used [0x00000005ce000000, 0x00000005d0000000)
AC   0  F    TS     5 PTAMS 0x00000005d0000000 NTAMS 0x00000005d0000000 space 32768K,   0% used [0x00000005d0000000, 0x00000005d2000000)
AC   0  F    TS     5 PTAMS 0x00000005d2000000 NTAMS 0x00000005d2000000 space 32768K,   0% used [0x00000005d2000000, 0x00000005d4000000)
AC   0  F    TS     5 PTAMS 0x00000005d4000000 NTAMS 0x00000005d4000000 space 32768K,   0% used [0x00000005d4000000, 0x00000005d6000000)
AC   0  F    TS     5 PTAMS 0x00000005d6000000 NTAMS 0x00000005d6000000 space 32768K,   0% used [0x00000005d6000000, 0x00000005d8000000)
AC   0  F    TS     5 PTAMS 0x00000005d8000000 NTAMS 0x00000005d8000000 space 32768K,   0% used [0x00000005d8000000, 0x00000005da000000)
AC   0  F    TS     5 PTAMS 0x00000005da000000 NTAMS 0x00000005da000000 space 32768K,   0% used [0x00000005da000000, 0x00000005dc000000)
AC   0  F    TS     5 PTAMS 0x00000005dc000000 NTAMS 0x00000005dc000000 space 32768K,   0% used [0x00000005dc000000, 0x00000005de000000)
AC   0  F    TS     5 PTAMS 0x00000005de000000 NTAMS 0x00000005de000000 space 32768K,   0% used [0x00000005de000000, 0x00000005e0000000)
AC   0  F    TS     5 PTAMS 0x00000005e0000000 NTAMS 0x00000005e0000000 space 32768K,   0% used [0x00000005e0000000, 0x00000005e2000000)
AC   0  F    TS     5 PTAMS 0x00000005e2000000 NTAMS 0x00000005e2000000 space 32768K,   0% used [0x00000005e2000000, 0x00000005e4000000)
AC   0  F    TS     5 PTAMS 0x00000005e4000000 NTAMS 0x00000005e4000000 space 32768K,   0% used [0x00000005e4000000, 0x00000005e6000000)
AC   0  F    TS     5 PTAMS 0x00000005e6000000 NTAMS 0x00000005e6000000 space 32768K,   0% used [0x00000005e6000000, 0x00000005e8000000)
AC   0  F    TS     5 PTAMS 0x00000005e8000000 NTAMS 0x00000005e8000000 space 32768K,   0% used [0x00000005e8000000, 0x00000005ea000000)
AC   0  S CS TS     7 PTAMS 0x00000005ea000000 NTAMS 0x00000005ea000000 space 32768K,  15% used [0x00000005ea000000, 0x00000005ec000000)
AC   0  S CS TS     7 PTAMS 0x00000005ec000000 NTAMS 0x00000005ec000000 space 32768K, 100% used [0x00000005ec000000, 0x00000005ee000000)
AC   0  S CS TS     7 PTAMS 0x00000005ee000000 NTAMS 0x00000005ee000000 space 32768K, 100% used [0x00000005ee000000, 0x00000005f0000000)
AC   0  F    TS     5 PTAMS 0x00000005f0000000 NTAMS 0x00000005f0000000 space 32768K,   0% used [0x00000005f0000000, 0x00000005f2000000)
AC   0  F    TS     5 PTAMS 0x00000005f2000000 NTAMS 0x00000005f2000000 space 32768K,   0% used [0x00000005f2000000, 0x00000005f4000000)
AC   0  F    TS     5 PTAMS 0x00000005f4000000 NTAMS 0x00000005f4000000 space 32768K,   0% used [0x00000005f4000000, 0x00000005f6000000)
AC   0  F    TS     5 PTAMS 0x00000005f6000000 NTAMS 0x00000005f6000000 space 32768K,   0% used [0x00000005f6000000, 0x00000005f8000000)
AC   0  F    TS     5 PTAMS 0x00000005f8000000 NTAMS 0x00000005f8000000 space 32768K,   0% used [0x00000005f8000000, 0x00000005fa000000)
AC   0  F    TS     5 PTAMS 0x00000005fa000000 NTAMS 0x00000005fa000000 space 32768K,   0% used [0x00000005fa000000, 0x00000005fc000000)
AC   0  F    TS     5 PTAMS 0x00000005fc000000 NTAMS 0x00000005fc000000 space 32768K,   0% used [0x00000005fc000000, 0x00000005fe000000)
AC   0  F    TS     5 PTAMS 0x00000005fe000000 NTAMS 0x00000005fe000000 space 32768K,   0% used [0x00000005fe000000, 0x0000000600000000)
AC   0  F    TS     5 PTAMS 0x0000000600000000 NTAMS 0x0000000600000000 space 32768K,   0% used [0x0000000600000000, 0x0000000602000000)
AC   0  F    TS     5 PTAMS 0x0000000602000000 NTAMS 0x0000000602000000 space 32768K,   0% used [0x0000000602000000, 0x0000000604000000)
AC   0  F    TS     5 PTAMS 0x0000000604000000 NTAMS 0x0000000604000000 space 32768K,   0% used [0x0000000604000000, 0x0000000606000000)
AC   0  F    TS     5 PTAMS 0x0000000606000000 NTAMS 0x0000000606000000 space 32768K,   0% used [0x0000000606000000, 0x0000000608000000)
AC   0  F    TS     5 PTAMS 0x0000000608000000 NTAMS 0x0000000608000000 space 32768K,   0% used [0x0000000608000000, 0x000000060a000000)
AC   0  F    TS     5 PTAMS 0x000000060a000000 NTAMS 0x000000060a000000 space 32768K,   0% used [0x000000060a000000, 0x000000060c000000)
AC   0  F    TS     5 PTAMS 0x000000060c000000 NTAMS 0x000000060c000000 space 32768K,   0% used [0x000000060c000000, 0x000000060e000000)
AC   0  F    TS     5 PTAMS 0x000000060e000000 NTAMS 0x000000060e000000 space 32768K,   0% used [0x000000060e000000, 0x0000000610000000)
AC   0  F    TS     5 PTAMS 0x0000000610000000 NTAMS 0x0000000610000000 space 32768K,   0% used [0x0000000610000000, 0x0000000612000000)
AC   0  F    TS     5 PTAMS 0x0000000612000000 NTAMS 0x0000000612000000 space 32768K,   0% used [0x0000000612000000, 0x0000000614000000)
AC   0  F    TS     5 PTAMS 0x0000000614000000 NTAMS 0x0000000614000000 space 32768K,   0% used [0x0000000614000000, 0x0000000616000000)
AC   0  F    TS     5 PTAMS 0x0000000616000000 NTAMS 0x0000000616000000 space 32768K,   0% used [0x0000000616000000, 0x0000000618000000)
AC   0  F    TS     5 PTAMS 0x0000000618000000 NTAMS 0x0000000618000000 space 32768K,   0% used [0x0000000618000000, 0x000000061a000000)
AC   0  F    TS     5 PTAMS 0x000000061a000000 NTAMS 0x000000061a000000 space 32768K,   0% used [0x000000061a000000, 0x000000061c000000)
AC   0  F    TS     5 PTAMS 0x000000061c000000 NTAMS 0x000000061c000000 space 32768K,   0% used [0x000000061c000000, 0x000000061e000000)
AC   0  F    TS     5 PTAMS 0x000000061e000000 NTAMS 0x000000061e000000 space 32768K,   0% used [0x000000061e000000, 0x0000000620000000)

Card table byte_map: [0x0000000014bb0000,0x0000000016100000] byte_map_base: 0x0000000012300000

Marking Bits (Prev, Next): (CMBitMap*) 0x0000000002ed6378, (CMBitMap*) 0x0000000002ed63d0
 Prev Bits: [0x0000000017650000, 0x00000000220d0000)
 Next Bits: [0x00000000220d0000, 0x000000002cb50000)

Polling page: 0x0000000001210000

CodeCache: size=245760Kb used=24682Kb max_used=24703Kb free=221077Kb
 bounds [0x0000000002f40000, 0x0000000004780000, 0x0000000011f40000]
 total_blobs=9637 nmethods=8317 adapters=1229
 compilation: enabled

Compilation events (10 events):
Event: 12.793 Thread 0x0000000031184000 nmethod 9870 0x0000000004758cd0 code [0x0000000004758e20, 0x0000000004758f58]
Event: 12.799 Thread 0x000000003118c000 9885       3       java.lang.invoke.InnerClassLambdaMetafactory$ForwardingMethodGenerator::generate (176 bytes)
Event: 12.799 Thread 0x000000003118c000 nmethod 9885 0x0000000004769650 code [0x0000000004769920, 0x000000000476b098]
Event: 12.801 Thread 0x000000003118c000 9886       3       com.mojang.serialization.MapCodec::forGetter (6 bytes)
Event: 12.802 Thread 0x000000003118c000 nmethod 9886 0x000000000475b890 code [0x000000000475ba60, 0x000000000475c290]
Event: 12.802 Thread 0x000000003118c000 9887       3       com.mojang.serialization.codecs.RecordCodecBuilder::of (16 bytes)
Event: 12.802 Thread 0x000000003118c000 nmethod 9887 0x0000000004768910 code [0x0000000004768ae0, 0x00000000047692d0]
Event: 12.802 Thread 0x000000003118c000 9888       3       com.mojang.serialization.codecs.RecordCodecBuilder$$Lambda$821/1097549112::get$Lambda (9 bytes)
Event: 12.802 Thread 0x000000003118c000 nmethod 9888 0x00000000047683d0 code [0x0000000004768540, 0x00000000047687f0]
Event: 12.802 Thread 0x000000003118c000 9889       3       java.lang.invoke.AbstractValidatingLambdaMetafactory::<init> (289 bytes)

GC Heap History (10 events):
Event: 11.209 GC heap after
Heap after GC invocations=61 (full 0):
 garbage-first heap   total 327680K, used 193804K [0x0000000516000000, 0x0000000518000050, 0x00000007c0000000)
  region size 32768K, 1 young (32768K), 1 survivors (32768K)
 Metaspace       used 58976K, capacity 64650K, committed 64720K, reserved 1103872K
  class space    used 8104K, capacity 9440K, committed 9472K, reserved 1048576K
}
Event: 11.262 GC heap before
{Heap before GC invocations=61 (full 0):
 garbage-first heap   total 327680K, used 226572K [0x0000000516000000, 0x0000000518000050, 0x00000007c0000000)
  region size 32768K, 2 young (65536K), 1 survivors (32768K)
 Metaspace       used 59049K, capacity 64828K, committed 65104K, reserved 1105920K
  class space    used 8120K, capacity 9481K, committed 9600K, reserved 1048576K
Event: 11.278 GC heap after
Heap after GC invocations=62 (full 0):
 garbage-first heap   total 655360K, used 210979K [0x0000000516000000, 0x00000005180000a0, 0x00000007c0000000)
  region size 32768K, 1 young (32768K), 1 survivors (32768K)
 Metaspace       used 59049K, capacity 64828K, committed 65104K, reserved 1105920K
  class space    used 8120K, capacity 9481K, committed 9600K, reserved 1048576K
}
Event: 11.629 GC heap before
{Heap before GC invocations=63 (full 0):
 garbage-first heap   total 655360K, used 440355K [0x0000000516000000, 0x00000005180000a0, 0x00000007c0000000)
  region size 32768K, 8 young (262144K), 1 survivors (32768K)
 Metaspace       used 59908K, capacity 65760K, committed 65872K, reserved 1105920K
  class space    used 8323K, capacity 9759K, committed 9856K, reserved 1048576K
Event: 11.673 GC heap after
Heap after GC invocations=64 (full 0):
 garbage-first heap   total 1310720K, used 233758K [0x0000000516000000, 0x0000000518000140, 0x00000007c0000000)
  region size 32768K, 1 young (32768K), 1 survivors (32768K)
 Metaspace       used 59908K, capacity 65760K, committed 65872K, reserved 1105920K
  class space    used 8323K, capacity 9759K, committed 9856K, reserved 1048576K
}
Event: 11.874 GC heap before
{Heap before GC invocations=64 (full 0):
 garbage-first heap   total 1310720K, used 561438K [0x0000000516000000, 0x0000000518000140, 0x00000007c0000000)
  region size 32768K, 11 young (360448K), 1 survivors (32768K)
 Metaspace       used 60014K, capacity 65878K, committed 66128K, reserved 1105920K
  class space    used 8348K, capacity 9802K, committed 9856K, reserved 1048576K
Event: 11.906 GC heap after
Heap after GC invocations=65 (full 0):
 garbage-first heap   total 2621440K, used 271841K [0x0000000516000000, 0x0000000518000280, 0x00000007c0000000)
  region size 32768K, 2 young (65536K), 2 survivors (65536K)
 Metaspace       used 60014K, capacity 65878K, committed 66128K, reserved 1105920K
  class space    used 8348K, capacity 9802K, committed 9856K, reserved 1048576K
}
Event: 12.147 GC heap before
{Heap before GC invocations=65 (full 0):
 garbage-first heap   total 2621440K, used 730593K [0x0000000516000000, 0x0000000518000280, 0x00000007c0000000)
  region size 32768K, 16 young (524288K), 2 survivors (65536K)
 Metaspace       used 60330K, capacity 66292K, committed 66512K, reserved 1105920K
  class space    used 8428K, capacity 9941K, committed 9984K, reserved 1048576K
Event: 12.355 GC heap after
Heap after GC invocations=66 (full 0):
 garbage-first heap   total 4358144K, used 261861K [0x0000000516000000, 0x0000000518000428, 0x00000007c0000000)
  region size 32768K, 2 young (65536K), 2 survivors (65536K)
 Metaspace       used 60330K, capacity 66292K, committed 66512K, reserved 1105920K
  class space    used 8428K, capacity 9941K, committed 9984K, reserved 1048576K
}
Event: 12.803 GC heap before
{Heap before GC invocations=66 (full 0):
 garbage-first heap   total 4358144K, used 1048293K [0x0000000516000000, 0x0000000518000428, 0x00000007c0000000)
  region size 32768K, 26 young (851968K), 2 survivors (65536K)
 Metaspace       used 61232K, capacity 67504K, committed 67792K, reserved 1107968K
  class space    used 8596K, capacity 10187K, committed 10240K, reserved 1048576K

Deoptimization events (10 events):
Event: 12.056 Thread 0x0000000043062800 Uncommon trap: reason=class_check action=maybe_recompile pc=0x000000000463b464 method=com.mojang.datafixers.functions.Apply$$Lambda$1572/358832054.apply(Ljava/lang/Object;)Ljava/lang/Object; @ 5
Event: 12.076 Thread 0x000000004308d800 Uncommon trap: reason=class_check action=maybe_recompile pc=0x0000000003450024 method=com.mojang.datafixers.types.templates.Named.equals(Ljava/lang/Object;)Z @ 8
Event: 12.076 Thread 0x000000004308d800 Uncommon trap: reason=class_check action=maybe_recompile pc=0x0000000003450024 method=com.mojang.datafixers.types.templates.Named.equals(Ljava/lang/Object;)Z @ 8
Event: 12.101 Thread 0x000000004308d800 Uncommon trap: reason=class_check action=maybe_recompile pc=0x0000000003450024 method=com.mojang.datafixers.types.templates.Named.equals(Ljava/lang/Object;)Z @ 8
Event: 12.101 Thread 0x000000004308d800 Uncommon trap: reason=class_check action=maybe_recompile pc=0x0000000003450024 method=com.mojang.datafixers.types.templates.Named.equals(Ljava/lang/Object;)Z @ 8
Event: 12.400 Thread 0x00000000433e6000 Uncommon trap: reason=unstable_if action=reinterpret pc=0x00000000044727ec method=com.mojang.datafixers.types.templates.Tag$TagType.equals(Ljava/lang/Object;ZZ)Z @ 42
Event: 12.400 Thread 0x00000000433e6000 Uncommon trap: reason=unstable_if action=reinterpret pc=0x000000000465af74 method=com.mojang.datafixers.types.templates.TaggedChoice$TaggedChoiceType.equals(Ljava/lang/Object;ZZ)Z @ 152
Event: 12.660 Thread 0x00000000433e6000 Uncommon trap: reason=null_check action=make_not_entrant pc=0x0000000003127ad8 method=com.mojang.datafixers.types.templates.Product$ProductType.equals(Ljava/lang/Object;ZZ)Z @ 1
Event: 12.700 Thread 0x000000003e22d800 Uncommon trap: reason=unstable_if action=reinterpret pc=0x0000000004430ff8 method=com.google.common.reflect.TypeVisitor.visit([Ljava/lang/reflect/Type;)V @ 36
Event: 12.732 Thread 0x000000003e22d800 Uncommon trap: reason=bimorphic action=maybe_recompile pc=0x00000000043eeeb8 method=com.google.common.collect.RegularImmutableMap.fromEntryArray(I[Ljava/util/Map$Entry;)Lcom/google/common/collect/RegularImmutableMap; @ 59

Internal exceptions (10 events):
Event: 11.582 Thread 0x000000003e22d800 Exception <a 'java/lang/NoSuchMethodError': java.lang.Object.func_232949_a_(Ljava/util/function/Supplier;Lnet/minecraft/util/ResourceLocation;)Lcom/mojang/serialization/DataResult;> (0x00000005334f6028) thrown at [C:\re\workspace\8-2-build-windows-amd64-cyù)•)'@
Event: 11.582 Thread 0x000000003e22d800 Exception <a 'java/lang/NoSuchMethodError': java.lang.Object.func_232948_a_(Ljava/util/function/Supplier;Lnet/minecraft/tags/ITag;)Lcom/mojang/serialization/DataResult;> (0x00000005334fa160) thrown at [C:\re\workspace\8-2-build-windows-amd64-cygwin\jdk8u51⁄n'∂'·'@
Event: 11.940 Thread 0x000000004308d800 Exception <a 'java/lang/NoSuchMethodError': java.lang.Object.lambda$rewrite$0(Lcom/mojang/datafixers/View;Lcom/mojang/datafixers/functions/PointFree;)Lcom/mojang/datafixers/View;> (0x00000005b0345700) thrown at [C:\re\workspace\8-2-build-windows-amd64-cygw#p⁄BF
(@
Event: 12.020 Thread 0x000000003e22d800 Exception <a 'java/lang/NoSuchMethodError': java.lang.Object.lambda$optionalFieldOf$2(Ljava/lang/Object;Ljava/util/Optional;)Ljava/lang/Object;> (0x00000005ab697ea8) thrown at [C:\re\workspace\8-2-build-windows-amd64-cygwin\jdk8u51\3951\hotspot\src\share\v˝û˝ÌW
(@
Event: 12.020 Thread 0x000000003e22d800 Exception <a 'java/lang/NoSuchMethodError': java.lang.Object.lambda$optionalFieldOf$3(Ljava/lang/Object;Ljava/lang/Object;)Ljava/util/Optional;> (0x00000005ab69adb8) thrown at [C:\re\workspace\8-2-build-windows-amd64-cygwin\jdk8u51\3951\hotspot\src\share\v ≈s:+(@
Event: 12.084 Thread 0x000000003e22d800 Exception <a 'java/lang/NoSuchMethodError': java.lang.Object.func_242924_a(Lcom/mojang/serialization/Codec;)Lcom/mojang/serialization/Codec;> (0x00000005a3781ab0) thrown at [C:\re\workspace\8-2-build-windows-amd64-cygwin\jdk8u51\3951\hotspot\src\share\vm\i
Event: 12.360 Thread 0x000000003e22d800 Exception <a 'java/lang/NoSuchMethodError': java.lang.Object.func_242923_a(Lcom/mojang/datafixers/util/Either;)Lnet/minecraft/world/gen/feature/template/StructureProcessorList;> (0x000000061e7afab0) thrown at [C:\re\workspace\8-2-build-windows-amd64-cygwin&Ê¥û)@
Event: 12.562 Thread 0x000000003e22d800 Exception <a 'java/lang/IncompatibleClassChangeError': Found class java.lang.Object, but interface was expected> (0x0000000612d50088) thrown at [C:\re\workspace\8-2-build-windows-amd64-cygwin\jdk8u51\3951\hotspot\src\share\vm\interpreter\linkResolver.cpp, ‘ØÖ…Q)@
Event: 12.660 Thread 0x00000000433e6000 Implicit null exception at 0x0000000003127957 to 0x0000000003127ac9
Event: 12.674 Thread 0x000000003e22d800 Exception <a 'java/lang/IncompatibleClassChangeError': Found class java.lang.Object, but interface was expected> (0x000000060bd672c0) thrown at [C:\re\workspace\8-2-build-windows-amd64-cygwin\jdk8u51\3951\hotspot\src\share\vm\interpreter\linkResolver.cpp, 7}áÏÕ)'@

Events (10 events):
Event: 12.802 loading class com/mojang/datafixers/util/Function3 done
Event: 12.802 loading class net/minecraft/world/gen/settings/StructureSeparationSettings
Event: 12.802 loading class net/minecraft/world/gen/settings/StructureSeparationSettings done
Event: 12.802 loading class net/minecraft/world/gen/settings/StructureSeparationSettings
Event: 12.802 loading class net/minecraft/world/gen/settings/StructureSeparationSettings done
Event: 12.802 loading class net/minecraft/world/gen/settings/DimensionStructuresSettings
Event: 12.802 loading class net/minecraft/world/gen/settings/DimensionStructuresSettings done
Event: 12.802 loading class net/minecraft/world/gen/settings/DimensionStructuresSettings
Event: 12.802 loading class net/minecraft/world/gen/settings/DimensionStructuresSettings done
Event: 12.803 Executing VM operation: G1IncCollectionPause


Dynamic libraries:
0x00007ff745190000 - 0x00007ff7451c7000 	C:\Users\nrk47\AppData\Roaming\.minecraft\runtime\jre-legacy\windows\jre-legacy\bin\javaw.exe
0x00007ffe4fd20000 - 0x00007ffe4ff86000 	C:\WINDOWS\SYSTEM32\ntdll.dll
0x00007ffe4e280000 - 0x00007ffe4e349000 	C:\WINDOWS\System32\KERNEL32.DLL
0x00007ffe4cfd0000 - 0x00007ffe4d3ce000 	C:\WINDOWS\System32\KERNELBASE.dll
0x00007ffe4de10000 - 0x00007ffe4dec7000 	C:\WINDOWS\System32\ADVAPI32.dll
0x00007ffe4f9f0000 - 0x00007ffe4fa99000 	C:\WINDOWS\System32\msvcrt.dll
0x00007ffe4f850000 - 0x00007ffe4f8fa000 	C:\WINDOWS\System32\sechost.dll
0x00007ffe4db30000 - 0x00007ffe4dc48000 	C:\WINDOWS\System32\RPCRT4.dll
0x00007ffe4fac0000 - 0x00007ffe4fc87000 	C:\WINDOWS\System32\USER32.dll
0x00007ffe4d3e0000 - 0x00007ffe4d407000 	C:\WINDOWS\System32\win32u.dll
0x00007ffe4dd70000 - 0x00007ffe4dd9b000 	C:\WINDOWS\System32\GDI32.dll
0x00007ffe4d860000 - 0x00007ffe4d98a000 	C:\WINDOWS\System32\gdi32full.dll
0x00007ffe4d7b0000 - 0x00007ffe4d853000 	C:\WINDOWS\System32\msvcp_win.dll
0x00007ffe4d410000 - 0x00007ffe4d55c000 	C:\WINDOWS\System32\ucrtbase.dll
0x00007ffe2a070000 - 0x00007ffe2a302000 	C:\WINDOWS\WinSxS\amd64_microsoft.windows.common-controls_6595b64144ccf1df_6.0.26100.8875_none_3e0d5d42e32fe9dd\COMCTL32.dll
0x00007ffe4f900000 - 0x00007ffe4f932000 	C:\WINDOWS\System32\IMM32.DLL
0x0000000050040000 - 0x0000000050112000 	C:\Users\nrk47\AppData\Roaming\.minecraft\runtime\jre-legacy\windows\jre-legacy\bin\msvcr100.dll
0x00000000748b0000 - 0x0000000075133000 	C:\Users\nrk47\AppData\Roaming\.minecraft\runtime\jre-legacy\windows\jre-legacy\bin\server\jvm.dll
0x00007ffe4dd60000 - 0x00007ffe4dd68000 	C:\WINDOWS\System32\PSAPI.DLL
0x00007ffe3ed70000 - 0x00007ffe3eda6000 	C:\WINDOWS\SYSTEM32\WINMM.dll
0x00007ffe49cf0000 - 0x00007ffe49cfa000 	C:\WINDOWS\SYSTEM32\WSOCK32.dll
0x00007ffe4f940000 - 0x00007ffe4f9c0000 	C:\WINDOWS\System32\WS2_32.dll
0x00007ffe45b80000 - 0x00007ffe45b8b000 	C:\WINDOWS\SYSTEM32\VERSION.dll
0x0000000050030000 - 0x000000005003f000 	C:\Users\nrk47\AppData\Roaming\.minecraft\runtime\jre-legacy\windows\jre-legacy\bin\verify.dll
0x0000000050000000 - 0x0000000050029000 	C:\Users\nrk47\AppData\Roaming\.minecraft\runtime\jre-legacy\windows\jre-legacy\bin\java.dll
0x0000000076860000 - 0x0000000076876000 	C:\Users\nrk47\AppData\Roaming\.minecraft\runtime\jre-legacy\windows\jre-legacy\bin\zip.dll
0x00007ffe4e4f0000 - 0x00007ffe4ec82000 	C:\WINDOWS\System32\SHELL32.dll
0x00007ffe4a9c0000 - 0x00007ffe4b252000 	C:\WINDOWS\SYSTEM32\windows.storage.dll
0x00007ffe4f030000 - 0x00007ffe4f3b3000 	C:\WINDOWS\System32\combase.dll
0x00007ffe4edc0000 - 0x00007ffe4eeb7000 	C:\WINDOWS\System32\SHCORE.dll
0x00007ffe4dda0000 - 0x00007ffe4de07000 	C:\WINDOWS\System32\shlwapi.dll
0x00007ffe4ce60000 - 0x00007ffe4ce89000 	C:\WINDOWS\SYSTEM32\profapi.dll
0x0000000076850000 - 0x000000007685d000 	C:\Users\nrk47\AppData\Roaming\.minecraft\runtime\jre-legacy\windows\jre-legacy\bin\management.dll
0x0000000076830000 - 0x000000007684a000 	C:\Users\nrk47\AppData\Roaming\.minecraft\runtime\jre-legacy\windows\jre-legacy\bin\net.dll
0x00007ffe4c170000 - 0x00007ffe4c1dc000 	C:\WINDOWS\system32\mswsock.dll
0x00007ffe1ff40000 - 0x00007ffe1ff58000 	C:\WINDOWS\system32\napinsp.dll
0x00007ffe4b5d0000 - 0x00007ffe4b726000 	C:\WINDOWS\SYSTEM32\DNSAPI.dll
0x00007ffe4bf70000 - 0x00007ffe4bf7d000 	C:\WINDOWS\SYSTEM32\DSPARSE.dll
0x00007ffe4b590000 - 0x00007ffe4b5c3000 	C:\WINDOWS\SYSTEM32\IPHLPAPI.DLL
0x00007ffe4ec90000 - 0x00007ffe4ec9a000 	C:\WINDOWS\System32\NSI.dll
0x00007ffe201c0000 - 0x00007ffe201d3000 	C:\WINDOWS\System32\winrnr.dll
0x00007ffe1ff60000 - 0x00007ffe1ff82000 	C:\WINDOWS\system32\nlansp_c.dll
0x00007ffe201e0000 - 0x00007ffe201f6000 	C:\WINDOWS\system32\wshbth.dll
0x00007ffe3cf00000 - 0x00007ffe3cf86000 	C:\WINDOWS\System32\fwpuclnt.dll
0x00007ffe32e20000 - 0x00007ffe32e2b000 	C:\Windows\System32\rasadhlp.dll
0x0000000076810000 - 0x0000000076821000 	C:\Users\nrk47\AppData\Roaming\.minecraft\runtime\jre-legacy\windows\jre-legacy\bin\nio.dll
0x00000000767e0000 - 0x0000000076804000 	C:\Users\nrk47\AppData\Roaming\.minecraft\runtime\jre-legacy\windows\jre-legacy\bin\sunec.dll
0x00007ffe4c5a0000 - 0x00007ffe4c5bb000 	C:\WINDOWS\SYSTEM32\CRYPTSP.dll
0x00007ffe4bb40000 - 0x00007ffe4bb79000 	C:\WINDOWS\system32\rsaenh.dll
0x00007ffe4c230000 - 0x00007ffe4c262000 	C:\WINDOWS\SYSTEM32\USERENV.dll
0x00007ffe4ce30000 - 0x00007ffe4ce5a000 	C:\WINDOWS\SYSTEM32\bcrypt.dll
0x00007ffe4d990000 - 0x00007ffe4da3c000 	C:\WINDOWS\System32\bcryptprimitives.dll
0x00007ffe4c3e0000 - 0x00007ffe4c3ec000 	C:\WINDOWS\SYSTEM32\CRYPTBASE.dll
0x00007ffdce520000 - 0x00007ffdce592000 	C:\Users\nrk47\AppData\Roaming\.minecraft\versions\CrimsonCraft\natives\lwjgl.dll
0x00007ffdc7e60000 - 0x00007ffdc80b1000 	C:\Users\nrk47\AppData\Roaming\.minecraft\versions\CrimsonCraft\natives\jemalloc.dll
0x00007ffdcbf80000 - 0x00007ffdcbfde000 	C:\Users\nrk47\AppData\Roaming\.minecraft\versions\CrimsonCraft\natives\glfw.dll
0x00007ffe4a050000 - 0x00007ffe4a0f9000 	C:\WINDOWS\system32\uxtheme.dll
0x00007ffd8d0e0000 - 0x00007ffd8d12b000 	C:\WINDOWS\SYSTEM32\dinput8.dll
0x00007ffdfbb50000 - 0x00007ffdfbb6b000 	C:\WINDOWS\SYSTEM32\xinput1_4.dll
0x00007ffe4caa0000 - 0x00007ffe4caf1000 	C:\WINDOWS\SYSTEM32\cfgmgr32.dll
0x00007ffe4ca60000 - 0x00007ffe4ca8f000 	C:\WINDOWS\SYSTEM32\DEVOBJ.dll
0x00007ffe4a2f0000 - 0x00007ffe4a31f000 	C:\WINDOWS\SYSTEM32\dwmapi.dll
0x00007ffe16ff0000 - 0x00007ffe171d4000 	C:\WINDOWS\SYSTEM32\inputhost.dll
0x00007ffe49a10000 - 0x00007ffe49b35000 	C:\WINDOWS\SYSTEM32\CoreMessaging.dll
0x00007ffe4eec0000 - 0x00007ffe4f01d000 	C:\WINDOWS\System32\MSCTF.dll
0x00007ffe4bbe0000 - 0x00007ffe4bbfb000 	C:\WINDOWS\SYSTEM32\kernel.appcore.dll
0x00007ffe4b260000 - 0x00007ffe4b26f000 	C:\WINDOWS\SYSTEM32\HID.DLL
0x00007ffe4f3c0000 - 0x00007ffe4f847000 	C:\WINDOWS\System32\SETUPAPI.DLL
0x00007ffe4cf40000 - 0x00007ffe4cfc3000 	C:\WINDOWS\System32\WINTRUST.dll
0x00007ffe4d570000 - 0x00007ffe4d6e8000 	C:\WINDOWS\System32\CRYPT32.dll
0x00007ffe4c610000 - 0x00007ffe4c623000 	C:\WINDOWS\SYSTEM32\MSASN1.dll
0x00007ffd844f0000 - 0x00007ffd845fc000 	C:\WINDOWS\SYSTEM32\opengl32.dll
0x00007ffd844b0000 - 0x00007ffd844dd000 	C:\WINDOWS\SYSTEM32\GLU32.dll
0x00007ffe4a130000 - 0x00007ffe4a176000 	C:\WINDOWS\SYSTEM32\dxcore.dll
0x00007ffe2bc10000 - 0x00007ffe2bc2a000 	C:\WINDOWS\SYSTEM32\windows.staterepositorycore.dll
0x00007ffd81870000 - 0x00007ffd84195000 	C:\WINDOWS\System32\DriverStore\FileRepository\nv_dispig.inf_amd64_f4c7a2fd13e0f763\nvoglv64.dll
0x00007ffe4e350000 - 0x00007ffe4e4e9000 	C:\WINDOWS\System32\ole32.dll
0x00007ffe4da50000 - 0x00007ffe4db29000 	C:\WINDOWS\System32\OLEAUT32.dll
0x00007ffe49ed0000 - 0x00007ffe49ef9000 	C:\WINDOWS\SYSTEM32\WTSAPI32.dll
0x00007ffe4be90000 - 0x00007ffe4bed9000 	C:\WINDOWS\SYSTEM32\SspiCli.dll
0x00007ffe45b40000 - 0x00007ffe45b7b000 	C:\WINDOWS\SYSTEM32\cryptnet.dll
0x00007ffe4c4a0000 - 0x00007ffe4c50a000 	C:\WINDOWS\SYSTEM32\wldp.dll
0x00007ffe459c0000 - 0x00007ffe45b39000 	C:\WINDOWS\SYSTEM32\drvstore.dll
0x00007ffe4bd10000 - 0x00007ffe4bd46000 	C:\WINDOWS\SYSTEM32\ntmarta.dll
0x00007ffe4eca0000 - 0x00007ffe4ecc0000 	C:\WINDOWS\System32\imagehlp.dll
0x00007ffe409b0000 - 0x00007ffe456af000 	C:\WINDOWS\System32\DriverStore\FileRepository\nv_dispig.inf_amd64_f4c7a2fd13e0f763\nvgpucomp64.dll
0x00007ffd95010000 - 0x00007ffd95157000 	C:\WINDOWS\system32\nvspcap64.dll
0x00007ffe4cda0000 - 0x00007ffe4cdfe000 	C:\WINDOWS\SYSTEM32\powrprof.dll
0x00007ffe4ccd0000 - 0x00007ffe4cce4000 	C:\WINDOWS\SYSTEM32\UMPDC.dll
0x00007ffe4cb00000 - 0x00007ffe4cb61000 	C:\WINDOWS\SYSTEM32\WINSTA.dll
0x00007ffdca520000 - 0x00007ffdca59f000 	C:\Users\nrk47\AppData\Roaming\.minecraft\versions\CrimsonCraft\natives\lwjgl_stb.dll
0x00007ffe29d60000 - 0x00007ffe29e1f000 	C:\WINDOWS\SYSTEM32\mscms.dll
0x00007ffe27c00000 - 0x00007ffe27c49000 	C:\WINDOWS\SYSTEM32\icm32.dll
0x00007ffe28de0000 - 0x00007ffe28f27000 	C:\WINDOWS\SYSTEM32\textinputframework.dll
0x00007ffe45ea0000 - 0x00007ffe46184000 	C:\WINDOWS\SYSTEM32\CoreUIComponents.dll
0x00007ffe46190000 - 0x00007ffe462fa000 	C:\WINDOWS\SYSTEM32\wintypes.dll
0x00007ffe29e90000 - 0x00007ffe29f03000 	C:\WINDOWS\system32\Oleacc.dll
0x00007ffdca4c0000 - 0x00007ffdca518000 	C:\Users\nrk47\AppData\Roaming\.minecraft\versions\CrimsonCraft\natives\lwjgl_opengl.dll
0x00007ffe3d0b0000 - 0x00007ffe3d2f2000 	C:\WINDOWS\SYSTEM32\dbghelp.dll

VM Arguments:
jvm_args: -Dos.name=Windows 10 -Dos.version=10.0 -Xmx10881M -XX:+UnlockExperimentalVMOptions -XX:+UseG1GC -XX:G1NewSizePercent=20 -XX:G1ReservePercent=20 -XX:MaxGCPauseMillis=50 -XX:G1HeapRegionSize=32M -Dfml.ignoreInvalidMinecraftCertificates=true -Dfml.ignorePatchDiscrepancies=true -Djava.net.preferIPv4Stack=true -XX:HeapDumpPath=MojangTricksIntelDriversForPerformance_javaw.exe_minecraft.exe.heapdump -Xss1M -Djava.library.path=C:\Users\nrk47\AppData\Roaming\.minecraft\versions\CrimsonCraft\natives -Dminecraft.launcher.brand=minecraft-launcher -Dminecraft.launcher.version=2.3.173 -XX:+IgnoreUnrecognizedVMOptions --add-exports=java.base/sun.security.util=ALL-UNNAMED --add-exports=jdk.naming.dns/com.sun.jndi.dns=java.naming --add-opens=java.base/java.util.jar=ALL-UNNAMED -Dminecraft.applet.TargetDirectory=C:\Users\nrk47\AppData\Roaming\.minecraft\versions\CrimsonCraft -DlibraryDirectory=C:\Users\nrk47\AppData\Roaming\.minecraft\libraries -Dcountry=RO -Dlog4j.configurationFile=C:\Users\nrk47\AppData\Roaming\.minecraft\assets\log_configs\client-1.12.xml -DLibLoader.modsFolder=C:\Users\nrk47\AppData\Roaming\.minecraft\versions\CrimsonCraft\mods 
java_command: cpw.mods.modlauncher.Launcher --username SZN_Nero --version CrimsonCraft --gameDir C:\Users\nrk47\AppData\Roaming\.minecraft\versions\CrimsonCraft --assetsDir C:\Users\nrk47\AppData\Roaming\.minecraft\assets --assetIndex 1.16 --uuid 123eddbd-cdd4-11ef-af44-9c6b00470e68 --accessToken null --userType mojang --versionType modified --width 925 --height 530 --launchTarget fmlclient --fml.forgeVersion 36.2.42 --fml.mcVersion 1.16.5 --fml.forgeGroup net.minecraftforge --fml.mcpVersion 20210115.111550
java_class_path (initial): C:\Users\nrk47\AppData\Roaming\.minecraft\libraries\net\minecraftforge\forge\1.16.5-36.2.42\forge-1.16.5-36.2.42.jar;C:\Users\nrk47\AppData\Roaming\.minecraft\libraries\org\ow2\asm\asm\9.6\asm-9.6.jar;C:\Users\nrk47\AppData\Roaming\.minecraft\libraries\org\ow2\asm\asm-commons\9.6\asm-commons-9.6.jar;C:\Users\nrk47\AppData\Roaming\.minecraft\libraries\org\ow2\asm\asm-tree\9.6\asm-tree-9.6.jar;C:\Users\nrk47\AppData\Roaming\.minecraft\libraries\org\ow2\asm\asm-util\9.6\asm-util-9.6.jar;C:\Users\nrk47\AppData\Roaming\.minecraft\libraries\org\ow2\asm\asm-analysis\9.6\asm-analysis-9.6.jar;C:\Users\nrk47\AppData\Roaming\.minecraft\libraries\cpw\mods\modlauncher\8.1.3\modlauncher-8.1.3.jar;C:\Users\nrk47\AppData\Roaming\.minecraft\libraries\cpw\mods\grossjava9hacks\1.3.3\grossjava9hacks-1.3.3.jar;C:\Users\nrk47\AppData\Roaming\.minecraft\libraries\net\minecraftforge\accesstransformers\3.0.1\accesstransformers-3.0.1.jar;C:\Users\nrk47\AppData\Roaming\.minecraft\libraries\org\antlr\antlr4-runtime\4.9.1\antlr4-runtime-4.9.1.jar;C:\Users\nrk47\AppData\Roaming\.minecraft\libraries\net\minecraftforge\eventbus\4.0.0\eventbus-4.0.0.jar;C:\Users\nrk47\AppData\Roaming\.minecraft\libraries\net\minecraftforge\forgespi\3.2.0\forgespi-3.2.0.jar;C:\Users\nrk47\AppData\Roaming\.minecraft\libraries\net\minecraftforge\coremods\4.0.6\coremods-4.0.6.jar;C:\Users\nrk47\AppData\Roaming\.minecraft\libraries\net\minecraftforge\unsafe\0.2.0\unsafe-0.2.0.jar;C:\Users\nrk47\AppData\Roaming\.minecraft\libraries\com\electronwill\night-config\core\3.6.3\core-3.6.3.jar;C:\Users\nrk47\AppData\Roaming\.minecraft\libraries\com\electronwill\night-config\toml\3.6.3\toml-3.6.3.jar;C:\Users\nrk47\AppData\Roaming\.minecraft\libraries\org\jline\jline\3.12.1\jline-3.12.1.jar;C:\Users\nrk47\AppData\Roaming\.minecraft\libraries\org\apache\maven\maven-artifact\3.6.3\maven-artifact-3.6.3.jar;C:\Users\nrk47\AppData\Roaming\.minecraft\libraries\net\jodah\typetools\0.8.3\typetools-0.8.3.jar;
Launcher Type: SUN_STANDARD

Environment Variables:
PATH=C:\Program Files\Eclipse Foundation\jdk-16.0.2.7-hotspot\bin;C:\Program Files\Common Files\Oracle\Java\javapath;C:\Program Files (x86)\Common Files\Oracle\Java\java8path;C:\Program Files (x86)\Common Files\Oracle\Java\javapath;C:\Program Files\ImageMagick-7.1.2-Q16-HDRI;C:\Program Files (x86)\Razer Chroma SDK\bin;C:\Program Files\Razer Chroma SDK\bin;C:\WINDOWS\system32;C:\WINDOWS;C:\WINDOWS\System32\Wbem;C:\WINDOWS\System32\WindowsPowerShell\v1.0\;C:\WINDOWS\System32\OpenSSH\;C:\WINDOWS\system32\config\systemprofile\AppData\Local\Microsoft\WindowsApps;C:\Program Files (x86)\Razer\ChromaBroadcast\bin;C:\Program Files\Razer\ChromaBroadcast\bin;C:\Users\nrk47\AppData\Local\Microsoft\WindowsApps;;C:\Program Files (x86)\NVIDIA Corporation\PhysX\Common;C:\Program Files\playit_gg\bin\;C:\Program Files\dotnet\;C:\Program Files\Cloudflare\Cloudflare WARP\;C:\Program Files\NVIDIA Corporation\NVIDIA App\NvDLISR;C:\Users\nrk47\AppData\Local\Microsoft\WindowsApps;C:\Users\nrk47\AppData\Local\Programs\Microsoft VS Code\bin;C:\Users\nrk47\AppData\Local\Python\bin;C:\Users\nrk47\.dotnet\tools;C:\Users\nrk47\AppData\Local\spicetify;C:\Users\nrk47\AppData\Local\Kingsoft\WPS Office\12.1.0.27458\clitool;C:\Program Files\Eclipse Foundation\jdk-16.0.2.7-hotspot\bin
USERNAME=nrk47
OS=Windows_NT
PROCESSOR_IDENTIFIER=Intel64 Family 6 Model 158 Stepping 10, GenuineIntel



---------------  S Y S T E M  ---------------

OS: Windows 10.0 , 64 bit Build 26100 (10.0.26100.8875)

CPU:total 6 (6 cores per cpu, 1 threads per core) family 6 model 158 stepping 10, cmov, cx8, fxsr, mmx, sse, sse2, sse3, ssse3, sse4.1, sse4.2, popcnt, avx, avx2, aes, clmul, erms, 3dnowpref, lzcnt, tsc, tscinvbit, bmi1, bmi2, adx

Memory: 4k page, physical 16713748k(1955160k free), swap 25098968k(710132k free)

vm_info: Java HotSpot(TM) 64-Bit Server VM (25.51-b03) for windows-amd64 JRE (1.8.0_51-b16), built on Jun  8 2015 18:03:07 by "java_re" with MS VC++ 10.0 (VS2010)

time: Thu Aug 13 14:03:17 2026
elapsed time: 12 seconds (0d 0h 0m 12s)

