#
# There is insufficient memory for the Java Runtime Environment to continue.
# Native memory allocation (mmap) failed to map 1073741824 bytes for Failed to commit pages from 262144 of length 262144
# Possible reasons:
#   The system is out of physical RAM or swap space
#   In 32 bit mode, the process size limit was hit
# Possible solutions:
#   Reduce memory load on the system
#   Increase physical memory or swap space
#   Check if swap backing store is full
#   Use 64 bit Java on a 64 bit OS
#   Decrease Java heap size (-Xmx/-Xms)
#   Decrease number of Java threads
#   Decrease Java thread stack sizes (-Xss)
#   Set larger code cache with -XX:ReservedCodeCacheSize=
# This output file may be truncated or incomplete.
#
#  Out of Memory Error (os_windows.cpp:3324), pid=15648, tid=24108
#
# JRE version: Java(TM) SE Runtime Environment (8.0_51-b16) (build 1.8.0_51-b16)
# Java VM: Java HotSpot(TM) 64-Bit Server VM (25.51-b03 mixed mode windows-amd64 compressed oops)
# Failed to write core dump. Minidumps are not enabled by default on client versions of Windows
#

---------------  T H R E A D  ---------------

Current thread (0x0000000030dd6800):  VMThread [stack: 0x0000000030e70000,0x0000000030f70000] [id=24108]

Stack: [0x0000000030e70000,0x0000000030f70000]
[error occurred during error reporting (printing stack bounds), id 0xc0000005]

Native frames: (J=compiled Java code, j=interpreted, Vv=VM code, C=native code)
V  [jvm.dll+0x32b4ca]
V  [jvm.dll+0x2797e3]
V  [jvm.dll+0x27a479]
V  [jvm.dll+0x293446]
V  [jvm.dll+0x297d3c]
V  [jvm.dll+0x5ca9cf]
C  [msvcr100.dll+0x712e3]
V  [jvm.dll+0x5ca0cd]
C  [ntdll.dll+0x16479f]
C  [ntdll.dll+0x45e97]
C  [ntdll.dll+0x1640de]
V  [jvm.dll+0x21bbc1]

VM_Operation (0x0000000043ecdb50): G1IncCollectionPause, mode: safepoint, requested by thread 0x000000003e655000


---------------  P R O C E S S  ---------------

Java Threads: ( => current thread )
  0x000000003e656000 JavaThread "Worker-Bootstrap-5" daemon [_thread_blocked, id=22572, stack(0x0000000045f50000,0x0000000046050000)]
  0x000000003e656800 JavaThread "Worker-Bootstrap-4" daemon [_thread_blocked, id=22560, stack(0x0000000045990000,0x0000000045a90000)]
  0x000000003e655000 JavaThread "Worker-Bootstrap-3" daemon [_thread_blocked, id=22556, stack(0x0000000043dd0000,0x0000000043ed0000)]
  0x000000003e651800 JavaThread "Worker-Bootstrap-2" daemon [_thread_blocked, id=7728, stack(0x00000000426c0000,0x00000000427c0000)]
  0x000000003e653800 JavaThread "Worker-Bootstrap-1" daemon [_thread_blocked, id=22544, stack(0x000000003f5e0000,0x000000003f6e0000)]
  0x000000003e654800 JavaThread "pool-3-thread-1" [_thread_blocked, id=24680, stack(0x0000000040c10000,0x0000000040d10000)]
  0x000000003e84a000 JavaThread "pool-2-thread-1" daemon [_thread_blocked, id=25292, stack(0x0000000040710000,0x0000000040810000)]
  0x0000000032812000 JavaThread "Thread-3" daemon [_thread_blocked, id=25152, stack(0x000000003c510000,0x000000003c610000)]
  0x000000003293d000 JavaThread "Thread-2" daemon [_thread_in_native, id=23880, stack(0x0000000034380000,0x0000000034480000)]
  0x000000003286b800 JavaThread "Thread-1" daemon [_thread_blocked, id=24304, stack(0x0000000034280000,0x0000000034380000)]
  0x00000000317b8800 JavaThread "Service Thread" daemon [_thread_blocked, id=8032, stack(0x0000000031b70000,0x0000000031c70000)]
  0x0000000030e4d000 JavaThread "C1 CompilerThread2" daemon [_thread_blocked, id=23932, stack(0x0000000031670000,0x0000000031770000)]
  0x0000000030e45000 JavaThread "C2 CompilerThread1" daemon [_thread_blocked, id=24520, stack(0x0000000031570000,0x0000000031670000)]
  0x0000000030e44000 JavaThread "C2 CompilerThread0" daemon [_thread_blocked, id=24332, stack(0x0000000031470000,0x0000000031570000)]
  0x0000000030e42000 JavaThread "Attach Listener" daemon [_thread_blocked, id=24288, stack(0x0000000031370000,0x0000000031470000)]
  0x0000000030df9800 JavaThread "Signal Dispatcher" daemon [_thread_blocked, id=24292, stack(0x0000000031270000,0x0000000031370000)]
  0x0000000030df8800 JavaThread "Surrogate Locker Thread (Concurrent GC)" daemon [_thread_blocked, id=24324, stack(0x0000000031170000,0x0000000031270000)]
  0x0000000030de4000 JavaThread "Finalizer" daemon [_thread_blocked, id=24164, stack(0x0000000031070000,0x0000000031170000)]
  0x0000000030dde000 JavaThread "Reference Handler" daemon [_thread_blocked, id=24148, stack(0x0000000030f70000,0x0000000031070000)]
  0x0000000002b04800 JavaThread "main" [_thread_blocked, id=24300, stack(0x0000000002a00000,0x0000000002b00000)]

Other Threads:
=>0x0000000030dd6800 VMThread [stack: 0x0000000030e70000,0x0000000030f70000] [id=24108]
  0x0000000030e6e000 WatcherThread [stack: 0x0000000031c70000,0x0000000031d70000] [id=22344]

VM state:at safepoint (normal execution)

VM Mutex/Monitor currently owned by a thread:  ([mutex/lock_event])
[0x0000000002b03c60] Threads_lock - owner thread: 0x0000000030dd6800
[0x0000000002b02f60] Heap_lock - owner thread: 0x000000003e655000

Heap:
 garbage-first heap   total 2097152K, used 254747K [0x0000000516000000, 0x0000000518000200, 0x00000007c0000000)
  region size 32768K, 2 young (65536K), 2 survivors (65536K)
 Metaspace       used 61088K, capacity 67334K, committed 67484K, reserved 1105920K
  class space    used 8556K, capacity 10098K, committed 10188K, reserved 1048576K

Heap Regions: (Y=young(eden), SU=young(survivor), HS=humongous(starts), HC=humongous(continues), CS=collection set, F=free, TS=gc time stamp, PTAMS=previous top-at-mark-start, NTAMS=next top-at-mark-start)
AC   0  O    TS     0 PTAMS 0x0000000518000000 NTAMS 0x0000000518000000 space 32768K, 100% used [0x0000000516000000, 0x0000000518000000)
AC   0  O    TS    13 PTAMS 0x0000000518000000 NTAMS 0x0000000518000000 space 32768K, 100% used [0x0000000518000000, 0x000000051a000000)
AC   0  O    TS     9 PTAMS 0x000000051a000000 NTAMS 0x000000051a000000 space 32768K, 100% used [0x000000051a000000, 0x000000051c000000)
AC   0  O    TS     5 PTAMS 0x000000051c645200 NTAMS 0x000000051c645200 space 32768K, 100% used [0x000000051c000000, 0x000000051e000000)
AC   0  O    TS    13 PTAMS 0x000000051e000000 NTAMS 0x000000051e000000 space 32768K, 100% used [0x000000051e000000, 0x0000000520000000)
AC   0  O    TS    21 PTAMS 0x0000000520000000 NTAMS 0x0000000520000000 space 32768K, 100% used [0x0000000520000000, 0x0000000522000000)
AC   0  O    TS    33 PTAMS 0x0000000522000000 NTAMS 0x0000000522000000 space 32768K,  65% used [0x0000000522000000, 0x0000000524000000)
AC   0  F    TS     0 PTAMS 0x0000000524000000 NTAMS 0x0000000524000000 space 32768K,   0% used [0x0000000524000000, 0x0000000526000000)
AC   0  F    TS     9 PTAMS 0x0000000526000000 NTAMS 0x0000000526000000 space 32768K,   0% used [0x0000000526000000, 0x0000000528000000)
AC   0  F    TS     7 PTAMS 0x0000000528000000 NTAMS 0x0000000528000000 space 32768K,   0% used [0x0000000528000000, 0x000000052a000000)
AC   0  F    TS     7 PTAMS 0x000000052a000000 NTAMS 0x000000052a000000 space 32768K,   0% used [0x000000052a000000, 0x000000052c000000)
AC   0  F    TS    19 PTAMS 0x000000052c000000 NTAMS 0x000000052c000000 space 32768K,   0% used [0x000000052c000000, 0x000000052e000000)
AC   0  F    TS    19 PTAMS 0x000000052e000000 NTAMS 0x000000052e000000 space 32768K,   0% used [0x000000052e000000, 0x0000000530000000)
AC   0  F    TS    31 PTAMS 0x0000000530000000 NTAMS 0x0000000530000000 space 32768K,   0% used [0x0000000530000000, 0x0000000532000000)
AC   0  F    TS    31 PTAMS 0x0000000532000000 NTAMS 0x0000000532000000 space 32768K,   0% used [0x0000000532000000, 0x0000000534000000)
AC   0  F    TS    25 PTAMS 0x0000000534000000 NTAMS 0x0000000534000000 space 32768K,   0% used [0x0000000534000000, 0x0000000536000000)
AC   0  S CS TS    33 PTAMS 0x0000000536000000 NTAMS 0x0000000536000000 space 32768K,  12% used [0x0000000536000000, 0x0000000538000000)
AC   0  S CS TS    33 PTAMS 0x0000000538000000 NTAMS 0x0000000538000000 space 32768K, 100% used [0x0000000538000000, 0x000000053a000000)
AC   0  F    TS    21 PTAMS 0x000000053a000000 NTAMS 0x000000053a000000 space 32768K,   0% used [0x000000053a000000, 0x000000053c000000)
AC   0  F    TS     9 PTAMS 0x000000053c000000 NTAMS 0x000000053c000000 space 32768K,   0% used [0x000000053c000000, 0x000000053e000000)
AC   0  F    TS    15 PTAMS 0x000000053e000000 NTAMS 0x000000053e000000 space 32768K,   0% used [0x000000053e000000, 0x0000000540000000)
AC   0  F    TS    13 PTAMS 0x0000000540000000 NTAMS 0x0000000540000000 space 32768K,   0% used [0x0000000540000000, 0x0000000542000000)
AC   0  F    TS    13 PTAMS 0x0000000542000000 NTAMS 0x0000000542000000 space 32768K,   0% used [0x0000000542000000, 0x0000000544000000)
AC   0  F    TS    15 PTAMS 0x0000000544000000 NTAMS 0x0000000544000000 space 32768K,   0% used [0x0000000544000000, 0x0000000546000000)
AC   0  F    TS     9 PTAMS 0x0000000546000000 NTAMS 0x0000000546000000 space 32768K,   0% used [0x0000000546000000, 0x0000000548000000)
AC   0  F    TS     9 PTAMS 0x0000000548000000 NTAMS 0x0000000548000000 space 32768K,   0% used [0x0000000548000000, 0x000000054a000000)
AC   0  F    TS     9 PTAMS 0x000000054a000000 NTAMS 0x000000054a000000 space 32768K,   0% used [0x000000054a000000, 0x000000054c000000)
AC   0  F    TS     9 PTAMS 0x000000054c000000 NTAMS 0x000000054c000000 space 32768K,   0% used [0x000000054c000000, 0x000000054e000000)
AC   0  F    TS     9 PTAMS 0x000000054e000000 NTAMS 0x000000054e000000 space 32768K,   0% used [0x000000054e000000, 0x0000000550000000)
AC   0  F    TS     9 PTAMS 0x0000000550000000 NTAMS 0x0000000550000000 space 32768K,   0% used [0x0000000550000000, 0x0000000552000000)
AC   0  F    TS     9 PTAMS 0x0000000552000000 NTAMS 0x0000000552000000 space 32768K,   0% used [0x0000000552000000, 0x0000000554000000)
AC   0  F    TS     9 PTAMS 0x0000000554000000 NTAMS 0x0000000554000000 space 32768K,   0% used [0x0000000554000000, 0x0000000556000000)

Card table byte_map: [0x0000000014870000,0x0000000015dc0000] byte_map_base: 0x0000000011fc0000

Marking Bits (Prev, Next): (CMBitMap*) 0x0000000002b94d58, (CMBitMap*) 0x0000000002b94db0
 Prev Bits: [0x0000000017310000, 0x0000000021d90000)
 Next Bits: [0x0000000021d90000, 0x000000002c810000)

Polling page: 0x0000000000f70000

CodeCache: size=245760Kb used=25204Kb max_used=25223Kb free=220555Kb
 bounds [0x0000000002c00000, 0x00000000044c0000, 0x0000000011c00000]
 total_blobs=9655 nmethods=8344 adapters=1221
 compilation: enabled

Compilation events (10 events):
Event: 12.881 Thread 0x0000000030e4d000 nmethod 9921 0x00000000044acd10 code [0x00000000044acec0, 0x00000000044ad4d0]
Event: 12.891 Thread 0x0000000030e4d000 9922       3       com.mojang.datafixers.schemas.Schema::getType (53 bytes)
Event: 12.891 Thread 0x0000000030e4d000 nmethod 9922 0x00000000044ab4d0 code [0x00000000044ab720, 0x00000000044ac658]
Event: 12.891 Thread 0x0000000030e4d000 9923       3       com.mojang.datafixers.schemas.Schema$$Lambda$1393/23678523::get$Lambda (9 bytes)
Event: 12.891 Thread 0x0000000030e4d000 nmethod 9923 0x00000000044a0f90 code [0x00000000044a1100, 0x00000000044a13b0]
Event: 12.892 Thread 0x0000000030e4d000 9924       3       com.mojang.datafixers.schemas.Schema$$Lambda$1393/23678523::<init> (10 bytes)
Event: 12.892 Thread 0x0000000030e4d000 nmethod 9924 0x00000000044ab090 code [0x00000000044ab200, 0x00000000044ab410]
Event: 12.925 Thread 0x0000000030e4d000 9925       3       java.util.Arrays::fill (28 bytes)
Event: 12.926 Thread 0x0000000030e4d000 nmethod 9925 0x00000000044aab90 code [0x00000000044aad00, 0x00000000044aaf68]
Event: 12.982 Thread 0x0000000030e45000 9926       4       org.objectweb.asm.ClassReader::readField (671 bytes)

GC Heap History (10 events):
Event: 12.340 GC heap after
Heap after GC invocations=42 (full 0):
 garbage-first heap   total 1048576K, used 253814K [0x0000000516000000, 0x0000000518000100, 0x00000007c0000000)
  region size 32768K, 2 young (65536K), 2 survivors (65536K)
 Metaspace       used 61072K, capacity 67330K, committed 67484K, reserved 1105920K
  class space    used 8556K, capacity 10098K, committed 10188K, reserved 1048576K
}
Event: 12.487 GC heap before
{Heap before GC invocations=42 (full 0):
 garbage-first heap   total 1048576K, used 712566K [0x0000000516000000, 0x0000000518000100, 0x00000007c0000000)
  region size 32768K, 17 young (557056K), 2 survivors (65536K)
 Metaspace       used 61085K, capacity 67330K, committed 67484K, reserved 1105920K
  class space    used 8556K, capacity 10098K, committed 10188K, reserved 1048576K
Event: 12.506 GC heap after
Heap after GC invocations=43 (full 0):
 garbage-first heap   total 1048576K, used 257157K [0x0000000516000000, 0x0000000518000100, 0x00000007c0000000)
  region size 32768K, 2 young (65536K), 2 survivors (65536K)
 Metaspace       used 61085K, capacity 67330K, committed 67484K, reserved 1105920K
  class space    used 8556K, capacity 10098K, committed 10188K, reserved 1048576K
}
Event: 12.609 GC heap before
{Heap before GC invocations=43 (full 0):
 garbage-first heap   total 1048576K, used 715909K [0x0000000516000000, 0x0000000518000100, 0x00000007c0000000)
  region size 32768K, 16 young (524288K), 2 survivors (65536K)
 Metaspace       used 61085K, capacity 67330K, committed 67484K, reserved 1105920K
  class space    used 8556K, capacity 10098K, committed 10188K, reserved 1048576K
Event: 12.628 GC heap after
Heap after GC invocations=44 (full 0):
 garbage-first heap   total 1048576K, used 261457K [0x0000000516000000, 0x0000000518000100, 0x00000007c0000000)
  region size 32768K, 2 young (65536K), 2 survivors (65536K)
 Metaspace       used 61085K, capacity 67330K, committed 67484K, reserved 1105920K
  class space    used 8556K, capacity 10098K, committed 10188K, reserved 1048576K
}
Event: 12.835 GC heap before
{Heap before GC invocations=44 (full 0):
 garbage-first heap   total 1048576K, used 720209K [0x0000000516000000, 0x0000000518000100, 0x00000007c0000000)
  region size 32768K, 16 young (524288K), 2 survivors (65536K)
 Metaspace       used 61085K, capacity 67330K, committed 67484K, reserved 1105920K
  class space    used 8556K, capacity 10098K, committed 10188K, reserved 1048576K
Event: 12.855 GC heap after
Heap after GC invocations=45 (full 0):
 garbage-first heap   total 1048576K, used 245901K [0x0000000516000000, 0x0000000518000100, 0x00000007c0000000)
  region size 32768K, 1 young (32768K), 1 survivors (32768K)
 Metaspace       used 61085K, capacity 67330K, committed 67484K, reserved 1105920K
  class space    used 8556K, capacity 10098K, committed 10188K, reserved 1048576K
}
Event: 12.959 GC heap before
{Heap before GC invocations=45 (full 0):
 garbage-first heap   total 1048576K, used 770189K [0x0000000516000000, 0x0000000518000100, 0x00000007c0000000)
  region size 32768K, 17 young (557056K), 1 survivors (32768K)
 Metaspace       used 61088K, capacity 67334K, committed 67484K, reserved 1105920K
  class space    used 8556K, capacity 10098K, committed 10188K, reserved 1048576K
Event: 12.982 GC heap after
Heap after GC invocations=46 (full 0):
 garbage-first heap   total 1048576K, used 261734K [0x0000000516000000, 0x0000000518000100, 0x00000007c0000000)
  region size 32768K, 2 young (65536K), 2 survivors (65536K)
 Metaspace       used 61088K, capacity 67334K, committed 67484K, reserved 1105920K
  class space    used 8556K, capacity 10098K, committed 10188K, reserved 1048576K
}
Event: 13.047 GC heap before
{Heap before GC invocations=46 (full 0):
 garbage-first heap   total 1048576K, used 720486K [0x0000000516000000, 0x0000000518000100, 0x00000007c0000000)
  region size 32768K, 16 young (524288K), 2 survivors (65536K)
 Metaspace       used 61088K, capacity 67334K, committed 67484K, reserved 1105920K
  class space    used 8556K, capacity 10098K, committed 10188K, reserved 1048576K

Deoptimization events (10 events):
Event: 11.877 Thread 0x000000003e654800 Uncommon trap: reason=bimorphic action=maybe_recompile pc=0x0000000003ed1074 method=com.google.common.collect.ImmutableList.copyOf(Ljava/util/Collection;)Lcom/google/common/collect/ImmutableList; @ 11
Event: 11.877 Thread 0x000000003e654800 Uncommon trap: reason=bimorphic action=maybe_recompile pc=0x0000000003ed1074 method=com.google.common.collect.ImmutableList.copyOf(Ljava/util/Collection;)Lcom/google/common/collect/ImmutableList; @ 11
Event: 11.969 Thread 0x000000003e653800 Uncommon trap: reason=null_check action=make_not_entrant pc=0x00000000031623e4 method=com.mojang.datafixers.types.templates.Product$ProductType.equals(Ljava/lang/Object;ZZ)Z @ 1
Event: 12.063 Thread 0x000000003e654800 Uncommon trap: reason=unstable_if action=reinterpret pc=0x0000000004459a48 method=java.util.stream.MatchOps$1MatchSink.accept(Ljava/lang/Object;)V @ 24
Event: 12.064 Thread 0x000000003e654800 Uncommon trap: reason=class_check action=maybe_recompile pc=0x000000000412e598 method=com.google.common.collect.CollectCollectors.lambda$toImmutableMap$1(Ljava/util/function/Function;Ljava/util/function/Function;Lcom/google/common/collect/ImmutableMap$BuilÓbı¢— (@
Event: 12.064 Thread 0x000000003e654800 Uncommon trap: reason=class_check action=maybe_recompile pc=0x000000000412e598 method=com.google.common.collect.CollectCollectors.lambda$toImmutableMap$1(Ljava/util/function/Function;Ljava/util/function/Function;Lcom/google/common/collect/ImmutableMap$Buil
Event: 12.064 Thread 0x000000003e654800 Uncommon trap: reason=class_check action=maybe_recompile pc=0x000000000412e598 method=com.google.common.collect.CollectCollectors.lambda$toImmutableMap$1(Ljava/util/function/Function;Ljava/util/function/Function;Lcom/google/common/collect/ImmutableMap$BuilF∂Û˝‘ (@
Event: 12.064 Thread 0x000000003e654800 Uncommon trap: reason=class_check action=maybe_recompile pc=0x000000000412e598 method=com.google.common.collect.CollectCollectors.lambda$toImmutableMap$1(Ljava/util/function/Function;Ljava/util/function/Function;Lcom/google/common/collect/ImmutableMap$BuilÙ ò˛Ä~(@
Event: 12.247 Thread 0x000000003e654800 Uncommon trap: reason=class_check action=maybe_recompile pc=0x00000000043b68a8 method=sun.reflect.DelegatingMethodAccessorImpl.invoke(Ljava/lang/Object;[Ljava/lang/Object;)Ljava/lang/Object; @ 6
Event: 12.258 Thread 0x000000003e654800 Uncommon trap: reason=class_check action=maybe_recompile pc=0x00000000043b68a8 method=sun.reflect.DelegatingMethodAccessorImpl.invoke(Ljava/lang/Object;[Ljava/lang/Object;)Ljava/lang/Object; @ 6

Internal exceptions (10 events):
Event: 10.776 Thread 0x000000003e656000 Implicit null exception at 0x0000000003e6e00c to 0x0000000003e6e096
Event: 11.448 Thread 0x000000003e656000 Exception <a 'java/lang/NoSuchMethodError': java.lang.Object.lambda$rewrite$0(Lcom/mojang/datafixers/View;Lcom/mojang/datafixers/functions/PointFree;)Lcom/mojang/datafixers/View;> (0x000000054f47c848) thrown at [C:\re\workspace\8-2-build-windows-amd64-cygwŒ;©ä*'@
Event: 11.582 Thread 0x000000003e654800 Exception <a 'java/lang/NoSuchMethodError': java.lang.Object.func_232949_a_(Ljava/util/function/Supplier;Lnet/minecraft/util/ResourceLocation;)Lcom/mojang/serialization/DataResult;> (0x000000054b5d48e0) thrown at [C:\re\workspace\8-2-build-windows-amd64-cyLo.*'@
Event: 11.582 Thread 0x000000003e654800 Exception <a 'java/lang/NoSuchMethodError': java.lang.Object.func_232948_a_(Ljava/util/function/Supplier;Lnet/minecraft/tags/ITag;)Lcom/mojang/serialization/DataResult;> (0x000000054b5d8a18) thrown at [C:\re\workspace\8-2-build-windows-amd64-cygwin\jdk8u51.ê†¯1æ'@
Event: 11.871 Thread 0x000000003e654800 Exception <a 'java/lang/NoSuchMethodError': java.lang.Object.lambda$optionalFieldOf$2(Ljava/lang/Object;Ljava/util/Optional;)Ljava/lang/Object;> (0x000000053ebf1198) thrown at [C:\re\workspace\8-2-build-windows-amd64-cygwin\jdk8u51\3951\hotspot\src\share\v·ö;˙_æ'@
Event: 11.872 Thread 0x000000003e654800 Exception <a 'java/lang/NoSuchMethodError': java.lang.Object.lambda$optionalFieldOf$3(Ljava/lang/Object;Ljava/lang/Object;)Ljava/util/Optional;> (0x000000053ebf40a8) thrown at [C:\re\workspace\8-2-build-windows-amd64-cygwin\jdk8u51\3951\hotspot\src\share\v
Event: 11.951 Thread 0x000000003e654800 Exception <a 'java/lang/NoSuchMethodError': java.lang.Object.func_242924_a(Lcom/mojang/serialization/Codec;)Lcom/mojang/serialization/Codec;> (0x00000005527b6320) thrown at [C:\re\workspace\8-2-build-windows-amd64-cygwin\jdk8u51\3951\hotspot\src\share\vm\iæG¢<Ï'@
Event: 11.961 Thread 0x000000003e654800 Exception <a 'java/lang/NoSuchMethodError': java.lang.Object.func_242923_a(Lcom/mojang/datafixers/util/Either;)Lnet/minecraft/world/gen/feature/template/StructureProcessorList;> (0x000000055148a890) thrown at [C:\re\workspace\8-2-build-windows-amd64-cygwinQà€¸'@
Event: 11.969 Thread 0x000000003e653800 Implicit null exception at 0x0000000003162257 to 0x00000000031623d5
Event: 12.233 Thread 0x000000003e654800 Exception <a 'java/lang/IncompatibleClassChangeError': Found class java.lang.Object, but interface was expected> (0x0000000541476e90) thrown at [C:\re\workspace\8-2-build-windows-amd64-cygwin\jdk8u51\3951\hotspot\src\share\vm\interpreter\linkResolver.cpp, Oz:≤Mç%@

Events (10 events):
Event: 12.484 Executing VM operation: G1IncCollectionPause done
Event: 12.487 Executing VM operation: G1IncCollectionPause
Event: 12.506 Executing VM operation: G1IncCollectionPause done
Event: 12.608 Executing VM operation: G1IncCollectionPause
Event: 12.628 Executing VM operation: G1IncCollectionPause done
Event: 12.835 Executing VM operation: G1IncCollectionPause
Event: 12.856 Executing VM operation: G1IncCollectionPause done
Event: 12.959 Executing VM operation: G1IncCollectionPause
Event: 12.982 Executing VM operation: G1IncCollectionPause done
Event: 13.046 Executing VM operation: G1IncCollectionPause


Dynamic libraries:
0x00007ff745190000 - 0x00007ff7451c7000 	C:\Users\nrk47\AppData\Roaming\.minecraft\runtime\jre-legacy\windows\jre-legacy\bin\javaw.exe
0x00007ffe4fd20000 - 0x00007ffe4ff86000 	C:\WINDOWS\SYSTEM32\ntdll.dll
0x00007ffe4e280000 - 0x00007ffe4e349000 	C:\WINDOWS\System32\KERNEL32.DLL
0x00007ffe4cfd0000 - 0x00007ffe4d3ce000 	C:\WINDOWS\System32\KERNELBASE.dll
0x00007ffe4de10000 - 0x00007ffe4dec7000 	C:\WINDOWS\System32\ADVAPI32.dll
0x00007ffe4f9f0000 - 0x00007ffe4fa99000 	C:\WINDOWS\System32\msvcrt.dll
0x00007ffe4f850000 - 0x00007ffe4f8fa000 	C:\WINDOWS\System32\sechost.dll
0x00007ffe4db30000 - 0x00007ffe4dc48000 	C:\WINDOWS\System32\RPCRT4.dll
0x00007ffe4fac0000 - 0x00007ffe4fc87000 	C:\WINDOWS\System32\USER32.dll
0x00007ffe4d3e0000 - 0x00007ffe4d407000 	C:\WINDOWS\System32\win32u.dll
0x00007ffe4dd70000 - 0x00007ffe4dd9b000 	C:\WINDOWS\System32\GDI32.dll
0x00007ffe4d860000 - 0x00007ffe4d98a000 	C:\WINDOWS\System32\gdi32full.dll
0x00007ffe4d7b0000 - 0x00007ffe4d853000 	C:\WINDOWS\System32\msvcp_win.dll
0x00007ffe4d410000 - 0x00007ffe4d55c000 	C:\WINDOWS\System32\ucrtbase.dll
0x00007ffe2a070000 - 0x00007ffe2a302000 	C:\WINDOWS\WinSxS\amd64_microsoft.windows.common-controls_6595b64144ccf1df_6.0.26100.8875_none_3e0d5d42e32fe9dd\COMCTL32.dll
0x00007ffe4f900000 - 0x00007ffe4f932000 	C:\WINDOWS\System32\IMM32.DLL
0x0000000050040000 - 0x0000000050112000 	C:\Users\nrk47\AppData\Roaming\.minecraft\runtime\jre-legacy\windows\jre-legacy\bin\msvcr100.dll
0x00000000748b0000 - 0x0000000075133000 	C:\Users\nrk47\AppData\Roaming\.minecraft\runtime\jre-legacy\windows\jre-legacy\bin\server\jvm.dll
0x00007ffe4dd60000 - 0x00007ffe4dd68000 	C:\WINDOWS\System32\PSAPI.DLL
0x00007ffe49cf0000 - 0x00007ffe49cfa000 	C:\WINDOWS\SYSTEM32\WSOCK32.dll
0x00007ffe3ed70000 - 0x00007ffe3eda6000 	C:\WINDOWS\SYSTEM32\WINMM.dll
0x00007ffe45b80000 - 0x00007ffe45b8b000 	C:\WINDOWS\SYSTEM32\VERSION.dll
0x00007ffe4f940000 - 0x00007ffe4f9c0000 	C:\WINDOWS\System32\WS2_32.dll
0x0000000050030000 - 0x000000005003f000 	C:\Users\nrk47\AppData\Roaming\.minecraft\runtime\jre-legacy\windows\jre-legacy\bin\verify.dll
0x0000000050000000 - 0x0000000050029000 	C:\Users\nrk47\AppData\Roaming\.minecraft\runtime\jre-legacy\windows\jre-legacy\bin\java.dll
0x0000000076860000 - 0x0000000076876000 	C:\Users\nrk47\AppData\Roaming\.minecraft\runtime\jre-legacy\windows\jre-legacy\bin\zip.dll
0x00007ffe4e4f0000 - 0x00007ffe4ec82000 	C:\WINDOWS\System32\SHELL32.dll
0x00007ffe4a9c0000 - 0x00007ffe4b252000 	C:\WINDOWS\SYSTEM32\windows.storage.dll
0x00007ffe4f030000 - 0x00007ffe4f3b3000 	C:\WINDOWS\System32\combase.dll
0x00007ffe4edc0000 - 0x00007ffe4eeb7000 	C:\WINDOWS\System32\SHCORE.dll
0x00007ffe4dda0000 - 0x00007ffe4de07000 	C:\WINDOWS\System32\shlwapi.dll
0x00007ffe4ce60000 - 0x00007ffe4ce89000 	C:\WINDOWS\SYSTEM32\profapi.dll
0x0000000076850000 - 0x000000007685d000 	C:\Users\nrk47\AppData\Roaming\.minecraft\runtime\jre-legacy\windows\jre-legacy\bin\management.dll
0x0000000076830000 - 0x000000007684a000 	C:\Users\nrk47\AppData\Roaming\.minecraft\runtime\jre-legacy\windows\jre-legacy\bin\net.dll
0x00007ffe4c170000 - 0x00007ffe4c1dc000 	C:\WINDOWS\system32\mswsock.dll
0x00007ffe1ff40000 - 0x00007ffe1ff58000 	C:\WINDOWS\system32\napinsp.dll
0x00007ffe4b5d0000 - 0x00007ffe4b726000 	C:\WINDOWS\SYSTEM32\DNSAPI.dll
0x00007ffe4bf70000 - 0x00007ffe4bf7d000 	C:\WINDOWS\SYSTEM32\DSPARSE.dll
0x00007ffe4b590000 - 0x00007ffe4b5c3000 	C:\WINDOWS\SYSTEM32\IPHLPAPI.DLL
0x00007ffe4ec90000 - 0x00007ffe4ec9a000 	C:\WINDOWS\System32\NSI.dll
0x00007ffe201c0000 - 0x00007ffe201d3000 	C:\WINDOWS\System32\winrnr.dll
0x00007ffe1ff60000 - 0x00007ffe1ff82000 	C:\WINDOWS\system32\nlansp_c.dll
0x00007ffe201e0000 - 0x00007ffe201f6000 	C:\WINDOWS\system32\wshbth.dll
0x00007ffe3cf00000 - 0x00007ffe3cf86000 	C:\WINDOWS\System32\fwpuclnt.dll
0x00007ffe32e20000 - 0x00007ffe32e2b000 	C:\Windows\System32\rasadhlp.dll
0x0000000076810000 - 0x0000000076821000 	C:\Users\nrk47\AppData\Roaming\.minecraft\runtime\jre-legacy\windows\jre-legacy\bin\nio.dll
0x00000000767e0000 - 0x0000000076804000 	C:\Users\nrk47\AppData\Roaming\.minecraft\runtime\jre-legacy\windows\jre-legacy\bin\sunec.dll
0x00007ffe4c5a0000 - 0x00007ffe4c5bb000 	C:\WINDOWS\SYSTEM32\CRYPTSP.dll
0x00007ffe4bb40000 - 0x00007ffe4bb79000 	C:\WINDOWS\system32\rsaenh.dll
0x00007ffe4c230000 - 0x00007ffe4c262000 	C:\WINDOWS\SYSTEM32\USERENV.dll
0x00007ffe4ce30000 - 0x00007ffe4ce5a000 	C:\WINDOWS\SYSTEM32\bcrypt.dll
0x00007ffe4d990000 - 0x00007ffe4da3c000 	C:\WINDOWS\System32\bcryptprimitives.dll
0x00007ffe4c3e0000 - 0x00007ffe4c3ec000 	C:\WINDOWS\SYSTEM32\CRYPTBASE.dll
0x00007ffd33fb0000 - 0x00007ffd34022000 	C:\Users\nrk47\AppData\Roaming\.minecraft\versions\CrimsonCraft\natives\lwjgl.dll
0x00007ffd33170000 - 0x00007ffd333c1000 	C:\Users\nrk47\AppData\Roaming\.minecraft\versions\CrimsonCraft\natives\jemalloc.dll
0x00007ffd34240000 - 0x00007ffd3429e000 	C:\Users\nrk47\AppData\Roaming\.minecraft\versions\CrimsonCraft\natives\glfw.dll
0x00007ffe4a050000 - 0x00007ffe4a0f9000 	C:\WINDOWS\system32\uxtheme.dll
0x00007ffd8d0e0000 - 0x00007ffd8d12b000 	C:\WINDOWS\SYSTEM32\dinput8.dll
0x00007ffdfbb50000 - 0x00007ffdfbb6b000 	C:\WINDOWS\SYSTEM32\xinput1_4.dll
0x00007ffe4caa0000 - 0x00007ffe4caf1000 	C:\WINDOWS\SYSTEM32\cfgmgr32.dll
0x00007ffe4ca60000 - 0x00007ffe4ca8f000 	C:\WINDOWS\SYSTEM32\DEVOBJ.dll
0x00007ffe4a2f0000 - 0x00007ffe4a31f000 	C:\WINDOWS\SYSTEM32\dwmapi.dll
0x00007ffe16ff0000 - 0x00007ffe171d4000 	C:\WINDOWS\SYSTEM32\inputhost.dll
0x00007ffe49a10000 - 0x00007ffe49b35000 	C:\WINDOWS\SYSTEM32\CoreMessaging.dll
0x00007ffe4eec0000 - 0x00007ffe4f01d000 	C:\WINDOWS\System32\MSCTF.dll
0x00007ffe4bbe0000 - 0x00007ffe4bbfb000 	C:\WINDOWS\SYSTEM32\kernel.appcore.dll
0x00007ffe4b260000 - 0x00007ffe4b26f000 	C:\WINDOWS\SYSTEM32\HID.DLL
0x00007ffe4f3c0000 - 0x00007ffe4f847000 	C:\WINDOWS\System32\SETUPAPI.DLL
0x00007ffe4cf40000 - 0x00007ffe4cfc3000 	C:\WINDOWS\System32\WINTRUST.dll
0x00007ffe4d570000 - 0x00007ffe4d6e8000 	C:\WINDOWS\System32\CRYPT32.dll
0x00007ffe4c610000 - 0x00007ffe4c623000 	C:\WINDOWS\SYSTEM32\MSASN1.dll
0x00007ffd844f0000 - 0x00007ffd845fc000 	C:\WINDOWS\SYSTEM32\opengl32.dll
0x00007ffd844b0000 - 0x00007ffd844dd000 	C:\WINDOWS\SYSTEM32\GLU32.dll
0x00007ffe4a130000 - 0x00007ffe4a176000 	C:\WINDOWS\SYSTEM32\dxcore.dll
0x00007ffe2bc10000 - 0x00007ffe2bc2a000 	C:\WINDOWS\SYSTEM32\windows.staterepositorycore.dll
0x00007ffd81870000 - 0x00007ffd84195000 	C:\WINDOWS\System32\DriverStore\FileRepository\nv_dispig.inf_amd64_f4c7a2fd13e0f763\nvoglv64.dll
0x00007ffe4e350000 - 0x00007ffe4e4e9000 	C:\WINDOWS\System32\ole32.dll
0x00007ffe4da50000 - 0x00007ffe4db29000 	C:\WINDOWS\System32\OLEAUT32.dll
0x00007ffe49ed0000 - 0x00007ffe49ef9000 	C:\WINDOWS\SYSTEM32\WTSAPI32.dll
0x00007ffe4be90000 - 0x00007ffe4bed9000 	C:\WINDOWS\SYSTEM32\SspiCli.dll
0x00007ffe45b40000 - 0x00007ffe45b7b000 	C:\WINDOWS\SYSTEM32\cryptnet.dll
0x00007ffe4c4a0000 - 0x00007ffe4c50a000 	C:\WINDOWS\SYSTEM32\wldp.dll
0x00007ffe459c0000 - 0x00007ffe45b39000 	C:\WINDOWS\SYSTEM32\drvstore.dll
0x00007ffe4bd10000 - 0x00007ffe4bd46000 	C:\WINDOWS\SYSTEM32\ntmarta.dll
0x00007ffe4eca0000 - 0x00007ffe4ecc0000 	C:\WINDOWS\System32\imagehlp.dll
0x00007ffe409b0000 - 0x00007ffe456af000 	C:\WINDOWS\System32\DriverStore\FileRepository\nv_dispig.inf_amd64_f4c7a2fd13e0f763\nvgpucomp64.dll
0x00007ffd95010000 - 0x00007ffd95157000 	C:\WINDOWS\system32\nvspcap64.dll
0x00007ffe4cda0000 - 0x00007ffe4cdfe000 	C:\WINDOWS\SYSTEM32\powrprof.dll
0x00007ffe4ccd0000 - 0x00007ffe4cce4000 	C:\WINDOWS\SYSTEM32\UMPDC.dll
0x00007ffe4cb00000 - 0x00007ffe4cb61000 	C:\WINDOWS\SYSTEM32\WINSTA.dll
0x00007ffd33f30000 - 0x00007ffd33faf000 	C:\Users\nrk47\AppData\Roaming\.minecraft\versions\CrimsonCraft\natives\lwjgl_stb.dll
0x00007ffe29d60000 - 0x00007ffe29e1f000 	C:\WINDOWS\SYSTEM32\mscms.dll
0x00007ffd33ee0000 - 0x00007ffd33f29000 	C:\WINDOWS\SYSTEM32\icm32.dll
0x00007ffe28de0000 - 0x00007ffe28f27000 	C:\WINDOWS\SYSTEM32\textinputframework.dll
0x00007ffe29e90000 - 0x00007ffe29f03000 	C:\WINDOWS\system32\Oleacc.dll
0x00007ffd33110000 - 0x00007ffd33168000 	C:\Users\nrk47\AppData\Roaming\.minecraft\versions\CrimsonCraft\natives\lwjgl_opengl.dll
0x00007ffe3d0b0000 - 0x00007ffe3d2f2000 	C:\WINDOWS\SYSTEM32\dbghelp.dll

VM Arguments:
jvm_args: -Dos.name=Windows 10 -Dos.version=10.0 -Xmx10881M -XX:+UnlockExperimentalVMOptions -XX:+UseG1GC -XX:G1NewSizePercent=20 -XX:G1ReservePercent=20 -XX:MaxGCPauseMillis=50 -XX:G1HeapRegionSize=32M -Dfml.ignoreInvalidMinecraftCertificates=true -Dfml.ignorePatchDiscrepancies=true -Djava.net.preferIPv4Stack=true -XX:HeapDumpPath=MojangTricksIntelDriversForPerformance_javaw.exe_minecraft.exe.heapdump -Xss1M -Djava.library.path=C:\Users\nrk47\AppData\Roaming\.minecraft\versions\CrimsonCraft\natives -Dminecraft.launcher.brand=minecraft-launcher -Dminecraft.launcher.version=2.3.173 -XX:+IgnoreUnrecognizedVMOptions --add-exports=java.base/sun.security.util=ALL-UNNAMED --add-exports=jdk.naming.dns/com.sun.jndi.dns=java.naming --add-opens=java.base/java.util.jar=ALL-UNNAMED -Dminecraft.applet.TargetDirectory=C:\Users\nrk47\AppData\Roaming\.minecraft\versions\CrimsonCraft -DlibraryDirectory=C:\Users\nrk47\AppData\Roaming\.minecraft\libraries -Dcountry=RO -Dlog4j.configurationFile=C:\Users\nrk47\AppData\Roaming\.minecraft\assets\log_configs\client-1.12.xml -DLibLoader.modsFolder=C:\Users\nrk47\AppData\Roaming\.minecraft\versions\CrimsonCraft\mods 
java_command: cpw.mods.modlauncher.Launcher --username SZN_Nero --version CrimsonCraft --gameDir C:\Users\nrk47\AppData\Roaming\.minecraft\versions\CrimsonCraft --assetsDir C:\Users\nrk47\AppData\Roaming\.minecraft\assets --assetIndex 1.16 --uuid 123eddbd-cdd4-11ef-af44-9c6b00470e68 --accessToken null --userType mojang --versionType modified --width 925 --height 530 --launchTarget fmlclient --fml.forgeVersion 36.2.42 --fml.mcVersion 1.16.5 --fml.forgeGroup net.minecraftforge --fml.mcpVersion 20210115.111550
java_class_path (initial): C:\Users\nrk47\AppData\Roaming\.minecraft\libraries\net\minecraftforge\forge\1.16.5-36.2.42\forge-1.16.5-36.2.42.jar;C:\Users\nrk47\AppData\Roaming\.minecraft\libraries\org\ow2\asm\asm\9.6\asm-9.6.jar;C:\Users\nrk47\AppData\Roaming\.minecraft\libraries\org\ow2\asm\asm-commons\9.6\asm-commons-9.6.jar;C:\Users\nrk47\AppData\Roaming\.minecraft\libraries\org\ow2\asm\asm-tree\9.6\asm-tree-9.6.jar;C:\Users\nrk47\AppData\Roaming\.minecraft\libraries\org\ow2\asm\asm-util\9.6\asm-util-9.6.jar;C:\Users\nrk47\AppData\Roaming\.minecraft\libraries\org\ow2\asm\asm-analysis\9.6\asm-analysis-9.6.jar;C:\Users\nrk47\AppData\Roaming\.minecraft\libraries\cpw\mods\modlauncher\8.1.3\modlauncher-8.1.3.jar;C:\Users\nrk47\AppData\Roaming\.minecraft\libraries\cpw\mods\grossjava9hacks\1.3.3\grossjava9hacks-1.3.3.jar;C:\Users\nrk47\AppData\Roaming\.minecraft\libraries\net\minecraftforge\accesstransformers\3.0.1\accesstransformers-3.0.1.jar;C:\Users\nrk47\AppData\Roaming\.minecraft\libraries\org\antlr\antlr4-runtime\4.9.1\antlr4-runtime-4.9.1.jar;C:\Users\nrk47\AppData\Roaming\.minecraft\libraries\net\minecraftforge\eventbus\4.0.0\eventbus-4.0.0.jar;C:\Users\nrk47\AppData\Roaming\.minecraft\libraries\net\minecraftforge\forgespi\3.2.0\forgespi-3.2.0.jar;C:\Users\nrk47\AppData\Roaming\.minecraft\libraries\net\minecraftforge\coremods\4.0.6\coremods-4.0.6.jar;C:\Users\nrk47\AppData\Roaming\.minecraft\libraries\net\minecraftforge\unsafe\0.2.0\unsafe-0.2.0.jar;C:\Users\nrk47\AppData\Roaming\.minecraft\libraries\com\electronwill\night-config\core\3.6.3\core-3.6.3.jar;C:\Users\nrk47\AppData\Roaming\.minecraft\libraries\com\electronwill\night-config\toml\3.6.3\toml-3.6.3.jar;C:\Users\nrk47\AppData\Roaming\.minecraft\libraries\org\jline\jline\3.12.1\jline-3.12.1.jar;C:\Users\nrk47\AppData\Roaming\.minecraft\libraries\org\apache\maven\maven-artifact\3.6.3\maven-artifact-3.6.3.jar;C:\Users\nrk47\AppData\Roaming\.minecraft\libraries\net\jodah\typetools\0.8.3\typetools-0.8.3.jar;
Launcher Type: SUN_STANDARD

Environment Variables:
PATH=C:\Program Files\Eclipse Foundation\jdk-16.0.2.7-hotspot\bin;C:\Program Files\Common Files\Oracle\Java\javapath;C:\Program Files (x86)\Common Files\Oracle\Java\java8path;C:\Program Files (x86)\Common Files\Oracle\Java\javapath;C:\Program Files\ImageMagick-7.1.2-Q16-HDRI;C:\Program Files (x86)\Razer Chroma SDK\bin;C:\Program Files\Razer Chroma SDK\bin;C:\WINDOWS\system32;C:\WINDOWS;C:\WINDOWS\System32\Wbem;C:\WINDOWS\System32\WindowsPowerShell\v1.0\;C:\WINDOWS\System32\OpenSSH\;C:\WINDOWS\system32\config\systemprofile\AppData\Local\Microsoft\WindowsApps;C:\Program Files (x86)\Razer\ChromaBroadcast\bin;C:\Program Files\Razer\ChromaBroadcast\bin;C:\Users\nrk47\AppData\Local\Microsoft\WindowsApps;;C:\Program Files (x86)\NVIDIA Corporation\PhysX\Common;C:\Program Files\playit_gg\bin\;C:\Program Files\dotnet\;C:\Program Files\Cloudflare\Cloudflare WARP\;C:\Program Files\NVIDIA Corporation\NVIDIA App\NvDLISR;C:\Users\nrk47\AppData\Local\Microsoft\WindowsApps;C:\Users\nrk47\AppData\Local\Programs\Microsoft VS Code\bin;C:\Users\nrk47\AppData\Local\Python\bin;C:\Users\nrk47\.dotnet\tools;C:\Users\nrk47\AppData\Local\spicetify;C:\Users\nrk47\AppData\Local\Kingsoft\WPS Office\12.1.0.27458\clitool;C:\Program Files\Eclipse Foundation\jdk-16.0.2.7-hotspot\bin
USERNAME=nrk47
OS=Windows_NT
PROCESSOR_IDENTIFIER=Intel64 Family 6 Model 158 Stepping 10, GenuineIntel



---------------  S Y S T E M  ---------------

OS: Windows 10.0 , 64 bit Build 26100 (10.0.26100.8875)

CPU:total 6 (6 cores per cpu, 1 threads per core) family 6 model 158 stepping 10, cmov, cx8, fxsr, mmx, sse, sse2, sse3, ssse3, sse4.1, sse4.2, popcnt, avx, avx2, aes, clmul, erms, 3dnowpref, lzcnt, tsc, tscinvbit, bmi1, bmi2, adx

Memory: 4k page, physical 16713748k(946836k free), swap 20924996k(429468k free)

vm_info: Java HotSpot(TM) 64-Bit Server VM (25.51-b03) for windows-amd64 JRE (1.8.0_51-b16), built on Jun  8 2015 18:03:07 by "java_re" with MS VC++ 10.0 (VS2010)

time: Thu Aug 13 14:00:24 2026
elapsed time: 27 seconds (0d 0h 0m 27s)

