#
# There is insufficient memory for the Java Runtime Environment to continue.
# Native memory allocation (mmap) failed to map 738197504 bytes for Failed to commit pages from 1900544 of length 180224
# Possible reasons:
#   The system is out of physical RAM or swap space
#   In 32 bit mode, the process size limit was hit
# Possible solutions:
#   Reduce memory load on the system
#   Increase physical memory or swap space
#   Check if swap backing store is full
#   Use 64 bit Java on a 64 bit OS
#   Decrease Java heap size (-Xmx/-Xms)
#   Decrease number of Java threads
#   Decrease Java thread stack sizes (-Xss)
#   Set larger code cache with -XX:ReservedCodeCacheSize=
# This output file may be truncated or incomplete.
#
#  Out of Memory Error (os_windows.cpp:3324), pid=17260, tid=21004
#
# JRE version: Java(TM) SE Runtime Environment (8.0_51-b16) (build 1.8.0_51-b16)
# Java VM: Java HotSpot(TM) 64-Bit Server VM (25.51-b03 mixed mode windows-amd64 compressed oops)
# Failed to write core dump. Minidumps are not enabled by default on client versions of Windows
#

---------------  T H R E A D  ---------------

Current thread (0x0000000031876800):  VMThread [stack: 0x0000000031910000,0x0000000031a10000] [id=21004]

Stack: [0x0000000031910000,0x0000000031a10000]
[error occurred during error reporting (printing stack bounds), id 0xc0000005]

Native frames: (J=compiled Java code, j=interpreted, Vv=VM code, C=native code)
V  [jvm.dll+0x32b4ca]
V  [jvm.dll+0x2797e3]
V  [jvm.dll+0x27a479]
V  [jvm.dll+0x293446]
V  [jvm.dll+0x297d3c]
V  [jvm.dll+0x5ca9cf]
C  [msvcr100.dll+0x712e3]
V  [jvm.dll+0x5ca0cd]
C  [ntdll.dll+0x16479f]
C  [ntdll.dll+0x45e97]
C  [ntdll.dll+0x1640de]
V  [jvm.dll+0x21bbc1]

VM_Operation (0x000000003d07ea70): G1IncCollectionPause, mode: safepoint, requested by thread 0x00000000340f5800


---------------  P R O C E S S  ---------------

Java Threads: ( => current thread )
  0x00000000420ce800 JavaThread "Worker-Bootstrap-5" daemon [_thread_blocked, id=9740, stack(0x0000000047300000,0x0000000047400000)]
  0x00000000420ce000 JavaThread "Worker-Bootstrap-4" daemon [_thread_blocked, id=19588, stack(0x0000000047200000,0x0000000047300000)]
  0x00000000420cd000 JavaThread "Worker-Bootstrap-3" daemon [_thread_blocked, id=21064, stack(0x0000000047100000,0x0000000047200000)]
  0x00000000420c9800 JavaThread "Worker-Bootstrap-2" daemon [_thread_blocked, id=9116, stack(0x00000000459b0000,0x0000000045ab0000)]
  0x00000000420cc800 JavaThread "Worker-Bootstrap-1" daemon [_thread_blocked, id=7152, stack(0x00000000436a0000,0x00000000437a0000)]
  0x00000000420ca000 JavaThread "pool-3-thread-1" [_thread_blocked, id=21448, stack(0x000000003c2b0000,0x000000003c3b0000)]
  0x000000003ec5b000 JavaThread "pool-2-thread-1" daemon [_thread_blocked, id=17852, stack(0x0000000040050000,0x0000000040150000)]
  0x00000000340f5800 JavaThread "Thread-3" daemon [_thread_blocked, id=5792, stack(0x000000003cf80000,0x000000003d080000)]
  0x0000000033864000 JavaThread "Thread-2" daemon [_thread_in_native, id=12472, stack(0x0000000034e20000,0x0000000034f20000)]
  0x0000000033d24800 JavaThread "Thread-1" daemon [_thread_blocked, id=1616, stack(0x0000000034d20000,0x0000000034e20000)]
  0x0000000032258800 JavaThread "Service Thread" daemon [_thread_blocked, id=19556, stack(0x0000000032610000,0x0000000032710000)]
  0x00000000318ed000 JavaThread "C1 CompilerThread2" daemon [_thread_blocked, id=19544, stack(0x0000000032110000,0x0000000032210000)]
  0x00000000318e8800 JavaThread "C2 CompilerThread1" daemon [_thread_blocked, id=9060, stack(0x0000000032010000,0x0000000032110000)]
  0x00000000318e4000 JavaThread "C2 CompilerThread0" daemon [_thread_blocked, id=20396, stack(0x0000000031f10000,0x0000000032010000)]
  0x00000000318e2000 JavaThread "Attach Listener" daemon [_thread_blocked, id=20196, stack(0x0000000031e10000,0x0000000031f10000)]
  0x0000000031899800 JavaThread "Signal Dispatcher" daemon [_thread_blocked, id=17684, stack(0x0000000031d10000,0x0000000031e10000)]
  0x0000000031898800 JavaThread "Surrogate Locker Thread (Concurrent GC)" daemon [_thread_blocked, id=18900, stack(0x0000000031c10000,0x0000000031d10000)]
  0x0000000031884000 JavaThread "Finalizer" daemon [_thread_blocked, id=16920, stack(0x0000000031b10000,0x0000000031c10000)]
  0x000000003187e000 JavaThread "Reference Handler" daemon [_thread_blocked, id=17012, stack(0x0000000031a10000,0x0000000031b10000)]
  0x0000000003584800 JavaThread "main" [_thread_blocked, id=18844, stack(0x0000000003480000,0x0000000003580000)]

Other Threads:
=>0x0000000031876800 VMThread [stack: 0x0000000031910000,0x0000000031a10000] [id=21004]
  0x000000003190e000 WatcherThread [stack: 0x0000000032710000,0x0000000032810000] [id=15240]

VM state:at safepoint (normal execution)

VM Mutex/Monitor currently owned by a thread:  ([mutex/lock_event])
[0x0000000003582fe0] Threads_lock - owner thread: 0x0000000031876800
[0x00000000035830e0] Heap_lock - owner thread: 0x00000000340f5800

Heap:
 garbage-first heap   total 8323072K, used 308560K [0x0000000516000000, 0x00000005180007f0, 0x00000007c0000000)
  region size 32768K, 2 young (65536K), 2 survivors (65536K)
 Metaspace       used 64260K, capacity 70744K, committed 70992K, reserved 1110016K
  class space    used 9198K, capacity 10858K, committed 10880K, reserved 1048576K

Heap Regions: (Y=young(eden), SU=young(survivor), HS=humongous(starts), HC=humongous(continues), CS=collection set, F=free, TS=gc time stamp, PTAMS=previous top-at-mark-start, NTAMS=next top-at-mark-start)
AC   0  O    TS     0 PTAMS 0x0000000518000000 NTAMS 0x0000000518000000 space 32768K, 100% used [0x0000000516000000, 0x0000000518000000)
AC   0  O    TS     0 PTAMS 0x000000051a000000 NTAMS 0x000000051a000000 space 32768K, 100% used [0x0000000518000000, 0x000000051a000000)
AC   0  O    TS     0 PTAMS 0x000000051c000000 NTAMS 0x000000051c000000 space 32768K, 100% used [0x000000051a000000, 0x000000051c000000)
AC   0  O    TS     0 PTAMS 0x000000051e000000 NTAMS 0x000000051e000000 space 32768K, 100% used [0x000000051c000000, 0x000000051e000000)
AC   0  O    TS     1 PTAMS 0x000000051ebaa600 NTAMS 0x000000051ebaa600 space 32768K, 100% used [0x000000051e000000, 0x0000000520000000)
AC   0  O    TS     3 PTAMS 0x0000000520000000 NTAMS 0x0000000520000000 space 32768K, 100% used [0x0000000520000000, 0x0000000522000000)
AC   0  O    TS    13 PTAMS 0x0000000522000000 NTAMS 0x0000000522000000 space 32768K,  65% used [0x0000000522000000, 0x0000000524000000)
AC   0  F    TS     0 PTAMS 0x0000000524000000 NTAMS 0x0000000524000000 space 32768K,   0% used [0x0000000524000000, 0x0000000526000000)
AC   0  O    TS     0 PTAMS 0x0000000528000000 NTAMS 0x0000000528000000 space 32768K, 100% used [0x0000000526000000, 0x0000000528000000)
AC   0  F    TS     0 PTAMS 0x0000000528000000 NTAMS 0x0000000528000000 space 32768K,   0% used [0x0000000528000000, 0x000000052a000000)
AC   0  F    TS     0 PTAMS 0x000000052a000000 NTAMS 0x000000052a000000 space 32768K,   0% used [0x000000052a000000, 0x000000052c000000)
AC   0  F    TS     1 PTAMS 0x000000052c000000 NTAMS 0x000000052c000000 space 32768K,   0% used [0x000000052c000000, 0x000000052e000000)
AC   0  F    TS     0 PTAMS 0x000000052e000000 NTAMS 0x000000052e000000 space 32768K,   0% used [0x000000052e000000, 0x0000000530000000)
AC   0  F    TS     0 PTAMS 0x0000000530000000 NTAMS 0x0000000530000000 space 32768K,   0% used [0x0000000530000000, 0x0000000532000000)
AC   0  F    TS     0 PTAMS 0x0000000532000000 NTAMS 0x0000000532000000 space 32768K,   0% used [0x0000000532000000, 0x0000000534000000)
AC   0  F    TS     0 PTAMS 0x0000000534000000 NTAMS 0x0000000534000000 space 32768K,   0% used [0x0000000534000000, 0x0000000536000000)
AC   0  F    TS     0 PTAMS 0x0000000536000000 NTAMS 0x0000000536000000 space 32768K,   0% used [0x0000000536000000, 0x0000000538000000)
AC   0  F    TS     0 PTAMS 0x0000000538000000 NTAMS 0x0000000538000000 space 32768K,   0% used [0x0000000538000000, 0x000000053a000000)
AC   0  F    TS     1 PTAMS 0x000000053a000000 NTAMS 0x000000053a000000 space 32768K,   0% used [0x000000053a000000, 0x000000053c000000)
AC   0  F    TS     1 PTAMS 0x000000053c000000 NTAMS 0x000000053c000000 space 32768K,   0% used [0x000000053c000000, 0x000000053e000000)
AC   0  F    TS     1 PTAMS 0x000000053e000000 NTAMS 0x000000053e000000 space 32768K,   0% used [0x000000053e000000, 0x0000000540000000)
AC   0  F    TS     1 PTAMS 0x0000000540000000 NTAMS 0x0000000540000000 space 32768K,   0% used [0x0000000540000000, 0x0000000542000000)
AC   0  F    TS     1 PTAMS 0x0000000542000000 NTAMS 0x0000000542000000 space 32768K,   0% used [0x0000000542000000, 0x0000000544000000)
AC   0  F    TS     1 PTAMS 0x0000000544000000 NTAMS 0x0000000544000000 space 32768K,   0% used [0x0000000544000000, 0x0000000546000000)
AC   0  F    TS     1 PTAMS 0x0000000546000000 NTAMS 0x0000000546000000 space 32768K,   0% used [0x0000000546000000, 0x0000000548000000)
AC   0  F    TS     1 PTAMS 0x0000000548000000 NTAMS 0x0000000548000000 space 32768K,   0% used [0x0000000548000000, 0x000000054a000000)
AC   0  F    TS     1 PTAMS 0x000000054a000000 NTAMS 0x000000054a000000 space 32768K,   0% used [0x000000054a000000, 0x000000054c000000)
AC   0  F    TS     1 PTAMS 0x000000054c000000 NTAMS 0x000000054c000000 space 32768K,   0% used [0x000000054c000000, 0x000000054e000000)
AC   0  F    TS     1 PTAMS 0x000000054e000000 NTAMS 0x000000054e000000 space 32768K,   0% used [0x000000054e000000, 0x0000000550000000)
AC   0  F    TS     3 PTAMS 0x0000000550000000 NTAMS 0x0000000550000000 space 32768K,   0% used [0x0000000550000000, 0x0000000552000000)
AC   0  F    TS     1 PTAMS 0x0000000552000000 NTAMS 0x0000000552000000 space 32768K,   0% used [0x0000000552000000, 0x0000000554000000)
AC   0  F    TS     1 PTAMS 0x0000000554000000 NTAMS 0x0000000554000000 space 32768K,   0% used [0x0000000554000000, 0x0000000556000000)
AC   0  F    TS     1 PTAMS 0x0000000556000000 NTAMS 0x0000000556000000 space 32768K,   0% used [0x0000000556000000, 0x0000000558000000)
AC   0  F    TS     1 PTAMS 0x0000000558000000 NTAMS 0x0000000558000000 space 32768K,   0% used [0x0000000558000000, 0x000000055a000000)
AC   0  F    TS     1 PTAMS 0x000000055a000000 NTAMS 0x000000055a000000 space 32768K,   0% used [0x000000055a000000, 0x000000055c000000)
AC   0  F    TS     1 PTAMS 0x000000055c000000 NTAMS 0x000000055c000000 space 32768K,   0% used [0x000000055c000000, 0x000000055e000000)
AC   0  F    TS     3 PTAMS 0x000000055e000000 NTAMS 0x000000055e000000 space 32768K,   0% used [0x000000055e000000, 0x0000000560000000)
AC   0  F    TS     3 PTAMS 0x0000000560000000 NTAMS 0x0000000560000000 space 32768K,   0% used [0x0000000560000000, 0x0000000562000000)
AC   0  F    TS     3 PTAMS 0x0000000562000000 NTAMS 0x0000000562000000 space 32768K,   0% used [0x0000000562000000, 0x0000000564000000)
AC   0  F    TS     3 PTAMS 0x0000000564000000 NTAMS 0x0000000564000000 space 32768K,   0% used [0x0000000564000000, 0x0000000566000000)
AC   0  F    TS     3 PTAMS 0x0000000566000000 NTAMS 0x0000000566000000 space 32768K,   0% used [0x0000000566000000, 0x0000000568000000)
AC   0  F    TS     3 PTAMS 0x0000000568000000 NTAMS 0x0000000568000000 space 32768K,   0% used [0x0000000568000000, 0x000000056a000000)
AC   0  F    TS     3 PTAMS 0x000000056a000000 NTAMS 0x000000056a000000 space 32768K,   0% used [0x000000056a000000, 0x000000056c000000)
AC   0  F    TS     3 PTAMS 0x000000056c000000 NTAMS 0x000000056c000000 space 32768K,   0% used [0x000000056c000000, 0x000000056e000000)
AC   0  F    TS     3 PTAMS 0x000000056e000000 NTAMS 0x000000056e000000 space 32768K,   0% used [0x000000056e000000, 0x0000000570000000)
AC   0  F    TS     3 PTAMS 0x0000000570000000 NTAMS 0x0000000570000000 space 32768K,   0% used [0x0000000570000000, 0x0000000572000000)
AC   0  F    TS     3 PTAMS 0x0000000572000000 NTAMS 0x0000000572000000 space 32768K,   0% used [0x0000000572000000, 0x0000000574000000)
AC   0  F    TS     3 PTAMS 0x0000000574000000 NTAMS 0x0000000574000000 space 32768K,   0% used [0x0000000574000000, 0x0000000576000000)
AC   0  F    TS     3 PTAMS 0x0000000576000000 NTAMS 0x0000000576000000 space 32768K,   0% used [0x0000000576000000, 0x0000000578000000)
AC   0  F    TS     3 PTAMS 0x0000000578000000 NTAMS 0x0000000578000000 space 32768K,   0% used [0x0000000578000000, 0x000000057a000000)
AC   0  F    TS     3 PTAMS 0x000000057a000000 NTAMS 0x000000057a000000 space 32768K,   0% used [0x000000057a000000, 0x000000057c000000)
AC   0  F    TS     3 PTAMS 0x000000057c000000 NTAMS 0x000000057c000000 space 32768K,   0% used [0x000000057c000000, 0x000000057e000000)
AC   0  F    TS     3 PTAMS 0x000000057e000000 NTAMS 0x000000057e000000 space 32768K,   0% used [0x000000057e000000, 0x0000000580000000)
AC   0  F    TS     3 PTAMS 0x0000000580000000 NTAMS 0x0000000580000000 space 32768K,   0% used [0x0000000580000000, 0x0000000582000000)
AC   0  F    TS     3 PTAMS 0x0000000582000000 NTAMS 0x0000000582000000 space 32768K,   0% used [0x0000000582000000, 0x0000000584000000)
AC   0  F    TS     3 PTAMS 0x0000000584000000 NTAMS 0x0000000584000000 space 32768K,   0% used [0x0000000584000000, 0x0000000586000000)
AC   0  F    TS     3 PTAMS 0x0000000586000000 NTAMS 0x0000000586000000 space 32768K,   0% used [0x0000000586000000, 0x0000000588000000)
AC   0  F    TS     5 PTAMS 0x0000000588000000 NTAMS 0x0000000588000000 space 32768K,   0% used [0x0000000588000000, 0x000000058a000000)
AC   0  F    TS     3 PTAMS 0x000000058a000000 NTAMS 0x000000058a000000 space 32768K,   0% used [0x000000058a000000, 0x000000058c000000)
AC   0  F    TS     3 PTAMS 0x000000058c000000 NTAMS 0x000000058c000000 space 32768K,   0% used [0x000000058c000000, 0x000000058e000000)
AC   0  F    TS     3 PTAMS 0x000000058e000000 NTAMS 0x000000058e000000 space 32768K,   0% used [0x000000058e000000, 0x0000000590000000)
AC   0  F    TS     3 PTAMS 0x0000000590000000 NTAMS 0x0000000590000000 space 32768K,   0% used [0x0000000590000000, 0x0000000592000000)
AC   0  F    TS     3 PTAMS 0x0000000592000000 NTAMS 0x0000000592000000 space 32768K,   0% used [0x0000000592000000, 0x0000000594000000)
AC   0  F    TS     3 PTAMS 0x0000000594000000 NTAMS 0x0000000594000000 space 32768K,   0% used [0x0000000594000000, 0x0000000596000000)
AC   0  F    TS     3 PTAMS 0x0000000596000000 NTAMS 0x0000000596000000 space 32768K,   0% used [0x0000000596000000, 0x0000000598000000)
AC   0  F    TS     3 PTAMS 0x0000000598000000 NTAMS 0x0000000598000000 space 32768K,   0% used [0x0000000598000000, 0x000000059a000000)
AC   0  F    TS     3 PTAMS 0x000000059a000000 NTAMS 0x000000059a000000 space 32768K,   0% used [0x000000059a000000, 0x000000059c000000)
AC   0  F    TS     3 PTAMS 0x000000059c000000 NTAMS 0x000000059c000000 space 32768K,   0% used [0x000000059c000000, 0x000000059e000000)
AC   0  F    TS     3 PTAMS 0x000000059e000000 NTAMS 0x000000059e000000 space 32768K,   0% used [0x000000059e000000, 0x00000005a0000000)
AC   0  F    TS     3 PTAMS 0x00000005a0000000 NTAMS 0x00000005a0000000 space 32768K,   0% used [0x00000005a0000000, 0x00000005a2000000)
AC   0  F    TS     3 PTAMS 0x00000005a2000000 NTAMS 0x00000005a2000000 space 32768K,   0% used [0x00000005a2000000, 0x00000005a4000000)
AC   0  F    TS     3 PTAMS 0x00000005a4000000 NTAMS 0x00000005a4000000 space 32768K,   0% used [0x00000005a4000000, 0x00000005a6000000)
AC   0  F    TS     5 PTAMS 0x00000005a6000000 NTAMS 0x00000005a6000000 space 32768K,   0% used [0x00000005a6000000, 0x00000005a8000000)
AC   0  F    TS     5 PTAMS 0x00000005a8000000 NTAMS 0x00000005a8000000 space 32768K,   0% used [0x00000005a8000000, 0x00000005aa000000)
AC   0  F    TS     5 PTAMS 0x00000005aa000000 NTAMS 0x00000005aa000000 space 32768K,   0% used [0x00000005aa000000, 0x00000005ac000000)
AC   0  F    TS     5 PTAMS 0x00000005ac000000 NTAMS 0x00000005ac000000 space 32768K,   0% used [0x00000005ac000000, 0x00000005ae000000)
AC   0  F    TS     5 PTAMS 0x00000005ae000000 NTAMS 0x00000005ae000000 space 32768K,   0% used [0x00000005ae000000, 0x00000005b0000000)
AC   0  F    TS     5 PTAMS 0x00000005b0000000 NTAMS 0x00000005b0000000 space 32768K,   0% used [0x00000005b0000000, 0x00000005b2000000)
AC   0  F    TS     5 PTAMS 0x00000005b2000000 NTAMS 0x00000005b2000000 space 32768K,   0% used [0x00000005b2000000, 0x00000005b4000000)
AC   0  F    TS     5 PTAMS 0x00000005b4000000 NTAMS 0x00000005b4000000 space 32768K,   0% used [0x00000005b4000000, 0x00000005b6000000)
AC   0  F    TS     5 PTAMS 0x00000005b6000000 NTAMS 0x00000005b6000000 space 32768K,   0% used [0x00000005b6000000, 0x00000005b8000000)
AC   0  F    TS     5 PTAMS 0x00000005b8000000 NTAMS 0x00000005b8000000 space 32768K,   0% used [0x00000005b8000000, 0x00000005ba000000)
AC   0  F    TS     5 PTAMS 0x00000005ba000000 NTAMS 0x00000005ba000000 space 32768K,   0% used [0x00000005ba000000, 0x00000005bc000000)
AC   0  F    TS     5 PTAMS 0x00000005bc000000 NTAMS 0x00000005bc000000 space 32768K,   0% used [0x00000005bc000000, 0x00000005be000000)
AC   0  F    TS     7 PTAMS 0x00000005be000000 NTAMS 0x00000005be000000 space 32768K,   0% used [0x00000005be000000, 0x00000005c0000000)
AC   0  F    TS     5 PTAMS 0x00000005c0000000 NTAMS 0x00000005c0000000 space 32768K,   0% used [0x00000005c0000000, 0x00000005c2000000)
AC   0  F    TS     5 PTAMS 0x00000005c2000000 NTAMS 0x00000005c2000000 space 32768K,   0% used [0x00000005c2000000, 0x00000005c4000000)
AC   0  F    TS     5 PTAMS 0x00000005c4000000 NTAMS 0x00000005c4000000 space 32768K,   0% used [0x00000005c4000000, 0x00000005c6000000)
AC   0  F    TS     5 PTAMS 0x00000005c6000000 NTAMS 0x00000005c6000000 space 32768K,   0% used [0x00000005c6000000, 0x00000005c8000000)
AC   0  F    TS     5 PTAMS 0x00000005c8000000 NTAMS 0x00000005c8000000 space 32768K,   0% used [0x00000005c8000000, 0x00000005ca000000)
AC   0  F    TS     5 PTAMS 0x00000005ca000000 NTAMS 0x00000005ca000000 space 32768K,   0% used [0x00000005ca000000, 0x00000005cc000000)
AC   0  F    TS     5 PTAMS 0x00000005cc000000 NTAMS 0x00000005cc000000 space 32768K,   0% used [0x00000005cc000000, 0x00000005ce000000)
AC   0  F    TS     5 PTAMS 0x00000005ce000000 NTAMS 0x00000005ce000000 space 32768K,   0% used [0x00000005ce000000, 0x00000005d0000000)
AC   0  F    TS     5 PTAMS 0x00000005d0000000 NTAMS 0x00000005d0000000 space 32768K,   0% used [0x00000005d0000000, 0x00000005d2000000)
AC   0  F    TS     5 PTAMS 0x00000005d2000000 NTAMS 0x00000005d2000000 space 32768K,   0% used [0x00000005d2000000, 0x00000005d4000000)
AC   0  F    TS     5 PTAMS 0x00000005d4000000 NTAMS 0x00000005d4000000 space 32768K,   0% used [0x00000005d4000000, 0x00000005d6000000)
AC   0  F    TS     5 PTAMS 0x00000005d6000000 NTAMS 0x00000005d6000000 space 32768K,   0% used [0x00000005d6000000, 0x00000005d8000000)
AC   0  F    TS     5 PTAMS 0x00000005d8000000 NTAMS 0x00000005d8000000 space 32768K,   0% used [0x00000005d8000000, 0x00000005da000000)
AC   0  F    TS     5 PTAMS 0x00000005da000000 NTAMS 0x00000005da000000 space 32768K,   0% used [0x00000005da000000, 0x00000005dc000000)
AC   0  F    TS     5 PTAMS 0x00000005dc000000 NTAMS 0x00000005dc000000 space 32768K,   0% used [0x00000005dc000000, 0x00000005de000000)
AC   0  F    TS     5 PTAMS 0x00000005de000000 NTAMS 0x00000005de000000 space 32768K,   0% used [0x00000005de000000, 0x00000005e0000000)
AC   0  F    TS     5 PTAMS 0x00000005e0000000 NTAMS 0x00000005e0000000 space 32768K,   0% used [0x00000005e0000000, 0x00000005e2000000)
AC   0  F    TS     5 PTAMS 0x00000005e2000000 NTAMS 0x00000005e2000000 space 32768K,   0% used [0x00000005e2000000, 0x00000005e4000000)
AC   0  F    TS     5 PTAMS 0x00000005e4000000 NTAMS 0x00000005e4000000 space 32768K,   0% used [0x00000005e4000000, 0x00000005e6000000)
AC   0  F    TS     5 PTAMS 0x00000005e6000000 NTAMS 0x00000005e6000000 space 32768K,   0% used [0x00000005e6000000, 0x00000005e8000000)
AC   0  F    TS     5 PTAMS 0x00000005e8000000 NTAMS 0x00000005e8000000 space 32768K,   0% used [0x00000005e8000000, 0x00000005ea000000)
AC   0  F    TS     5 PTAMS 0x00000005ea000000 NTAMS 0x00000005ea000000 space 32768K,   0% used [0x00000005ea000000, 0x00000005ec000000)
AC   0  F    TS     5 PTAMS 0x00000005ec000000 NTAMS 0x00000005ec000000 space 32768K,   0% used [0x00000005ec000000, 0x00000005ee000000)
AC   0  F    TS     5 PTAMS 0x00000005ee000000 NTAMS 0x00000005ee000000 space 32768K,   0% used [0x00000005ee000000, 0x00000005f0000000)
AC   0  F    TS     5 PTAMS 0x00000005f0000000 NTAMS 0x00000005f0000000 space 32768K,   0% used [0x00000005f0000000, 0x00000005f2000000)
AC   0  F    TS     5 PTAMS 0x00000005f2000000 NTAMS 0x00000005f2000000 space 32768K,   0% used [0x00000005f2000000, 0x00000005f4000000)
AC   0  F    TS     5 PTAMS 0x00000005f4000000 NTAMS 0x00000005f4000000 space 32768K,   0% used [0x00000005f4000000, 0x00000005f6000000)
AC   0  F    TS     5 PTAMS 0x00000005f6000000 NTAMS 0x00000005f6000000 space 32768K,   0% used [0x00000005f6000000, 0x00000005f8000000)
AC   0  F    TS     5 PTAMS 0x00000005f8000000 NTAMS 0x00000005f8000000 space 32768K,   0% used [0x00000005f8000000, 0x00000005fa000000)
AC   0  F    TS     5 PTAMS 0x00000005fa000000 NTAMS 0x00000005fa000000 space 32768K,   0% used [0x00000005fa000000, 0x00000005fc000000)
AC   0  F    TS     5 PTAMS 0x00000005fc000000 NTAMS 0x00000005fc000000 space 32768K,   0% used [0x00000005fc000000, 0x00000005fe000000)
AC   0  F    TS     5 PTAMS 0x00000005fe000000 NTAMS 0x00000005fe000000 space 32768K,   0% used [0x00000005fe000000, 0x0000000600000000)
AC   0  F    TS     5 PTAMS 0x0000000600000000 NTAMS 0x0000000600000000 space 32768K,   0% used [0x0000000600000000, 0x0000000602000000)
AC   0  F    TS     5 PTAMS 0x0000000602000000 NTAMS 0x0000000602000000 space 32768K,   0% used [0x0000000602000000, 0x0000000604000000)
AC   0  F    TS     5 PTAMS 0x0000000604000000 NTAMS 0x0000000604000000 space 32768K,   0% used [0x0000000604000000, 0x0000000606000000)
AC   0  F    TS     5 PTAMS 0x0000000606000000 NTAMS 0x0000000606000000 space 32768K,   0% used [0x0000000606000000, 0x0000000608000000)
AC   0  F    TS     5 PTAMS 0x0000000608000000 NTAMS 0x0000000608000000 space 32768K,   0% used [0x0000000608000000, 0x000000060a000000)
AC   0  F    TS     5 PTAMS 0x000000060a000000 NTAMS 0x000000060a000000 space 32768K,   0% used [0x000000060a000000, 0x000000060c000000)
AC   0  F    TS     5 PTAMS 0x000000060c000000 NTAMS 0x000000060c000000 space 32768K,   0% used [0x000000060c000000, 0x000000060e000000)
AC   0  F    TS     5 PTAMS 0x000000060e000000 NTAMS 0x000000060e000000 space 32768K,   0% used [0x000000060e000000, 0x0000000610000000)
AC   0  F    TS     5 PTAMS 0x0000000610000000 NTAMS 0x0000000610000000 space 32768K,   0% used [0x0000000610000000, 0x0000000612000000)
AC   0  F    TS     7 PTAMS 0x0000000612000000 NTAMS 0x0000000612000000 space 32768K,   0% used [0x0000000612000000, 0x0000000614000000)
AC   0  F    TS     7 PTAMS 0x0000000614000000 NTAMS 0x0000000614000000 space 32768K,   0% used [0x0000000614000000, 0x0000000616000000)
AC   0  F    TS     7 PTAMS 0x0000000616000000 NTAMS 0x0000000616000000 space 32768K,   0% used [0x0000000616000000, 0x0000000618000000)
AC   0  F    TS     7 PTAMS 0x0000000618000000 NTAMS 0x0000000618000000 space 32768K,   0% used [0x0000000618000000, 0x000000061a000000)
AC   0  F    TS     7 PTAMS 0x000000061a000000 NTAMS 0x000000061a000000 space 32768K,   0% used [0x000000061a000000, 0x000000061c000000)
AC   0  F    TS     7 PTAMS 0x000000061c000000 NTAMS 0x000000061c000000 space 32768K,   0% used [0x000000061c000000, 0x000000061e000000)
AC   0  F    TS     7 PTAMS 0x000000061e000000 NTAMS 0x000000061e000000 space 32768K,   0% used [0x000000061e000000, 0x0000000620000000)
AC   0  F    TS     7 PTAMS 0x0000000620000000 NTAMS 0x0000000620000000 space 32768K,   0% used [0x0000000620000000, 0x0000000622000000)
AC   0  F    TS     7 PTAMS 0x0000000622000000 NTAMS 0x0000000622000000 space 32768K,   0% used [0x0000000622000000, 0x0000000624000000)
AC   0  F    TS     9 PTAMS 0x0000000624000000 NTAMS 0x0000000624000000 space 32768K,   0% used [0x0000000624000000, 0x0000000626000000)
AC   0  F    TS     9 PTAMS 0x0000000626000000 NTAMS 0x0000000626000000 space 32768K,   0% used [0x0000000626000000, 0x0000000628000000)
AC   0  F    TS     7 PTAMS 0x0000000628000000 NTAMS 0x0000000628000000 space 32768K,   0% used [0x0000000628000000, 0x000000062a000000)
AC   0  F    TS     7 PTAMS 0x000000062a000000 NTAMS 0x000000062a000000 space 32768K,   0% used [0x000000062a000000, 0x000000062c000000)
AC   0  F    TS     7 PTAMS 0x000000062c000000 NTAMS 0x000000062c000000 space 32768K,   0% used [0x000000062c000000, 0x000000062e000000)
AC   0  F    TS     7 PTAMS 0x000000062e000000 NTAMS 0x000000062e000000 space 32768K,   0% used [0x000000062e000000, 0x0000000630000000)
AC   0  F    TS     7 PTAMS 0x0000000630000000 NTAMS 0x0000000630000000 space 32768K,   0% used [0x0000000630000000, 0x0000000632000000)
AC   0  F    TS     7 PTAMS 0x0000000632000000 NTAMS 0x0000000632000000 space 32768K,   0% used [0x0000000632000000, 0x0000000634000000)
AC   0  F    TS     7 PTAMS 0x0000000634000000 NTAMS 0x0000000634000000 space 32768K,   0% used [0x0000000634000000, 0x0000000636000000)
AC   0  F    TS     7 PTAMS 0x0000000636000000 NTAMS 0x0000000636000000 space 32768K,   0% used [0x0000000636000000, 0x0000000638000000)
AC   0  F    TS     7 PTAMS 0x0000000638000000 NTAMS 0x0000000638000000 space 32768K,   0% used [0x0000000638000000, 0x000000063a000000)
AC   0  F    TS     7 PTAMS 0x000000063a000000 NTAMS 0x000000063a000000 space 32768K,   0% used [0x000000063a000000, 0x000000063c000000)
AC   0  F    TS     7 PTAMS 0x000000063c000000 NTAMS 0x000000063c000000 space 32768K,   0% used [0x000000063c000000, 0x000000063e000000)
AC   0  F    TS     7 PTAMS 0x000000063e000000 NTAMS 0x000000063e000000 space 32768K,   0% used [0x000000063e000000, 0x0000000640000000)
AC   0  F    TS     7 PTAMS 0x0000000640000000 NTAMS 0x0000000640000000 space 32768K,   0% used [0x0000000640000000, 0x0000000642000000)
AC   0  F    TS     7 PTAMS 0x0000000642000000 NTAMS 0x0000000642000000 space 32768K,   0% used [0x0000000642000000, 0x0000000644000000)
AC   0  F    TS     7 PTAMS 0x0000000644000000 NTAMS 0x0000000644000000 space 32768K,   0% used [0x0000000644000000, 0x0000000646000000)
AC   0  F    TS     7 PTAMS 0x0000000646000000 NTAMS 0x0000000646000000 space 32768K,   0% used [0x0000000646000000, 0x0000000648000000)
AC   0  F    TS     7 PTAMS 0x0000000648000000 NTAMS 0x0000000648000000 space 32768K,   0% used [0x0000000648000000, 0x000000064a000000)
AC   0  F    TS     7 PTAMS 0x000000064a000000 NTAMS 0x000000064a000000 space 32768K,   0% used [0x000000064a000000, 0x000000064c000000)
AC   0  F    TS     7 PTAMS 0x000000064c000000 NTAMS 0x000000064c000000 space 32768K,   0% used [0x000000064c000000, 0x000000064e000000)
AC   0  F    TS     7 PTAMS 0x000000064e000000 NTAMS 0x000000064e000000 space 32768K,   0% used [0x000000064e000000, 0x0000000650000000)
AC   0  F    TS     7 PTAMS 0x0000000650000000 NTAMS 0x0000000650000000 space 32768K,   0% used [0x0000000650000000, 0x0000000652000000)
AC   0  F    TS     7 PTAMS 0x0000000652000000 NTAMS 0x0000000652000000 space 32768K,   0% used [0x0000000652000000, 0x0000000654000000)
AC   0  F    TS     7 PTAMS 0x0000000654000000 NTAMS 0x0000000654000000 space 32768K,   0% used [0x0000000654000000, 0x0000000656000000)
AC   0  F    TS     7 PTAMS 0x0000000656000000 NTAMS 0x0000000656000000 space 32768K,   0% used [0x0000000656000000, 0x0000000658000000)
AC   0  F    TS     7 PTAMS 0x0000000658000000 NTAMS 0x0000000658000000 space 32768K,   0% used [0x0000000658000000, 0x000000065a000000)
AC   0  F    TS     7 PTAMS 0x000000065a000000 NTAMS 0x000000065a000000 space 32768K,   0% used [0x000000065a000000, 0x000000065c000000)
AC   0  F    TS     7 PTAMS 0x000000065c000000 NTAMS 0x000000065c000000 space 32768K,   0% used [0x000000065c000000, 0x000000065e000000)
AC   0  F    TS    11 PTAMS 0x000000065e000000 NTAMS 0x000000065e000000 space 32768K,   0% used [0x000000065e000000, 0x0000000660000000)
AC   0  F    TS    11 PTAMS 0x0000000660000000 NTAMS 0x0000000660000000 space 32768K,   0% used [0x0000000660000000, 0x0000000662000000)
AC   0  F    TS     7 PTAMS 0x0000000662000000 NTAMS 0x0000000662000000 space 32768K,   0% used [0x0000000662000000, 0x0000000664000000)
AC   0  F    TS     7 PTAMS 0x0000000664000000 NTAMS 0x0000000664000000 space 32768K,   0% used [0x0000000664000000, 0x0000000666000000)
AC   0  F    TS     7 PTAMS 0x0000000666000000 NTAMS 0x0000000666000000 space 32768K,   0% used [0x0000000666000000, 0x0000000668000000)
AC   0  F    TS     9 PTAMS 0x0000000668000000 NTAMS 0x0000000668000000 space 32768K,   0% used [0x0000000668000000, 0x000000066a000000)
AC   0  F    TS     9 PTAMS 0x000000066a000000 NTAMS 0x000000066a000000 space 32768K,   0% used [0x000000066a000000, 0x000000066c000000)
AC   0  F    TS     9 PTAMS 0x000000066c000000 NTAMS 0x000000066c000000 space 32768K,   0% used [0x000000066c000000, 0x000000066e000000)
AC   0  F    TS     9 PTAMS 0x000000066e000000 NTAMS 0x000000066e000000 space 32768K,   0% used [0x000000066e000000, 0x0000000670000000)
AC   0  F    TS     9 PTAMS 0x0000000670000000 NTAMS 0x0000000670000000 space 32768K,   0% used [0x0000000670000000, 0x0000000672000000)
AC   0  F    TS     9 PTAMS 0x0000000672000000 NTAMS 0x0000000672000000 space 32768K,   0% used [0x0000000672000000, 0x0000000674000000)
AC   0  F    TS     9 PTAMS 0x0000000674000000 NTAMS 0x0000000674000000 space 32768K,   0% used [0x0000000674000000, 0x0000000676000000)
AC   0  F    TS     9 PTAMS 0x0000000676000000 NTAMS 0x0000000676000000 space 32768K,   0% used [0x0000000676000000, 0x0000000678000000)
AC   0  F    TS     9 PTAMS 0x0000000678000000 NTAMS 0x0000000678000000 space 32768K,   0% used [0x0000000678000000, 0x000000067a000000)
AC   0  F    TS     9 PTAMS 0x000000067a000000 NTAMS 0x000000067a000000 space 32768K,   0% used [0x000000067a000000, 0x000000067c000000)
AC   0  F    TS     9 PTAMS 0x000000067c000000 NTAMS 0x000000067c000000 space 32768K,   0% used [0x000000067c000000, 0x000000067e000000)
AC   0  F    TS     9 PTAMS 0x000000067e000000 NTAMS 0x000000067e000000 space 32768K,   0% used [0x000000067e000000, 0x0000000680000000)
AC   0  F    TS     9 PTAMS 0x0000000680000000 NTAMS 0x0000000680000000 space 32768K,   0% used [0x0000000680000000, 0x0000000682000000)
AC   0  F    TS     9 PTAMS 0x0000000682000000 NTAMS 0x0000000682000000 space 32768K,   0% used [0x0000000682000000, 0x0000000684000000)
AC   0  F    TS     9 PTAMS 0x0000000684000000 NTAMS 0x0000000684000000 space 32768K,   0% used [0x0000000684000000, 0x0000000686000000)
AC   0  F    TS     9 PTAMS 0x0000000686000000 NTAMS 0x0000000686000000 space 32768K,   0% used [0x0000000686000000, 0x0000000688000000)
AC   0  F    TS     9 PTAMS 0x0000000688000000 NTAMS 0x0000000688000000 space 32768K,   0% used [0x0000000688000000, 0x000000068a000000)
AC   0  S CS TS    13 PTAMS 0x000000068a000000 NTAMS 0x000000068a000000 space 32768K,  76% used [0x000000068a000000, 0x000000068c000000)
AC   0  S CS TS    13 PTAMS 0x000000068c000000 NTAMS 0x000000068c000000 space 32768K, 100% used [0x000000068c000000, 0x000000068e000000)
AC   0  F    TS     9 PTAMS 0x000000068e000000 NTAMS 0x000000068e000000 space 32768K,   0% used [0x000000068e000000, 0x0000000690000000)
AC   0  F    TS     9 PTAMS 0x0000000690000000 NTAMS 0x0000000690000000 space 32768K,   0% used [0x0000000690000000, 0x0000000692000000)
AC   0  F    TS     9 PTAMS 0x0000000692000000 NTAMS 0x0000000692000000 space 32768K,   0% used [0x0000000692000000, 0x0000000694000000)
AC   0  F    TS     9 PTAMS 0x0000000694000000 NTAMS 0x0000000694000000 space 32768K,   0% used [0x0000000694000000, 0x0000000696000000)
AC   0  F    TS     9 PTAMS 0x0000000696000000 NTAMS 0x0000000696000000 space 32768K,   0% used [0x0000000696000000, 0x0000000698000000)
AC   0  F    TS     9 PTAMS 0x0000000698000000 NTAMS 0x0000000698000000 space 32768K,   0% used [0x0000000698000000, 0x000000069a000000)
AC   0  F    TS     9 PTAMS 0x000000069a000000 NTAMS 0x000000069a000000 space 32768K,   0% used [0x000000069a000000, 0x000000069c000000)
AC   0  F    TS     9 PTAMS 0x000000069c000000 NTAMS 0x000000069c000000 space 32768K,   0% used [0x000000069c000000, 0x000000069e000000)
AC   0  F    TS     9 PTAMS 0x000000069e000000 NTAMS 0x000000069e000000 space 32768K,   0% used [0x000000069e000000, 0x00000006a0000000)
AC   0  F    TS     9 PTAMS 0x00000006a0000000 NTAMS 0x00000006a0000000 space 32768K,   0% used [0x00000006a0000000, 0x00000006a2000000)
AC   0  F    TS     9 PTAMS 0x00000006a2000000 NTAMS 0x00000006a2000000 space 32768K,   0% used [0x00000006a2000000, 0x00000006a4000000)
AC   0  F    TS     9 PTAMS 0x00000006a4000000 NTAMS 0x00000006a4000000 space 32768K,   0% used [0x00000006a4000000, 0x00000006a6000000)
AC   0  F    TS     9 PTAMS 0x00000006a6000000 NTAMS 0x00000006a6000000 space 32768K,   0% used [0x00000006a6000000, 0x00000006a8000000)
AC   0  F    TS     9 PTAMS 0x00000006a8000000 NTAMS 0x00000006a8000000 space 32768K,   0% used [0x00000006a8000000, 0x00000006aa000000)
AC   0  F    TS     9 PTAMS 0x00000006aa000000 NTAMS 0x00000006aa000000 space 32768K,   0% used [0x00000006aa000000, 0x00000006ac000000)
AC   0  F    TS     9 PTAMS 0x00000006ac000000 NTAMS 0x00000006ac000000 space 32768K,   0% used [0x00000006ac000000, 0x00000006ae000000)
AC   0  F    TS    11 PTAMS 0x00000006ae000000 NTAMS 0x00000006ae000000 space 32768K,   0% used [0x00000006ae000000, 0x00000006b0000000)
AC   0  F    TS    11 PTAMS 0x00000006b0000000 NTAMS 0x00000006b0000000 space 32768K,   0% used [0x00000006b0000000, 0x00000006b2000000)
AC   0  F    TS    11 PTAMS 0x00000006b2000000 NTAMS 0x00000006b2000000 space 32768K,   0% used [0x00000006b2000000, 0x00000006b4000000)
AC   0  F    TS    11 PTAMS 0x00000006b4000000 NTAMS 0x00000006b4000000 space 32768K,   0% used [0x00000006b4000000, 0x00000006b6000000)
AC   0  F    TS    11 PTAMS 0x00000006b6000000 NTAMS 0x00000006b6000000 space 32768K,   0% used [0x00000006b6000000, 0x00000006b8000000)
AC   0  F    TS    11 PTAMS 0x00000006b8000000 NTAMS 0x00000006b8000000 space 32768K,   0% used [0x00000006b8000000, 0x00000006ba000000)
AC   0  F    TS    11 PTAMS 0x00000006ba000000 NTAMS 0x00000006ba000000 space 32768K,   0% used [0x00000006ba000000, 0x00000006bc000000)
AC   0  F    TS    11 PTAMS 0x00000006bc000000 NTAMS 0x00000006bc000000 space 32768K,   0% used [0x00000006bc000000, 0x00000006be000000)
AC   0  F    TS    11 PTAMS 0x00000006be000000 NTAMS 0x00000006be000000 space 32768K,   0% used [0x00000006be000000, 0x00000006c0000000)
AC   0  F    TS    11 PTAMS 0x00000006c0000000 NTAMS 0x00000006c0000000 space 32768K,   0% used [0x00000006c0000000, 0x00000006c2000000)
AC   0  F    TS    11 PTAMS 0x00000006c2000000 NTAMS 0x00000006c2000000 space 32768K,   0% used [0x00000006c2000000, 0x00000006c4000000)
AC   0  F    TS    11 PTAMS 0x00000006c4000000 NTAMS 0x00000006c4000000 space 32768K,   0% used [0x00000006c4000000, 0x00000006c6000000)
AC   0  F    TS    11 PTAMS 0x00000006c6000000 NTAMS 0x00000006c6000000 space 32768K,   0% used [0x00000006c6000000, 0x00000006c8000000)
AC   0  F    TS    11 PTAMS 0x00000006c8000000 NTAMS 0x00000006c8000000 space 32768K,   0% used [0x00000006c8000000, 0x00000006ca000000)
AC   0  F    TS    11 PTAMS 0x00000006ca000000 NTAMS 0x00000006ca000000 space 32768K,   0% used [0x00000006ca000000, 0x00000006cc000000)
AC   0  F    TS    11 PTAMS 0x00000006cc000000 NTAMS 0x00000006cc000000 space 32768K,   0% used [0x00000006cc000000, 0x00000006ce000000)
AC   0  F    TS    11 PTAMS 0x00000006ce000000 NTAMS 0x00000006ce000000 space 32768K,   0% used [0x00000006ce000000, 0x00000006d0000000)
AC   0  F    TS    11 PTAMS 0x00000006d0000000 NTAMS 0x00000006d0000000 space 32768K,   0% used [0x00000006d0000000, 0x00000006d2000000)
AC   0  F    TS    11 PTAMS 0x00000006d2000000 NTAMS 0x00000006d2000000 space 32768K,   0% used [0x00000006d2000000, 0x00000006d4000000)
AC   0  F    TS    11 PTAMS 0x00000006d4000000 NTAMS 0x00000006d4000000 space 32768K,   0% used [0x00000006d4000000, 0x00000006d6000000)
AC   0  F    TS    11 PTAMS 0x00000006d6000000 NTAMS 0x00000006d6000000 space 32768K,   0% used [0x00000006d6000000, 0x00000006d8000000)
AC   0  F    TS    11 PTAMS 0x00000006d8000000 NTAMS 0x00000006d8000000 space 32768K,   0% used [0x00000006d8000000, 0x00000006da000000)
AC   0  F    TS    11 PTAMS 0x00000006da000000 NTAMS 0x00000006da000000 space 32768K,   0% used [0x00000006da000000, 0x00000006dc000000)
AC   0  F    TS    11 PTAMS 0x00000006dc000000 NTAMS 0x00000006dc000000 space 32768K,   0% used [0x00000006dc000000, 0x00000006de000000)
AC   0  F    TS    11 PTAMS 0x00000006de000000 NTAMS 0x00000006de000000 space 32768K,   0% used [0x00000006de000000, 0x00000006e0000000)
AC   0  F    TS    11 PTAMS 0x00000006e0000000 NTAMS 0x00000006e0000000 space 32768K,   0% used [0x00000006e0000000, 0x00000006e2000000)
AC   0  F    TS    11 PTAMS 0x00000006e2000000 NTAMS 0x00000006e2000000 space 32768K,   0% used [0x00000006e2000000, 0x00000006e4000000)
AC   0  F    TS    11 PTAMS 0x00000006e4000000 NTAMS 0x00000006e4000000 space 32768K,   0% used [0x00000006e4000000, 0x00000006e6000000)

Card table byte_map: [0x00000000152f0000,0x0000000016840000] byte_map_base: 0x0000000012a40000

Marking Bits (Prev, Next): (CMBitMap*) 0x0000000003614db0, (CMBitMap*) 0x0000000003614d58
 Prev Bits: [0x0000000022810000, 0x000000002d290000)
 Next Bits: [0x0000000017d90000, 0x0000000022810000)

Polling page: 0x00000000019c0000

CodeCache: size=245760Kb used=27184Kb max_used=27184Kb free=218576Kb
 bounds [0x0000000003680000, 0x0000000005130000, 0x0000000012680000]
 total_blobs=9945 nmethods=8609 adapters=1246
 compilation: enabled

Compilation events (10 events):
Event: 19.943 Thread 0x00000000318e8800 10440       4       net.minecraft.util.math.shapes.VoxelShapes::func_197873_a (21 bytes)
Event: 19.948 Thread 0x00000000318e8800 nmethod 10440 0x0000000005120f10 code [0x00000000051210c0, 0x0000000005121588]
Event: 20.243 Thread 0x00000000318ed000 10451       3       org.objectweb.asm.Type::getDescriptor (93 bytes)
Event: 20.244 Thread 0x00000000318ed000 nmethod 10451 0x0000000004741690 code [0x00000000047418e0, 0x00000000047427e8]
Event: 20.570 Thread 0x00000000318e8800 10452       4       malte0811.ferritecore.impl.StateHolderImpl::populateNeighbors (168 bytes)
Event: 20.618 Thread 0x00000000318ed000 10455       3       java.util.Formatter$FixedString::print (18 bytes)
Event: 20.618 Thread 0x00000000318ed000 nmethod 10455 0x00000000043d5d50 code [0x00000000043d5ec0, 0x00000000043d6108]
Event: 20.640 Thread 0x00000000318ed000 10458       3       net.minecraft.util.math.shapes.VoxelShapes::func_199410_a (196 bytes)
Event: 21.001 Thread 0x00000000318ed000 nmethod 10458 0x000000000512b550 code [0x000000000512b860, 0x000000000512d318]
Event: 21.001 Thread 0x00000000318ed000 10460 %     3       net.minecraft.state.StateContainer::<init> @ 140 (252 bytes)

GC Heap History (10 events):
Event: 15.402 GC heap after
Heap after GC invocations=65 (full 0):
 garbage-first heap   total 2359296K, used 278739K [0x0000000516000000, 0x0000000518000240, 0x00000007c0000000)
  region size 32768K, 1 young (32768K), 1 survivors (32768K)
 Metaspace       used 59469K, capacity 65206K, committed 65488K, reserved 1105920K
  class space    used 8211K, capacity 9602K, committed 9728K, reserved 1048576K
}
Event: 15.835 GC heap before
{Heap before GC invocations=65 (full 0):
 garbage-first heap   total 2359296K, used 737491K [0x0000000516000000, 0x0000000518000240, 0x00000007c0000000)
  region size 32768K, 15 young (491520K), 1 survivors (32768K)
 Metaspace       used 59879K, capacity 65750K, committed 65872K, reserved 1105920K
  class space    used 8322K, capacity 9780K, committed 9856K, reserved 1048576K
Event: 15.866 GC heap after
Heap after GC invocations=66 (full 0):
 garbage-first heap   total 4128768K, used 267364K [0x0000000516000000, 0x00000005180003f0, 0x00000007c0000000)
  region size 32768K, 1 young (32768K), 1 survivors (32768K)
 Metaspace       used 59879K, capacity 65750K, committed 65872K, reserved 1105920K
  class space    used 8322K, capacity 9780K, committed 9856K, reserved 1048576K
}
Event: 16.917 GC heap before
{Heap before GC invocations=66 (full 0):
 garbage-first heap   total 4128768K, used 1610852K [0x0000000516000000, 0x00000005180003f0, 0x00000007c0000000)
  region size 32768K, 42 young (1376256K), 1 survivors (32768K)
 Metaspace       used 61635K, capacity 67884K, committed 68176K, reserved 1107968K
  class space    used 8690K, capacity 10283K, committed 10368K, reserved 1048576K
Event: 17.843 GC heap after
Heap after GC invocations=67 (full 0):
 garbage-first heap   total 5537792K, used 281794K [0x0000000516000000, 0x0000000518000548, 0x00000007c0000000)
  region size 32768K, 1 young (32768K), 1 survivors (32768K)
 Metaspace       used 61635K, capacity 67884K, committed 68176K, reserved 1107968K
  class space    used 8690K, capacity 10283K, committed 10368K, reserved 1048576K
}
Event: 18.766 GC heap before
{Heap before GC invocations=67 (full 0):
 garbage-first heap   total 5537792K, used 1330370K [0x0000000516000000, 0x0000000518000548, 0x00000007c0000000)
  region size 32768K, 33 young (1081344K), 1 survivors (32768K)
 Metaspace       used 63808K, capacity 70272K, committed 70480K, reserved 1110016K
  class space    used 9125K, capacity 10776K, committed 10880K, reserved 1048576K
Event: 19.104 GC heap after
Heap after GC invocations=68 (full 0):
 garbage-first heap   total 6684672K, used 293982K [0x0000000516000000, 0x0000000518000660, 0x00000007c0000000)
  region size 32768K, 2 young (65536K), 2 survivors (65536K)
 Metaspace       used 63808K, capacity 70272K, committed 70480K, reserved 1110016K
  class space    used 9125K, capacity 10776K, committed 10880K, reserved 1048576K
}
Event: 20.077 GC heap before
{Heap before GC invocations=68 (full 0):
 garbage-first heap   total 6684672K, used 1539166K [0x0000000516000000, 0x0000000518000660, 0x00000007c0000000)
  region size 32768K, 40 young (1310720K), 2 survivors (65536K)
 Metaspace       used 64209K, capacity 70734K, committed 70992K, reserved 1110016K
  class space    used 9189K, capacity 10853K, committed 10880K, reserved 1048576K
Event: 20.242 GC heap after
Heap after GC invocations=69 (full 0):
 garbage-first heap   total 7602176K, used 301378K [0x0000000516000000, 0x0000000518000740, 0x00000007c0000000)
  region size 32768K, 2 young (65536K), 2 survivors (65536K)
 Metaspace       used 64209K, capacity 70734K, committed 70992K, reserved 1110016K
  class space    used 9189K, capacity 10853K, committed 10880K, reserved 1048576K
}
Event: 25.514 GC heap before
{Heap before GC invocations=69 (full 0):
 garbage-first heap   total 7602176K, used 1743170K [0x0000000516000000, 0x0000000518000740, 0x00000007c0000000)
  region size 32768K, 46 young (1507328K), 2 survivors (65536K)
 Metaspace       used 64260K, capacity 70744K, committed 70992K, reserved 1110016K
  class space    used 9198K, capacity 10858K, committed 10880K, reserved 1048576K

Deoptimization events (10 events):
Event: 19.606 Thread 0x00000000420ca000 Uncommon trap: reason=class_check action=maybe_recompile pc=0x0000000003bf37c4 method=java.util.stream.ReferencePipeline$4$1.accept(Ljava/lang/Object;)V @ 12
Event: 19.606 Thread 0x00000000420ca000 Uncommon trap: reason=class_check action=maybe_recompile pc=0x0000000003ea2324 method=java.util.stream.ReduceOps$6ReducingSink.accept(I)V @ 30
Event: 19.606 Thread 0x00000000420ca000 Uncommon trap: reason=class_check action=maybe_recompile pc=0x0000000003bf37c4 method=java.util.stream.ReferencePipeline$4$1.accept(Ljava/lang/Object;)V @ 12
Event: 19.606 Thread 0x00000000420ca000 Uncommon trap: reason=class_check action=maybe_recompile pc=0x0000000003ea2324 method=java.util.stream.ReduceOps$6ReducingSink.accept(I)V @ 30
Event: 19.606 Thread 0x00000000420ca000 Uncommon trap: reason=class_check action=maybe_recompile pc=0x0000000003bf37c4 method=java.util.stream.ReferencePipeline$4$1.accept(Ljava/lang/Object;)V @ 12
Event: 19.606 Thread 0x00000000420ca000 Uncommon trap: reason=class_check action=maybe_recompile pc=0x0000000003ea2324 method=java.util.stream.ReduceOps$6ReducingSink.accept(I)V @ 30
Event: 19.606 Thread 0x00000000420ca000 Uncommon trap: reason=class_check action=maybe_recompile pc=0x0000000003ea2324 method=java.util.stream.ReduceOps$6ReducingSink.accept(I)V @ 30
Event: 19.875 Thread 0x00000000420ca000 Uncommon trap: reason=bimorphic action=maybe_recompile pc=0x0000000004d4b060 method=net.minecraft.util.math.shapes.IndirectMerger.<init>(Lit/unimi/dsi/fastutil/doubles/DoubleList;Lit/unimi/dsi/fastutil/doubles/DoubleList;ZZ)V @ 24
Event: 19.891 Thread 0x00000000420ca000 Uncommon trap: reason=bimorphic action=maybe_recompile pc=0x0000000004d4b060 method=net.minecraft.util.math.shapes.IndirectMerger.<init>(Lit/unimi/dsi/fastutil/doubles/DoubleList;Lit/unimi/dsi/fastutil/doubles/DoubleList;ZZ)V @ 24
Event: 20.614 Thread 0x00000000420ca000 Uncommon trap: reason=unstable_if action=reinterpret pc=0x0000000004b61d54 method=net.minecraft.state.IntegerProperty.equals(Ljava/lang/Object;)Z @ 11

Internal exceptions (10 events):
Event: 18.446 Thread 0x00000000420ca000 Exception <a 'java/lang/NoSuchMethodError': java.lang.Object.func_223256_c_(I)Ljava/lang/String;> (0x0000000641cabb08) thrown at [C:\re\workspace\8-2-build-windows-amd64-cygwin\jdk8u51\3951\hotspot\src\share\vm\interpreter\linkResolver.cpp, line 582]
Event: 18.447 Thread 0x00000000420ca000 Exception <a 'java/lang/NoSuchMethodError': java.lang.Object.func_223255_b_(I)Ljava/lang/String;> (0x0000000641cadae8) thrown at [C:\re\workspace\8-2-build-windows-amd64-cygwin\jdk8u51\3951\hotspot\src\share\vm\interpreter\linkResolver.cpp, line 582]
Event: 18.447 Thread 0x00000000420ca000 Exception <a 'java/lang/NoSuchMethodError': java.lang.Object.func_223253_a_(I)Ljava/lang/String;> (0x0000000641caf950) thrown at [C:\re\workspace\8-2-build-windows-amd64-cygwin\jdk8u51\3951\hotspot\src\share\vm\interpreter\linkResolver.cpp, line 582]
Event: 18.464 Thread 0x00000000420ca000 Exception <a 'java/lang/NoSuchMethodError': java.lang.Object.func_237128_a_(Lcom/mojang/serialization/Codec;)Lcom/mojang/serialization/Codec;> (0x000000063ea6e6a8) thrown at [C:\re\workspace\8-2-build-windows-amd64-cygwin\jdk8u51\3951\hotspot\src\share\vm\?è4fw2@
Event: 18.466 Thread 0x00000000420ca000 Exception <a 'java/lang/NoSuchMethodError': java.lang.Object.func_237106_a_(Lcom/mojang/serialization/Codec;)Lcom/mojang/serialization/Codec;> (0x000000063eaa5b00) thrown at [C:\re\workspace\8-2-build-windows-amd64-cygwin\jdk8u51\3951\hotspot\src\share\vm\µkBZc>4@
Event: 20.244 Thread 0x00000000420ca000 Exception <a 'java/lang/NoSuchMethodError': java.lang.Object.lambda$static$0(Lnet/minecraft/block/BlockState;Lnet/minecraft/world/World;Lnet/minecraft/util/math/BlockPos;Lnet/minecraft/entity/player/PlayerEntity;Lnet/minecraft/util/Hand;Lnet/minecraft/item¡ÙuoE„4@
Event: 20.517 Thread 0x00000000420ca000 Exception <a 'java/lang/NoSuchMethodError': java.lang.Object.lambda$createMap$1(Lit/unimi/dsi/fastutil/objects/Object2ObjectOpenHashMap;)V> (0x00000006e4530bf8) thrown at [C:\re\workspace\8-2-build-windows-amd64-cygwin\jdk8u51\3951\hotspot\src\share\vm\intÉi™VT„4@
Event: 20.517 Thread 0x00000000420ca000 Exception <a 'java/lang/NoSuchMethodError': java.lang.Object.lambda$static$2(Lnet/minecraft/block/BlockState;Lnet/minecraft/world/World;Lnet/minecraft/util/math/BlockPos;Lnet/minecraft/entity/player/PlayerEntity;Lnet/minecraft/util/Hand;Lnet/minecraft/itemr{87\„4@
Event: 20.517 Thread 0x00000000420ca000 Exception <a 'java/lang/NoSuchMethodError': java.lang.Object.lambda$static$3(Lnet/minecraft/block/BlockState;Lnet/minecraft/world/World;Lnet/minecraft/util/math/BlockPos;Lnet/minecraft/entity/player/PlayerEntity;Lnet/minecraft/util/Hand;Lnet/minecraft/itemÙ‰Üc„4@
Event: 20.517 Thread 0x00000000420ca000 Exception <a 'java/lang/NoSuchMethodError': java.lang.Object.lambda$static$4(Lnet/minecraft/block/BlockState;Lnet/minecraft/world/World;Lnet/minecraft/util/math/BlockPos;Lnet/minecraft/entity/player/PlayerEntity;Lnet/minecraft/util/Hand;Lnet/minecraft/item@„	Hr2@

Events (10 events):
Event: 20.517 loading class com/unlikepaladin/pfm/blocks/behavior/SinkBehavior
Event: 20.517 loading class com/unlikepaladin/pfm/blocks/behavior/SinkBehavior done
Event: 20.517 loading class net/minecraft/block/BlockState
Event: 20.517 loading class net/minecraft/block/BlockState done
Event: 20.517 loading class com/unlikepaladin/pfm/blocks/behavior/SinkBehavior
Event: 20.517 loading class com/unlikepaladin/pfm/blocks/behavior/SinkBehavior done
Event: 20.570 Thread 0x00000000420ca000 Uncommon trap: trap_request=0xffffff65 fr.pc=0x0000000004b61d54
Event: 20.614 Thread 0x00000000420ca000 DEOPT PACKING pc=0x0000000004b61d54 sp=0x000000003c3ac750
Event: 20.614 Thread 0x00000000420ca000 DEOPT UNPACKING pc=0x00000000036c582a sp=0x000000003c3ac6e0 mode 2
Event: 21.208 Executing VM operation: G1IncCollectionPause


Dynamic libraries:
0x00007ff63ff90000 - 0x00007ff63ffc7000 	C:\Users\nrk47\AppData\Roaming\.minecraft\runtime\jre-legacy\windows\jre-legacy\bin\javaw.exe
0x00007ffdd51a0000 - 0x00007ffdd5406000 	C:\WINDOWS\SYSTEM32\ntdll.dll
0x00007ffdd43e0000 - 0x00007ffdd44a9000 	C:\WINDOWS\System32\KERNEL32.DLL
0x00007ffdd26b0000 - 0x00007ffdd2aae000 	C:\WINDOWS\System32\KERNELBASE.dll
0x00007ffdd4a10000 - 0x00007ffdd4ac7000 	C:\WINDOWS\System32\ADVAPI32.dll
0x00007ffdd44b0000 - 0x00007ffdd4559000 	C:\WINDOWS\System32\msvcrt.dll
0x00007ffdd46d0000 - 0x00007ffdd477a000 	C:\WINDOWS\System32\sechost.dll
0x00007ffdd42c0000 - 0x00007ffdd43d8000 	C:\WINDOWS\System32\RPCRT4.dll
0x00007ffdd3770000 - 0x00007ffdd3937000 	C:\WINDOWS\System32\USER32.dll
0x00007ffdd2cb0000 - 0x00007ffdd2cd7000 	C:\WINDOWS\System32\win32u.dll
0x00007ffdd3740000 - 0x00007ffdd376b000 	C:\WINDOWS\System32\GDI32.dll
0x00007ffdd2da0000 - 0x00007ffdd2eca000 	C:\WINDOWS\System32\gdi32full.dll
0x00007ffdd23c0000 - 0x00007ffdd2463000 	C:\WINDOWS\System32\msvcp_win.dll
0x00007ffdd2ac0000 - 0x00007ffdd2c0c000 	C:\WINDOWS\System32\ucrtbase.dll
0x00007ffdb0600000 - 0x00007ffdb0892000 	C:\WINDOWS\WinSxS\amd64_microsoft.windows.common-controls_6595b64144ccf1df_6.0.26100.8875_none_3e0d5d42e32fe9dd\COMCTL32.dll
0x00007ffdd2ed0000 - 0x00007ffdd2f02000 	C:\WINDOWS\System32\IMM32.DLL
0x0000000052ef0000 - 0x0000000052fc2000 	C:\Users\nrk47\AppData\Roaming\.minecraft\runtime\jre-legacy\windows\jre-legacy\bin\msvcr100.dll
0x0000000052660000 - 0x0000000052ee3000 	C:\Users\nrk47\AppData\Roaming\.minecraft\runtime\jre-legacy\windows\jre-legacy\bin\server\jvm.dll
0x00007ffdd45e0000 - 0x00007ffdd45e8000 	C:\WINDOWS\System32\PSAPI.DLL
0x00007ffdcb000000 - 0x00007ffdcb00b000 	C:\WINDOWS\SYSTEM32\VERSION.dll
0x00007ffdc3a00000 - 0x00007ffdc3a36000 	C:\WINDOWS\SYSTEM32\WINMM.dll
0x00007ffdcbdd0000 - 0x00007ffdcbdda000 	C:\WINDOWS\SYSTEM32\WSOCK32.dll
0x00007ffdd47a0000 - 0x00007ffdd4820000 	C:\WINDOWS\System32\WS2_32.dll
0x0000000054390000 - 0x000000005439f000 	C:\Users\nrk47\AppData\Roaming\.minecraft\runtime\jre-legacy\windows\jre-legacy\bin\verify.dll
0x0000000054360000 - 0x0000000054389000 	C:\Users\nrk47\AppData\Roaming\.minecraft\runtime\jre-legacy\windows\jre-legacy\bin\java.dll
0x0000000054340000 - 0x0000000054356000 	C:\Users\nrk47\AppData\Roaming\.minecraft\runtime\jre-legacy\windows\jre-legacy\bin\zip.dll
0x00007ffdd2fa0000 - 0x00007ffdd3732000 	C:\WINDOWS\System32\SHELL32.dll
0x00007ffdcfe40000 - 0x00007ffdd06d2000 	C:\WINDOWS\SYSTEM32\windows.storage.dll
0x00007ffdd4d80000 - 0x00007ffdd5103000 	C:\WINDOWS\System32\combase.dll
0x00007ffdd4c40000 - 0x00007ffdd4d37000 	C:\WINDOWS\System32\SHCORE.dll
0x00007ffdd4bd0000 - 0x00007ffdd4c37000 	C:\WINDOWS\System32\shlwapi.dll
0x00007ffdd22e0000 - 0x00007ffdd2309000 	C:\WINDOWS\SYSTEM32\profapi.dll
0x0000000054330000 - 0x000000005433d000 	C:\Users\nrk47\AppData\Roaming\.minecraft\runtime\jre-legacy\windows\jre-legacy\bin\management.dll
0x0000000054310000 - 0x000000005432a000 	C:\Users\nrk47\AppData\Roaming\.minecraft\runtime\jre-legacy\windows\jre-legacy\bin\net.dll
0x00007ffdd15f0000 - 0x00007ffdd165c000 	C:\WINDOWS\system32\mswsock.dll
0x00007ffda5ba0000 - 0x00007ffda5bb8000 	C:\WINDOWS\system32\napinsp.dll
0x00007ffdd0a50000 - 0x00007ffdd0ba6000 	C:\WINDOWS\SYSTEM32\DNSAPI.dll
0x00007ffdd13f0000 - 0x00007ffdd13fd000 	C:\WINDOWS\SYSTEM32\DSPARSE.dll
0x00007ffdd0a10000 - 0x00007ffdd0a43000 	C:\WINDOWS\SYSTEM32\IPHLPAPI.DLL
0x00007ffdd4d70000 - 0x00007ffdd4d7a000 	C:\WINDOWS\System32\NSI.dll
0x00007ffda5bc0000 - 0x00007ffda5bd3000 	C:\WINDOWS\System32\winrnr.dll
0x00007ffda5b70000 - 0x00007ffda5b92000 	C:\WINDOWS\system32\nlansp_c.dll
0x00007ffda6ba0000 - 0x00007ffda6bb6000 	C:\WINDOWS\system32\wshbth.dll
0x00007ffdbcf80000 - 0x00007ffdbd006000 	C:\WINDOWS\System32\fwpuclnt.dll
0x00007ffdb6fd0000 - 0x00007ffdb6fdb000 	C:\Windows\System32\rasadhlp.dll
0x00000000542f0000 - 0x0000000054301000 	C:\Users\nrk47\AppData\Roaming\.minecraft\runtime\jre-legacy\windows\jre-legacy\bin\nio.dll
0x0000000052630000 - 0x0000000052654000 	C:\Users\nrk47\AppData\Roaming\.minecraft\runtime\jre-legacy\windows\jre-legacy\bin\sunec.dll
0x00007ffdd1a20000 - 0x00007ffdd1a3b000 	C:\WINDOWS\SYSTEM32\CRYPTSP.dll
0x00007ffdd0fc0000 - 0x00007ffdd0ff9000 	C:\WINDOWS\system32\rsaenh.dll
0x00007ffdd16b0000 - 0x00007ffdd16e2000 	C:\WINDOWS\SYSTEM32\USERENV.dll
0x00007ffdd22b0000 - 0x00007ffdd22da000 	C:\WINDOWS\SYSTEM32\bcrypt.dll
0x00007ffdd2ce0000 - 0x00007ffdd2d8c000 	C:\WINDOWS\System32\bcryptprimitives.dll
0x00007ffdd1860000 - 0x00007ffdd186c000 	C:\WINDOWS\SYSTEM32\CRYPTBASE.dll
0x00007ffd85f80000 - 0x00007ffd85ff2000 	C:\Users\nrk47\AppData\Roaming\.minecraft\versions\CrimsonCraft\natives\lwjgl.dll
0x00007ffd544f0000 - 0x00007ffd54741000 	C:\Users\nrk47\AppData\Roaming\.minecraft\versions\CrimsonCraft\natives\jemalloc.dll
0x00007ffd9fc30000 - 0x00007ffd9fc8e000 	C:\Users\nrk47\AppData\Roaming\.minecraft\versions\CrimsonCraft\natives\glfw.dll
0x00007ffdcf4d0000 - 0x00007ffdcf579000 	C:\WINDOWS\system32\uxtheme.dll
0x00007ffd021a0000 - 0x00007ffd021eb000 	C:\WINDOWS\SYSTEM32\dinput8.dll
0x00007ffd13460000 - 0x00007ffd1347b000 	C:\WINDOWS\SYSTEM32\xinput1_4.dll
0x00007ffdd1ee0000 - 0x00007ffdd1f31000 	C:\WINDOWS\SYSTEM32\cfgmgr32.dll
0x00007ffdd1f40000 - 0x00007ffdd1f6f000 	C:\WINDOWS\SYSTEM32\DEVOBJ.dll
0x00007ffdcf770000 - 0x00007ffdcf79f000 	C:\WINDOWS\SYSTEM32\dwmapi.dll
0x00007ffd9c8d0000 - 0x00007ffd9cab4000 	C:\WINDOWS\SYSTEM32\inputhost.dll
0x00007ffdcee90000 - 0x00007ffdcefb5000 	C:\WINDOWS\SYSTEM32\CoreMessaging.dll
0x00007ffdd3fb0000 - 0x00007ffdd410d000 	C:\WINDOWS\System32\MSCTF.dll
0x00007ffdd1060000 - 0x00007ffdd107b000 	C:\WINDOWS\SYSTEM32\kernel.appcore.dll
0x00007ffdd06e0000 - 0x00007ffdd06ef000 	C:\WINDOWS\SYSTEM32\HID.DLL
0x00007ffdd3b20000 - 0x00007ffdd3fa7000 	C:\WINDOWS\System32\SETUPAPI.DLL
0x00007ffdd2c20000 - 0x00007ffdd2ca3000 	C:\WINDOWS\System32\WINTRUST.dll
0x00007ffdd2530000 - 0x00007ffdd26a8000 	C:\WINDOWS\System32\CRYPT32.dll
0x00007ffdd1a90000 - 0x00007ffdd1aa3000 	C:\WINDOWS\SYSTEM32\MSASN1.dll
0x00007ffd26d80000 - 0x00007ffd26e8c000 	C:\WINDOWS\SYSTEM32\opengl32.dll
0x00007ffdba180000 - 0x00007ffdba1ad000 	C:\WINDOWS\SYSTEM32\GLU32.dll
0x00007ffdcf5b0000 - 0x00007ffdcf5f6000 	C:\WINDOWS\SYSTEM32\dxcore.dll
0x00007ffdb2580000 - 0x00007ffdb259a000 	C:\WINDOWS\SYSTEM32\windows.staterepositorycore.dll
0x00007ffcf5a60000 - 0x00007ffcf8385000 	C:\WINDOWS\System32\DriverStore\FileRepository\nv_dispig.inf_amd64_f4c7a2fd13e0f763\nvoglv64.dll
0x00007ffdd4120000 - 0x00007ffdd42b9000 	C:\WINDOWS\System32\ole32.dll
0x00007ffdd45f0000 - 0x00007ffdd46c9000 	C:\WINDOWS\System32\OLEAUT32.dll
0x00007ffdcf350000 - 0x00007ffdcf379000 	C:\WINDOWS\SYSTEM32\WTSAPI32.dll
0x00007ffdd1310000 - 0x00007ffdd1359000 	C:\WINDOWS\SYSTEM32\SspiCli.dll
0x00007ffdcaf90000 - 0x00007ffdcafcb000 	C:\WINDOWS\SYSTEM32\cryptnet.dll
0x00007ffdd1920000 - 0x00007ffdd198a000 	C:\WINDOWS\SYSTEM32\wldp.dll
0x00007ffdcae10000 - 0x00007ffdcaf89000 	C:\WINDOWS\SYSTEM32\drvstore.dll
0x00007ffdd1190000 - 0x00007ffdd11c6000 	C:\WINDOWS\SYSTEM32\ntmarta.dll
0x00007ffdd3940000 - 0x00007ffdd3960000 	C:\WINDOWS\System32\imagehlp.dll
0x00007ffdc5f50000 - 0x00007ffdcac4f000 	C:\WINDOWS\System32\DriverStore\FileRepository\nv_dispig.inf_amd64_f4c7a2fd13e0f763\nvgpucomp64.dll
0x00007ffd120c0000 - 0x00007ffd12207000 	C:\WINDOWS\system32\nvspcap64.dll
0x00007ffdd2220000 - 0x00007ffdd227e000 	C:\WINDOWS\SYSTEM32\powrprof.dll
0x00007ffdd2200000 - 0x00007ffdd2214000 	C:\WINDOWS\SYSTEM32\UMPDC.dll
0x00007ffdd1fb0000 - 0x00007ffdd2011000 	C:\WINDOWS\SYSTEM32\WINSTA.dll
0x00007ffd5e790000 - 0x00007ffd5e80f000 	C:\Users\nrk47\AppData\Roaming\.minecraft\versions\CrimsonCraft\natives\lwjgl_stb.dll
0x00007ffdae4e0000 - 0x00007ffdae59f000 	C:\WINDOWS\SYSTEM32\mscms.dll
0x00007ffda7fc0000 - 0x00007ffda8009000 	C:\WINDOWS\SYSTEM32\icm32.dll
0x00007ffdae1e0000 - 0x00007ffdae327000 	C:\WINDOWS\SYSTEM32\textinputframework.dll
0x00007ffdcb320000 - 0x00007ffdcb604000 	C:\WINDOWS\SYSTEM32\CoreUIComponents.dll
0x00007ffdcbe50000 - 0x00007ffdcbfba000 	C:\WINDOWS\SYSTEM32\wintypes.dll
0x00007ffd548c0000 - 0x00007ffd54918000 	C:\Users\nrk47\AppData\Roaming\.minecraft\versions\CrimsonCraft\natives\lwjgl_opengl.dll
0x00007ffd53420000 - 0x00007ffd53550000 	C:\Program Files\TikTok LIVE Studio\1.33.7\resources\app\electron\sdk\lib\MediaSDK_V2\plugins\game_detour_64.dll
0x00007ffdcdf70000 - 0x00007ffdce1d0000 	C:\WINDOWS\system32\d3d11.dll
0x00007ffdcf600000 - 0x00007ffdcf73e000 	C:\WINDOWS\SYSTEM32\dxgi.dll
0x00007ffdcbfc0000 - 0x00007ffdcc01f000 	C:\WINDOWS\SYSTEM32\directxdatabasehelper.dll
0x00007ffd11f00000 - 0x00007ffd120b7000 	C:\WINDOWS\System32\DriverStore\FileRepository\nv_dispig.inf_amd64_f4c7a2fd13e0f763\nvppex.dll
0x00007ffdcb010000 - 0x00007ffdcb0d4000 	C:\WINDOWS\System32\DriverStore\FileRepository\nv_dispig.inf_amd64_f4c7a2fd13e0f763\nvldumdx.dll
0x00007ffdc3a40000 - 0x00007ffdc3b70000 	C:\WINDOWS\System32\DriverStore\FileRepository\nv_dispig.inf_amd64_f4c7a2fd13e0f763\NvMemMapStoragex.dll
0x00007ffdbd970000 - 0x00007ffdc2a5e000 	C:\WINDOWS\System32\DriverStore\FileRepository\nv_dispig.inf_amd64_f4c7a2fd13e0f763\nvwgf2umx.dll
0x00007ffdbc2e0000 - 0x00007ffdbc875000 	C:\WINDOWS\SYSTEM32\nvapi64.dll
0x00007ffdbcd30000 - 0x00007ffdbcf72000 	C:\WINDOWS\SYSTEM32\dbghelp.dll

VM Arguments:
jvm_args: -Dos.name=Windows 10 -Dos.version=10.0 -Xmx10881M -XX:+UnlockExperimentalVMOptions -XX:+UseG1GC -XX:G1NewSizePercent=20 -XX:G1ReservePercent=20 -XX:MaxGCPauseMillis=50 -XX:G1HeapRegionSize=32M -Dfml.ignoreInvalidMinecraftCertificates=true -Dfml.ignorePatchDiscrepancies=true -Djava.net.preferIPv4Stack=true -XX:HeapDumpPath=MojangTricksIntelDriversForPerformance_javaw.exe_minecraft.exe.heapdump -Xss1M -Djava.library.path=C:\Users\nrk47\AppData\Roaming\.minecraft\versions\CrimsonCraft\natives -Dminecraft.launcher.brand=minecraft-launcher -Dminecraft.launcher.version=2.3.173 -XX:+IgnoreUnrecognizedVMOptions --add-exports=java.base/sun.security.util=ALL-UNNAMED --add-exports=jdk.naming.dns/com.sun.jndi.dns=java.naming --add-opens=java.base/java.util.jar=ALL-UNNAMED -Dminecraft.applet.TargetDirectory=C:\Users\nrk47\AppData\Roaming\.minecraft\versions\CrimsonCraft -DlibraryDirectory=C:\Users\nrk47\AppData\Roaming\.minecraft\libraries -Dcountry=RO -Dlog4j.configurationFile=C:\Users\nrk47\AppData\Roaming\.minecraft\assets\log_configs\client-1.12.xml -DLibLoader.modsFolder=C:\Users\nrk47\AppData\Roaming\.minecraft\versions\CrimsonCraft\mods 
java_command: cpw.mods.modlauncher.Launcher --username SZN_Nero --version CrimsonCraft --gameDir C:\Users\nrk47\AppData\Roaming\.minecraft\versions\CrimsonCraft --assetsDir C:\Users\nrk47\AppData\Roaming\.minecraft\assets --assetIndex 1.16 --uuid 123eddbd-cdd4-11ef-af44-9c6b00470e68 --accessToken null --userType mojang --versionType modified --width 925 --height 530 --launchTarget fmlclient --fml.forgeVersion 36.2.42 --fml.mcVersion 1.16.5 --fml.forgeGroup net.minecraftforge --fml.mcpVersion 20210115.111550
java_class_path (initial): C:\Users\nrk47\AppData\Roaming\.minecraft\libraries\net\minecraftforge\forge\1.16.5-36.2.42\forge-1.16.5-36.2.42.jar;C:\Users\nrk47\AppData\Roaming\.minecraft\libraries\org\ow2\asm\asm\9.6\asm-9.6.jar;C:\Users\nrk47\AppData\Roaming\.minecraft\libraries\org\ow2\asm\asm-commons\9.6\asm-commons-9.6.jar;C:\Users\nrk47\AppData\Roaming\.minecraft\libraries\org\ow2\asm\asm-tree\9.6\asm-tree-9.6.jar;C:\Users\nrk47\AppData\Roaming\.minecraft\libraries\org\ow2\asm\asm-util\9.6\asm-util-9.6.jar;C:\Users\nrk47\AppData\Roaming\.minecraft\libraries\org\ow2\asm\asm-analysis\9.6\asm-analysis-9.6.jar;C:\Users\nrk47\AppData\Roaming\.minecraft\libraries\cpw\mods\modlauncher\8.1.3\modlauncher-8.1.3.jar;C:\Users\nrk47\AppData\Roaming\.minecraft\libraries\cpw\mods\grossjava9hacks\1.3.3\grossjava9hacks-1.3.3.jar;C:\Users\nrk47\AppData\Roaming\.minecraft\libraries\net\minecraftforge\accesstransformers\3.0.1\accesstransformers-3.0.1.jar;C:\Users\nrk47\AppData\Roaming\.minecraft\libraries\org\antlr\antlr4-runtime\4.9.1\antlr4-runtime-4.9.1.jar;C:\Users\nrk47\AppData\Roaming\.minecraft\libraries\net\minecraftforge\eventbus\4.0.0\eventbus-4.0.0.jar;C:\Users\nrk47\AppData\Roaming\.minecraft\libraries\net\minecraftforge\forgespi\3.2.0\forgespi-3.2.0.jar;C:\Users\nrk47\AppData\Roaming\.minecraft\libraries\net\minecraftforge\coremods\4.0.6\coremods-4.0.6.jar;C:\Users\nrk47\AppData\Roaming\.minecraft\libraries\net\minecraftforge\unsafe\0.2.0\unsafe-0.2.0.jar;C:\Users\nrk47\AppData\Roaming\.minecraft\libraries\com\electronwill\night-config\core\3.6.3\core-3.6.3.jar;C:\Users\nrk47\AppData\Roaming\.minecraft\libraries\com\electronwill\night-config\toml\3.6.3\toml-3.6.3.jar;C:\Users\nrk47\AppData\Roaming\.minecraft\libraries\org\jline\jline\3.12.1\jline-3.12.1.jar;C:\Users\nrk47\AppData\Roaming\.minecraft\libraries\org\apache\maven\maven-artifact\3.6.3\maven-artifact-3.6.3.jar;C:\Users\nrk47\AppData\Roaming\.minecraft\libraries\net\jodah\typetools\0.8.3\typetools-0.8.3.jar;
Launcher Type: SUN_STANDARD

Environment Variables:
PATH=C:\Program Files\Eclipse Foundation\jdk-16.0.2.7-hotspot\bin;C:\Program Files\Common Files\Oracle\Java\javapath;C:\Program Files (x86)\Common Files\Oracle\Java\java8path;C:\Program Files (x86)\Common Files\Oracle\Java\javapath;C:\Program Files\ImageMagick-7.1.2-Q16-HDRI;C:\Program Files (x86)\Razer Chroma SDK\bin;C:\Program Files\Razer Chroma SDK\bin;C:\WINDOWS\system32;C:\WINDOWS;C:\WINDOWS\System32\Wbem;C:\WINDOWS\System32\WindowsPowerShell\v1.0\;C:\WINDOWS\System32\OpenSSH\;C:\WINDOWS\system32\config\systemprofile\AppData\Local\Microsoft\WindowsApps;C:\Program Files (x86)\Razer\ChromaBroadcast\bin;C:\Program Files\Razer\ChromaBroadcast\bin;C:\Users\nrk47\AppData\Local\Microsoft\WindowsApps;;C:\Program Files (x86)\NVIDIA Corporation\PhysX\Common;C:\Program Files\playit_gg\bin\;C:\Program Files\dotnet\;C:\Program Files\Cloudflare\Cloudflare WARP\;C:\Program Files\NVIDIA Corporation\NVIDIA App\NvDLISR;C:\Users\nrk47\AppData\Local\Microsoft\WindowsApps;C:\Users\nrk47\AppData\Local\Programs\Microsoft VS Code\bin;C:\Users\nrk47\AppData\Local\Python\bin;C:\Users\nrk47\.dotnet\tools;C:\Users\nrk47\AppData\Local\spicetify;C:\Users\nrk47\AppData\Local\Kingsoft\WPS Office\12.1.0.27458\clitool;C:\Program Files\Eclipse Foundation\jdk-16.0.2.7-hotspot\bin
USERNAME=nrk47
OS=Windows_NT
PROCESSOR_IDENTIFIER=Intel64 Family 6 Model 158 Stepping 10, GenuineIntel



---------------  S Y S T E M  ---------------

OS: Windows 10.0 , 64 bit Build 26100 (10.0.26100.8875)

CPU:total 6 (6 cores per cpu, 1 threads per core) family 6 model 158 stepping 10, cmov, cx8, fxsr, mmx, sse, sse2, sse3, ssse3, sse4.1, sse4.2, popcnt, avx, avx2, aes, clmul, erms, 3dnowpref, lzcnt, tsc, tscinvbit, bmi1, bmi2, adx

Memory: 4k page, physical 16713748k(1057176k free), swap 24408744k(1415744k free)

vm_info: Java HotSpot(TM) 64-Bit Server VM (25.51-b03) for windows-amd64 JRE (1.8.0_51-b16), built on Jun  8 2015 18:03:07 by "java_re" with MS VC++ 10.0 (VS2010)

time: Wed Aug 12 11:29:48 2026
elapsed time: 51 seconds (0d 0h 0m 51s)

