#
# There is insufficient memory for the Java Runtime Environment to continue.
# Native memory allocation (mmap) failed to map 939524096 bytes for Failed to commit pages from 1646592 of length 229376
# Possible reasons:
#   The system is out of physical RAM or swap space
#   In 32 bit mode, the process size limit was hit
# Possible solutions:
#   Reduce memory load on the system
#   Increase physical memory or swap space
#   Check if swap backing store is full
#   Use 64 bit Java on a 64 bit OS
#   Decrease Java heap size (-Xmx/-Xms)
#   Decrease number of Java threads
#   Decrease Java thread stack sizes (-Xss)
#   Set larger code cache with -XX:ReservedCodeCacheSize=
# This output file may be truncated or incomplete.
#
#  Out of Memory Error (os_windows.cpp:3324), pid=2240, tid=1492
#
# JRE version: Java(TM) SE Runtime Environment (8.0_51-b16) (build 1.8.0_51-b16)
# Java VM: Java HotSpot(TM) 64-Bit Server VM (25.51-b03 mixed mode windows-amd64 compressed oops)
# Failed to write core dump. Minidumps are not enabled by default on client versions of Windows
#

---------------  T H R E A D  ---------------

Current thread (0x000000003138b800):  VMThread [stack: 0x0000000031450000,0x0000000031550000] [id=1492]

Stack: [0x0000000031450000,0x0000000031550000]
Native frames: (J=compiled Java code, j=interpreted, Vv=VM code, C=native code)
V  [jvm.dll+0x32b4ca]
V  [jvm.dll+0x2797e3]
V  [jvm.dll+0x27a479]
V  [jvm.dll+0x271765]
V  [jvm.dll+0x296868]
V  [jvm.dll+0x21acb5]
V  [jvm.dll+0x3d73ff]
V  [jvm.dll+0x3d83e8]
V  [jvm.dll+0x3e0639]
V  [jvm.dll+0x3e0ff6]
V  [jvm.dll+0x3e1210]
V  [jvm.dll+0x3c133a]
V  [jvm.dll+0x3cdebc]
V  [jvm.dll+0x3e66df]
V  [jvm.dll+0x247e47]
V  [jvm.dll+0x2470e6]
V  [jvm.dll+0x247581]
V  [jvm.dll+0x24779e]
V  [jvm.dll+0x29846a]
C  [msvcr100.dll+0x21d9f]
C  [msvcr100.dll+0x21e3b]
C  [KERNEL32.DLL+0x2e957]
C  [ntdll.dll+0xaad6c]

VM_Operation (0x000000004642e170): G1IncCollectionPause, mode: safepoint, requested by thread 0x00000000431ce800


---------------  P R O C E S S  ---------------

Java Threads: ( => current thread )
  0x00000000431cb800 JavaThread "Snooper Timer" daemon [_thread_blocked, id=11752, stack(0x0000000041320000,0x0000000041420000)]
  0x00000000431cd000 JavaThread "Timer hack thread" daemon [_thread_blocked, id=5160, stack(0x0000000034560000,0x0000000034660000)]
  0x00000000431ce800 JavaThread "Worker-Bootstrap-5" daemon [_thread_blocked, id=15056, stack(0x0000000046330000,0x0000000046430000)]
  0x000000003e54c800 JavaThread "Worker-Bootstrap-4" daemon [_thread_blocked, id=6456, stack(0x0000000046230000,0x0000000046330000)]
  0x00000000431f6800 JavaThread "Worker-Bootstrap-3" daemon [_thread_blocked, id=4220, stack(0x0000000046130000,0x0000000046230000)]
  0x0000000033885000 JavaThread "Worker-Bootstrap-2" daemon [_thread_blocked, id=4116, stack(0x0000000044740000,0x0000000044840000)]
  0x000000004066d000 JavaThread "Worker-Bootstrap-1" daemon [_thread_blocked, id=4072, stack(0x0000000041000000,0x0000000041100000)]
  0x000000003ebab000 JavaThread "pool-2-thread-1" daemon [_thread_blocked, id=5072, stack(0x000000003fbd0000,0x000000003fcd0000)]
  0x0000000032f91000 JavaThread "Thread-3" daemon [_thread_blocked, id=10508, stack(0x000000003cb10000,0x000000003cc10000)]
  0x00000000330b6000 JavaThread "Thread-2" daemon [_thread_in_native, id=7324, stack(0x0000000034960000,0x0000000034a60000)]
  0x00000000323d4800 JavaThread "Thread-1" daemon [_thread_blocked, id=4176, stack(0x0000000034860000,0x0000000034960000)]
  0x000000003144e800 JavaThread "Service Thread" daemon [_thread_blocked, id=7328, stack(0x0000000032150000,0x0000000032250000)]
  0x0000000031427000 JavaThread "C1 CompilerThread2" daemon [_thread_blocked, id=4136, stack(0x0000000031c50000,0x0000000031d50000)]
  0x0000000031423000 JavaThread "C2 CompilerThread1" daemon [_thread_blocked, id=16564, stack(0x0000000031b50000,0x0000000031c50000)]
  0x0000000031422800 JavaThread "C2 CompilerThread0" daemon [_thread_blocked, id=600, stack(0x0000000031a50000,0x0000000031b50000)]
  0x00000000313da800 JavaThread "Attach Listener" daemon [_thread_blocked, id=8140, stack(0x0000000031950000,0x0000000031a50000)]
  0x00000000313d8000 JavaThread "Signal Dispatcher" daemon [_thread_blocked, id=17396, stack(0x0000000031850000,0x0000000031950000)]
  0x00000000313d7000 JavaThread "Surrogate Locker Thread (Concurrent GC)" daemon [_thread_blocked, id=10588, stack(0x0000000031750000,0x0000000031850000)]
  0x00000000313c5800 JavaThread "Finalizer" daemon [_thread_blocked, id=16500, stack(0x0000000031650000,0x0000000031750000)]
  0x00000000313bc000 JavaThread "Reference Handler" daemon [_thread_blocked, id=16000, stack(0x0000000031550000,0x0000000031650000)]
  0x00000000030a5000 JavaThread "Render thread" [_thread_blocked, id=11664, stack(0x0000000002fa0000,0x00000000030a0000)]

Other Threads:
=>0x000000003138b800 VMThread [stack: 0x0000000031450000,0x0000000031550000] [id=1492]
  0x0000000031dae000 WatcherThread [stack: 0x0000000032250000,0x0000000032350000] [id=12516]

VM state:at safepoint (normal execution)

VM Mutex/Monitor currently owned by a thread:  ([mutex/lock_event])
[0x00000000030a1f60] Threads_lock - owner thread: 0x000000003138b800
[0x00000000030a1ee0] Heap_lock - owner thread: 0x00000000431ce800

Heap:
 garbage-first heap   total 7503872K, used 332436K [0x0000000516000000, 0x0000000518000728, 0x00000007c0000000)
  region size 32768K, 2 young (65536K), 2 survivors (65536K)
 Metaspace       used 67059K, capacity 73782K, committed 73884K, reserved 1112064K
  class space    used 9659K, capacity 11447K, committed 11468K, reserved 1048576K

Heap Regions: (Y=young(eden), SU=young(survivor), HS=humongous(starts), HC=humongous(continues), CS=collection set, F=free, TS=gc time stamp, PTAMS=previous top-at-mark-start, NTAMS=next top-at-mark-start)
AC   0  O    TS     0 PTAMS 0x0000000518000000 NTAMS 0x0000000518000000 space 32768K, 100% used [0x0000000516000000, 0x0000000518000000)
AC   0  O    TS     0 PTAMS 0x000000051a000000 NTAMS 0x000000051a000000 space 32768K, 100% used [0x0000000518000000, 0x000000051a000000)
AC   0  O    TS     0 PTAMS 0x000000051c000000 NTAMS 0x000000051c000000 space 32768K, 100% used [0x000000051a000000, 0x000000051c000000)
AC   0  O    TS     0 PTAMS 0x000000051e000000 NTAMS 0x000000051e000000 space 32768K, 100% used [0x000000051c000000, 0x000000051e000000)
AC   0  O    TS     0 PTAMS 0x0000000520000000 NTAMS 0x0000000520000000 space 32768K, 100% used [0x000000051e000000, 0x0000000520000000)
AC   0  O    TS     0 PTAMS 0x0000000522000000 NTAMS 0x0000000522000000 space 32768K, 100% used [0x0000000520000000, 0x0000000522000000)
AC   0  O    TS     0 PTAMS 0x0000000524000000 NTAMS 0x0000000524000000 space 32768K, 100% used [0x0000000522000000, 0x0000000524000000)
AC   0  O    TS     1 PTAMS 0x0000000525aeda00 NTAMS 0x0000000525aeda00 space 32768K, 100% used [0x0000000524000000, 0x0000000526000000)
AC   0  O    TS     5 PTAMS 0x0000000526000000 NTAMS 0x0000000526000000 space 32768K,  40% used [0x0000000526000000, 0x0000000528000000)
AC   0  F    TS     0 PTAMS 0x0000000528000000 NTAMS 0x0000000528000000 space 32768K,   0% used [0x0000000528000000, 0x000000052a000000)
AC   0  F    TS     0 PTAMS 0x000000052a000000 NTAMS 0x000000052a000000 space 32768K,   0% used [0x000000052a000000, 0x000000052c000000)
AC   0  F    TS     0 PTAMS 0x000000052c000000 NTAMS 0x000000052c000000 space 32768K,   0% used [0x000000052c000000, 0x000000052e000000)
AC   0  F    TS     0 PTAMS 0x000000052e000000 NTAMS 0x000000052e000000 space 32768K,   0% used [0x000000052e000000, 0x0000000530000000)
AC   0  F    TS     0 PTAMS 0x0000000530000000 NTAMS 0x0000000530000000 space 32768K,   0% used [0x0000000530000000, 0x0000000532000000)
AC   0  F    TS     0 PTAMS 0x0000000532000000 NTAMS 0x0000000532000000 space 32768K,   0% used [0x0000000532000000, 0x0000000534000000)
AC   0  F    TS     0 PTAMS 0x0000000534000000 NTAMS 0x0000000534000000 space 32768K,   0% used [0x0000000534000000, 0x0000000536000000)
AC   0  F    TS     0 PTAMS 0x0000000536000000 NTAMS 0x0000000536000000 space 32768K,   0% used [0x0000000536000000, 0x0000000538000000)
AC   0  F    TS     0 PTAMS 0x0000000538000000 NTAMS 0x0000000538000000 space 32768K,   0% used [0x0000000538000000, 0x000000053a000000)
AC   0  F    TS     0 PTAMS 0x000000053a000000 NTAMS 0x000000053a000000 space 32768K,   0% used [0x000000053a000000, 0x000000053c000000)
AC   0  F    TS     0 PTAMS 0x000000053c000000 NTAMS 0x000000053c000000 space 32768K,   0% used [0x000000053c000000, 0x000000053e000000)
AC   0  F    TS     0 PTAMS 0x000000053e000000 NTAMS 0x000000053e000000 space 32768K,   0% used [0x000000053e000000, 0x0000000540000000)
AC   0  F    TS     0 PTAMS 0x0000000540000000 NTAMS 0x0000000540000000 space 32768K,   0% used [0x0000000540000000, 0x0000000542000000)
AC   0  F    TS     0 PTAMS 0x0000000542000000 NTAMS 0x0000000542000000 space 32768K,   0% used [0x0000000542000000, 0x0000000544000000)
AC   0  F    TS     0 PTAMS 0x0000000544000000 NTAMS 0x0000000544000000 space 32768K,   0% used [0x0000000544000000, 0x0000000546000000)
AC   0  F    TS     0 PTAMS 0x0000000546000000 NTAMS 0x0000000546000000 space 32768K,   0% used [0x0000000546000000, 0x0000000548000000)
AC   0  F    TS     0 PTAMS 0x0000000548000000 NTAMS 0x0000000548000000 space 32768K,   0% used [0x0000000548000000, 0x000000054a000000)
AC   0  F    TS     0 PTAMS 0x000000054a000000 NTAMS 0x000000054a000000 space 32768K,   0% used [0x000000054a000000, 0x000000054c000000)
AC   0  F    TS     0 PTAMS 0x000000054c000000 NTAMS 0x000000054c000000 space 32768K,   0% used [0x000000054c000000, 0x000000054e000000)
AC   0  F    TS     0 PTAMS 0x000000054e000000 NTAMS 0x000000054e000000 space 32768K,   0% used [0x000000054e000000, 0x0000000550000000)
AC   0  F    TS     0 PTAMS 0x0000000550000000 NTAMS 0x0000000550000000 space 32768K,   0% used [0x0000000550000000, 0x0000000552000000)
AC   0  F    TS     0 PTAMS 0x0000000552000000 NTAMS 0x0000000552000000 space 32768K,   0% used [0x0000000552000000, 0x0000000554000000)
AC   0  F    TS     0 PTAMS 0x0000000554000000 NTAMS 0x0000000554000000 space 32768K,   0% used [0x0000000554000000, 0x0000000556000000)
AC   0  F    TS     0 PTAMS 0x0000000556000000 NTAMS 0x0000000556000000 space 32768K,   0% used [0x0000000556000000, 0x0000000558000000)
AC   0  F    TS     0 PTAMS 0x0000000558000000 NTAMS 0x0000000558000000 space 32768K,   0% used [0x0000000558000000, 0x000000055a000000)
AC   0  F    TS     0 PTAMS 0x000000055a000000 NTAMS 0x000000055a000000 space 32768K,   0% used [0x000000055a000000, 0x000000055c000000)
AC   0  F    TS     0 PTAMS 0x000000055c000000 NTAMS 0x000000055c000000 space 32768K,   0% used [0x000000055c000000, 0x000000055e000000)
AC   0  F    TS     0 PTAMS 0x000000055e000000 NTAMS 0x000000055e000000 space 32768K,   0% used [0x000000055e000000, 0x0000000560000000)
AC   0  F    TS     0 PTAMS 0x0000000560000000 NTAMS 0x0000000560000000 space 32768K,   0% used [0x0000000560000000, 0x0000000562000000)
AC   0  F    TS     0 PTAMS 0x0000000562000000 NTAMS 0x0000000562000000 space 32768K,   0% used [0x0000000562000000, 0x0000000564000000)
AC   0  F    TS     0 PTAMS 0x0000000564000000 NTAMS 0x0000000564000000 space 32768K,   0% used [0x0000000564000000, 0x0000000566000000)
AC   0  F    TS     0 PTAMS 0x0000000566000000 NTAMS 0x0000000566000000 space 32768K,   0% used [0x0000000566000000, 0x0000000568000000)
AC   0  F    TS     0 PTAMS 0x0000000568000000 NTAMS 0x0000000568000000 space 32768K,   0% used [0x0000000568000000, 0x000000056a000000)
AC   0  F    TS     0 PTAMS 0x000000056a000000 NTAMS 0x000000056a000000 space 32768K,   0% used [0x000000056a000000, 0x000000056c000000)
AC   0  F    TS     0 PTAMS 0x000000056c000000 NTAMS 0x000000056c000000 space 32768K,   0% used [0x000000056c000000, 0x000000056e000000)
AC   0  F    TS     0 PTAMS 0x000000056e000000 NTAMS 0x000000056e000000 space 32768K,   0% used [0x000000056e000000, 0x0000000570000000)
AC   0  F    TS     0 PTAMS 0x0000000570000000 NTAMS 0x0000000570000000 space 32768K,   0% used [0x0000000570000000, 0x0000000572000000)
AC   0  F    TS     0 PTAMS 0x0000000572000000 NTAMS 0x0000000572000000 space 32768K,   0% used [0x0000000572000000, 0x0000000574000000)
AC   0  F    TS     0 PTAMS 0x0000000574000000 NTAMS 0x0000000574000000 space 32768K,   0% used [0x0000000574000000, 0x0000000576000000)
AC   0  F    TS     0 PTAMS 0x0000000576000000 NTAMS 0x0000000576000000 space 32768K,   0% used [0x0000000576000000, 0x0000000578000000)
AC   0  F    TS     0 PTAMS 0x0000000578000000 NTAMS 0x0000000578000000 space 32768K,   0% used [0x0000000578000000, 0x000000057a000000)
AC   0  F    TS     0 PTAMS 0x000000057a000000 NTAMS 0x000000057a000000 space 32768K,   0% used [0x000000057a000000, 0x000000057c000000)
AC   0  F    TS     0 PTAMS 0x000000057c000000 NTAMS 0x000000057c000000 space 32768K,   0% used [0x000000057c000000, 0x000000057e000000)
AC   0  F    TS     0 PTAMS 0x000000057e000000 NTAMS 0x000000057e000000 space 32768K,   0% used [0x000000057e000000, 0x0000000580000000)
AC   0  F    TS     0 PTAMS 0x0000000580000000 NTAMS 0x0000000580000000 space 32768K,   0% used [0x0000000580000000, 0x0000000582000000)
AC   0  F    TS     0 PTAMS 0x0000000582000000 NTAMS 0x0000000582000000 space 32768K,   0% used [0x0000000582000000, 0x0000000584000000)
AC   0  F    TS     0 PTAMS 0x0000000584000000 NTAMS 0x0000000584000000 space 32768K,   0% used [0x0000000584000000, 0x0000000586000000)
AC   0  F    TS     0 PTAMS 0x0000000586000000 NTAMS 0x0000000586000000 space 32768K,   0% used [0x0000000586000000, 0x0000000588000000)
AC   0  F    TS     0 PTAMS 0x0000000588000000 NTAMS 0x0000000588000000 space 32768K,   0% used [0x0000000588000000, 0x000000058a000000)
AC   0  F    TS     0 PTAMS 0x000000058a000000 NTAMS 0x000000058a000000 space 32768K,   0% used [0x000000058a000000, 0x000000058c000000)
AC   0  F    TS     0 PTAMS 0x000000058c000000 NTAMS 0x000000058c000000 space 32768K,   0% used [0x000000058c000000, 0x000000058e000000)
AC   0  F    TS     0 PTAMS 0x000000058e000000 NTAMS 0x000000058e000000 space 32768K,   0% used [0x000000058e000000, 0x0000000590000000)
AC   0  F    TS     0 PTAMS 0x0000000590000000 NTAMS 0x0000000590000000 space 32768K,   0% used [0x0000000590000000, 0x0000000592000000)
AC   0  F    TS     0 PTAMS 0x0000000592000000 NTAMS 0x0000000592000000 space 32768K,   0% used [0x0000000592000000, 0x0000000594000000)
AC   0  F    TS     0 PTAMS 0x0000000594000000 NTAMS 0x0000000594000000 space 32768K,   0% used [0x0000000594000000, 0x0000000596000000)
AC   0  F    TS     0 PTAMS 0x0000000596000000 NTAMS 0x0000000596000000 space 32768K,   0% used [0x0000000596000000, 0x0000000598000000)
AC   0  F    TS     0 PTAMS 0x0000000598000000 NTAMS 0x0000000598000000 space 32768K,   0% used [0x0000000598000000, 0x000000059a000000)
AC   0  F    TS     0 PTAMS 0x000000059a000000 NTAMS 0x000000059a000000 space 32768K,   0% used [0x000000059a000000, 0x000000059c000000)
AC   0  F    TS     0 PTAMS 0x000000059c000000 NTAMS 0x000000059c000000 space 32768K,   0% used [0x000000059c000000, 0x000000059e000000)
AC   0  F    TS     0 PTAMS 0x000000059e000000 NTAMS 0x000000059e000000 space 32768K,   0% used [0x000000059e000000, 0x00000005a0000000)
AC   0  F    TS     0 PTAMS 0x00000005a0000000 NTAMS 0x00000005a0000000 space 32768K,   0% used [0x00000005a0000000, 0x00000005a2000000)
AC   0  F    TS     0 PTAMS 0x00000005a2000000 NTAMS 0x00000005a2000000 space 32768K,   0% used [0x00000005a2000000, 0x00000005a4000000)
AC   0  F    TS     0 PTAMS 0x00000005a4000000 NTAMS 0x00000005a4000000 space 32768K,   0% used [0x00000005a4000000, 0x00000005a6000000)
AC   0  F    TS     0 PTAMS 0x00000005a6000000 NTAMS 0x00000005a6000000 space 32768K,   0% used [0x00000005a6000000, 0x00000005a8000000)
AC   0  F    TS     0 PTAMS 0x00000005a8000000 NTAMS 0x00000005a8000000 space 32768K,   0% used [0x00000005a8000000, 0x00000005aa000000)
AC   0  F    TS     0 PTAMS 0x00000005aa000000 NTAMS 0x00000005aa000000 space 32768K,   0% used [0x00000005aa000000, 0x00000005ac000000)
AC   0  F    TS     0 PTAMS 0x00000005ac000000 NTAMS 0x00000005ac000000 space 32768K,   0% used [0x00000005ac000000, 0x00000005ae000000)
AC   0  F    TS     0 PTAMS 0x00000005ae000000 NTAMS 0x00000005ae000000 space 32768K,   0% used [0x00000005ae000000, 0x00000005b0000000)
AC   0  F    TS     0 PTAMS 0x00000005b0000000 NTAMS 0x00000005b0000000 space 32768K,   0% used [0x00000005b0000000, 0x00000005b2000000)
AC   0  F    TS     0 PTAMS 0x00000005b2000000 NTAMS 0x00000005b2000000 space 32768K,   0% used [0x00000005b2000000, 0x00000005b4000000)
AC   0  F    TS     0 PTAMS 0x00000005b4000000 NTAMS 0x00000005b4000000 space 32768K,   0% used [0x00000005b4000000, 0x00000005b6000000)
AC   0  F    TS     0 PTAMS 0x00000005b6000000 NTAMS 0x00000005b6000000 space 32768K,   0% used [0x00000005b6000000, 0x00000005b8000000)
AC   0  F    TS     0 PTAMS 0x00000005b8000000 NTAMS 0x00000005b8000000 space 32768K,   0% used [0x00000005b8000000, 0x00000005ba000000)
AC   0  F    TS     0 PTAMS 0x00000005ba000000 NTAMS 0x00000005ba000000 space 32768K,   0% used [0x00000005ba000000, 0x00000005bc000000)
AC   0  F    TS     0 PTAMS 0x00000005bc000000 NTAMS 0x00000005bc000000 space 32768K,   0% used [0x00000005bc000000, 0x00000005be000000)
AC   0  F    TS     0 PTAMS 0x00000005be000000 NTAMS 0x00000005be000000 space 32768K,   0% used [0x00000005be000000, 0x00000005c0000000)
AC   0  F    TS     0 PTAMS 0x00000005c0000000 NTAMS 0x00000005c0000000 space 32768K,   0% used [0x00000005c0000000, 0x00000005c2000000)
AC   0  F    TS     0 PTAMS 0x00000005c2000000 NTAMS 0x00000005c2000000 space 32768K,   0% used [0x00000005c2000000, 0x00000005c4000000)
AC   0  F    TS     0 PTAMS 0x00000005c4000000 NTAMS 0x00000005c4000000 space 32768K,   0% used [0x00000005c4000000, 0x00000005c6000000)
AC   0  F    TS     0 PTAMS 0x00000005c6000000 NTAMS 0x00000005c6000000 space 32768K,   0% used [0x00000005c6000000, 0x00000005c8000000)
AC   0  F    TS     0 PTAMS 0x00000005c8000000 NTAMS 0x00000005c8000000 space 32768K,   0% used [0x00000005c8000000, 0x00000005ca000000)
AC   0  F    TS     0 PTAMS 0x00000005ca000000 NTAMS 0x00000005ca000000 space 32768K,   0% used [0x00000005ca000000, 0x00000005cc000000)
AC   0  F    TS     0 PTAMS 0x00000005cc000000 NTAMS 0x00000005cc000000 space 32768K,   0% used [0x00000005cc000000, 0x00000005ce000000)
AC   0  F    TS     0 PTAMS 0x00000005ce000000 NTAMS 0x00000005ce000000 space 32768K,   0% used [0x00000005ce000000, 0x00000005d0000000)
AC   0  F    TS     0 PTAMS 0x00000005d0000000 NTAMS 0x00000005d0000000 space 32768K,   0% used [0x00000005d0000000, 0x00000005d2000000)
AC   0  F    TS     0 PTAMS 0x00000005d2000000 NTAMS 0x00000005d2000000 space 32768K,   0% used [0x00000005d2000000, 0x00000005d4000000)
AC   0  F    TS     3 PTAMS 0x00000005d4000000 NTAMS 0x00000005d4000000 space 32768K,   0% used [0x00000005d4000000, 0x00000005d6000000)
AC   0  F    TS     3 PTAMS 0x00000005d6000000 NTAMS 0x00000005d6000000 space 32768K,   0% used [0x00000005d6000000, 0x00000005d8000000)
AC   0  F    TS     0 PTAMS 0x00000005d8000000 NTAMS 0x00000005d8000000 space 32768K,   0% used [0x00000005d8000000, 0x00000005da000000)
AC   0  F    TS     0 PTAMS 0x00000005da000000 NTAMS 0x00000005da000000 space 32768K,   0% used [0x00000005da000000, 0x00000005dc000000)
AC   0  F    TS     0 PTAMS 0x00000005dc000000 NTAMS 0x00000005dc000000 space 32768K,   0% used [0x00000005dc000000, 0x00000005de000000)
AC   0  F    TS     0 PTAMS 0x00000005de000000 NTAMS 0x00000005de000000 space 32768K,   0% used [0x00000005de000000, 0x00000005e0000000)
AC   0  F    TS     0 PTAMS 0x00000005e0000000 NTAMS 0x00000005e0000000 space 32768K,   0% used [0x00000005e0000000, 0x00000005e2000000)
AC   0  F    TS     0 PTAMS 0x00000005e2000000 NTAMS 0x00000005e2000000 space 32768K,   0% used [0x00000005e2000000, 0x00000005e4000000)
AC   0  F    TS     1 PTAMS 0x00000005e4000000 NTAMS 0x00000005e4000000 space 32768K,   0% used [0x00000005e4000000, 0x00000005e6000000)
AC   0  F    TS     1 PTAMS 0x00000005e6000000 NTAMS 0x00000005e6000000 space 32768K,   0% used [0x00000005e6000000, 0x00000005e8000000)
AC   0  F    TS     0 PTAMS 0x00000005e8000000 NTAMS 0x00000005e8000000 space 32768K,   0% used [0x00000005e8000000, 0x00000005ea000000)
AC   0  F    TS     0 PTAMS 0x00000005ea000000 NTAMS 0x00000005ea000000 space 32768K,   0% used [0x00000005ea000000, 0x00000005ec000000)
AC   0  F    TS     0 PTAMS 0x00000005ec000000 NTAMS 0x00000005ec000000 space 32768K,   0% used [0x00000005ec000000, 0x00000005ee000000)
AC   0  F    TS     0 PTAMS 0x00000005ee000000 NTAMS 0x00000005ee000000 space 32768K,   0% used [0x00000005ee000000, 0x00000005f0000000)
AC   0  F    TS     0 PTAMS 0x00000005f0000000 NTAMS 0x00000005f0000000 space 32768K,   0% used [0x00000005f0000000, 0x00000005f2000000)
AC   0  F    TS     0 PTAMS 0x00000005f2000000 NTAMS 0x00000005f2000000 space 32768K,   0% used [0x00000005f2000000, 0x00000005f4000000)
AC   0  F    TS     0 PTAMS 0x00000005f4000000 NTAMS 0x00000005f4000000 space 32768K,   0% used [0x00000005f4000000, 0x00000005f6000000)
AC   0  F    TS     0 PTAMS 0x00000005f6000000 NTAMS 0x00000005f6000000 space 32768K,   0% used [0x00000005f6000000, 0x00000005f8000000)
AC   0  F    TS     0 PTAMS 0x00000005f8000000 NTAMS 0x00000005f8000000 space 32768K,   0% used [0x00000005f8000000, 0x00000005fa000000)
AC   0  F    TS     0 PTAMS 0x00000005fa000000 NTAMS 0x00000005fa000000 space 32768K,   0% used [0x00000005fa000000, 0x00000005fc000000)
AC   0  F    TS     0 PTAMS 0x00000005fc000000 NTAMS 0x00000005fc000000 space 32768K,   0% used [0x00000005fc000000, 0x00000005fe000000)
AC   0  F    TS     0 PTAMS 0x00000005fe000000 NTAMS 0x00000005fe000000 space 32768K,   0% used [0x00000005fe000000, 0x0000000600000000)
AC   0  F    TS     0 PTAMS 0x0000000600000000 NTAMS 0x0000000600000000 space 32768K,   0% used [0x0000000600000000, 0x0000000602000000)
AC   0  F    TS     0 PTAMS 0x0000000602000000 NTAMS 0x0000000602000000 space 32768K,   0% used [0x0000000602000000, 0x0000000604000000)
AC   0  F    TS     0 PTAMS 0x0000000604000000 NTAMS 0x0000000604000000 space 32768K,   0% used [0x0000000604000000, 0x0000000606000000)
AC   0  F    TS     0 PTAMS 0x0000000606000000 NTAMS 0x0000000606000000 space 32768K,   0% used [0x0000000606000000, 0x0000000608000000)
AC   0  F    TS     0 PTAMS 0x0000000608000000 NTAMS 0x0000000608000000 space 32768K,   0% used [0x0000000608000000, 0x000000060a000000)
AC   0  F    TS     0 PTAMS 0x000000060a000000 NTAMS 0x000000060a000000 space 32768K,   0% used [0x000000060a000000, 0x000000060c000000)
AC   0  F    TS     0 PTAMS 0x000000060c000000 NTAMS 0x000000060c000000 space 32768K,   0% used [0x000000060c000000, 0x000000060e000000)
AC   0  F    TS     0 PTAMS 0x000000060e000000 NTAMS 0x000000060e000000 space 32768K,   0% used [0x000000060e000000, 0x0000000610000000)
AC   0  F    TS     0 PTAMS 0x0000000610000000 NTAMS 0x0000000610000000 space 32768K,   0% used [0x0000000610000000, 0x0000000612000000)
AC   0  F    TS     0 PTAMS 0x0000000612000000 NTAMS 0x0000000612000000 space 32768K,   0% used [0x0000000612000000, 0x0000000614000000)
AC   0  F    TS     0 PTAMS 0x0000000614000000 NTAMS 0x0000000614000000 space 32768K,   0% used [0x0000000614000000, 0x0000000616000000)
AC   0  F    TS     0 PTAMS 0x0000000616000000 NTAMS 0x0000000616000000 space 32768K,   0% used [0x0000000616000000, 0x0000000618000000)
AC   0  F    TS     0 PTAMS 0x0000000618000000 NTAMS 0x0000000618000000 space 32768K,   0% used [0x0000000618000000, 0x000000061a000000)
AC   0  F    TS     0 PTAMS 0x000000061a000000 NTAMS 0x000000061a000000 space 32768K,   0% used [0x000000061a000000, 0x000000061c000000)
AC   0  F    TS     0 PTAMS 0x000000061c000000 NTAMS 0x000000061c000000 space 32768K,   0% used [0x000000061c000000, 0x000000061e000000)
AC   0  F    TS     0 PTAMS 0x000000061e000000 NTAMS 0x000000061e000000 space 32768K,   0% used [0x000000061e000000, 0x0000000620000000)
AC   0  F    TS     0 PTAMS 0x0000000620000000 NTAMS 0x0000000620000000 space 32768K,   0% used [0x0000000620000000, 0x0000000622000000)
AC   0  F    TS     0 PTAMS 0x0000000622000000 NTAMS 0x0000000622000000 space 32768K,   0% used [0x0000000622000000, 0x0000000624000000)
AC   0  F    TS     0 PTAMS 0x0000000624000000 NTAMS 0x0000000624000000 space 32768K,   0% used [0x0000000624000000, 0x0000000626000000)
AC   0  F    TS     0 PTAMS 0x0000000626000000 NTAMS 0x0000000626000000 space 32768K,   0% used [0x0000000626000000, 0x0000000628000000)
AC   0  F    TS     0 PTAMS 0x0000000628000000 NTAMS 0x0000000628000000 space 32768K,   0% used [0x0000000628000000, 0x000000062a000000)
AC   0  F    TS     0 PTAMS 0x000000062a000000 NTAMS 0x000000062a000000 space 32768K,   0% used [0x000000062a000000, 0x000000062c000000)
AC   0  F    TS     0 PTAMS 0x000000062c000000 NTAMS 0x000000062c000000 space 32768K,   0% used [0x000000062c000000, 0x000000062e000000)
AC   0  F    TS     0 PTAMS 0x000000062e000000 NTAMS 0x000000062e000000 space 32768K,   0% used [0x000000062e000000, 0x0000000630000000)
AC   0  F    TS     0 PTAMS 0x0000000630000000 NTAMS 0x0000000630000000 space 32768K,   0% used [0x0000000630000000, 0x0000000632000000)
AC   0  F    TS     0 PTAMS 0x0000000632000000 NTAMS 0x0000000632000000 space 32768K,   0% used [0x0000000632000000, 0x0000000634000000)
AC   0  F    TS     0 PTAMS 0x0000000634000000 NTAMS 0x0000000634000000 space 32768K,   0% used [0x0000000634000000, 0x0000000636000000)
AC   0  F    TS     0 PTAMS 0x0000000636000000 NTAMS 0x0000000636000000 space 32768K,   0% used [0x0000000636000000, 0x0000000638000000)
AC   0  F    TS     0 PTAMS 0x0000000638000000 NTAMS 0x0000000638000000 space 32768K,   0% used [0x0000000638000000, 0x000000063a000000)
AC   0  F    TS     0 PTAMS 0x000000063a000000 NTAMS 0x000000063a000000 space 32768K,   0% used [0x000000063a000000, 0x000000063c000000)
AC   0  F    TS     0 PTAMS 0x000000063c000000 NTAMS 0x000000063c000000 space 32768K,   0% used [0x000000063c000000, 0x000000063e000000)
AC   0  F    TS     0 PTAMS 0x000000063e000000 NTAMS 0x000000063e000000 space 32768K,   0% used [0x000000063e000000, 0x0000000640000000)
AC   0  F    TS     0 PTAMS 0x0000000640000000 NTAMS 0x0000000640000000 space 32768K,   0% used [0x0000000640000000, 0x0000000642000000)
AC   0  F    TS     0 PTAMS 0x0000000642000000 NTAMS 0x0000000642000000 space 32768K,   0% used [0x0000000642000000, 0x0000000644000000)
AC   0  F    TS     0 PTAMS 0x0000000644000000 NTAMS 0x0000000644000000 space 32768K,   0% used [0x0000000644000000, 0x0000000646000000)
AC   0  F    TS     0 PTAMS 0x0000000646000000 NTAMS 0x0000000646000000 space 32768K,   0% used [0x0000000646000000, 0x0000000648000000)
AC   0  F    TS     0 PTAMS 0x0000000648000000 NTAMS 0x0000000648000000 space 32768K,   0% used [0x0000000648000000, 0x000000064a000000)
AC   0  F    TS     0 PTAMS 0x000000064a000000 NTAMS 0x000000064a000000 space 32768K,   0% used [0x000000064a000000, 0x000000064c000000)
AC   0  F    TS     0 PTAMS 0x000000064c000000 NTAMS 0x000000064c000000 space 32768K,   0% used [0x000000064c000000, 0x000000064e000000)
AC   0  F    TS     0 PTAMS 0x000000064e000000 NTAMS 0x000000064e000000 space 32768K,   0% used [0x000000064e000000, 0x0000000650000000)
AC   0  F    TS     0 PTAMS 0x0000000650000000 NTAMS 0x0000000650000000 space 32768K,   0% used [0x0000000650000000, 0x0000000652000000)
AC   0  F    TS     0 PTAMS 0x0000000652000000 NTAMS 0x0000000652000000 space 32768K,   0% used [0x0000000652000000, 0x0000000654000000)
AC   0  F    TS     0 PTAMS 0x0000000654000000 NTAMS 0x0000000654000000 space 32768K,   0% used [0x0000000654000000, 0x0000000656000000)
AC   0  F    TS     0 PTAMS 0x0000000656000000 NTAMS 0x0000000656000000 space 32768K,   0% used [0x0000000656000000, 0x0000000658000000)
AC   0  S CS TS     5 PTAMS 0x0000000658000000 NTAMS 0x0000000658000000 space 32768K,  74% used [0x0000000658000000, 0x000000065a000000)
AC   0  S CS TS     5 PTAMS 0x000000065a000000 NTAMS 0x000000065a000000 space 32768K, 100% used [0x000000065a000000, 0x000000065c000000)
AC   0  F    TS     0 PTAMS 0x000000065c000000 NTAMS 0x000000065c000000 space 32768K,   0% used [0x000000065c000000, 0x000000065e000000)
AC   0  F    TS     0 PTAMS 0x000000065e000000 NTAMS 0x000000065e000000 space 32768K,   0% used [0x000000065e000000, 0x0000000660000000)
AC   0  F    TS     1 PTAMS 0x0000000660000000 NTAMS 0x0000000660000000 space 32768K,   0% used [0x0000000660000000, 0x0000000662000000)
AC   0  F    TS     1 PTAMS 0x0000000662000000 NTAMS 0x0000000662000000 space 32768K,   0% used [0x0000000662000000, 0x0000000664000000)
AC   0  F    TS     1 PTAMS 0x0000000664000000 NTAMS 0x0000000664000000 space 32768K,   0% used [0x0000000664000000, 0x0000000666000000)
AC   0  F    TS     1 PTAMS 0x0000000666000000 NTAMS 0x0000000666000000 space 32768K,   0% used [0x0000000666000000, 0x0000000668000000)
AC   0  F    TS     1 PTAMS 0x0000000668000000 NTAMS 0x0000000668000000 space 32768K,   0% used [0x0000000668000000, 0x000000066a000000)
AC   0  F    TS     1 PTAMS 0x000000066a000000 NTAMS 0x000000066a000000 space 32768K,   0% used [0x000000066a000000, 0x000000066c000000)
AC   0  F    TS     1 PTAMS 0x000000066c000000 NTAMS 0x000000066c000000 space 32768K,   0% used [0x000000066c000000, 0x000000066e000000)
AC   0  F    TS     1 PTAMS 0x000000066e000000 NTAMS 0x000000066e000000 space 32768K,   0% used [0x000000066e000000, 0x0000000670000000)
AC   0  F    TS     1 PTAMS 0x0000000670000000 NTAMS 0x0000000670000000 space 32768K,   0% used [0x0000000670000000, 0x0000000672000000)
AC   0  F    TS     1 PTAMS 0x0000000672000000 NTAMS 0x0000000672000000 space 32768K,   0% used [0x0000000672000000, 0x0000000674000000)
AC   0  F    TS     1 PTAMS 0x0000000674000000 NTAMS 0x0000000674000000 space 32768K,   0% used [0x0000000674000000, 0x0000000676000000)
AC   0  F    TS     1 PTAMS 0x0000000676000000 NTAMS 0x0000000676000000 space 32768K,   0% used [0x0000000676000000, 0x0000000678000000)
AC   0  F    TS     1 PTAMS 0x0000000678000000 NTAMS 0x0000000678000000 space 32768K,   0% used [0x0000000678000000, 0x000000067a000000)
AC   0  F    TS     1 PTAMS 0x000000067a000000 NTAMS 0x000000067a000000 space 32768K,   0% used [0x000000067a000000, 0x000000067c000000)
AC   0  F    TS     1 PTAMS 0x000000067c000000 NTAMS 0x000000067c000000 space 32768K,   0% used [0x000000067c000000, 0x000000067e000000)
AC   0  F    TS     1 PTAMS 0x000000067e000000 NTAMS 0x000000067e000000 space 32768K,   0% used [0x000000067e000000, 0x0000000680000000)
AC   0  F    TS     1 PTAMS 0x0000000680000000 NTAMS 0x0000000680000000 space 32768K,   0% used [0x0000000680000000, 0x0000000682000000)
AC   0  F    TS     1 PTAMS 0x0000000682000000 NTAMS 0x0000000682000000 space 32768K,   0% used [0x0000000682000000, 0x0000000684000000)
AC   0  F    TS     1 PTAMS 0x0000000684000000 NTAMS 0x0000000684000000 space 32768K,   0% used [0x0000000684000000, 0x0000000686000000)
AC   0  F    TS     1 PTAMS 0x0000000686000000 NTAMS 0x0000000686000000 space 32768K,   0% used [0x0000000686000000, 0x0000000688000000)
AC   0  F    TS     1 PTAMS 0x0000000688000000 NTAMS 0x0000000688000000 space 32768K,   0% used [0x0000000688000000, 0x000000068a000000)
AC   0  F    TS     1 PTAMS 0x000000068a000000 NTAMS 0x000000068a000000 space 32768K,   0% used [0x000000068a000000, 0x000000068c000000)
AC   0  F    TS     1 PTAMS 0x000000068c000000 NTAMS 0x000000068c000000 space 32768K,   0% used [0x000000068c000000, 0x000000068e000000)
AC   0  F    TS     1 PTAMS 0x000000068e000000 NTAMS 0x000000068e000000 space 32768K,   0% used [0x000000068e000000, 0x0000000690000000)
AC   0  F    TS     1 PTAMS 0x0000000690000000 NTAMS 0x0000000690000000 space 32768K,   0% used [0x0000000690000000, 0x0000000692000000)
AC   0  F    TS     1 PTAMS 0x0000000692000000 NTAMS 0x0000000692000000 space 32768K,   0% used [0x0000000692000000, 0x0000000694000000)
AC   0  F    TS     1 PTAMS 0x0000000694000000 NTAMS 0x0000000694000000 space 32768K,   0% used [0x0000000694000000, 0x0000000696000000)
AC   0  F    TS     1 PTAMS 0x0000000696000000 NTAMS 0x0000000696000000 space 32768K,   0% used [0x0000000696000000, 0x0000000698000000)
AC   0  F    TS     1 PTAMS 0x0000000698000000 NTAMS 0x0000000698000000 space 32768K,   0% used [0x0000000698000000, 0x000000069a000000)
AC   0  F    TS     1 PTAMS 0x000000069a000000 NTAMS 0x000000069a000000 space 32768K,   0% used [0x000000069a000000, 0x000000069c000000)
AC   0  F    TS     1 PTAMS 0x000000069c000000 NTAMS 0x000000069c000000 space 32768K,   0% used [0x000000069c000000, 0x000000069e000000)
AC   0  F    TS     1 PTAMS 0x000000069e000000 NTAMS 0x000000069e000000 space 32768K,   0% used [0x000000069e000000, 0x00000006a0000000)
AC   0  F    TS     1 PTAMS 0x00000006a0000000 NTAMS 0x00000006a0000000 space 32768K,   0% used [0x00000006a0000000, 0x00000006a2000000)
AC   0  F    TS     1 PTAMS 0x00000006a2000000 NTAMS 0x00000006a2000000 space 32768K,   0% used [0x00000006a2000000, 0x00000006a4000000)
AC   0  F    TS     1 PTAMS 0x00000006a4000000 NTAMS 0x00000006a4000000 space 32768K,   0% used [0x00000006a4000000, 0x00000006a6000000)
AC   0  F    TS     1 PTAMS 0x00000006a6000000 NTAMS 0x00000006a6000000 space 32768K,   0% used [0x00000006a6000000, 0x00000006a8000000)

Card table byte_map: [0x0000000014e10000,0x0000000016360000] byte_map_base: 0x0000000012560000

Marking Bits (Prev, Next): (CMBitMap*) 0x0000000003138a98, (CMBitMap*) 0x0000000003138af0
 Prev Bits: [0x00000000178b0000, 0x0000000022330000)
 Next Bits: [0x0000000022330000, 0x000000002cdb0000)

Polling page: 0x0000000001530000

CodeCache: size=245760Kb used=27497Kb max_used=27512Kb free=218262Kb
 bounds [0x00000000031a0000, 0x0000000004ca0000, 0x00000000121a0000]
 total_blobs=10205 nmethods=8832 adapters=1283
 compilation: enabled

Compilation events (10 events):
Event: 32.947 Thread 0x0000000031422800 10772       4       com.google.gson.stream.JsonReader::hasNext (30 bytes)
Event: 32.948 Thread 0x0000000031427000 nmethod 10773 0x0000000004c8f0d0 code [0x0000000004c8f2e0, 0x0000000004c8fd28]
Event: 32.948 Thread 0x0000000031422800 nmethod 10772 0x0000000004c8b4d0 code [0x0000000004c8b620, 0x0000000004c8b6e8]
Event: 32.948 Thread 0x0000000031422800 10774       4       com.google.gson.internal.LinkedTreeMap$Node::<init> (42 bytes)
Event: 32.951 Thread 0x0000000031422800 nmethod 10774 0x0000000004c89950 code [0x0000000004c89a80, 0x0000000004c8a058]
Event: 32.951 Thread 0x0000000031422800 10775       4       com.google.gson.stream.JsonReader::nextName (116 bytes)
Event: 32.952 Thread 0x0000000031422800 nmethod 10775 0x0000000004c920d0 code [0x0000000004c92220, 0x0000000004c92448]
Event: 32.952 Thread 0x0000000031422800 10776       4       com.google.gson.stream.JsonReader::peek (144 bytes)
Event: 32.953 Thread 0x0000000031422800 nmethod 10776 0x0000000004c8b010 code [0x0000000004c8b240, 0x0000000004c8b388]
Event: 32.960 Thread 0x0000000031423000 nmethod 10769 0x0000000004c926d0 code [0x0000000004c92860, 0x0000000004c93a48]

GC Heap History (10 events):
Event: 16.375 GC heap after
Heap after GC invocations=47 (full 0):
 garbage-first heap   total 3932160K, used 313305K [0x0000000516000000, 0x00000005180003c0, 0x00000007c0000000)
  region size 32768K, 3 young (98304K), 3 survivors (98304K)
 Metaspace       used 64465K, capacity 70992K, committed 71324K, reserved 1110016K
  class space    used 9212K, capacity 10876K, committed 10956K, reserved 1048576K
}
Event: 17.330 GC heap before
{Heap before GC invocations=47 (full 0):
 garbage-first heap   total 3932160K, used 2574297K [0x0000000516000000, 0x00000005180003c0, 0x00000007c0000000)
  region size 32768K, 72 young (2359296K), 3 survivors (98304K)
 Metaspace       used 65984K, capacity 72714K, committed 72988K, reserved 1112064K
  class space    used 9472K, capacity 11235K, committed 11340K, reserved 1048576K
Event: 17.391 GC heap after
Heap after GC invocations=48 (full 0):
 garbage-first heap   total 5406720K, used 309953K [0x0000000516000000, 0x0000000518000528, 0x00000007c0000000)
  region size 32768K, 2 young (65536K), 2 survivors (65536K)
 Metaspace       used 65984K, capacity 72714K, committed 72988K, reserved 1112064K
  class space    used 9472K, capacity 11235K, committed 11340K, reserved 1048576K
}
Event: 17.822 GC heap before
{Heap before GC invocations=48 (full 0):
 garbage-first heap   total 5406720K, used 932545K [0x0000000516000000, 0x0000000518000528, 0x00000007c0000000)
  region size 32768K, 22 young (720896K), 2 survivors (65536K)
 Metaspace       used 66703K, capacity 73472K, committed 73628K, reserved 1112064K
  class space    used 9596K, capacity 11360K, committed 11468K, reserved 1048576K
Event: 17.895 GC heap after
Heap after GC invocations=49 (full 0):
 garbage-first heap   total 5406720K, used 342574K [0x0000000516000000, 0x0000000518000528, 0x00000007c0000000)
  region size 32768K, 3 young (98304K), 3 survivors (98304K)
 Metaspace       used 66703K, capacity 73472K, committed 73628K, reserved 1112064K
  class space    used 9596K, capacity 11360K, committed 11468K, reserved 1048576K
}
Event: 18.830 GC heap before
{Heap before GC invocations=50 (full 0):
 garbage-first heap   total 5406720K, used 2210350K [0x0000000516000000, 0x0000000518000528, 0x00000007c0000000)
  region size 32768K, 60 young (1966080K), 3 survivors (98304K)
 Metaspace       used 66972K, capacity 73744K, committed 73884K, reserved 1112064K
  class space    used 9636K, capacity 11414K, committed 11468K, reserved 1048576K
Event: 18.873 GC heap after
Heap after GC invocations=51 (full 0):
 garbage-first heap   total 6586368K, used 320130K [0x0000000516000000, 0x0000000518000648, 0x00000007c0000000)
  region size 32768K, 2 young (65536K), 2 survivors (65536K)
 Metaspace       used 66972K, capacity 73744K, committed 73884K, reserved 1112064K
  class space    used 9636K, capacity 11414K, committed 11468K, reserved 1048576K
}
Event: 30.854 GC heap before
{Heap before GC invocations=51 (full 0):
 garbage-first heap   total 6586368K, used 3662466K [0x0000000516000000, 0x0000000518000648, 0x00000007c0000000)
  region size 32768K, 104 young (3407872K), 2 survivors (65536K)
 Metaspace       used 66975K, capacity 73744K, committed 73884K, reserved 1112064K
  class space    used 9637K, capacity 11414K, committed 11468K, reserved 1048576K
Event: 32.595 GC heap after
Heap after GC invocations=52 (full 0):
 garbage-first heap   total 6586368K, used 333497K [0x0000000516000000, 0x0000000518000648, 0x00000007c0000000)
  region size 32768K, 2 young (65536K), 2 survivors (65536K)
 Metaspace       used 66975K, capacity 73744K, committed 73884K, reserved 1112064K
  class space    used 9637K, capacity 11414K, committed 11468K, reserved 1048576K
}
Event: 33.056 GC heap before
{Heap before GC invocations=52 (full 0):
 garbage-first heap   total 6586368K, used 1578681K [0x0000000516000000, 0x0000000518000648, 0x00000007c0000000)
  region size 32768K, 40 young (1310720K), 2 survivors (65536K)
 Metaspace       used 67059K, capacity 73782K, committed 73884K, reserved 1112064K
  class space    used 9659K, capacity 11447K, committed 11468K, reserved 1048576K

Deoptimization events (10 events):
Event: 17.265 Thread 0x00000000426dc800 Uncommon trap: reason=bimorphic action=maybe_recompile pc=0x0000000004adc43c method=com.google.common.base.Objects.equal(Ljava/lang/Object;Ljava/lang/Object;)Z @ 11
Event: 17.265 Thread 0x00000000426dc800 Uncommon trap: reason=bimorphic action=maybe_recompile pc=0x0000000004adc43c method=com.google.common.base.Objects.equal(Ljava/lang/Object;Ljava/lang/Object;)Z @ 11
Event: 17.265 Thread 0x00000000426dc800 Uncommon trap: reason=bimorphic action=maybe_recompile pc=0x0000000004adc43c method=com.google.common.base.Objects.equal(Ljava/lang/Object;Ljava/lang/Object;)Z @ 11
Event: 17.265 Thread 0x00000000426dc800 Uncommon trap: reason=bimorphic action=maybe_recompile pc=0x0000000004adc43c method=com.google.common.base.Objects.equal(Ljava/lang/Object;Ljava/lang/Object;)Z @ 11
Event: 17.265 Thread 0x00000000426dc800 Uncommon trap: reason=class_check action=maybe_recompile pc=0x00000000043c714c method=java.util.Iterator.forEachRemaining(Ljava/util/function/Consumer;)V @ 21
Event: 17.720 Thread 0x00000000030a5000 Uncommon trap: reason=unstable_if action=reinterpret pc=0x0000000004801550 method=java.util.concurrent.locks.ReentrantLock$NonfairSync.lock()V @ 6
Event: 17.727 Thread 0x00000000030a5000 Uncommon trap: reason=unstable_if action=reinterpret pc=0x00000000038b7548 method=java.util.concurrent.locks.ReentrantLock$Sync.tryRelease(I)Z @ 28
Event: 17.934 Thread 0x00000000030a5000 Uncommon trap: reason=unstable_if action=reinterpret pc=0x0000000004a705cc method=org.objectweb.asm.MethodWriter.visitInsn(I)V @ 107
Event: 18.104 Thread 0x00000000030a5000 Uncommon trap: reason=unstable_if action=reinterpret pc=0x0000000003f11e94 method=org.objectweb.asm.MethodWriter.visitVarInsn(II)V @ 287
Event: 32.699 Thread 0x00000000030a5000 Uncommon trap: reason=unstable_if action=reinterpret pc=0x000000000490e7e0 method=org.objectweb.asm.MethodWriter.visitVarInsn(II)V @ 287

Internal exceptions (10 events):
Event: 16.141 Thread 0x00000000426dc800 Exception <a 'java/lang/NoSuchMethodError': java.lang.Object.lambda$static$4(Lnet/minecraft/block/BlockState;Lnet/minecraft/world/World;Lnet/minecraft/util/math/BlockPos;Lnet/minecraft/entity/player/PlayerEntity;Lnet/minecraft/util/Hand;Lnet/minecraft/itemVi◊ÿ0@
Event: 16.847 Thread 0x00000000426dc800 Exception <a 'java/lang/NoSuchMethodError': java.lang.Object.func_216134_b(Lnet/minecraft/loot/LootContext;Ljava/util/function/Consumer;)Z> (0x00000005ac0d56c0) thrown at [C:\re\workspace\8-2-build-windows-amd64-cygwin\jdk8u51\3951\hotspot\src\share\vm\int	O‚ÿ0@
Event: 16.847 Thread 0x00000000426dc800 Exception <a 'java/lang/NoSuchMethodError': java.lang.Object.func_216136_a(Lnet/minecraft/loot/LootContext;Ljava/util/function/Consumer;)Z> (0x00000005ac0d7b68) thrown at [C:\re\workspace\8-2-build-windows-amd64-cygwin\jdk8u51\3951\hotspot\src\share\vm\intÛ˝∆ç?1@
Event: 17.248 Thread 0x00000000426dc800 Exception <a 'java/lang/NoSuchMethodError': java.lang.Object.lambda$dispatchStable$8(Ljava/util/function/Function;Ljava/lang/Object;)Lcom/mojang/serialization/DataResult;> (0x0000000586ab96f0) thrown at [C:\re\workspace\8-2-build-windows-amd64-cygwin\jdk8u›‹Nñ?1@
Event: 17.248 Thread 0x00000000426dc800 Exception <a 'java/lang/NoSuchMethodError': java.lang.Object.lambda$dispatchStable$9(Ljava/util/function/Function;Ljava/lang/Object;)Lcom/mojang/serialization/DataResult;> (0x0000000586abc988) thrown at [C:\re\workspace\8-2-build-windows-amd64-cygwin\jdk8u©v<D1@
Event: 17.266 Thread 0x00000000426dc800 Exception <a 'java/lang/NoSuchMethodError': java.lang.Object.func_236850_a_(Lcom/mojang/serialization/Codec;)Lcom/mojang/serialization/Codec;> (0x0000000582095160) thrown at [C:\re\workspace\8-2-build-windows-amd64-cygwin\jdk8u51\3951\hotspot\src\share\vm\æÚ≈É“n1@
Event: 17.433 Thread 0x00000000426dc800 Exception <a 'java/lang/NoSuchMethodError': java.lang.Object.func_210297_lambda$static$0(Lnet/minecraft/dispenser/IBlockSource;Lnet/minecraft/item/ItemStack;)Lnet/minecraft/item/ItemStack;> (0x000000065a0b1228) thrown at [C:\re\workspace\8-2-build-windows-Lkà1@
Event: 17.533 Thread 0x00000000426dc800 Exception <a 'java/lang/NoSuchMethodError': java.lang.Object.func_211371_a()Lnet/minecraft/command/arguments/IRangeArgument$IntRange;> (0x00000006515aeeb8) thrown at [C:\re\workspace\8-2-build-windows-amd64-cygwin\jdk8u51\3951\hotspot\src\share\vm\interpreäM†à1@
Event: 17.534 Thread 0x00000000426dc800 Exception <a 'java/lang/NoSuchMethodError': java.lang.Object.func_243493_b()Lnet/minecraft/command/arguments/IRangeArgument$FloatRange;> (0x00000006515cf740) thrown at [C:\re\workspace\8-2-build-windows-amd64-cygwin\jdk8u51\3951\hotspot\src\share\vm\interp
Event: 17.949 Thread 0x00000000030a5000 Exception <a 'java/lang/NoSuchMethodError': java.lang.Object.lambda$static$0()Lnet/optifine/render/RenderEnv;> (0x000000065e27e1f8) thrown at [C:\re\workspace\8-2-build-windows-amd64-cygwin\jdk8u51\3951\hotspot\src\share\vm\interpreter\linkResolver.cpp, li∆≤O∂7$0@

Events (10 events):
Event: 32.878 loading class com/google/common/collect/TreeTraverser$3 done
Event: 32.878 loading class com/google/common/collect/TreeTraverser$PostOrderIterator
Event: 32.878 loading class com/google/common/collect/TreeTraverser$PostOrderIterator done
Event: 32.881 loading class com/google/common/collect/TreeTraverser$4
Event: 32.881 loading class com/google/common/collect/TreeTraverser$4 done
Event: 32.882 loading class com/google/common/collect/TreeTraverser$1
Event: 32.882 loading class com/google/common/collect/TreeTraverser$1 done
Event: 32.882 loading class com/google/common/collect/TreeTraverser$PreOrderIterator
Event: 32.882 loading class com/google/common/collect/TreeTraverser$PreOrderIterator done
Event: 32.981 Executing VM operation: G1IncCollectionPause


Dynamic libraries:
0x00007ff7a8e30000 - 0x00007ff7a8e67000 	C:\Users\nrk47\AppData\Roaming\.minecraft\runtime\jre-legacy\windows\jre-legacy\bin\javaw.exe
0x00007ff961ec0000 - 0x00007ff962126000 	C:\WINDOWS\SYSTEM32\ntdll.dll
0x00007ff960090000 - 0x00007ff960159000 	C:\WINDOWS\System32\KERNEL32.DLL
0x00007ff95f240000 - 0x00007ff95f63e000 	C:\WINDOWS\System32\KERNELBASE.dll
0x00007ff961dc0000 - 0x00007ff961e77000 	C:\WINDOWS\System32\ADVAPI32.dll
0x00007ff961ab0000 - 0x00007ff961b59000 	C:\WINDOWS\System32\msvcrt.dll
0x00007ff95fc50000 - 0x00007ff95fcfa000 	C:\WINDOWS\System32\sechost.dll
0x00007ff961210000 - 0x00007ff961328000 	C:\WINDOWS\System32\RPCRT4.dll
0x00007ff961040000 - 0x00007ff961207000 	C:\WINDOWS\System32\USER32.dll
0x00007ff95f650000 - 0x00007ff95f677000 	C:\WINDOWS\System32\win32u.dll
0x00007ff9615c0000 - 0x00007ff9615eb000 	C:\WINDOWS\System32\GDI32.dll
0x00007ff95f970000 - 0x00007ff95fa9a000 	C:\WINDOWS\System32\gdi32full.dll
0x00007ff95f680000 - 0x00007ff95f723000 	C:\WINDOWS\System32\msvcp_win.dll
0x00007ff95f0e0000 - 0x00007ff95f22c000 	C:\WINDOWS\System32\ucrtbase.dll
0x00007ff93d240000 - 0x00007ff93d4d2000 	C:\WINDOWS\WinSxS\amd64_microsoft.windows.common-controls_6595b64144ccf1df_6.0.26100.8875_none_3e0d5d42e32fe9dd\COMCTL32.dll
0x00007ff961330000 - 0x00007ff961362000 	C:\WINDOWS\System32\IMM32.DLL
0x0000000063110000 - 0x00000000631e2000 	C:\Users\nrk47\AppData\Roaming\.minecraft\runtime\jre-legacy\windows\jre-legacy\bin\msvcr100.dll
0x0000000062880000 - 0x0000000063103000 	C:\Users\nrk47\AppData\Roaming\.minecraft\runtime\jre-legacy\windows\jre-legacy\bin\server\jvm.dll
0x00007ff960e50000 - 0x00007ff960e58000 	C:\WINDOWS\System32\PSAPI.DLL
0x00007ff951790000 - 0x00007ff9517c6000 	C:\WINDOWS\SYSTEM32\WINMM.dll
0x00007ff95be40000 - 0x00007ff95be4a000 	C:\WINDOWS\SYSTEM32\WSOCK32.dll
0x00007ff957d20000 - 0x00007ff957d2b000 	C:\WINDOWS\SYSTEM32\VERSION.dll
0x00007ff960dc0000 - 0x00007ff960e40000 	C:\WINDOWS\System32\WS2_32.dll
0x0000000064270000 - 0x000000006427f000 	C:\Users\nrk47\AppData\Roaming\.minecraft\runtime\jre-legacy\windows\jre-legacy\bin\verify.dll
0x0000000064240000 - 0x0000000064269000 	C:\Users\nrk47\AppData\Roaming\.minecraft\runtime\jre-legacy\windows\jre-legacy\bin\java.dll
0x0000000064220000 - 0x0000000064236000 	C:\Users\nrk47\AppData\Roaming\.minecraft\runtime\jre-legacy\windows\jre-legacy\bin\zip.dll
0x00007ff960620000 - 0x00007ff960db2000 	C:\WINDOWS\System32\SHELL32.dll
0x00007ff95cb60000 - 0x00007ff95d3f2000 	C:\WINDOWS\SYSTEM32\windows.storage.dll
0x00007ff95fd00000 - 0x00007ff960083000 	C:\WINDOWS\System32\combase.dll
0x00007ff960e60000 - 0x00007ff960f57000 	C:\WINDOWS\System32\SHCORE.dll
0x00007ff961bb0000 - 0x00007ff961c17000 	C:\WINDOWS\System32\shlwapi.dll
0x00007ff95f000000 - 0x00007ff95f029000 	C:\WINDOWS\SYSTEM32\profapi.dll
0x0000000064210000 - 0x000000006421d000 	C:\Users\nrk47\AppData\Roaming\.minecraft\runtime\jre-legacy\windows\jre-legacy\bin\management.dll
0x00000000641f0000 - 0x000000006420a000 	C:\Users\nrk47\AppData\Roaming\.minecraft\runtime\jre-legacy\windows\jre-legacy\bin\net.dll
0x00007ff95e310000 - 0x00007ff95e37c000 	C:\WINDOWS\system32\mswsock.dll
0x00007ff939530000 - 0x00007ff939548000 	C:\WINDOWS\system32\napinsp.dll
0x00007ff95d770000 - 0x00007ff95d8c6000 	C:\WINDOWS\SYSTEM32\DNSAPI.dll
0x00007ff95e110000 - 0x00007ff95e11d000 	C:\WINDOWS\SYSTEM32\DSPARSE.dll
0x00007ff95d730000 - 0x00007ff95d763000 	C:\WINDOWS\SYSTEM32\IPHLPAPI.DLL
0x00007ff9604d0000 - 0x00007ff9604da000 	C:\WINDOWS\System32\NSI.dll
0x00007ff939510000 - 0x00007ff939523000 	C:\WINDOWS\System32\winrnr.dll
0x00007ff939550000 - 0x00007ff939572000 	C:\WINDOWS\system32\nlansp_c.dll
0x00007ff9395d0000 - 0x00007ff9395e6000 	C:\WINDOWS\system32\wshbth.dll
0x00007ff94b410000 - 0x00007ff94b496000 	C:\WINDOWS\System32\fwpuclnt.dll
0x00007ff944ab0000 - 0x00007ff944abb000 	C:\Windows\System32\rasadhlp.dll
0x00000000641d0000 - 0x00000000641e1000 	C:\Users\nrk47\AppData\Roaming\.minecraft\runtime\jre-legacy\windows\jre-legacy\bin\nio.dll
0x0000000062850000 - 0x0000000062874000 	C:\Users\nrk47\AppData\Roaming\.minecraft\runtime\jre-legacy\windows\jre-legacy\bin\sunec.dll
0x00007ff95e740000 - 0x00007ff95e75b000 	C:\WINDOWS\SYSTEM32\CRYPTSP.dll
0x00007ff95dce0000 - 0x00007ff95dd19000 	C:\WINDOWS\system32\rsaenh.dll
0x00007ff95e3d0000 - 0x00007ff95e402000 	C:\WINDOWS\SYSTEM32\USERENV.dll
0x00007ff95efd0000 - 0x00007ff95effa000 	C:\WINDOWS\SYSTEM32\bcrypt.dll
0x00007ff95faa0000 - 0x00007ff95fb4c000 	C:\WINDOWS\System32\bcryptprimitives.dll
0x00007ff95e580000 - 0x00007ff95e58c000 	C:\WINDOWS\SYSTEM32\CRYPTBASE.dll
0x00007ff93aa00000 - 0x00007ff93aa72000 	C:\Users\nrk47\AppData\Roaming\.minecraft\versions\CrimsonCraft\natives\lwjgl.dll
0x00007ff8905c0000 - 0x00007ff890811000 	C:\Users\nrk47\AppData\Roaming\.minecraft\versions\CrimsonCraft\natives\jemalloc.dll
0x00007ff93a9a0000 - 0x00007ff93a9fe000 	C:\Users\nrk47\AppData\Roaming\.minecraft\versions\CrimsonCraft\natives\glfw.dll
0x00007ff95c1f0000 - 0x00007ff95c299000 	C:\WINDOWS\system32\uxtheme.dll
0x00007ff93a950000 - 0x00007ff93a99b000 	C:\WINDOWS\SYSTEM32\dinput8.dll
0x00007ff9462b0000 - 0x00007ff9462cb000 	C:\WINDOWS\SYSTEM32\xinput1_4.dll
0x00007ff95ec40000 - 0x00007ff95ec91000 	C:\WINDOWS\SYSTEM32\cfgmgr32.dll
0x00007ff95ec00000 - 0x00007ff95ec2f000 	C:\WINDOWS\SYSTEM32\DEVOBJ.dll
0x00007ff92a260000 - 0x00007ff92a444000 	C:\WINDOWS\SYSTEM32\inputhost.dll
0x00007ff95bb70000 - 0x00007ff95bc95000 	C:\WINDOWS\SYSTEM32\CoreMessaging.dll
0x00007ff95c490000 - 0x00007ff95c4bf000 	C:\WINDOWS\SYSTEM32\dwmapi.dll
0x00007ff95dd80000 - 0x00007ff95dd9b000 	C:\WINDOWS\SYSTEM32\kernel.appcore.dll
0x00007ff961370000 - 0x00007ff9614cd000 	C:\WINDOWS\System32\MSCTF.dll
0x00007ff95d400000 - 0x00007ff95d40f000 	C:\WINDOWS\SYSTEM32\HID.DLL
0x00007ff961620000 - 0x00007ff961aa7000 	C:\WINDOWS\System32\SETUPAPI.DLL
0x00007ff95fb60000 - 0x00007ff95fbe3000 	C:\WINDOWS\System32\WINTRUST.dll
0x00007ff95f730000 - 0x00007ff95f8a8000 	C:\WINDOWS\System32\CRYPT32.dll
0x00007ff95e7b0000 - 0x00007ff95e7c3000 	C:\WINDOWS\SYSTEM32\MSASN1.dll
0x00007ff894bd0000 - 0x00007ff894cdc000 	C:\WINDOWS\SYSTEM32\opengl32.dll
0x00007ff894b90000 - 0x00007ff894bbd000 	C:\WINDOWS\SYSTEM32\GLU32.dll
0x00007ff95c2d0000 - 0x00007ff95c316000 	C:\WINDOWS\SYSTEM32\dxcore.dll
0x00007ff940090000 - 0x00007ff9400aa000 	C:\WINDOWS\SYSTEM32\windows.staterepositorycore.dll
0x00007ff8854b0000 - 0x00007ff887dd5000 	C:\WINDOWS\System32\DriverStore\FileRepository\nv_dispig.inf_amd64_f4c7a2fd13e0f763\nvoglv64.dll
0x00007ff961c20000 - 0x00007ff961db9000 	C:\WINDOWS\System32\ole32.dll
0x00007ff960f60000 - 0x00007ff961039000 	C:\WINDOWS\System32\OLEAUT32.dll
0x00007ff95c000000 - 0x00007ff95c029000 	C:\WINDOWS\SYSTEM32\WTSAPI32.dll
0x00007ff95e030000 - 0x00007ff95e079000 	C:\WINDOWS\SYSTEM32\SspiCli.dll
0x00007ff957ce0000 - 0x00007ff957d1b000 	C:\WINDOWS\SYSTEM32\cryptnet.dll
0x00007ff95e640000 - 0x00007ff95e6aa000 	C:\WINDOWS\SYSTEM32\wldp.dll
0x00007ff957b60000 - 0x00007ff957cd9000 	C:\WINDOWS\SYSTEM32\drvstore.dll
0x00007ff95deb0000 - 0x00007ff95dee6000 	C:\WINDOWS\SYSTEM32\ntmarta.dll
0x00007ff9615f0000 - 0x00007ff961610000 	C:\WINDOWS\System32\imagehlp.dll
0x00007ff952e30000 - 0x00007ff957b2f000 	C:\WINDOWS\System32\DriverStore\FileRepository\nv_dispig.inf_amd64_f4c7a2fd13e0f763\nvgpucomp64.dll
0x00007ff911010000 - 0x00007ff911157000 	C:\WINDOWS\system32\nvspcap64.dll
0x00007ff95ef40000 - 0x00007ff95ef9e000 	C:\WINDOWS\SYSTEM32\powrprof.dll
0x00007ff95ef20000 - 0x00007ff95ef34000 	C:\WINDOWS\SYSTEM32\UMPDC.dll
0x00007ff95ecd0000 - 0x00007ff95ed31000 	C:\WINDOWS\SYSTEM32\WINSTA.dll
0x00007ff93a8d0000 - 0x00007ff93a94f000 	C:\Users\nrk47\AppData\Roaming\.minecraft\versions\CrimsonCraft\natives\lwjgl_stb.dll
0x00007ff93ccc0000 - 0x00007ff93cd7f000 	C:\WINDOWS\SYSTEM32\mscms.dll
0x00007ff939e50000 - 0x00007ff939e99000 	C:\WINDOWS\SYSTEM32\icm32.dll
0x00007ff93a760000 - 0x00007ff93a8a7000 	C:\WINDOWS\SYSTEM32\textinputframework.dll
0x00007ff958040000 - 0x00007ff958324000 	C:\WINDOWS\SYSTEM32\CoreUIComponents.dll
0x00007ff9585c0000 - 0x00007ff95872a000 	C:\WINDOWS\SYSTEM32\wintypes.dll
0x00007ff939df0000 - 0x00007ff939e48000 	C:\Users\nrk47\AppData\Roaming\.minecraft\versions\CrimsonCraft\natives\lwjgl_opengl.dll
0x00007ff9498e0000 - 0x00007ff949b22000 	C:\WINDOWS\SYSTEM32\dbghelp.dll

VM Arguments:
jvm_args: -Dos.name=Windows 10 -Dos.version=10.0 -Xmx10881M -XX:+UnlockExperimentalVMOptions -XX:+UseG1GC -XX:G1NewSizePercent=20 -XX:G1ReservePercent=20 -XX:MaxGCPauseMillis=50 -XX:G1HeapRegionSize=32M -Dfml.ignoreInvalidMinecraftCertificates=true -Dfml.ignorePatchDiscrepancies=true -Djava.net.preferIPv4Stack=true -XX:HeapDumpPath=MojangTricksIntelDriversForPerformance_javaw.exe_minecraft.exe.heapdump -Xss1M -Djava.library.path=C:\Users\nrk47\AppData\Roaming\.minecraft\versions\CrimsonCraft\natives -Dminecraft.launcher.brand=minecraft-launcher -Dminecraft.launcher.version=2.3.173 -XX:+IgnoreUnrecognizedVMOptions --add-exports=java.base/sun.security.util=ALL-UNNAMED --add-exports=jdk.naming.dns/com.sun.jndi.dns=java.naming --add-opens=java.base/java.util.jar=ALL-UNNAMED -Dminecraft.applet.TargetDirectory=C:\Users\nrk47\AppData\Roaming\.minecraft\versions\CrimsonCraft -DlibraryDirectory=C:\Users\nrk47\AppData\Roaming\.minecraft\libraries -Dcountry=RO -Dlog4j.configurationFile=C:\Users\nrk47\AppData\Roaming\.minecraft\assets\log_configs\client-1.12.xml -DLibLoader.modsFolder=C:\Users\nrk47\AppData\Roaming\.minecraft\versions\CrimsonCraft\mods 
java_command: cpw.mods.modlauncher.Launcher --username SZN_Nero --version CrimsonCraft --gameDir C:\Users\nrk47\AppData\Roaming\.minecraft\versions\CrimsonCraft --assetsDir C:\Users\nrk47\AppData\Roaming\.minecraft\assets --assetIndex 1.16 --uuid 123eddbd-cdd4-11ef-af44-9c6b00470e68 --accessToken null --userType mojang --versionType modified --width 925 --height 530 --launchTarget fmlclient --fml.forgeVersion 36.2.42 --fml.mcVersion 1.16.5 --fml.forgeGroup net.minecraftforge --fml.mcpVersion 20210115.111550
java_class_path (initial): C:\Users\nrk47\AppData\Roaming\.minecraft\libraries\net\minecraftforge\forge\1.16.5-36.2.42\forge-1.16.5-36.2.42.jar;C:\Users\nrk47\AppData\Roaming\.minecraft\libraries\org\ow2\asm\asm\9.6\asm-9.6.jar;C:\Users\nrk47\AppData\Roaming\.minecraft\libraries\org\ow2\asm\asm-commons\9.6\asm-commons-9.6.jar;C:\Users\nrk47\AppData\Roaming\.minecraft\libraries\org\ow2\asm\asm-tree\9.6\asm-tree-9.6.jar;C:\Users\nrk47\AppData\Roaming\.minecraft\libraries\org\ow2\asm\asm-util\9.6\asm-util-9.6.jar;C:\Users\nrk47\AppData\Roaming\.minecraft\libraries\org\ow2\asm\asm-analysis\9.6\asm-analysis-9.6.jar;C:\Users\nrk47\AppData\Roaming\.minecraft\libraries\cpw\mods\modlauncher\8.1.3\modlauncher-8.1.3.jar;C:\Users\nrk47\AppData\Roaming\.minecraft\libraries\cpw\mods\grossjava9hacks\1.3.3\grossjava9hacks-1.3.3.jar;C:\Users\nrk47\AppData\Roaming\.minecraft\libraries\net\minecraftforge\accesstransformers\3.0.1\accesstransformers-3.0.1.jar;C:\Users\nrk47\AppData\Roaming\.minecraft\libraries\org\antlr\antlr4-runtime\4.9.1\antlr4-runtime-4.9.1.jar;C:\Users\nrk47\AppData\Roaming\.minecraft\libraries\net\minecraftforge\eventbus\4.0.0\eventbus-4.0.0.jar;C:\Users\nrk47\AppData\Roaming\.minecraft\libraries\net\minecraftforge\forgespi\3.2.0\forgespi-3.2.0.jar;C:\Users\nrk47\AppData\Roaming\.minecraft\libraries\net\minecraftforge\coremods\4.0.6\coremods-4.0.6.jar;C:\Users\nrk47\AppData\Roaming\.minecraft\libraries\net\minecraftforge\unsafe\0.2.0\unsafe-0.2.0.jar;C:\Users\nrk47\AppData\Roaming\.minecraft\libraries\com\electronwill\night-config\core\3.6.3\core-3.6.3.jar;C:\Users\nrk47\AppData\Roaming\.minecraft\libraries\com\electronwill\night-config\toml\3.6.3\toml-3.6.3.jar;C:\Users\nrk47\AppData\Roaming\.minecraft\libraries\org\jline\jline\3.12.1\jline-3.12.1.jar;C:\Users\nrk47\AppData\Roaming\.minecraft\libraries\org\apache\maven\maven-artifact\3.6.3\maven-artifact-3.6.3.jar;C:\Users\nrk47\AppData\Roaming\.minecraft\libraries\net\jodah\typetools\0.8.3\typetools-0.8.3.jar;
Launcher Type: SUN_STANDARD

Environment Variables:
PATH=C:\Program Files\Eclipse Foundation\jdk-16.0.2.7-hotspot\bin;C:\Program Files\Common Files\Oracle\Java\javapath;C:\Program Files (x86)\Common Files\Oracle\Java\java8path;C:\Program Files (x86)\Common Files\Oracle\Java\javapath;C:\Program Files\ImageMagick-7.1.2-Q16-HDRI;C:\Program Files (x86)\Razer Chroma SDK\bin;C:\Program Files\Razer Chroma SDK\bin;C:\WINDOWS\system32;C:\WINDOWS;C:\WINDOWS\System32\Wbem;C:\WINDOWS\System32\WindowsPowerShell\v1.0\;C:\WINDOWS\System32\OpenSSH\;C:\WINDOWS\system32\config\systemprofile\AppData\Local\Microsoft\WindowsApps;C:\Program Files (x86)\Razer\ChromaBroadcast\bin;C:\Program Files\Razer\ChromaBroadcast\bin;C:\Users\nrk47\AppData\Local\Microsoft\WindowsApps;;C:\Program Files (x86)\NVIDIA Corporation\PhysX\Common;C:\Program Files\playit_gg\bin\;C:\Program Files\dotnet\;C:\Program Files\Cloudflare\Cloudflare WARP\;C:\Program Files\NVIDIA Corporation\NVIDIA App\NvDLISR;C:\Users\nrk47\AppData\Local\Microsoft\WindowsApps;C:\Users\nrk47\AppData\Local\Programs\Microsoft VS Code\bin;C:\Users\nrk47\AppData\Local\Python\bin;C:\Users\nrk47\.dotnet\tools;C:\Users\nrk47\AppData\Local\spicetify;C:\Users\nrk47\AppData\Local\Kingsoft\WPS Office\12.1.0.27458\clitool;C:\Program Files\Eclipse Foundation\jdk-16.0.2.7-hotspot\bin
USERNAME=nrk47
OS=Windows_NT
PROCESSOR_IDENTIFIER=Intel64 Family 6 Model 158 Stepping 10, GenuineIntel



---------------  S Y S T E M  ---------------

OS: Windows 10.0 , 64 bit Build 26100 (10.0.26100.8875)

CPU:total 6 (6 cores per cpu, 1 threads per core) family 6 model 158 stepping 10, cmov, cx8, fxsr, mmx, sse, sse2, sse3, ssse3, sse4.1, sse4.2, popcnt, avx, avx2, aes, clmul, erms, 3dnowpref, lzcnt, tsc, tscinvbit, bmi1, bmi2, adx

Memory: 4k page, physical 16713748k(1013484k free), swap 20973588k(1344732k free)

vm_info: Java HotSpot(TM) 64-Bit Server VM (25.51-b03) for windows-amd64 JRE (1.8.0_51-b16), built on Jun  8 2015 18:03:07 by "java_re" with MS VC++ 10.0 (VS2010)

time: Tue Aug 11 10:47:38 2026
elapsed time: 49 seconds (0d 0h 0m 49s)

