#
# There is insufficient memory for the Java Runtime Environment to continue.
# Native memory allocation (malloc) failed to allocate 2100816 bytes for Chunk::new
# Possible reasons:
#   The system is out of physical RAM or swap space
#   In 32 bit mode, the process size limit was hit
# Possible solutions:
#   Reduce memory load on the system
#   Increase physical memory or swap space
#   Check if swap backing store is full
#   Use 64 bit Java on a 64 bit OS
#   Decrease Java heap size (-Xmx/-Xms)
#   Decrease number of Java threads
#   Decrease Java thread stack sizes (-Xss)
#   Set larger code cache with -XX:ReservedCodeCacheSize=
# This output file may be truncated or incomplete.
#
#  Out of Memory Error (allocation.cpp:390), pid=8624, tid=21464
#
# JRE version: Java(TM) SE Runtime Environment (8.0_51-b16) (build 1.8.0_51-b16)
# Java VM: Java HotSpot(TM) 64-Bit Server VM (25.51-b03 mixed mode windows-amd64 compressed oops)
# Failed to write core dump. Minidumps are not enabled by default on client versions of Windows
#

---------------  T H R E A D  ---------------

Current thread (0x0000000031544000):  JavaThread "C2 CompilerThread1" daemon [_thread_in_native, id=21464, stack(0x0000000031c80000,0x0000000031d80000)]

Stack: [0x0000000031c80000,0x0000000031d80000]
Native frames: (J=compiled Java code, j=interpreted, Vv=VM code, C=native code)
V  [jvm.dll+0x32b4ca]
V  [jvm.dll+0x2797e3]
V  [jvm.dll+0x27a479]
V  [jvm.dll+0x271765]
V  [jvm.dll+0xcba02]
V  [jvm.dll+0xcbecc]
V  [jvm.dll+0x476f72]
V  [jvm.dll+0x4b95ff]
V  [jvm.dll+0x46c011]
V  [jvm.dll+0x46cd4e]
V  [jvm.dll+0x4501a2]
V  [jvm.dll+0xa43a2]
V  [jvm.dll+0xa4cdf]
V  [jvm.dll+0x2418a4]
V  [jvm.dll+0x29846a]
C  [msvcr100.dll+0x21d9f]
C  [msvcr100.dll+0x21e3b]
C  [KERNEL32.DLL+0x2e957]
C  [ntdll.dll+0xaad6c]


Current CompileTask:
C2:  55020 15434       4       net.minecraft.client.renderer.model.BlockModel::func_225614_a_ (425 bytes)


---------------  P R O C E S S  ---------------

Java Threads: ( => current thread )
  0x000000004318e000 JavaThread "Thread-11" daemon [_thread_blocked, id=1956, stack(0x000000003d2a0000,0x000000003d3a0000)]
  0x000000004318b000 JavaThread "Java2D Disposer" daemon [_thread_blocked, id=1932, stack(0x0000000055440000,0x0000000055540000)]
  0x0000000043196000 JavaThread "Worker-Main-10" daemon [_thread_blocked, id=18308, stack(0x000000004fc90000,0x000000004fd90000)]
  0x0000000043197000 JavaThread "Worker-Main-9" daemon [_thread_blocked, id=7992, stack(0x000000004f8c0000,0x000000004f9c0000)]
  0x0000000043192800 JavaThread "Worker-Main-8" daemon [_thread_in_Java, id=10288, stack(0x000000004f7c0000,0x000000004f8c0000)]
  0x0000000043193000 JavaThread "Worker-Main-7" daemon [_thread_blocked, id=19560, stack(0x000000004f6c0000,0x000000004f7c0000)]
  0x0000000043191000 JavaThread "Worker-Main-6" daemon [_thread_blocked, id=15608, stack(0x000000004f5c0000,0x000000004f6c0000)]
  0x0000000043191800 JavaThread "Narrator" [_thread_blocked, id=17172, stack(0x000000003f4d0000,0x000000003f5d0000)]
  0x000000004318d000 JavaThread "Sound engine" daemon [_thread_blocked, id=1544, stack(0x000000004ca30000,0x000000004cb30000)]
  0x000000004318f800 JavaThread "DefaultDispatcher-worker-2" daemon [_thread_blocked, id=11392, stack(0x000000004c4f0000,0x000000004c5f0000)]
  0x0000000043190000 JavaThread "DefaultDispatcher-worker-1" daemon [_thread_blocked, id=7272, stack(0x000000004b2d0000,0x000000004b3d0000)]
  0x0000000040b90000 JavaThread "modloading-worker-6" daemon [_thread_blocked, id=19644, stack(0x0000000044590000,0x0000000044690000)]
  0x0000000040b93000 JavaThread "modloading-worker-5" daemon [_thread_blocked, id=17720, stack(0x0000000040e80000,0x0000000040f80000)]
  0x0000000040b92800 JavaThread "modloading-worker-3" daemon [_thread_blocked, id=6648, stack(0x000000003f3d0000,0x000000003f4d0000)]
  0x0000000040b8e800 JavaThread "modloading-worker-2" daemon [_thread_blocked, id=21412, stack(0x000000003d830000,0x000000003d930000)]
  0x0000000040b91800 JavaThread "modloading-worker-1" daemon [_thread_blocked, id=21088, stack(0x000000003d730000,0x000000003d830000)]
  0x0000000040b8e000 JavaThread "Snooper Timer" daemon [_thread_blocked, id=2692, stack(0x000000003bd30000,0x000000003be30000)]
  0x0000000040b8c800 JavaThread "Timer hack thread" daemon [_thread_blocked, id=10292, stack(0x0000000045970000,0x0000000045a70000)]
  0x0000000042748000 JavaThread "Worker-Bootstrap-5" daemon [_thread_blocked, id=17640, stack(0x0000000045200000,0x0000000045300000)]
  0x0000000032ba8000 JavaThread "Worker-Bootstrap-4" daemon [_thread_blocked, id=5200, stack(0x0000000044c70000,0x0000000044d70000)]
  0x0000000041ebb800 JavaThread "Worker-Bootstrap-2" daemon [_thread_blocked, id=2780, stack(0x000000003c440000,0x000000003c540000)]
  0x00000000333ad800 JavaThread "Thread-2" daemon [_thread_in_native, id=20516, stack(0x0000000034a90000,0x0000000034b90000)]
  0x0000000033428800 JavaThread "Thread-1" daemon [_thread_blocked, id=16620, stack(0x0000000034990000,0x0000000034a90000)]
  0x000000003156d800 JavaThread "Service Thread" daemon [_thread_blocked, id=1928, stack(0x0000000032280000,0x0000000032380000)]
  0x000000003154c000 JavaThread "C1 CompilerThread2" daemon [_thread_blocked, id=14616, stack(0x0000000031d80000,0x0000000031e80000)]
=>0x0000000031544000 JavaThread "C2 CompilerThread1" daemon [_thread_in_native, id=21464, stack(0x0000000031c80000,0x0000000031d80000)]
  0x0000000031543000 JavaThread "C2 CompilerThread0" daemon [_thread_in_native, id=14664, stack(0x0000000031b80000,0x0000000031c80000)]
  0x0000000031541000 JavaThread "Attach Listener" daemon [_thread_blocked, id=17724, stack(0x0000000031a80000,0x0000000031b80000)]
  0x00000000314f9000 JavaThread "Signal Dispatcher" daemon [_thread_blocked, id=15156, stack(0x0000000031980000,0x0000000031a80000)]
  0x00000000314f8000 JavaThread "Surrogate Locker Thread (Concurrent GC)" daemon [_thread_blocked, id=19704, stack(0x0000000031880000,0x0000000031980000)]
  0x00000000314e6000 JavaThread "Finalizer" daemon [_thread_blocked, id=21324, stack(0x0000000031770000,0x0000000031870000)]
  0x00000000314dd800 JavaThread "Reference Handler" daemon [_thread_blocked, id=19544, stack(0x0000000031670000,0x0000000031770000)]
  0x00000000031c4800 JavaThread "Render thread" [_thread_in_native, id=17712, stack(0x00000000030c0000,0x00000000031c0000)]

Other Threads:
  0x00000000314d6000 VMThread [stack: 0x0000000031570000,0x0000000031670000] [id=2876]
  0x0000000031e8a800 WatcherThread [stack: 0x0000000032380000,0x0000000032480000] [id=9652]

VM state:not at safepoint (normal execution)

VM Mutex/Monitor currently owned by a thread: None

Heap:
 garbage-first heap   total 9797632K, used 2073212K [0x0000000516000000, 0x0000000518000958, 0x00000007c0000000)
  region size 32768K, 51 young (1671168K), 5 survivors (163840K)
 Metaspace       used 134669K, capacity 150436K, committed 150592K, reserved 1171456K
  class space    used 23562K, capacity 29541K, committed 29564K, reserved 1048576K

Heap Regions: (Y=young(eden), SU=young(survivor), HS=humongous(starts), HC=humongous(continues), CS=collection set, F=free, TS=gc time stamp, PTAMS=previous top-at-mark-start, NTAMS=next top-at-mark-start)
AC   0  O    TS     0 PTAMS 0x0000000518000000 NTAMS 0x0000000518000000 space 32768K, 100% used [0x0000000516000000, 0x0000000518000000)
AC   0  O    TS     0 PTAMS 0x000000051a000000 NTAMS 0x000000051a000000 space 32768K, 100% used [0x0000000518000000, 0x000000051a000000)
AC   0  O    TS     0 PTAMS 0x000000051c000000 NTAMS 0x000000051c000000 space 32768K, 100% used [0x000000051a000000, 0x000000051c000000)
AC   0  O    TS     0 PTAMS 0x000000051e000000 NTAMS 0x000000051e000000 space 32768K, 100% used [0x000000051c000000, 0x000000051e000000)
AC   0  O    TS     1 PTAMS 0x000000051ff08000 NTAMS 0x000000051ff08000 space 32768K, 100% used [0x000000051e000000, 0x0000000520000000)
AC   0  O    TS     0 PTAMS 0x0000000522000000 NTAMS 0x0000000522000000 space 32768K, 100% used [0x0000000520000000, 0x0000000522000000)
AC   0  O    TS     0 PTAMS 0x0000000524000000 NTAMS 0x0000000524000000 space 32768K, 100% used [0x0000000522000000, 0x0000000524000000)
AC   0  O    TS     7 PTAMS 0x0000000524000000 NTAMS 0x0000000524000000 space 32768K, 100% used [0x0000000524000000, 0x0000000526000000)
AC   0  O    TS     9 PTAMS 0x0000000526000000 NTAMS 0x0000000526000000 space 32768K, 100% used [0x0000000526000000, 0x0000000528000000)
AC   0  O    TS     0 PTAMS 0x000000052a000000 NTAMS 0x000000052a000000 space 32768K, 100% used [0x0000000528000000, 0x000000052a000000)
AC   0  O    TS    13 PTAMS 0x000000052a000000 NTAMS 0x000000052a000000 space 32768K, 100% used [0x000000052a000000, 0x000000052c000000)
AC   0  O    TS    33 PTAMS 0x000000052c000000 NTAMS 0x000000052c000000 space 32768K, 100% used [0x000000052c000000, 0x000000052e000000)
AC   0  O    TS    35 PTAMS 0x000000052e000000 NTAMS 0x000000052e000000 space 32768K, 100% used [0x000000052e000000, 0x0000000530000000)
AC   0  O    TS    35 PTAMS 0x0000000530000000 NTAMS 0x0000000530000000 space 32768K,  26% used [0x0000000530000000, 0x0000000532000000)
AC   0  F    TS     0 PTAMS 0x0000000532000000 NTAMS 0x0000000532000000 space 32768K,   0% used [0x0000000532000000, 0x0000000534000000)
AC   0  F    TS     0 PTAMS 0x0000000534000000 NTAMS 0x0000000534000000 space 32768K,   0% used [0x0000000534000000, 0x0000000536000000)
AC   0  F    TS     0 PTAMS 0x0000000536000000 NTAMS 0x0000000536000000 space 32768K,   0% used [0x0000000536000000, 0x0000000538000000)
AC   0  F    TS     0 PTAMS 0x0000000538000000 NTAMS 0x0000000538000000 space 32768K,   0% used [0x0000000538000000, 0x000000053a000000)
AC   0  F    TS     0 PTAMS 0x000000053a000000 NTAMS 0x000000053a000000 space 32768K,   0% used [0x000000053a000000, 0x000000053c000000)
AC   0  F    TS     0 PTAMS 0x000000053c000000 NTAMS 0x000000053c000000 space 32768K,   0% used [0x000000053c000000, 0x000000053e000000)
AC   0  F    TS     0 PTAMS 0x000000053e000000 NTAMS 0x000000053e000000 space 32768K,   0% used [0x000000053e000000, 0x0000000540000000)
AC   0  F    TS     0 PTAMS 0x0000000540000000 NTAMS 0x0000000540000000 space 32768K,   0% used [0x0000000540000000, 0x0000000542000000)
AC   0  F    TS     0 PTAMS 0x0000000542000000 NTAMS 0x0000000542000000 space 32768K,   0% used [0x0000000542000000, 0x0000000544000000)
AC   0  F    TS     0 PTAMS 0x0000000544000000 NTAMS 0x0000000544000000 space 32768K,   0% used [0x0000000544000000, 0x0000000546000000)
AC   0  F    TS     0 PTAMS 0x0000000546000000 NTAMS 0x0000000546000000 space 32768K,   0% used [0x0000000546000000, 0x0000000548000000)
AC   0  F    TS     0 PTAMS 0x0000000548000000 NTAMS 0x0000000548000000 space 32768K,   0% used [0x0000000548000000, 0x000000054a000000)
AC   0  F    TS     0 PTAMS 0x000000054a000000 NTAMS 0x000000054a000000 space 32768K,   0% used [0x000000054a000000, 0x000000054c000000)
AC   0  F    TS     0 PTAMS 0x000000054c000000 NTAMS 0x000000054c000000 space 32768K,   0% used [0x000000054c000000, 0x000000054e000000)
AC   0  F    TS     0 PTAMS 0x000000054e000000 NTAMS 0x000000054e000000 space 32768K,   0% used [0x000000054e000000, 0x0000000550000000)
AC   0  F    TS     0 PTAMS 0x0000000550000000 NTAMS 0x0000000550000000 space 32768K,   0% used [0x0000000550000000, 0x0000000552000000)
AC   0  F    TS     0 PTAMS 0x0000000552000000 NTAMS 0x0000000552000000 space 32768K,   0% used [0x0000000552000000, 0x0000000554000000)
AC   0  F    TS     0 PTAMS 0x0000000554000000 NTAMS 0x0000000554000000 space 32768K,   0% used [0x0000000554000000, 0x0000000556000000)
AC   0  F    TS     0 PTAMS 0x0000000556000000 NTAMS 0x0000000556000000 space 32768K,   0% used [0x0000000556000000, 0x0000000558000000)
AC   0  F    TS     0 PTAMS 0x0000000558000000 NTAMS 0x0000000558000000 space 32768K,   0% used [0x0000000558000000, 0x000000055a000000)
AC   0  F    TS     0 PTAMS 0x000000055a000000 NTAMS 0x000000055a000000 space 32768K,   0% used [0x000000055a000000, 0x000000055c000000)
AC   0  F    TS     0 PTAMS 0x000000055c000000 NTAMS 0x000000055c000000 space 32768K,   0% used [0x000000055c000000, 0x000000055e000000)
AC   0  F    TS     0 PTAMS 0x000000055e000000 NTAMS 0x000000055e000000 space 32768K,   0% used [0x000000055e000000, 0x0000000560000000)
AC   0  F    TS     0 PTAMS 0x0000000560000000 NTAMS 0x0000000560000000 space 32768K,   0% used [0x0000000560000000, 0x0000000562000000)
AC   0  F    TS     0 PTAMS 0x0000000562000000 NTAMS 0x0000000562000000 space 32768K,   0% used [0x0000000562000000, 0x0000000564000000)
AC   0  F    TS     0 PTAMS 0x0000000564000000 NTAMS 0x0000000564000000 space 32768K,   0% used [0x0000000564000000, 0x0000000566000000)
AC   0  F    TS     0 PTAMS 0x0000000566000000 NTAMS 0x0000000566000000 space 32768K,   0% used [0x0000000566000000, 0x0000000568000000)
AC   0  F    TS     0 PTAMS 0x0000000568000000 NTAMS 0x0000000568000000 space 32768K,   0% used [0x0000000568000000, 0x000000056a000000)
AC   0  F    TS     0 PTAMS 0x000000056a000000 NTAMS 0x000000056a000000 space 32768K,   0% used [0x000000056a000000, 0x000000056c000000)
AC   0  F    TS     0 PTAMS 0x000000056c000000 NTAMS 0x000000056c000000 space 32768K,   0% used [0x000000056c000000, 0x000000056e000000)
AC   0  F    TS     0 PTAMS 0x000000056e000000 NTAMS 0x000000056e000000 space 32768K,   0% used [0x000000056e000000, 0x0000000570000000)
AC   0  F    TS     0 PTAMS 0x0000000570000000 NTAMS 0x0000000570000000 space 32768K,   0% used [0x0000000570000000, 0x0000000572000000)
AC   0  F    TS     0 PTAMS 0x0000000572000000 NTAMS 0x0000000572000000 space 32768K,   0% used [0x0000000572000000, 0x0000000574000000)
AC   0  F    TS     0 PTAMS 0x0000000574000000 NTAMS 0x0000000574000000 space 32768K,   0% used [0x0000000574000000, 0x0000000576000000)
AC   0  F    TS     0 PTAMS 0x0000000576000000 NTAMS 0x0000000576000000 space 32768K,   0% used [0x0000000576000000, 0x0000000578000000)
AC   0  F    TS     0 PTAMS 0x0000000578000000 NTAMS 0x0000000578000000 space 32768K,   0% used [0x0000000578000000, 0x000000057a000000)
AC   0  F    TS     0 PTAMS 0x000000057a000000 NTAMS 0x000000057a000000 space 32768K,   0% used [0x000000057a000000, 0x000000057c000000)
AC   0  F    TS     0 PTAMS 0x000000057c000000 NTAMS 0x000000057c000000 space 32768K,   0% used [0x000000057c000000, 0x000000057e000000)
AC   0  F    TS     0 PTAMS 0x000000057e000000 NTAMS 0x000000057e000000 space 32768K,   0% used [0x000000057e000000, 0x0000000580000000)
AC   0  F    TS     0 PTAMS 0x0000000580000000 NTAMS 0x0000000580000000 space 32768K,   0% used [0x0000000580000000, 0x0000000582000000)
AC   0  F    TS     0 PTAMS 0x0000000582000000 NTAMS 0x0000000582000000 space 32768K,   0% used [0x0000000582000000, 0x0000000584000000)
AC   0  F    TS     0 PTAMS 0x0000000584000000 NTAMS 0x0000000584000000 space 32768K,   0% used [0x0000000584000000, 0x0000000586000000)
AC   0  F    TS     0 PTAMS 0x0000000586000000 NTAMS 0x0000000586000000 space 32768K,   0% used [0x0000000586000000, 0x0000000588000000)
AC   0  F    TS     0 PTAMS 0x0000000588000000 NTAMS 0x0000000588000000 space 32768K,   0% used [0x0000000588000000, 0x000000058a000000)
AC   0  F    TS     0 PTAMS 0x000000058a000000 NTAMS 0x000000058a000000 space 32768K,   0% used [0x000000058a000000, 0x000000058c000000)
AC   0  F    TS     0 PTAMS 0x000000058c000000 NTAMS 0x000000058c000000 space 32768K,   0% used [0x000000058c000000, 0x000000058e000000)
AC   0  F    TS     0 PTAMS 0x000000058e000000 NTAMS 0x000000058e000000 space 32768K,   0% used [0x000000058e000000, 0x0000000590000000)
AC   0  F    TS     0 PTAMS 0x0000000590000000 NTAMS 0x0000000590000000 space 32768K,   0% used [0x0000000590000000, 0x0000000592000000)
AC   0  F    TS     0 PTAMS 0x0000000592000000 NTAMS 0x0000000592000000 space 32768K,   0% used [0x0000000592000000, 0x0000000594000000)
AC   0  F    TS     0 PTAMS 0x0000000594000000 NTAMS 0x0000000594000000 space 32768K,   0% used [0x0000000594000000, 0x0000000596000000)
AC   0  F    TS     0 PTAMS 0x0000000596000000 NTAMS 0x0000000596000000 space 32768K,   0% used [0x0000000596000000, 0x0000000598000000)
AC   0  F    TS     0 PTAMS 0x0000000598000000 NTAMS 0x0000000598000000 space 32768K,   0% used [0x0000000598000000, 0x000000059a000000)
AC   0  F    TS     0 PTAMS 0x000000059a000000 NTAMS 0x000000059a000000 space 32768K,   0% used [0x000000059a000000, 0x000000059c000000)
AC   0  F    TS     0 PTAMS 0x000000059c000000 NTAMS 0x000000059c000000 space 32768K,   0% used [0x000000059c000000, 0x000000059e000000)
AC   0  F    TS     0 PTAMS 0x000000059e000000 NTAMS 0x000000059e000000 space 32768K,   0% used [0x000000059e000000, 0x00000005a0000000)
AC   0  F    TS     0 PTAMS 0x00000005a0000000 NTAMS 0x00000005a0000000 space 32768K,   0% used [0x00000005a0000000, 0x00000005a2000000)
AC   0  F    TS     0 PTAMS 0x00000005a2000000 NTAMS 0x00000005a2000000 space 32768K,   0% used [0x00000005a2000000, 0x00000005a4000000)
AC   0  F    TS     0 PTAMS 0x00000005a4000000 NTAMS 0x00000005a4000000 space 32768K,   0% used [0x00000005a4000000, 0x00000005a6000000)
AC   0  F    TS     0 PTAMS 0x00000005a6000000 NTAMS 0x00000005a6000000 space 32768K,   0% used [0x00000005a6000000, 0x00000005a8000000)
AC   0  F    TS     0 PTAMS 0x00000005a8000000 NTAMS 0x00000005a8000000 space 32768K,   0% used [0x00000005a8000000, 0x00000005aa000000)
AC   0  F    TS     0 PTAMS 0x00000005aa000000 NTAMS 0x00000005aa000000 space 32768K,   0% used [0x00000005aa000000, 0x00000005ac000000)
AC   0  F    TS     0 PTAMS 0x00000005ac000000 NTAMS 0x00000005ac000000 space 32768K,   0% used [0x00000005ac000000, 0x00000005ae000000)
AC   0  F    TS     0 PTAMS 0x00000005ae000000 NTAMS 0x00000005ae000000 space 32768K,   0% used [0x00000005ae000000, 0x00000005b0000000)
AC   0  F    TS     0 PTAMS 0x00000005b0000000 NTAMS 0x00000005b0000000 space 32768K,   0% used [0x00000005b0000000, 0x00000005b2000000)
AC   0  F    TS     0 PTAMS 0x00000005b2000000 NTAMS 0x00000005b2000000 space 32768K,   0% used [0x00000005b2000000, 0x00000005b4000000)
AC   0  F    TS     0 PTAMS 0x00000005b4000000 NTAMS 0x00000005b4000000 space 32768K,   0% used [0x00000005b4000000, 0x00000005b6000000)
AC   0  F    TS     0 PTAMS 0x00000005b6000000 NTAMS 0x00000005b6000000 space 32768K,   0% used [0x00000005b6000000, 0x00000005b8000000)
AC   0  F    TS     0 PTAMS 0x00000005b8000000 NTAMS 0x00000005b8000000 space 32768K,   0% used [0x00000005b8000000, 0x00000005ba000000)
AC   0  F    TS     0 PTAMS 0x00000005ba000000 NTAMS 0x00000005ba000000 space 32768K,   0% used [0x00000005ba000000, 0x00000005bc000000)
AC   0  F    TS     0 PTAMS 0x00000005bc000000 NTAMS 0x00000005bc000000 space 32768K,   0% used [0x00000005bc000000, 0x00000005be000000)
AC   0  F    TS     0 PTAMS 0x00000005be000000 NTAMS 0x00000005be000000 space 32768K,   0% used [0x00000005be000000, 0x00000005c0000000)
AC   0  F    TS     0 PTAMS 0x00000005c0000000 NTAMS 0x00000005c0000000 space 32768K,   0% used [0x00000005c0000000, 0x00000005c2000000)
AC   0  F    TS     0 PTAMS 0x00000005c2000000 NTAMS 0x00000005c2000000 space 32768K,   0% used [0x00000005c2000000, 0x00000005c4000000)
AC   0  F    TS     0 PTAMS 0x00000005c4000000 NTAMS 0x00000005c4000000 space 32768K,   0% used [0x00000005c4000000, 0x00000005c6000000)
AC   0  F    TS     0 PTAMS 0x00000005c6000000 NTAMS 0x00000005c6000000 space 32768K,   0% used [0x00000005c6000000, 0x00000005c8000000)
AC   0  F    TS     0 PTAMS 0x00000005c8000000 NTAMS 0x00000005c8000000 space 32768K,   0% used [0x00000005c8000000, 0x00000005ca000000)
AC   0  F    TS     0 PTAMS 0x00000005ca000000 NTAMS 0x00000005ca000000 space 32768K,   0% used [0x00000005ca000000, 0x00000005cc000000)
AC   0  F    TS     0 PTAMS 0x00000005cc000000 NTAMS 0x00000005cc000000 space 32768K,   0% used [0x00000005cc000000, 0x00000005ce000000)
AC   0  F    TS     0 PTAMS 0x00000005ce000000 NTAMS 0x00000005ce000000 space 32768K,   0% used [0x00000005ce000000, 0x00000005d0000000)
AC   0  F    TS     0 PTAMS 0x00000005d0000000 NTAMS 0x00000005d0000000 space 32768K,   0% used [0x00000005d0000000, 0x00000005d2000000)
AC   0  F    TS     0 PTAMS 0x00000005d2000000 NTAMS 0x00000005d2000000 space 32768K,   0% used [0x00000005d2000000, 0x00000005d4000000)
AC   0  F    TS     0 PTAMS 0x00000005d4000000 NTAMS 0x00000005d4000000 space 32768K,   0% used [0x00000005d4000000, 0x00000005d6000000)
AC   0  F    TS     0 PTAMS 0x00000005d6000000 NTAMS 0x00000005d6000000 space 32768K,   0% used [0x00000005d6000000, 0x00000005d8000000)
AC   0  F    TS     0 PTAMS 0x00000005d8000000 NTAMS 0x00000005d8000000 space 32768K,   0% used [0x00000005d8000000, 0x00000005da000000)
AC   0  F    TS     0 PTAMS 0x00000005da000000 NTAMS 0x00000005da000000 space 32768K,   0% used [0x00000005da000000, 0x00000005dc000000)
AC   0  F    TS     0 PTAMS 0x00000005dc000000 NTAMS 0x00000005dc000000 space 32768K,   0% used [0x00000005dc000000, 0x00000005de000000)
AC   0  F    TS     0 PTAMS 0x00000005de000000 NTAMS 0x00000005de000000 space 32768K,   0% used [0x00000005de000000, 0x00000005e0000000)
AC   0  F    TS     0 PTAMS 0x00000005e0000000 NTAMS 0x00000005e0000000 space 32768K,   0% used [0x00000005e0000000, 0x00000005e2000000)
AC   0  F    TS     0 PTAMS 0x00000005e2000000 NTAMS 0x00000005e2000000 space 32768K,   0% used [0x00000005e2000000, 0x00000005e4000000)
AC   0  F    TS     0 PTAMS 0x00000005e4000000 NTAMS 0x00000005e4000000 space 32768K,   0% used [0x00000005e4000000, 0x00000005e6000000)
AC   0  F    TS     0 PTAMS 0x00000005e6000000 NTAMS 0x00000005e6000000 space 32768K,   0% used [0x00000005e6000000, 0x00000005e8000000)
AC   0  F    TS     0 PTAMS 0x00000005e8000000 NTAMS 0x00000005e8000000 space 32768K,   0% used [0x00000005e8000000, 0x00000005ea000000)
AC   0  F    TS     0 PTAMS 0x00000005ea000000 NTAMS 0x00000005ea000000 space 32768K,   0% used [0x00000005ea000000, 0x00000005ec000000)
AC   0  F    TS     0 PTAMS 0x00000005ec000000 NTAMS 0x00000005ec000000 space 32768K,   0% used [0x00000005ec000000, 0x00000005ee000000)
AC   0  F    TS     0 PTAMS 0x00000005ee000000 NTAMS 0x00000005ee000000 space 32768K,   0% used [0x00000005ee000000, 0x00000005f0000000)
AC   0  F    TS     0 PTAMS 0x00000005f0000000 NTAMS 0x00000005f0000000 space 32768K,   0% used [0x00000005f0000000, 0x00000005f2000000)
AC   0  F    TS     0 PTAMS 0x00000005f2000000 NTAMS 0x00000005f2000000 space 32768K,   0% used [0x00000005f2000000, 0x00000005f4000000)
AC   0  F    TS     0 PTAMS 0x00000005f4000000 NTAMS 0x00000005f4000000 space 32768K,   0% used [0x00000005f4000000, 0x00000005f6000000)
AC   0  F    TS     0 PTAMS 0x00000005f6000000 NTAMS 0x00000005f6000000 space 32768K,   0% used [0x00000005f6000000, 0x00000005f8000000)
AC   0  F    TS     0 PTAMS 0x00000005f8000000 NTAMS 0x00000005f8000000 space 32768K,   0% used [0x00000005f8000000, 0x00000005fa000000)
AC   0  F    TS     0 PTAMS 0x00000005fa000000 NTAMS 0x00000005fa000000 space 32768K,   0% used [0x00000005fa000000, 0x00000005fc000000)
AC   0  F    TS     0 PTAMS 0x00000005fc000000 NTAMS 0x00000005fc000000 space 32768K,   0% used [0x00000005fc000000, 0x00000005fe000000)
AC   0  F    TS     0 PTAMS 0x00000005fe000000 NTAMS 0x00000005fe000000 space 32768K,   0% used [0x00000005fe000000, 0x0000000600000000)
AC   0  F    TS     0 PTAMS 0x0000000600000000 NTAMS 0x0000000600000000 space 32768K,   0% used [0x0000000600000000, 0x0000000602000000)
AC   0  F    TS     0 PTAMS 0x0000000602000000 NTAMS 0x0000000602000000 space 32768K,   0% used [0x0000000602000000, 0x0000000604000000)
AC   0  F    TS     0 PTAMS 0x0000000604000000 NTAMS 0x0000000604000000 space 32768K,   0% used [0x0000000604000000, 0x0000000606000000)
AC   0  F    TS     0 PTAMS 0x0000000606000000 NTAMS 0x0000000606000000 space 32768K,   0% used [0x0000000606000000, 0x0000000608000000)
AC   0  F    TS     0 PTAMS 0x0000000608000000 NTAMS 0x0000000608000000 space 32768K,   0% used [0x0000000608000000, 0x000000060a000000)
AC   0  F    TS     0 PTAMS 0x000000060a000000 NTAMS 0x000000060a000000 space 32768K,   0% used [0x000000060a000000, 0x000000060c000000)
AC   0  F    TS     0 PTAMS 0x000000060c000000 NTAMS 0x000000060c000000 space 32768K,   0% used [0x000000060c000000, 0x000000060e000000)
AC   0  F    TS     0 PTAMS 0x000000060e000000 NTAMS 0x000000060e000000 space 32768K,   0% used [0x000000060e000000, 0x0000000610000000)
AC   0  F    TS     0 PTAMS 0x0000000610000000 NTAMS 0x0000000610000000 space 32768K,   0% used [0x0000000610000000, 0x0000000612000000)
AC   0  F    TS     0 PTAMS 0x0000000612000000 NTAMS 0x0000000612000000 space 32768K,   0% used [0x0000000612000000, 0x0000000614000000)
AC   0  F    TS     0 PTAMS 0x0000000614000000 NTAMS 0x0000000614000000 space 32768K,   0% used [0x0000000614000000, 0x0000000616000000)
AC   0  F    TS     0 PTAMS 0x0000000616000000 NTAMS 0x0000000616000000 space 32768K,   0% used [0x0000000616000000, 0x0000000618000000)
AC   0  F    TS     0 PTAMS 0x0000000618000000 NTAMS 0x0000000618000000 space 32768K,   0% used [0x0000000618000000, 0x000000061a000000)
AC   0  F    TS     0 PTAMS 0x000000061a000000 NTAMS 0x000000061a000000 space 32768K,   0% used [0x000000061a000000, 0x000000061c000000)
AC   0  F    TS     0 PTAMS 0x000000061c000000 NTAMS 0x000000061c000000 space 32768K,   0% used [0x000000061c000000, 0x000000061e000000)
AC   0  F    TS     0 PTAMS 0x000000061e000000 NTAMS 0x000000061e000000 space 32768K,   0% used [0x000000061e000000, 0x0000000620000000)
AC   0  F    TS     0 PTAMS 0x0000000620000000 NTAMS 0x0000000620000000 space 32768K,   0% used [0x0000000620000000, 0x0000000622000000)
AC   0  F    TS     0 PTAMS 0x0000000622000000 NTAMS 0x0000000622000000 space 32768K,   0% used [0x0000000622000000, 0x0000000624000000)
AC   0  F    TS     0 PTAMS 0x0000000624000000 NTAMS 0x0000000624000000 space 32768K,   0% used [0x0000000624000000, 0x0000000626000000)
AC   0  F    TS     5 PTAMS 0x0000000626000000 NTAMS 0x0000000626000000 space 32768K,   0% used [0x0000000626000000, 0x0000000628000000)
AC   0  F    TS     5 PTAMS 0x0000000628000000 NTAMS 0x0000000628000000 space 32768K,   0% used [0x0000000628000000, 0x000000062a000000)
AC   0  F    TS     5 PTAMS 0x000000062a000000 NTAMS 0x000000062a000000 space 32768K,   0% used [0x000000062a000000, 0x000000062c000000)
AC   0  F    TS     5 PTAMS 0x000000062c000000 NTAMS 0x000000062c000000 space 32768K,   0% used [0x000000062c000000, 0x000000062e000000)
AC   0  F    TS     5 PTAMS 0x000000062e000000 NTAMS 0x000000062e000000 space 32768K,   0% used [0x000000062e000000, 0x0000000630000000)
AC   0  F    TS     5 PTAMS 0x0000000630000000 NTAMS 0x0000000630000000 space 32768K,   0% used [0x0000000630000000, 0x0000000632000000)
AC   0  F    TS     0 PTAMS 0x0000000632000000 NTAMS 0x0000000632000000 space 32768K,   0% used [0x0000000632000000, 0x0000000634000000)
AC   0  F    TS     0 PTAMS 0x0000000634000000 NTAMS 0x0000000634000000 space 32768K,   0% used [0x0000000634000000, 0x0000000636000000)
AC   0  F    TS     0 PTAMS 0x0000000636000000 NTAMS 0x0000000636000000 space 32768K,   0% used [0x0000000636000000, 0x0000000638000000)
AC   0  F    TS     0 PTAMS 0x0000000638000000 NTAMS 0x0000000638000000 space 32768K,   0% used [0x0000000638000000, 0x000000063a000000)
AC   0  F    TS     0 PTAMS 0x000000063a000000 NTAMS 0x000000063a000000 space 32768K,   0% used [0x000000063a000000, 0x000000063c000000)
AC   0  F    TS     0 PTAMS 0x000000063c000000 NTAMS 0x000000063c000000 space 32768K,   0% used [0x000000063c000000, 0x000000063e000000)
AC   0  F    TS     0 PTAMS 0x000000063e000000 NTAMS 0x000000063e000000 space 32768K,   0% used [0x000000063e000000, 0x0000000640000000)
AC   0  F    TS     0 PTAMS 0x0000000640000000 NTAMS 0x0000000640000000 space 32768K,   0% used [0x0000000640000000, 0x0000000642000000)
AC   0  F    TS     0 PTAMS 0x0000000642000000 NTAMS 0x0000000642000000 space 32768K,   0% used [0x0000000642000000, 0x0000000644000000)
AC   0  F    TS     0 PTAMS 0x0000000644000000 NTAMS 0x0000000644000000 space 32768K,   0% used [0x0000000644000000, 0x0000000646000000)
AC   0  F    TS     0 PTAMS 0x0000000646000000 NTAMS 0x0000000646000000 space 32768K,   0% used [0x0000000646000000, 0x0000000648000000)
AC   0  F    TS     0 PTAMS 0x0000000648000000 NTAMS 0x0000000648000000 space 32768K,   0% used [0x0000000648000000, 0x000000064a000000)
AC   0  F    TS     0 PTAMS 0x000000064a000000 NTAMS 0x000000064a000000 space 32768K,   0% used [0x000000064a000000, 0x000000064c000000)
AC   0  F    TS     0 PTAMS 0x000000064c000000 NTAMS 0x000000064c000000 space 32768K,   0% used [0x000000064c000000, 0x000000064e000000)
AC   0  F    TS     0 PTAMS 0x000000064e000000 NTAMS 0x000000064e000000 space 32768K,   0% used [0x000000064e000000, 0x0000000650000000)
AC   0  F    TS     0 PTAMS 0x0000000650000000 NTAMS 0x0000000650000000 space 32768K,   0% used [0x0000000650000000, 0x0000000652000000)
AC   0  F    TS     0 PTAMS 0x0000000652000000 NTAMS 0x0000000652000000 space 32768K,   0% used [0x0000000652000000, 0x0000000654000000)
AC   0  F    TS     0 PTAMS 0x0000000654000000 NTAMS 0x0000000654000000 space 32768K,   0% used [0x0000000654000000, 0x0000000656000000)
AC   0  F    TS     0 PTAMS 0x0000000656000000 NTAMS 0x0000000656000000 space 32768K,   0% used [0x0000000656000000, 0x0000000658000000)
AC   0  F    TS     0 PTAMS 0x0000000658000000 NTAMS 0x0000000658000000 space 32768K,   0% used [0x0000000658000000, 0x000000065a000000)
AC   0  F    TS     0 PTAMS 0x000000065a000000 NTAMS 0x000000065a000000 space 32768K,   0% used [0x000000065a000000, 0x000000065c000000)
AC   0  F    TS     0 PTAMS 0x000000065c000000 NTAMS 0x000000065c000000 space 32768K,   0% used [0x000000065c000000, 0x000000065e000000)
AC   0  F    TS     0 PTAMS 0x000000065e000000 NTAMS 0x000000065e000000 space 32768K,   0% used [0x000000065e000000, 0x0000000660000000)
AC   0  F    TS     3 PTAMS 0x0000000660000000 NTAMS 0x0000000660000000 space 32768K,   0% used [0x0000000660000000, 0x0000000662000000)
AC   0  F    TS     3 PTAMS 0x0000000662000000 NTAMS 0x0000000662000000 space 32768K,   0% used [0x0000000662000000, 0x0000000664000000)
AC   0  F    TS     3 PTAMS 0x0000000664000000 NTAMS 0x0000000664000000 space 32768K,   0% used [0x0000000664000000, 0x0000000666000000)
AC   0  F    TS     3 PTAMS 0x0000000666000000 NTAMS 0x0000000666000000 space 32768K,   0% used [0x0000000666000000, 0x0000000668000000)
AC   0  F    TS     3 PTAMS 0x0000000668000000 NTAMS 0x0000000668000000 space 32768K,   0% used [0x0000000668000000, 0x000000066a000000)
AC   0  F    TS     3 PTAMS 0x000000066a000000 NTAMS 0x000000066a000000 space 32768K,   0% used [0x000000066a000000, 0x000000066c000000)
AC   0  F    TS     0 PTAMS 0x000000066c000000 NTAMS 0x000000066c000000 space 32768K,   0% used [0x000000066c000000, 0x000000066e000000)
AC   0  F    TS     0 PTAMS 0x000000066e000000 NTAMS 0x000000066e000000 space 32768K,   0% used [0x000000066e000000, 0x0000000670000000)
AC   0  F    TS     0 PTAMS 0x0000000670000000 NTAMS 0x0000000670000000 space 32768K,   0% used [0x0000000670000000, 0x0000000672000000)
AC   0  F    TS     0 PTAMS 0x0000000672000000 NTAMS 0x0000000672000000 space 32768K,   0% used [0x0000000672000000, 0x0000000674000000)
AC   0  F    TS     0 PTAMS 0x0000000674000000 NTAMS 0x0000000674000000 space 32768K,   0% used [0x0000000674000000, 0x0000000676000000)
AC   0  F    TS     0 PTAMS 0x0000000676000000 NTAMS 0x0000000676000000 space 32768K,   0% used [0x0000000676000000, 0x0000000678000000)
AC   0  F    TS     0 PTAMS 0x0000000678000000 NTAMS 0x0000000678000000 space 32768K,   0% used [0x0000000678000000, 0x000000067a000000)
AC   0  F    TS     0 PTAMS 0x000000067a000000 NTAMS 0x000000067a000000 space 32768K,   0% used [0x000000067a000000, 0x000000067c000000)
AC   0  F    TS     0 PTAMS 0x000000067c000000 NTAMS 0x000000067c000000 space 32768K,   0% used [0x000000067c000000, 0x000000067e000000)
AC   0  F    TS     0 PTAMS 0x000000067e000000 NTAMS 0x000000067e000000 space 32768K,   0% used [0x000000067e000000, 0x0000000680000000)
AC   0  F    TS     0 PTAMS 0x0000000680000000 NTAMS 0x0000000680000000 space 32768K,   0% used [0x0000000680000000, 0x0000000682000000)
AC   0  F    TS     0 PTAMS 0x0000000682000000 NTAMS 0x0000000682000000 space 32768K,   0% used [0x0000000682000000, 0x0000000684000000)
AC   0  F    TS     0 PTAMS 0x0000000684000000 NTAMS 0x0000000684000000 space 32768K,   0% used [0x0000000684000000, 0x0000000686000000)
AC   0  F    TS     0 PTAMS 0x0000000686000000 NTAMS 0x0000000686000000 space 32768K,   0% used [0x0000000686000000, 0x0000000688000000)
AC   0  F    TS     0 PTAMS 0x0000000688000000 NTAMS 0x0000000688000000 space 32768K,   0% used [0x0000000688000000, 0x000000068a000000)
AC   0  F    TS     0 PTAMS 0x000000068a000000 NTAMS 0x000000068a000000 space 32768K,   0% used [0x000000068a000000, 0x000000068c000000)
AC   0  F    TS     7 PTAMS 0x000000068c000000 NTAMS 0x000000068c000000 space 32768K,   0% used [0x000000068c000000, 0x000000068e000000)
AC   0  F    TS     7 PTAMS 0x000000068e000000 NTAMS 0x000000068e000000 space 32768K,   0% used [0x000000068e000000, 0x0000000690000000)
AC   0  F    TS     7 PTAMS 0x0000000690000000 NTAMS 0x0000000690000000 space 32768K,   0% used [0x0000000690000000, 0x0000000692000000)
AC   0  F    TS     7 PTAMS 0x0000000692000000 NTAMS 0x0000000692000000 space 32768K,   0% used [0x0000000692000000, 0x0000000694000000)
AC   0  F    TS     7 PTAMS 0x0000000694000000 NTAMS 0x0000000694000000 space 32768K,   0% used [0x0000000694000000, 0x0000000696000000)
AC   0  F    TS     0 PTAMS 0x0000000696000000 NTAMS 0x0000000696000000 space 32768K,   0% used [0x0000000696000000, 0x0000000698000000)
AC   0  F    TS     0 PTAMS 0x0000000698000000 NTAMS 0x0000000698000000 space 32768K,   0% used [0x0000000698000000, 0x000000069a000000)
AC   0  F    TS     0 PTAMS 0x000000069a000000 NTAMS 0x000000069a000000 space 32768K,   0% used [0x000000069a000000, 0x000000069c000000)
AC   0  F    TS     0 PTAMS 0x000000069c000000 NTAMS 0x000000069c000000 space 32768K,   0% used [0x000000069c000000, 0x000000069e000000)
AC   0  F    TS     0 PTAMS 0x000000069e000000 NTAMS 0x000000069e000000 space 32768K,   0% used [0x000000069e000000, 0x00000006a0000000)
AC   0  F    TS     0 PTAMS 0x00000006a0000000 NTAMS 0x00000006a0000000 space 32768K,   0% used [0x00000006a0000000, 0x00000006a2000000)
AC   0  F    TS    19 PTAMS 0x00000006a2000000 NTAMS 0x00000006a2000000 space 32768K,   0% used [0x00000006a2000000, 0x00000006a4000000)
AC   0  F    TS    29 PTAMS 0x00000006a4000000 NTAMS 0x00000006a4000000 space 32768K,   0% used [0x00000006a4000000, 0x00000006a6000000)
AC   0  F    TS    29 PTAMS 0x00000006a6000000 NTAMS 0x00000006a6000000 space 32768K,   0% used [0x00000006a6000000, 0x00000006a8000000)
AC   0  F    TS    29 PTAMS 0x00000006a8000000 NTAMS 0x00000006a8000000 space 32768K,   0% used [0x00000006a8000000, 0x00000006aa000000)
AC   0  F    TS    27 PTAMS 0x00000006aa000000 NTAMS 0x00000006aa000000 space 32768K,   0% used [0x00000006aa000000, 0x00000006ac000000)
AC   0  F    TS    27 PTAMS 0x00000006ac000000 NTAMS 0x00000006ac000000 space 32768K,   0% used [0x00000006ac000000, 0x00000006ae000000)
AC   0  F    TS    27 PTAMS 0x00000006ae000000 NTAMS 0x00000006ae000000 space 32768K,   0% used [0x00000006ae000000, 0x00000006b0000000)
AC   0  F    TS    29 PTAMS 0x00000006b0000000 NTAMS 0x00000006b0000000 space 32768K,   0% used [0x00000006b0000000, 0x00000006b2000000)
AC   0  F    TS    29 PTAMS 0x00000006b2000000 NTAMS 0x00000006b2000000 space 32768K,   0% used [0x00000006b2000000, 0x00000006b4000000)
AC   0  F    TS    29 PTAMS 0x00000006b4000000 NTAMS 0x00000006b4000000 space 32768K,   0% used [0x00000006b4000000, 0x00000006b6000000)
AC   0  F    TS    27 PTAMS 0x00000006b6000000 NTAMS 0x00000006b6000000 space 32768K,   0% used [0x00000006b6000000, 0x00000006b8000000)
AC   0  F    TS    27 PTAMS 0x00000006b8000000 NTAMS 0x00000006b8000000 space 32768K,   0% used [0x00000006b8000000, 0x00000006ba000000)
AC   0  F    TS    27 PTAMS 0x00000006ba000000 NTAMS 0x00000006ba000000 space 32768K,   0% used [0x00000006ba000000, 0x00000006bc000000)
AC   0  F    TS    11 PTAMS 0x00000006bc000000 NTAMS 0x00000006bc000000 space 32768K,   0% used [0x00000006bc000000, 0x00000006be000000)
AC   0  F    TS    11 PTAMS 0x00000006be000000 NTAMS 0x00000006be000000 space 32768K,   0% used [0x00000006be000000, 0x00000006c0000000)
AC   0  F    TS     0 PTAMS 0x00000006c0000000 NTAMS 0x00000006c0000000 space 32768K,   0% used [0x00000006c0000000, 0x00000006c2000000)
AC   0  F    TS     0 PTAMS 0x00000006c2000000 NTAMS 0x00000006c2000000 space 32768K,   0% used [0x00000006c2000000, 0x00000006c4000000)
AC   0  F    TS     0 PTAMS 0x00000006c4000000 NTAMS 0x00000006c4000000 space 32768K,   0% used [0x00000006c4000000, 0x00000006c6000000)
AC   0  F    TS     0 PTAMS 0x00000006c6000000 NTAMS 0x00000006c6000000 space 32768K,   0% used [0x00000006c6000000, 0x00000006c8000000)
AC   0  F    TS     0 PTAMS 0x00000006c8000000 NTAMS 0x00000006c8000000 space 32768K,   0% used [0x00000006c8000000, 0x00000006ca000000)
AC   0  F    TS     0 PTAMS 0x00000006ca000000 NTAMS 0x00000006ca000000 space 32768K,   0% used [0x00000006ca000000, 0x00000006cc000000)
AC   0  F    TS    31 PTAMS 0x00000006cc000000 NTAMS 0x00000006cc000000 space 32768K,   0% used [0x00000006cc000000, 0x00000006ce000000)
AC   0  F    TS    31 PTAMS 0x00000006ce000000 NTAMS 0x00000006ce000000 space 32768K,   0% used [0x00000006ce000000, 0x00000006d0000000)
AC   0  F    TS    31 PTAMS 0x00000006d0000000 NTAMS 0x00000006d0000000 space 32768K,   0% used [0x00000006d0000000, 0x00000006d2000000)
AC   0  F    TS    31 PTAMS 0x00000006d2000000 NTAMS 0x00000006d2000000 space 32768K,   0% used [0x00000006d2000000, 0x00000006d4000000)
AC   0  F    TS    31 PTAMS 0x00000006d4000000 NTAMS 0x00000006d4000000 space 32768K,   0% used [0x00000006d4000000, 0x00000006d6000000)
AC   0  F    TS    31 PTAMS 0x00000006d6000000 NTAMS 0x00000006d6000000 space 32768K,   0% used [0x00000006d6000000, 0x00000006d8000000)
AC   0  F    TS    31 PTAMS 0x00000006d8000000 NTAMS 0x00000006d8000000 space 32768K,   0% used [0x00000006d8000000, 0x00000006da000000)
AC   0  F    TS     0 PTAMS 0x00000006da000000 NTAMS 0x00000006da000000 space 32768K,   0% used [0x00000006da000000, 0x00000006dc000000)
AC   0  F    TS     0 PTAMS 0x00000006dc000000 NTAMS 0x00000006dc000000 space 32768K,   0% used [0x00000006dc000000, 0x00000006de000000)
AC   0  F    TS     0 PTAMS 0x00000006de000000 NTAMS 0x00000006de000000 space 32768K,   0% used [0x00000006de000000, 0x00000006e0000000)
AC   0  F    TS     0 PTAMS 0x00000006e0000000 NTAMS 0x00000006e0000000 space 32768K,   0% used [0x00000006e0000000, 0x00000006e2000000)
AC   0  F    TS     0 PTAMS 0x00000006e2000000 NTAMS 0x00000006e2000000 space 32768K,   0% used [0x00000006e2000000, 0x00000006e4000000)
AC   0  F    TS     0 PTAMS 0x00000006e4000000 NTAMS 0x00000006e4000000 space 32768K,   0% used [0x00000006e4000000, 0x00000006e6000000)
AC   0  F    TS     0 PTAMS 0x00000006e6000000 NTAMS 0x00000006e6000000 space 32768K,   0% used [0x00000006e6000000, 0x00000006e8000000)
AC   0  F    TS    33 PTAMS 0x00000006e8000000 NTAMS 0x00000006e8000000 space 32768K,   0% used [0x00000006e8000000, 0x00000006ea000000)
AC   0  F    TS    33 PTAMS 0x00000006ea000000 NTAMS 0x00000006ea000000 space 32768K,   0% used [0x00000006ea000000, 0x00000006ec000000)
AC   0  F    TS    33 PTAMS 0x00000006ec000000 NTAMS 0x00000006ec000000 space 32768K,   0% used [0x00000006ec000000, 0x00000006ee000000)
AC   0  F    TS    33 PTAMS 0x00000006ee000000 NTAMS 0x00000006ee000000 space 32768K,   0% used [0x00000006ee000000, 0x00000006f0000000)
AC   0  F    TS    33 PTAMS 0x00000006f0000000 NTAMS 0x00000006f0000000 space 32768K,   0% used [0x00000006f0000000, 0x00000006f2000000)
AC   0  F    TS     0 PTAMS 0x00000006f2000000 NTAMS 0x00000006f2000000 space 32768K,   0% used [0x00000006f2000000, 0x00000006f4000000)
AC   0  S CS TS    35 PTAMS 0x00000006f4000000 NTAMS 0x00000006f4000000 space 32768K,  99% used [0x00000006f4000000, 0x00000006f6000000)
AC   0  S CS TS    35 PTAMS 0x00000006f6000000 NTAMS 0x00000006f6000000 space 32768K, 100% used [0x00000006f6000000, 0x00000006f8000000)
AC   0  S CS TS    35 PTAMS 0x00000006f8000000 NTAMS 0x00000006f8000000 space 32768K, 100% used [0x00000006f8000000, 0x00000006fa000000)
AC   0  S CS TS    35 PTAMS 0x00000006fa000000 NTAMS 0x00000006fa000000 space 32768K, 100% used [0x00000006fa000000, 0x00000006fc000000)
AC   0  S CS TS    35 PTAMS 0x00000006fc000000 NTAMS 0x00000006fc000000 space 32768K, 100% used [0x00000006fc000000, 0x00000006fe000000)
AC   0  F    TS     0 PTAMS 0x00000006fe000000 NTAMS 0x00000006fe000000 space 32768K,   0% used [0x00000006fe000000, 0x0000000700000000)
AC   0  F    TS     0 PTAMS 0x0000000700000000 NTAMS 0x0000000700000000 space 32768K,   0% used [0x0000000700000000, 0x0000000702000000)
AC   0  F    TS     0 PTAMS 0x0000000702000000 NTAMS 0x0000000702000000 space 32768K,   0% used [0x0000000702000000, 0x0000000704000000)
AC   0  F    TS     0 PTAMS 0x0000000704000000 NTAMS 0x0000000704000000 space 32768K,   0% used [0x0000000704000000, 0x0000000706000000)
AC   0  F    TS     0 PTAMS 0x0000000706000000 NTAMS 0x0000000706000000 space 32768K,   0% used [0x0000000706000000, 0x0000000708000000)
AC   0  F    TS     0 PTAMS 0x0000000708000000 NTAMS 0x0000000708000000 space 32768K,   0% used [0x0000000708000000, 0x000000070a000000)
AC   0  F    TS     0 PTAMS 0x000000070a000000 NTAMS 0x000000070a000000 space 32768K,   0% used [0x000000070a000000, 0x000000070c000000)
AC   0  F    TS     0 PTAMS 0x000000070c000000 NTAMS 0x000000070c000000 space 32768K,   0% used [0x000000070c000000, 0x000000070e000000)
AC   0  F    TS     0 PTAMS 0x000000070e000000 NTAMS 0x000000070e000000 space 32768K,   0% used [0x000000070e000000, 0x0000000710000000)
AC   0  E    TS     0 PTAMS 0x0000000710000000 NTAMS 0x0000000710000000 space 32768K,  50% used [0x0000000710000000, 0x0000000712000000)
AC   0  E CS TS     0 PTAMS 0x0000000712000000 NTAMS 0x0000000712000000 space 32768K, 100% used [0x0000000712000000, 0x0000000714000000)
AC   0  E CS TS     0 PTAMS 0x0000000714000000 NTAMS 0x0000000714000000 space 32768K, 100% used [0x0000000714000000, 0x0000000716000000)
AC   0  E CS TS     0 PTAMS 0x0000000716000000 NTAMS 0x0000000716000000 space 32768K, 100% used [0x0000000716000000, 0x0000000718000000)
AC   0  E CS TS    29 PTAMS 0x0000000718000000 NTAMS 0x0000000718000000 space 32768K, 100% used [0x0000000718000000, 0x000000071a000000)
AC   0  E CS TS    29 PTAMS 0x000000071a000000 NTAMS 0x000000071a000000 space 32768K, 100% used [0x000000071a000000, 0x000000071c000000)
AC   0  E CS TS    29 PTAMS 0x000000071c000000 NTAMS 0x000000071c000000 space 32768K, 100% used [0x000000071c000000, 0x000000071e000000)
AC   0  E CS TS    29 PTAMS 0x000000071e000000 NTAMS 0x000000071e000000 space 32768K, 100% used [0x000000071e000000, 0x0000000720000000)
AC   0  E CS TS    29 PTAMS 0x0000000720000000 NTAMS 0x0000000720000000 space 32768K, 100% used [0x0000000720000000, 0x0000000722000000)
AC   0  E CS TS    29 PTAMS 0x0000000722000000 NTAMS 0x0000000722000000 space 32768K, 100% used [0x0000000722000000, 0x0000000724000000)
AC   0  E CS TS    29 PTAMS 0x0000000724000000 NTAMS 0x0000000724000000 space 32768K, 100% used [0x0000000724000000, 0x0000000726000000)
AC   0  E CS TS    29 PTAMS 0x0000000726000000 NTAMS 0x0000000726000000 space 32768K, 100% used [0x0000000726000000, 0x0000000728000000)
AC   0  E CS TS    29 PTAMS 0x0000000728000000 NTAMS 0x0000000728000000 space 32768K, 100% used [0x0000000728000000, 0x000000072a000000)
AC   0  E CS TS    29 PTAMS 0x000000072a000000 NTAMS 0x000000072a000000 space 32768K, 100% used [0x000000072a000000, 0x000000072c000000)
AC   0  E CS TS    29 PTAMS 0x000000072c000000 NTAMS 0x000000072c000000 space 32768K, 100% used [0x000000072c000000, 0x000000072e000000)
AC   0  E CS TS    29 PTAMS 0x000000072e000000 NTAMS 0x000000072e000000 space 32768K, 100% used [0x000000072e000000, 0x0000000730000000)
AC   0  E CS TS    29 PTAMS 0x0000000730000000 NTAMS 0x0000000730000000 space 32768K, 100% used [0x0000000730000000, 0x0000000732000000)
AC   0  E CS TS    29 PTAMS 0x0000000732000000 NTAMS 0x0000000732000000 space 32768K, 100% used [0x0000000732000000, 0x0000000734000000)
AC   0  E CS TS    29 PTAMS 0x0000000734000000 NTAMS 0x0000000734000000 space 32768K, 100% used [0x0000000734000000, 0x0000000736000000)
AC   0  E CS TS    29 PTAMS 0x0000000736000000 NTAMS 0x0000000736000000 space 32768K, 100% used [0x0000000736000000, 0x0000000738000000)
AC   0  E CS TS    29 PTAMS 0x0000000738000000 NTAMS 0x0000000738000000 space 32768K, 100% used [0x0000000738000000, 0x000000073a000000)
AC   0  E CS TS    31 PTAMS 0x000000073a000000 NTAMS 0x000000073a000000 space 32768K, 100% used [0x000000073a000000, 0x000000073c000000)
AC   0  E CS TS    31 PTAMS 0x000000073c000000 NTAMS 0x000000073c000000 space 32768K, 100% used [0x000000073c000000, 0x000000073e000000)
AC   0  E CS TS    31 PTAMS 0x000000073e000000 NTAMS 0x000000073e000000 space 32768K, 100% used [0x000000073e000000, 0x0000000740000000)
AC   0  E CS TS    31 PTAMS 0x0000000740000000 NTAMS 0x0000000740000000 space 32768K, 100% used [0x0000000740000000, 0x0000000742000000)
AC   0  E CS TS    31 PTAMS 0x0000000742000000 NTAMS 0x0000000742000000 space 32768K, 100% used [0x0000000742000000, 0x0000000744000000)
AC   0  E CS TS    31 PTAMS 0x0000000744000000 NTAMS 0x0000000744000000 space 32768K, 100% used [0x0000000744000000, 0x0000000746000000)
AC   0  E CS TS    31 PTAMS 0x0000000746000000 NTAMS 0x0000000746000000 space 32768K, 100% used [0x0000000746000000, 0x0000000748000000)
AC   0  E CS TS    31 PTAMS 0x0000000748000000 NTAMS 0x0000000748000000 space 32768K, 100% used [0x0000000748000000, 0x000000074a000000)
AC   0  E CS TS    31 PTAMS 0x000000074a000000 NTAMS 0x000000074a000000 space 32768K, 100% used [0x000000074a000000, 0x000000074c000000)
AC   0  E CS TS    31 PTAMS 0x000000074c000000 NTAMS 0x000000074c000000 space 32768K, 100% used [0x000000074c000000, 0x000000074e000000)
AC   0  E CS TS    31 PTAMS 0x000000074e000000 NTAMS 0x000000074e000000 space 32768K, 100% used [0x000000074e000000, 0x0000000750000000)
AC   0  E CS TS    31 PTAMS 0x0000000750000000 NTAMS 0x0000000750000000 space 32768K, 100% used [0x0000000750000000, 0x0000000752000000)
AC   0  E CS TS    31 PTAMS 0x0000000752000000 NTAMS 0x0000000752000000 space 32768K, 100% used [0x0000000752000000, 0x0000000754000000)
AC   0  E CS TS    31 PTAMS 0x0000000754000000 NTAMS 0x0000000754000000 space 32768K, 100% used [0x0000000754000000, 0x0000000756000000)
AC   0  E CS TS    33 PTAMS 0x0000000756000000 NTAMS 0x0000000756000000 space 32768K, 100% used [0x0000000756000000, 0x0000000758000000)
AC   0  E CS TS    33 PTAMS 0x0000000758000000 NTAMS 0x0000000758000000 space 32768K, 100% used [0x0000000758000000, 0x000000075a000000)
AC   0  E CS TS    33 PTAMS 0x000000075a000000 NTAMS 0x000000075a000000 space 32768K, 100% used [0x000000075a000000, 0x000000075c000000)
AC   0  E CS TS    33 PTAMS 0x000000075c000000 NTAMS 0x000000075c000000 space 32768K, 100% used [0x000000075c000000, 0x000000075e000000)
AC   0  E CS TS    33 PTAMS 0x000000075e000000 NTAMS 0x000000075e000000 space 32768K, 100% used [0x000000075e000000, 0x0000000760000000)
AC   0  E CS TS    33 PTAMS 0x0000000760000000 NTAMS 0x0000000760000000 space 32768K, 100% used [0x0000000760000000, 0x0000000762000000)
AC   0  E CS TS    33 PTAMS 0x0000000762000000 NTAMS 0x0000000762000000 space 32768K, 100% used [0x0000000762000000, 0x0000000764000000)
AC   0  E CS TS    33 PTAMS 0x0000000764000000 NTAMS 0x0000000764000000 space 32768K, 100% used [0x0000000764000000, 0x0000000766000000)
AC   0  E CS TS    33 PTAMS 0x0000000766000000 NTAMS 0x0000000766000000 space 32768K, 100% used [0x0000000766000000, 0x0000000768000000)
AC   0  E CS TS    33 PTAMS 0x0000000768000000 NTAMS 0x0000000768000000 space 32768K, 100% used [0x0000000768000000, 0x000000076a000000)
AC   0  E CS TS    33 PTAMS 0x000000076a000000 NTAMS 0x000000076a000000 space 32768K, 100% used [0x000000076a000000, 0x000000076c000000)

Card table byte_map: [0x0000000014f30000,0x0000000016480000] byte_map_base: 0x0000000012680000

Marking Bits (Prev, Next): (CMBitMap*) 0x00000000032558c0, (CMBitMap*) 0x0000000003255868
 Prev Bits: [0x0000000022450000, 0x000000002ced0000)
 Next Bits: [0x00000000179d0000, 0x0000000022450000)

Polling page: 0x0000000002f80000

CodeCache: size=245760Kb used=35787Kb max_used=35964Kb free=209972Kb
 bounds [0x00000000032c0000, 0x0000000005620000, 0x00000000122c0000]
 total_blobs=13124 nmethods=11229 adapters=1805
 compilation: enabled

Compilation events (10 events):
Event: 54.731 Thread 0x000000003154c000 15445       2       net.minecraft.client.renderer.model.multipart.Multipart::func_225614_a_ (33 bytes)
Event: 54.731 Thread 0x000000003154c000 nmethod 15445 0x00000000053bca90 code [0x00000000053bcc40, 0x00000000053bd1b8]
Event: 54.731 Thread 0x000000003154c000 15446       2       net.minecraft.client.renderer.model.multipart.Multipart$$Lambda$12110/619566389::get$Lambda (10 bytes)
Event: 54.731 Thread 0x000000003154c000 nmethod 15446 0x00000000051c0590 code [0x00000000051c06e0, 0x00000000051c0930]
Event: 54.846 Thread 0x0000000031543000 nmethod 15378 0x0000000005472590 code [0x0000000005473180, 0x000000000547eb80]
Event: 54.846 Thread 0x0000000031543000 15435       4       net.minecraft.client.renderer.model.BlockModel::func_178298_a (48 bytes)
Event: 54.849 Thread 0x0000000031543000 nmethod 15435 0x00000000051bd5d0 code [0x00000000051bd760, 0x00000000051bdae8]
Event: 54.849 Thread 0x0000000031543000 15431       4       net.minecraft.client.renderer.model.BlockModel::func_228816_c_ (118 bytes)
Event: 54.934 Thread 0x000000003154c000 15459 %     3       java.util.HashMap$ValueSpliterator::forEachRemaining @ 122 (186 bytes)
Event: 54.934 Thread 0x000000003154c000 nmethod 15459% 0x00000000053bbb50 code [0x00000000053bbd20, 0x00000000053bc648]

GC Heap History (10 events):
Event: 47.490 GC heap before
{Heap before GC invocations=98 (full 0):
 garbage-first heap   total 8421376K, used 2054121K [0x0000000516000000, 0x0000000518000808, 0x00000007c0000000)
  region size 32768K, 51 young (1671168K), 5 survivors (163840K)
 Metaspace       used 132742K, capacity 148180K, committed 148288K, reserved 1169408K
  class space    used 23332K, capacity 29257K, committed 29308K, reserved 1048576K
Event: 47.567 GC heap after
Heap after GC invocations=99 (full 0):
 garbage-first heap   total 8421376K, used 564592K [0x0000000516000000, 0x0000000518000808, 0x00000007c0000000)
  region size 32768K, 6 young (196608K), 6 survivors (196608K)
 Metaspace       used 132742K, capacity 148180K, committed 148288K, reserved 1169408K
  class space    used 23332K, capacity 29257K, committed 29308K, reserved 1048576K
}
Event: 48.163 GC heap before
{Heap before GC invocations=99 (full 0):
 garbage-first heap   total 8421376K, used 2039152K [0x0000000516000000, 0x0000000518000808, 0x00000007c0000000)
  region size 32768K, 52 young (1703936K), 6 survivors (196608K)
 Metaspace       used 132744K, capacity 148180K, committed 148288K, reserved 1169408K
  class space    used 23332K, capacity 29257K, committed 29308K, reserved 1048576K
Event: 48.231 GC heap after
Heap after GC invocations=100 (full 0):
 garbage-first heap   total 8978432K, used 580976K [0x0000000516000000, 0x0000000518000890, 0x00000007c0000000)
  region size 32768K, 6 young (196608K), 6 survivors (196608K)
 Metaspace       used 132744K, capacity 148180K, committed 148288K, reserved 1169408K
  class space    used 23332K, capacity 29257K, committed 29308K, reserved 1048576K
}
Event: 49.400 GC heap before
{Heap before GC invocations=100 (full 0):
 garbage-first heap   total 8978432K, used 2153840K [0x0000000516000000, 0x0000000518000890, 0x00000007c0000000)
  region size 32768K, 54 young (1769472K), 6 survivors (196608K)
 Metaspace       used 133479K, capacity 149048K, committed 149184K, reserved 1169408K
  class space    used 23405K, capacity 29359K, committed 29436K, reserved 1048576K
Event: 49.468 GC heap after
Heap after GC invocations=101 (full 0):
 garbage-first heap   total 9437184K, used 601255K [0x0000000516000000, 0x0000000518000900, 0x00000007c0000000)
  region size 32768K, 7 young (229376K), 7 survivors (229376K)
 Metaspace       used 133479K, capacity 149048K, committed 149184K, reserved 1169408K
  class space    used 23405K, capacity 29359K, committed 29436K, reserved 1048576K
}
Event: 51.085 GC heap before
{Heap before GC invocations=101 (full 0):
 garbage-first heap   total 9437184K, used 2239655K [0x0000000516000000, 0x0000000518000900, 0x00000007c0000000)
  region size 32768K, 57 young (1867776K), 7 survivors (229376K)
 Metaspace       used 134022K, capacity 149702K, committed 149824K, reserved 1169408K
  class space    used 23503K, capacity 29458K, committed 29564K, reserved 1048576K
Event: 51.173 GC heap after
Heap after GC invocations=102 (full 0):
 garbage-first heap   total 9797632K, used 568214K [0x0000000516000000, 0x0000000518000958, 0x00000007c0000000)
  region size 32768K, 5 young (163840K), 5 survivors (163840K)
 Metaspace       used 134022K, capacity 149702K, committed 149824K, reserved 1169408K
  class space    used 23503K, capacity 29458K, committed 29564K, reserved 1048576K
}
Event: 53.710 GC heap before
{Heap before GC invocations=102 (full 0):
 garbage-first heap   total 9797632K, used 2337686K [0x0000000516000000, 0x0000000518000958, 0x00000007c0000000)
  region size 32768K, 60 young (1966080K), 5 survivors (163840K)
 Metaspace       used 134558K, capacity 150258K, committed 150336K, reserved 1169408K
  class space    used 23555K, capacity 29534K, committed 29564K, reserved 1048576K
Event: 53.788 GC heap after
Heap after GC invocations=103 (full 0):
 garbage-first heap   total 9797632K, used 598652K [0x0000000516000000, 0x0000000518000958, 0x00000007c0000000)
  region size 32768K, 5 young (163840K), 5 survivors (163840K)
 Metaspace       used 134558K, capacity 150258K, committed 150336K, reserved 1169408K
  class space    used 23555K, capacity 29534K, committed 29564K, reserved 1048576K
}

Deoptimization events (10 events):
Event: 54.670 Thread 0x0000000043192800 Uncommon trap: reason=class_check action=maybe_recompile pc=0x00000000038a26f0 method=java.util.Spliterators$IteratorSpliterator.forEachRemaining(Ljava/util/function/Consumer;)V @ 52
Event: 54.681 Thread 0x0000000043192800 Uncommon trap: reason=class_check action=maybe_recompile pc=0x0000000004bc9ebc method=java.util.HashSet.contains(Ljava/lang/Object;)Z @ 5
Event: 54.681 Thread 0x0000000043192800 Uncommon trap: reason=unstable_if action=reinterpret pc=0x00000000055fc888 method=net.minecraftforge.client.model.BlockModelConfiguration.getCustomGeometry()Lnet/minecraftforge/client/model/geometry/IModelGeometry; @ 7
Event: 54.682 Thread 0x0000000043192800 Uncommon trap: reason=class_check action=maybe_recompile pc=0x0000000004bc9ebc method=java.util.HashSet.contains(Ljava/lang/Object;)Z @ 5
Event: 54.682 Thread 0x0000000043192800 Uncommon trap: reason=class_check action=maybe_recompile pc=0x0000000004bc9ebc method=java.util.HashSet.contains(Ljava/lang/Object;)Z @ 5
Event: 54.682 Thread 0x0000000043192800 Uncommon trap: reason=class_check action=maybe_recompile pc=0x0000000004bc9ebc method=java.util.HashSet.contains(Ljava/lang/Object;)Z @ 5
Event: 54.770 Thread 0x0000000043192800 Uncommon trap: reason=class_check action=maybe_recompile pc=0x000000000488bb18 method=java.util.HashMap$ValueSpliterator.forEachRemaining(Ljava/util/function/Consumer;)V @ 145
Event: 54.814 Thread 0x0000000043192800 Uncommon trap: reason=class_check action=maybe_recompile pc=0x000000000488bb18 method=java.util.HashMap$ValueSpliterator.forEachRemaining(Ljava/util/function/Consumer;)V @ 145
Event: 54.853 Thread 0x0000000043192800 Uncommon trap: reason=class_check action=maybe_recompile pc=0x000000000488bb18 method=java.util.HashMap$ValueSpliterator.forEachRemaining(Ljava/util/function/Consumer;)V @ 145
Event: 54.894 Thread 0x0000000043192800 Uncommon trap: reason=class_check action=maybe_recompile pc=0x000000000488bb18 method=java.util.HashMap$ValueSpliterator.forEachRemaining(Ljava/util/function/Consumer;)V @ 145

Internal exceptions (10 events):
Event: 48.963 Thread 0x0000000043193000 Implicit null exception at 0x0000000003d7ee95 to 0x0000000003d7f025
Event: 49.158 Thread 0x0000000043193000 Exception <a 'sun/nio/fs/WindowsException'> (0x00000007380e3398) thrown at [C:\re\workspace\8-2-build-windows-amd64-cygwin\jdk8u51\3951\hotspot\src\share\vm\prims\jni.cpp, line 709]
Event: 50.317 Thread 0x00000000031c4800 Exception <a 'sun/nio/fs/WindowsException'> (0x0000000727fe6e50) thrown at [C:\re\workspace\8-2-build-windows-amd64-cygwin\jdk8u51\3951\hotspot\src\share\vm\prims\jni.cpp, line 709]
Event: 50.726 Thread 0x00000000031c4800 Exception <a 'sun/nio/fs/WindowsException'> (0x000000070bf33c60) thrown at [C:\re\workspace\8-2-build-windows-amd64-cygwin\jdk8u51\3951\hotspot\src\share\vm\prims\jni.cpp, line 709]
Event: 50.726 Thread 0x00000000031c4800 Exception <a 'sun/nio/fs/WindowsException'> (0x000000070bf34570) thrown at [C:\re\workspace\8-2-build-windows-amd64-cygwin\jdk8u51\3951\hotspot\src\share\vm\prims\jni.cpp, line 709]
Event: 50.726 Thread 0x00000000031c4800 Exception <a 'sun/nio/fs/WindowsException'> (0x000000070bf353c8) thrown at [C:\re\workspace\8-2-build-windows-amd64-cygwin\jdk8u51\3951\hotspot\src\share\vm\prims\jni.cpp, line 709]
Event: 50.727 Thread 0x00000000031c4800 Exception <a 'sun/nio/fs/WindowsException'> (0x000000070bf362d8) thrown at [C:\re\workspace\8-2-build-windows-amd64-cygwin\jdk8u51\3951\hotspot\src\share\vm\prims\jni.cpp, line 709]
Event: 50.727 Thread 0x00000000031c4800 Exception <a 'sun/nio/fs/WindowsException'> (0x000000070bf36b50) thrown at [C:\re\workspace\8-2-build-windows-amd64-cygwin\jdk8u51\3951\hotspot\src\share\vm\prims\jni.cpp, line 709]
Event: 50.727 Thread 0x00000000031c4800 Exception <a 'sun/nio/fs/WindowsException'> (0x000000070bf37738) thrown at [C:\re\workspace\8-2-build-windows-amd64-cygwin\jdk8u51\3951\hotspot\src\share\vm\prims\jni.cpp, line 709]
Event: 50.727 Thread 0x00000000031c4800 Exception <a 'sun/nio/fs/WindowsException'> (0x000000070bf37e58) thrown at [C:\re\workspace\8-2-build-windows-amd64-cygwin\jdk8u51\3951\hotspot\src\share\vm\prims\jni.cpp, line 709]

Events (10 events):
Event: 54.770 Thread 0x0000000043192800 DEOPT UNPACKING pc=0x000000000330582a sp=0x000000004f8bea20 mode 2
Event: 54.814 Thread 0x0000000043192800 Uncommon trap: trap_request=0xffffffde fr.pc=0x000000000488bb18
Event: 54.814 Thread 0x0000000043192800 DEOPT PACKING pc=0x000000000488bb18 sp=0x000000004f8bea70
Event: 54.814 Thread 0x0000000043192800 DEOPT UNPACKING pc=0x000000000330582a sp=0x000000004f8bea20 mode 2
Event: 54.853 Thread 0x0000000043192800 Uncommon trap: trap_request=0xffffffde fr.pc=0x000000000488bb18
Event: 54.853 Thread 0x0000000043192800 DEOPT PACKING pc=0x000000000488bb18 sp=0x000000004f8bea70
Event: 54.853 Thread 0x0000000043192800 DEOPT UNPACKING pc=0x000000000330582a sp=0x000000004f8bea20 mode 2
Event: 54.894 Thread 0x0000000043192800 Uncommon trap: trap_request=0xffffffde fr.pc=0x000000000488bb18
Event: 54.894 Thread 0x0000000043192800 DEOPT PACKING pc=0x000000000488bb18 sp=0x000000004f8bea70
Event: 54.894 Thread 0x0000000043192800 DEOPT UNPACKING pc=0x000000000330582a sp=0x000000004f8bea20 mode 2


Dynamic libraries:
0x00007ff63ff90000 - 0x00007ff63ffc7000 	C:\Users\nrk47\AppData\Roaming\.minecraft\runtime\jre-legacy\windows\jre-legacy\bin\javaw.exe
0x00007ffdd51a0000 - 0x00007ffdd5406000 	C:\WINDOWS\SYSTEM32\ntdll.dll
0x00007ffdd43e0000 - 0x00007ffdd44a9000 	C:\WINDOWS\System32\KERNEL32.DLL
0x00007ffdd26b0000 - 0x00007ffdd2aae000 	C:\WINDOWS\System32\KERNELBASE.dll
0x00007ffdd4a10000 - 0x00007ffdd4ac7000 	C:\WINDOWS\System32\ADVAPI32.dll
0x00007ffdd44b0000 - 0x00007ffdd4559000 	C:\WINDOWS\System32\msvcrt.dll
0x00007ffdd46d0000 - 0x00007ffdd477a000 	C:\WINDOWS\System32\sechost.dll
0x00007ffdd42c0000 - 0x00007ffdd43d8000 	C:\WINDOWS\System32\RPCRT4.dll
0x00007ffdd3770000 - 0x00007ffdd3937000 	C:\WINDOWS\System32\USER32.dll
0x00007ffdd2cb0000 - 0x00007ffdd2cd7000 	C:\WINDOWS\System32\win32u.dll
0x00007ffdd3740000 - 0x00007ffdd376b000 	C:\WINDOWS\System32\GDI32.dll
0x00007ffdd2da0000 - 0x00007ffdd2eca000 	C:\WINDOWS\System32\gdi32full.dll
0x00007ffdd23c0000 - 0x00007ffdd2463000 	C:\WINDOWS\System32\msvcp_win.dll
0x00007ffdd2ac0000 - 0x00007ffdd2c0c000 	C:\WINDOWS\System32\ucrtbase.dll
0x00007ffdb0600000 - 0x00007ffdb0892000 	C:\WINDOWS\WinSxS\amd64_microsoft.windows.common-controls_6595b64144ccf1df_6.0.26100.8875_none_3e0d5d42e32fe9dd\COMCTL32.dll
0x00007ffdd2ed0000 - 0x00007ffdd2f02000 	C:\WINDOWS\System32\IMM32.DLL
0x0000000052ef0000 - 0x0000000052fc2000 	C:\Users\nrk47\AppData\Roaming\.minecraft\runtime\jre-legacy\windows\jre-legacy\bin\msvcr100.dll
0x0000000052660000 - 0x0000000052ee3000 	C:\Users\nrk47\AppData\Roaming\.minecraft\runtime\jre-legacy\windows\jre-legacy\bin\server\jvm.dll
0x00007ffdd45e0000 - 0x00007ffdd45e8000 	C:\WINDOWS\System32\PSAPI.DLL
0x00007ffdc3a00000 - 0x00007ffdc3a36000 	C:\WINDOWS\SYSTEM32\WINMM.dll
0x00007ffdcbdd0000 - 0x00007ffdcbdda000 	C:\WINDOWS\SYSTEM32\WSOCK32.dll
0x00007ffdcb000000 - 0x00007ffdcb00b000 	C:\WINDOWS\SYSTEM32\VERSION.dll
0x00007ffdd47a0000 - 0x00007ffdd4820000 	C:\WINDOWS\System32\WS2_32.dll
0x0000000054390000 - 0x000000005439f000 	C:\Users\nrk47\AppData\Roaming\.minecraft\runtime\jre-legacy\windows\jre-legacy\bin\verify.dll
0x0000000054360000 - 0x0000000054389000 	C:\Users\nrk47\AppData\Roaming\.minecraft\runtime\jre-legacy\windows\jre-legacy\bin\java.dll
0x0000000054340000 - 0x0000000054356000 	C:\Users\nrk47\AppData\Roaming\.minecraft\runtime\jre-legacy\windows\jre-legacy\bin\zip.dll
0x00007ffdd2fa0000 - 0x00007ffdd3732000 	C:\WINDOWS\System32\SHELL32.dll
0x00007ffdcfe40000 - 0x00007ffdd06d2000 	C:\WINDOWS\SYSTEM32\windows.storage.dll
0x00007ffdd4d80000 - 0x00007ffdd5103000 	C:\WINDOWS\System32\combase.dll
0x00007ffdd4c40000 - 0x00007ffdd4d37000 	C:\WINDOWS\System32\SHCORE.dll
0x00007ffdd4bd0000 - 0x00007ffdd4c37000 	C:\WINDOWS\System32\shlwapi.dll
0x00007ffdd22e0000 - 0x00007ffdd2309000 	C:\WINDOWS\SYSTEM32\profapi.dll
0x0000000054330000 - 0x000000005433d000 	C:\Users\nrk47\AppData\Roaming\.minecraft\runtime\jre-legacy\windows\jre-legacy\bin\management.dll
0x0000000054310000 - 0x000000005432a000 	C:\Users\nrk47\AppData\Roaming\.minecraft\runtime\jre-legacy\windows\jre-legacy\bin\net.dll
0x00007ffdd15f0000 - 0x00007ffdd165c000 	C:\WINDOWS\system32\mswsock.dll
0x00007ffda5ba0000 - 0x00007ffda5bb8000 	C:\WINDOWS\system32\napinsp.dll
0x00007ffdd0a50000 - 0x00007ffdd0ba6000 	C:\WINDOWS\SYSTEM32\DNSAPI.dll
0x00007ffdd13f0000 - 0x00007ffdd13fd000 	C:\WINDOWS\SYSTEM32\DSPARSE.dll
0x00007ffdd0a10000 - 0x00007ffdd0a43000 	C:\WINDOWS\SYSTEM32\IPHLPAPI.DLL
0x00007ffdd4d70000 - 0x00007ffdd4d7a000 	C:\WINDOWS\System32\NSI.dll
0x00007ffda5bc0000 - 0x00007ffda5bd3000 	C:\WINDOWS\System32\winrnr.dll
0x00007ffda5b70000 - 0x00007ffda5b92000 	C:\WINDOWS\system32\nlansp_c.dll
0x00007ffda6ba0000 - 0x00007ffda6bb6000 	C:\WINDOWS\system32\wshbth.dll
0x00007ffdbcf80000 - 0x00007ffdbd006000 	C:\WINDOWS\System32\fwpuclnt.dll
0x00007ffdb6fd0000 - 0x00007ffdb6fdb000 	C:\Windows\System32\rasadhlp.dll
0x00000000542f0000 - 0x0000000054301000 	C:\Users\nrk47\AppData\Roaming\.minecraft\runtime\jre-legacy\windows\jre-legacy\bin\nio.dll
0x0000000052630000 - 0x0000000052654000 	C:\Users\nrk47\AppData\Roaming\.minecraft\runtime\jre-legacy\windows\jre-legacy\bin\sunec.dll
0x00007ffdd1a20000 - 0x00007ffdd1a3b000 	C:\WINDOWS\SYSTEM32\CRYPTSP.dll
0x00007ffdd0fc0000 - 0x00007ffdd0ff9000 	C:\WINDOWS\system32\rsaenh.dll
0x00007ffdd16b0000 - 0x00007ffdd16e2000 	C:\WINDOWS\SYSTEM32\USERENV.dll
0x00007ffdd22b0000 - 0x00007ffdd22da000 	C:\WINDOWS\SYSTEM32\bcrypt.dll
0x00007ffdd2ce0000 - 0x00007ffdd2d8c000 	C:\WINDOWS\System32\bcryptprimitives.dll
0x00007ffdd1860000 - 0x00007ffdd186c000 	C:\WINDOWS\SYSTEM32\CRYPTBASE.dll
0x00007ffdb9f60000 - 0x00007ffdb9fd2000 	C:\Users\nrk47\AppData\Roaming\.minecraft\versions\CrimsonCraft\natives\lwjgl.dll
0x00007ffcc0640000 - 0x00007ffcc0891000 	C:\Users\nrk47\AppData\Roaming\.minecraft\versions\CrimsonCraft\natives\jemalloc.dll
0x00007ffd91b10000 - 0x00007ffd91b6e000 	C:\Users\nrk47\AppData\Roaming\.minecraft\versions\CrimsonCraft\natives\glfw.dll
0x00007ffdcf4d0000 - 0x00007ffdcf579000 	C:\WINDOWS\system32\uxtheme.dll
0x00007ffd021a0000 - 0x00007ffd021eb000 	C:\WINDOWS\SYSTEM32\dinput8.dll
0x00007ffd13460000 - 0x00007ffd1347b000 	C:\WINDOWS\SYSTEM32\xinput1_4.dll
0x00007ffdd1f40000 - 0x00007ffdd1f6f000 	C:\WINDOWS\SYSTEM32\DEVOBJ.dll
0x00007ffdd1ee0000 - 0x00007ffdd1f31000 	C:\WINDOWS\SYSTEM32\cfgmgr32.dll
0x00007ffdcf770000 - 0x00007ffdcf79f000 	C:\WINDOWS\SYSTEM32\dwmapi.dll
0x00007ffd9c8d0000 - 0x00007ffd9cab4000 	C:\WINDOWS\SYSTEM32\inputhost.dll
0x00007ffdcee90000 - 0x00007ffdcefb5000 	C:\WINDOWS\SYSTEM32\CoreMessaging.dll
0x00007ffdd3fb0000 - 0x00007ffdd410d000 	C:\WINDOWS\System32\MSCTF.dll
0x00007ffdd1060000 - 0x00007ffdd107b000 	C:\WINDOWS\SYSTEM32\kernel.appcore.dll
0x00007ffdd06e0000 - 0x00007ffdd06ef000 	C:\WINDOWS\SYSTEM32\HID.DLL
0x00007ffdd3b20000 - 0x00007ffdd3fa7000 	C:\WINDOWS\System32\SETUPAPI.DLL
0x00007ffdd2c20000 - 0x00007ffdd2ca3000 	C:\WINDOWS\System32\WINTRUST.dll
0x00007ffdd2530000 - 0x00007ffdd26a8000 	C:\WINDOWS\System32\CRYPT32.dll
0x00007ffdd1a90000 - 0x00007ffdd1aa3000 	C:\WINDOWS\SYSTEM32\MSASN1.dll
0x00007ffd26d80000 - 0x00007ffd26e8c000 	C:\WINDOWS\SYSTEM32\opengl32.dll
0x00007ffdba180000 - 0x00007ffdba1ad000 	C:\WINDOWS\SYSTEM32\GLU32.dll
0x00007ffdcf5b0000 - 0x00007ffdcf5f6000 	C:\WINDOWS\SYSTEM32\dxcore.dll
0x00007ffdb2580000 - 0x00007ffdb259a000 	C:\WINDOWS\SYSTEM32\windows.staterepositorycore.dll
0x00007ffcf5a60000 - 0x00007ffcf8385000 	C:\WINDOWS\System32\DriverStore\FileRepository\nv_dispig.inf_amd64_f4c7a2fd13e0f763\nvoglv64.dll
0x00007ffdd4120000 - 0x00007ffdd42b9000 	C:\WINDOWS\System32\ole32.dll
0x00007ffdd45f0000 - 0x00007ffdd46c9000 	C:\WINDOWS\System32\OLEAUT32.dll
0x00007ffdcf350000 - 0x00007ffdcf379000 	C:\WINDOWS\SYSTEM32\WTSAPI32.dll
0x00007ffdd1310000 - 0x00007ffdd1359000 	C:\WINDOWS\SYSTEM32\SspiCli.dll
0x00007ffdcaf90000 - 0x00007ffdcafcb000 	C:\WINDOWS\SYSTEM32\cryptnet.dll
0x00007ffdd1920000 - 0x00007ffdd198a000 	C:\WINDOWS\SYSTEM32\wldp.dll
0x00007ffdcae10000 - 0x00007ffdcaf89000 	C:\WINDOWS\SYSTEM32\drvstore.dll
0x00007ffdd1190000 - 0x00007ffdd11c6000 	C:\WINDOWS\SYSTEM32\ntmarta.dll
0x00007ffdd3940000 - 0x00007ffdd3960000 	C:\WINDOWS\System32\imagehlp.dll
0x00007ffdc5f50000 - 0x00007ffdcac4f000 	C:\WINDOWS\System32\DriverStore\FileRepository\nv_dispig.inf_amd64_f4c7a2fd13e0f763\nvgpucomp64.dll
0x00007ffd120c0000 - 0x00007ffd12207000 	C:\WINDOWS\system32\nvspcap64.dll
0x00007ffdd2220000 - 0x00007ffdd227e000 	C:\WINDOWS\SYSTEM32\powrprof.dll
0x00007ffdd2200000 - 0x00007ffdd2214000 	C:\WINDOWS\SYSTEM32\UMPDC.dll
0x00007ffdd1fb0000 - 0x00007ffdd2011000 	C:\WINDOWS\SYSTEM32\WINSTA.dll
0x00007ffd91a90000 - 0x00007ffd91b0f000 	C:\Users\nrk47\AppData\Roaming\.minecraft\versions\CrimsonCraft\natives\lwjgl_stb.dll
0x00007ffdae4e0000 - 0x00007ffdae59f000 	C:\WINDOWS\SYSTEM32\mscms.dll
0x00007ffdb9f10000 - 0x00007ffdb9f59000 	C:\WINDOWS\SYSTEM32\icm32.dll
0x00007ffdae1e0000 - 0x00007ffdae327000 	C:\WINDOWS\SYSTEM32\textinputframework.dll
0x00007ffd91a00000 - 0x00007ffd91a58000 	C:\Users\nrk47\AppData\Roaming\.minecraft\versions\CrimsonCraft\natives\lwjgl_opengl.dll
0x00007ffd53420000 - 0x00007ffd53550000 	C:\Program Files\TikTok LIVE Studio\1.33.7\resources\app\electron\sdk\lib\MediaSDK_V2\plugins\game_detour_64.dll
0x00007ffdcdf70000 - 0x00007ffdce1d0000 	C:\WINDOWS\system32\d3d11.dll
0x00007ffdcf600000 - 0x00007ffdcf73e000 	C:\WINDOWS\SYSTEM32\dxgi.dll
0x00007ffdcbfc0000 - 0x00007ffdcc01f000 	C:\WINDOWS\SYSTEM32\directxdatabasehelper.dll
0x00007ffd11f00000 - 0x00007ffd120b7000 	C:\WINDOWS\System32\DriverStore\FileRepository\nv_dispig.inf_amd64_f4c7a2fd13e0f763\nvppex.dll
0x00007ffdcb010000 - 0x00007ffdcb0d4000 	C:\WINDOWS\System32\DriverStore\FileRepository\nv_dispig.inf_amd64_f4c7a2fd13e0f763\nvldumdx.dll
0x00007ffdc3a40000 - 0x00007ffdc3b70000 	C:\WINDOWS\System32\DriverStore\FileRepository\nv_dispig.inf_amd64_f4c7a2fd13e0f763\NvMemMapStoragex.dll
0x00007ffdbd970000 - 0x00007ffdc2a5e000 	C:\WINDOWS\System32\DriverStore\FileRepository\nv_dispig.inf_amd64_f4c7a2fd13e0f763\nvwgf2umx.dll
0x00007ffdbc2e0000 - 0x00007ffdbc875000 	C:\WINDOWS\SYSTEM32\nvapi64.dll
0x00007ffdba0c0000 - 0x00007ffdba102000 	D:\Temp\jna-105087978\jna845142199557995311.dll
0x00007ffdcd2f0000 - 0x00007ffdcd30a000 	C:\Users\nrk47\AppData\Roaming\.minecraft\versions\CrimsonCraft\natives\SAPIWrapper_x64.dll
0x00007ffdd3a00000 - 0x00007ffdd3aae000 	C:\WINDOWS\System32\clbcatq.dll
0x00007ffdcb760000 - 0x00007ffdcb8d3000 	C:\WINDOWS\System32\Speech\Common\sapi.dll
0x00007ffdc5b60000 - 0x00007ffdc5c06000 	C:\WINDOWS\System32\MMDevApi.dll
0x0000000055190000 - 0x0000000055328000 	C:\Users\nrk47\AppData\Roaming\.minecraft\runtime\jre-legacy\windows\jre-legacy\bin\awt.dll
0x00007ffdcf3b0000 - 0x00007ffdcf450000 	C:\WINDOWS\SYSTEM32\apphelp.dll
0x00007ffdbcd30000 - 0x00007ffdbcf72000 	C:\WINDOWS\SYSTEM32\dbghelp.dll

VM Arguments:
jvm_args: -Dos.name=Windows 10 -Dos.version=10.0 -Xmx10881M -XX:+UnlockExperimentalVMOptions -XX:+UseG1GC -XX:G1NewSizePercent=20 -XX:G1ReservePercent=20 -XX:MaxGCPauseMillis=50 -XX:G1HeapRegionSize=32M -Dfml.ignoreInvalidMinecraftCertificates=true -Dfml.ignorePatchDiscrepancies=true -Djava.net.preferIPv4Stack=true -XX:HeapDumpPath=MojangTricksIntelDriversForPerformance_javaw.exe_minecraft.exe.heapdump -Xss1M -Djava.library.path=C:\Users\nrk47\AppData\Roaming\.minecraft\versions\CrimsonCraft\natives -Dminecraft.launcher.brand=minecraft-launcher -Dminecraft.launcher.version=2.3.173 -XX:+IgnoreUnrecognizedVMOptions --add-exports=java.base/sun.security.util=ALL-UNNAMED --add-exports=jdk.naming.dns/com.sun.jndi.dns=java.naming --add-opens=java.base/java.util.jar=ALL-UNNAMED -Dminecraft.applet.TargetDirectory=C:\Users\nrk47\AppData\Roaming\.minecraft\versions\CrimsonCraft -DlibraryDirectory=C:\Users\nrk47\AppData\Roaming\.minecraft\libraries -Dcountry=RO -Dlog4j.configurationFile=C:\Users\nrk47\AppData\Roaming\.minecraft\assets\log_configs\client-1.12.xml -DLibLoader.modsFolder=C:\Users\nrk47\AppData\Roaming\.minecraft\versions\CrimsonCraft\mods 
java_command: cpw.mods.modlauncher.Launcher --username SZN_Nero --version CrimsonCraft --gameDir C:\Users\nrk47\AppData\Roaming\.minecraft\versions\CrimsonCraft --assetsDir C:\Users\nrk47\AppData\Roaming\.minecraft\assets --assetIndex 1.16 --uuid 123eddbd-cdd4-11ef-af44-9c6b00470e68 --accessToken null --userType mojang --versionType modified --width 925 --height 530 --launchTarget fmlclient --fml.forgeVersion 36.2.42 --fml.mcVersion 1.16.5 --fml.forgeGroup net.minecraftforge --fml.mcpVersion 20210115.111550
java_class_path (initial): C:\Users\nrk47\AppData\Roaming\.minecraft\libraries\net\minecraftforge\forge\1.16.5-36.2.42\forge-1.16.5-36.2.42.jar;C:\Users\nrk47\AppData\Roaming\.minecraft\libraries\org\ow2\asm\asm\9.6\asm-9.6.jar;C:\Users\nrk47\AppData\Roaming\.minecraft\libraries\org\ow2\asm\asm-commons\9.6\asm-commons-9.6.jar;C:\Users\nrk47\AppData\Roaming\.minecraft\libraries\org\ow2\asm\asm-tree\9.6\asm-tree-9.6.jar;C:\Users\nrk47\AppData\Roaming\.minecraft\libraries\org\ow2\asm\asm-util\9.6\asm-util-9.6.jar;C:\Users\nrk47\AppData\Roaming\.minecraft\libraries\org\ow2\asm\asm-analysis\9.6\asm-analysis-9.6.jar;C:\Users\nrk47\AppData\Roaming\.minecraft\libraries\cpw\mods\modlauncher\8.1.3\modlauncher-8.1.3.jar;C:\Users\nrk47\AppData\Roaming\.minecraft\libraries\cpw\mods\grossjava9hacks\1.3.3\grossjava9hacks-1.3.3.jar;C:\Users\nrk47\AppData\Roaming\.minecraft\libraries\net\minecraftforge\accesstransformers\3.0.1\accesstransformers-3.0.1.jar;C:\Users\nrk47\AppData\Roaming\.minecraft\libraries\org\antlr\antlr4-runtime\4.9.1\antlr4-runtime-4.9.1.jar;C:\Users\nrk47\AppData\Roaming\.minecraft\libraries\net\minecraftforge\eventbus\4.0.0\eventbus-4.0.0.jar;C:\Users\nrk47\AppData\Roaming\.minecraft\libraries\net\minecraftforge\forgespi\3.2.0\forgespi-3.2.0.jar;C:\Users\nrk47\AppData\Roaming\.minecraft\libraries\net\minecraftforge\coremods\4.0.6\coremods-4.0.6.jar;C:\Users\nrk47\AppData\Roaming\.minecraft\libraries\net\minecraftforge\unsafe\0.2.0\unsafe-0.2.0.jar;C:\Users\nrk47\AppData\Roaming\.minecraft\libraries\com\electronwill\night-config\core\3.6.3\core-3.6.3.jar;C:\Users\nrk47\AppData\Roaming\.minecraft\libraries\com\electronwill\night-config\toml\3.6.3\toml-3.6.3.jar;C:\Users\nrk47\AppData\Roaming\.minecraft\libraries\org\jline\jline\3.12.1\jline-3.12.1.jar;C:\Users\nrk47\AppData\Roaming\.minecraft\libraries\org\apache\maven\maven-artifact\3.6.3\maven-artifact-3.6.3.jar;C:\Users\nrk47\AppData\Roaming\.minecraft\libraries\net\jodah\typetools\0.8.3\typetools-0.8.3.jar;
Launcher Type: SUN_STANDARD

Environment Variables:
PATH=C:\Program Files\Eclipse Foundation\jdk-16.0.2.7-hotspot\bin;C:\Program Files\Common Files\Oracle\Java\javapath;C:\Program Files (x86)\Common Files\Oracle\Java\java8path;C:\Program Files (x86)\Common Files\Oracle\Java\javapath;C:\Program Files\ImageMagick-7.1.2-Q16-HDRI;C:\Program Files (x86)\Razer Chroma SDK\bin;C:\Program Files\Razer Chroma SDK\bin;C:\WINDOWS\system32;C:\WINDOWS;C:\WINDOWS\System32\Wbem;C:\WINDOWS\System32\WindowsPowerShell\v1.0\;C:\WINDOWS\System32\OpenSSH\;C:\WINDOWS\system32\config\systemprofile\AppData\Local\Microsoft\WindowsApps;C:\Program Files (x86)\Razer\ChromaBroadcast\bin;C:\Program Files\Razer\ChromaBroadcast\bin;C:\Users\nrk47\AppData\Local\Microsoft\WindowsApps;;C:\Program Files (x86)\NVIDIA Corporation\PhysX\Common;C:\Program Files\playit_gg\bin\;C:\Program Files\dotnet\;C:\Program Files\Cloudflare\Cloudflare WARP\;C:\Program Files\NVIDIA Corporation\NVIDIA App\NvDLISR;C:\Users\nrk47\AppData\Local\Microsoft\WindowsApps;C:\Users\nrk47\AppData\Local\Programs\Microsoft VS Code\bin;C:\Users\nrk47\AppData\Local\Python\bin;C:\Users\nrk47\.dotnet\tools;C:\Users\nrk47\AppData\Local\spicetify;C:\Users\nrk47\AppData\Local\Kingsoft\WPS Office\12.1.0.27458\clitool;C:\Program Files\Eclipse Foundation\jdk-16.0.2.7-hotspot\bin
USERNAME=nrk47
OS=Windows_NT
PROCESSOR_IDENTIFIER=Intel64 Family 6 Model 158 Stepping 10, GenuineIntel



---------------  S Y S T E M  ---------------

OS: Windows 10.0 , 64 bit Build 26100 (10.0.26100.8875)

CPU:total 6 (6 cores per cpu, 1 threads per core) family 6 model 158 stepping 10, cmov, cx8, fxsr, mmx, sse, sse2, sse3, ssse3, sse4.1, sse4.2, popcnt, avx, avx2, aes, clmul, erms, 3dnowpref, lzcnt, tsc, tscinvbit, bmi1, bmi2, adx

Memory: 4k page, physical 16713748k(927120k free), swap 25102356k(15764k free)

vm_info: Java HotSpot(TM) 64-Bit Server VM (25.51-b03) for windows-amd64 JRE (1.8.0_51-b16), built on Jun  8 2015 18:03:07 by "java_re" with MS VC++ 10.0 (VS2010)

time: Wed Aug 12 11:46:28 2026
elapsed time: 55 seconds (0d 0h 0m 55s)

