#
# There is insufficient memory for the Java Runtime Environment to continue.
# Native memory allocation (mmap) failed to map 1207959552 bytes for Failed to commit pages from 1351680 of length 294912
# Possible reasons:
#   The system is out of physical RAM or swap space
#   In 32 bit mode, the process size limit was hit
# Possible solutions:
#   Reduce memory load on the system
#   Increase physical memory or swap space
#   Check if swap backing store is full
#   Use 64 bit Java on a 64 bit OS
#   Decrease Java heap size (-Xmx/-Xms)
#   Decrease number of Java threads
#   Decrease Java thread stack sizes (-Xss)
#   Set larger code cache with -XX:ReservedCodeCacheSize=
# This output file may be truncated or incomplete.
#
#  Out of Memory Error (os_windows.cpp:3324), pid=6412, tid=11268
#
# JRE version: Java(TM) SE Runtime Environment (8.0_51-b16) (build 1.8.0_51-b16)
# Java VM: Java HotSpot(TM) 64-Bit Server VM (25.51-b03 mixed mode windows-amd64 compressed oops)
# Failed to write core dump. Minidumps are not enabled by default on client versions of Windows
#

---------------  T H R E A D  ---------------

Current thread (0x0000000031588000):  VMThread [stack: 0x0000000031650000,0x0000000031750000] [id=11268]

Stack: [0x0000000031650000,0x0000000031750000]
Native frames: (J=compiled Java code, j=interpreted, Vv=VM code, C=native code)
V  [jvm.dll+0x32b4ca]
V  [jvm.dll+0x2797e3]
V  [jvm.dll+0x27a479]
V  [jvm.dll+0x271765]
V  [jvm.dll+0x296868]
V  [jvm.dll+0x21acb5]
V  [jvm.dll+0x3d73ff]
V  [jvm.dll+0x3d83e8]
V  [jvm.dll+0x3e0639]
V  [jvm.dll+0x3e0ff6]
V  [jvm.dll+0x3e1210]
V  [jvm.dll+0x3c133a]
V  [jvm.dll+0x3cdebc]
V  [jvm.dll+0x3e66df]
V  [jvm.dll+0x247e47]
V  [jvm.dll+0x2470e6]
V  [jvm.dll+0x247581]
V  [jvm.dll+0x24779e]
V  [jvm.dll+0x29846a]
C  [msvcr100.dll+0x21d9f]
C  [msvcr100.dll+0x21e3b]
C  [KERNEL32.DLL+0x2e957]
C  [ntdll.dll+0xaad6c]

VM_Operation (0x0000000040fea160): G1IncCollectionPause, mode: safepoint, requested by thread 0x0000000042d2c000


---------------  P R O C E S S  ---------------

Java Threads: ( => current thread )
  0x0000000040667800 JavaThread "Worker-Bootstrap-5" daemon [_thread_blocked, id=18896, stack(0x0000000047000000,0x0000000047100000)]
  0x0000000040666000 JavaThread "Worker-Bootstrap-4" daemon [_thread_blocked, id=5828, stack(0x0000000046f00000,0x0000000047000000)]
  0x00000000447c2000 JavaThread "Worker-Bootstrap-3" daemon [_thread_blocked, id=268, stack(0x0000000045360000,0x0000000045460000)]
  0x00000000429f1800 JavaThread "Worker-Bootstrap-2" daemon [_thread_blocked, id=8408, stack(0x0000000041260000,0x0000000041360000)]
  0x0000000042d2c000 JavaThread "Worker-Bootstrap-1" daemon [_thread_blocked, id=18228, stack(0x0000000040ef0000,0x0000000040ff0000)]
  0x00000000449e8800 JavaThread "pool-3-thread-1" [_thread_blocked, id=1612, stack(0x0000000044080000,0x0000000044180000)]
  0x000000003ef76000 JavaThread "pool-2-thread-1" daemon [_thread_blocked, id=17808, stack(0x000000003fac0000,0x000000003fbc0000)]
  0x0000000033ba2800 JavaThread "Thread-3" daemon [_thread_blocked, id=19412, stack(0x000000003cc00000,0x000000003cd00000)]
  0x0000000032736800 JavaThread "Thread-2" daemon [_thread_in_native, id=11396, stack(0x0000000034b60000,0x0000000034c60000)]
  0x000000003363a000 JavaThread "Thread-1" daemon [_thread_blocked, id=3380, stack(0x0000000034a60000,0x0000000034b60000)]
  0x0000000031fa0000 JavaThread "Service Thread" daemon [_thread_blocked, id=17528, stack(0x0000000032350000,0x0000000032450000)]
  0x000000003162e800 JavaThread "C1 CompilerThread2" daemon [_thread_blocked, id=18892, stack(0x0000000031e50000,0x0000000031f50000)]
  0x0000000031624800 JavaThread "C2 CompilerThread1" daemon [_thread_blocked, id=19232, stack(0x0000000031d50000,0x0000000031e50000)]
  0x000000003161e800 JavaThread "C2 CompilerThread0" daemon [_thread_blocked, id=19236, stack(0x0000000031c50000,0x0000000031d50000)]
  0x000000003161c800 JavaThread "Attach Listener" daemon [_thread_blocked, id=4396, stack(0x0000000031b50000,0x0000000031c50000)]
  0x00000000315d7000 JavaThread "Signal Dispatcher" daemon [_thread_blocked, id=3992, stack(0x0000000031a50000,0x0000000031b50000)]
  0x00000000315d6000 JavaThread "Surrogate Locker Thread (Concurrent GC)" daemon [_thread_blocked, id=12508, stack(0x0000000031950000,0x0000000031a50000)]
  0x00000000315c3000 JavaThread "Finalizer" daemon [_thread_blocked, id=1200, stack(0x0000000031850000,0x0000000031950000)]
  0x00000000315bb000 JavaThread "Reference Handler" daemon [_thread_blocked, id=1236, stack(0x0000000031750000,0x0000000031850000)]
  0x0000000003294800 JavaThread "main" [_thread_blocked, id=18732, stack(0x0000000003190000,0x0000000003290000)]

Other Threads:
=>0x0000000031588000 VMThread [stack: 0x0000000031650000,0x0000000031750000] [id=11268]
  0x000000003164e000 WatcherThread [stack: 0x0000000032450000,0x0000000032550000] [id=16168]

VM state:at safepoint (normal execution)

VM Mutex/Monitor currently owned by a thread:  ([mutex/lock_event])
[0x0000000003293960] Threads_lock - owner thread: 0x0000000031588000
[0x00000000032925e0] Heap_lock - owner thread: 0x0000000042d2c000

Heap:
 garbage-first heap   total 6586368K, used 318986K [0x0000000516000000, 0x0000000518000648, 0x00000007c0000000)
  region size 32768K, 3 young (98304K), 3 survivors (98304K)
 Metaspace       used 64313K, capacity 70818K, committed 70992K, reserved 1110016K
  class space    used 9205K, capacity 10865K, committed 10880K, reserved 1048576K

Heap Regions: (Y=young(eden), SU=young(survivor), HS=humongous(starts), HC=humongous(continues), CS=collection set, F=free, TS=gc time stamp, PTAMS=previous top-at-mark-start, NTAMS=next top-at-mark-start)
AC   0  O    TS     7 PTAMS 0x0000000516000000 NTAMS 0x0000000516000000 space 32768K, 100% used [0x0000000516000000, 0x0000000518000000)
AC   0  O    TS     5 PTAMS 0x0000000518000000 NTAMS 0x0000000518000000 space 32768K, 100% used [0x0000000518000000, 0x000000051a000000)
AC   0  O    TS     0 PTAMS 0x000000051c000000 NTAMS 0x000000051c000000 space 32768K, 100% used [0x000000051a000000, 0x000000051c000000)
AC   0  F    TS     0 PTAMS 0x000000051c000000 NTAMS 0x000000051c000000 space 32768K,   0% used [0x000000051c000000, 0x000000051e000000)
AC   0  F    TS     0 PTAMS 0x000000051e000000 NTAMS 0x000000051e000000 space 32768K,   0% used [0x000000051e000000, 0x0000000520000000)
AC   0  O    TS     0 PTAMS 0x0000000522000000 NTAMS 0x0000000522000000 space 32768K, 100% used [0x0000000520000000, 0x0000000522000000)
AC   0  O    TS    15 PTAMS 0x0000000522000000 NTAMS 0x0000000522000000 space 32768K,  40% used [0x0000000522000000, 0x0000000524000000)
AC   0  O    TS     7 PTAMS 0x0000000524000000 NTAMS 0x0000000524000000 space 32768K, 100% used [0x0000000524000000, 0x0000000526000000)
AC   0  O    TS     3 PTAMS 0x0000000526000000 NTAMS 0x0000000526000000 space 32768K, 100% used [0x0000000526000000, 0x0000000528000000)
AC   0  O    TS     5 PTAMS 0x0000000528000000 NTAMS 0x0000000528000000 space 32768K, 100% used [0x0000000528000000, 0x000000052a000000)
AC   0  F    TS     0 PTAMS 0x000000052a000000 NTAMS 0x000000052a000000 space 32768K,   0% used [0x000000052a000000, 0x000000052c000000)
AC   0  F    TS     0 PTAMS 0x000000052c000000 NTAMS 0x000000052c000000 space 32768K,   0% used [0x000000052c000000, 0x000000052e000000)
AC   0  F    TS     5 PTAMS 0x000000052e000000 NTAMS 0x000000052e000000 space 32768K,   0% used [0x000000052e000000, 0x0000000530000000)
AC   0  F    TS     7 PTAMS 0x0000000530000000 NTAMS 0x0000000530000000 space 32768K,   0% used [0x0000000530000000, 0x0000000532000000)
AC   0  F    TS     0 PTAMS 0x0000000532000000 NTAMS 0x0000000532000000 space 32768K,   0% used [0x0000000532000000, 0x0000000534000000)
AC   0  F    TS     0 PTAMS 0x0000000534000000 NTAMS 0x0000000534000000 space 32768K,   0% used [0x0000000534000000, 0x0000000536000000)
AC   0  F    TS     7 PTAMS 0x0000000536000000 NTAMS 0x0000000536000000 space 32768K,   0% used [0x0000000536000000, 0x0000000538000000)
AC   0  F    TS     7 PTAMS 0x0000000538000000 NTAMS 0x0000000538000000 space 32768K,   0% used [0x0000000538000000, 0x000000053a000000)
AC   0  F    TS     7 PTAMS 0x000000053a000000 NTAMS 0x000000053a000000 space 32768K,   0% used [0x000000053a000000, 0x000000053c000000)
AC   0  F    TS     9 PTAMS 0x000000053c000000 NTAMS 0x000000053c000000 space 32768K,   0% used [0x000000053c000000, 0x000000053e000000)
AC   0  F    TS     7 PTAMS 0x000000053e000000 NTAMS 0x000000053e000000 space 32768K,   0% used [0x000000053e000000, 0x0000000540000000)
AC   0  F    TS     7 PTAMS 0x0000000540000000 NTAMS 0x0000000540000000 space 32768K,   0% used [0x0000000540000000, 0x0000000542000000)
AC   0  F    TS     7 PTAMS 0x0000000542000000 NTAMS 0x0000000542000000 space 32768K,   0% used [0x0000000542000000, 0x0000000544000000)
AC   0  F    TS     7 PTAMS 0x0000000544000000 NTAMS 0x0000000544000000 space 32768K,   0% used [0x0000000544000000, 0x0000000546000000)
AC   0  F    TS     7 PTAMS 0x0000000546000000 NTAMS 0x0000000546000000 space 32768K,   0% used [0x0000000546000000, 0x0000000548000000)
AC   0  F    TS    11 PTAMS 0x0000000548000000 NTAMS 0x0000000548000000 space 32768K,   0% used [0x0000000548000000, 0x000000054a000000)
AC   0  F    TS    11 PTAMS 0x000000054a000000 NTAMS 0x000000054a000000 space 32768K,   0% used [0x000000054a000000, 0x000000054c000000)
AC   0  F    TS     7 PTAMS 0x000000054c000000 NTAMS 0x000000054c000000 space 32768K,   0% used [0x000000054c000000, 0x000000054e000000)
AC   0  F    TS     7 PTAMS 0x000000054e000000 NTAMS 0x000000054e000000 space 32768K,   0% used [0x000000054e000000, 0x0000000550000000)
AC   0  F    TS     7 PTAMS 0x0000000550000000 NTAMS 0x0000000550000000 space 32768K,   0% used [0x0000000550000000, 0x0000000552000000)
AC   0  F    TS     7 PTAMS 0x0000000552000000 NTAMS 0x0000000552000000 space 32768K,   0% used [0x0000000552000000, 0x0000000554000000)
AC   0  F    TS     7 PTAMS 0x0000000554000000 NTAMS 0x0000000554000000 space 32768K,   0% used [0x0000000554000000, 0x0000000556000000)
AC   0  F    TS     9 PTAMS 0x0000000556000000 NTAMS 0x0000000556000000 space 32768K,   0% used [0x0000000556000000, 0x0000000558000000)
AC   0  F    TS     9 PTAMS 0x0000000558000000 NTAMS 0x0000000558000000 space 32768K,   0% used [0x0000000558000000, 0x000000055a000000)
AC   0  F    TS     9 PTAMS 0x000000055a000000 NTAMS 0x000000055a000000 space 32768K,   0% used [0x000000055a000000, 0x000000055c000000)
AC   0  F    TS     9 PTAMS 0x000000055c000000 NTAMS 0x000000055c000000 space 32768K,   0% used [0x000000055c000000, 0x000000055e000000)
AC   0  F    TS     9 PTAMS 0x000000055e000000 NTAMS 0x000000055e000000 space 32768K,   0% used [0x000000055e000000, 0x0000000560000000)
AC   0  F    TS     9 PTAMS 0x0000000560000000 NTAMS 0x0000000560000000 space 32768K,   0% used [0x0000000560000000, 0x0000000562000000)
AC   0  F    TS     9 PTAMS 0x0000000562000000 NTAMS 0x0000000562000000 space 32768K,   0% used [0x0000000562000000, 0x0000000564000000)
AC   0  F    TS     9 PTAMS 0x0000000564000000 NTAMS 0x0000000564000000 space 32768K,   0% used [0x0000000564000000, 0x0000000566000000)
AC   0  F    TS     9 PTAMS 0x0000000566000000 NTAMS 0x0000000566000000 space 32768K,   0% used [0x0000000566000000, 0x0000000568000000)
AC   0  F    TS     9 PTAMS 0x0000000568000000 NTAMS 0x0000000568000000 space 32768K,   0% used [0x0000000568000000, 0x000000056a000000)
AC   0  F    TS     9 PTAMS 0x000000056a000000 NTAMS 0x000000056a000000 space 32768K,   0% used [0x000000056a000000, 0x000000056c000000)
AC   0  F    TS     9 PTAMS 0x000000056c000000 NTAMS 0x000000056c000000 space 32768K,   0% used [0x000000056c000000, 0x000000056e000000)
AC   0  F    TS     9 PTAMS 0x000000056e000000 NTAMS 0x000000056e000000 space 32768K,   0% used [0x000000056e000000, 0x0000000570000000)
AC   0  F    TS     9 PTAMS 0x0000000570000000 NTAMS 0x0000000570000000 space 32768K,   0% used [0x0000000570000000, 0x0000000572000000)
AC   0  F    TS     9 PTAMS 0x0000000572000000 NTAMS 0x0000000572000000 space 32768K,   0% used [0x0000000572000000, 0x0000000574000000)
AC   0  F    TS     9 PTAMS 0x0000000574000000 NTAMS 0x0000000574000000 space 32768K,   0% used [0x0000000574000000, 0x0000000576000000)
AC   0  F    TS     9 PTAMS 0x0000000576000000 NTAMS 0x0000000576000000 space 32768K,   0% used [0x0000000576000000, 0x0000000578000000)
AC   0  F    TS     9 PTAMS 0x0000000578000000 NTAMS 0x0000000578000000 space 32768K,   0% used [0x0000000578000000, 0x000000057a000000)
AC   0  F    TS     9 PTAMS 0x000000057a000000 NTAMS 0x000000057a000000 space 32768K,   0% used [0x000000057a000000, 0x000000057c000000)
AC   0  F    TS     9 PTAMS 0x000000057c000000 NTAMS 0x000000057c000000 space 32768K,   0% used [0x000000057c000000, 0x000000057e000000)
AC   0  F    TS     9 PTAMS 0x000000057e000000 NTAMS 0x000000057e000000 space 32768K,   0% used [0x000000057e000000, 0x0000000580000000)
AC   0  F    TS     9 PTAMS 0x0000000580000000 NTAMS 0x0000000580000000 space 32768K,   0% used [0x0000000580000000, 0x0000000582000000)
AC   0  F    TS     9 PTAMS 0x0000000582000000 NTAMS 0x0000000582000000 space 32768K,   0% used [0x0000000582000000, 0x0000000584000000)
AC   0  F    TS     9 PTAMS 0x0000000584000000 NTAMS 0x0000000584000000 space 32768K,   0% used [0x0000000584000000, 0x0000000586000000)
AC   0  F    TS     9 PTAMS 0x0000000586000000 NTAMS 0x0000000586000000 space 32768K,   0% used [0x0000000586000000, 0x0000000588000000)
AC   0  F    TS     9 PTAMS 0x0000000588000000 NTAMS 0x0000000588000000 space 32768K,   0% used [0x0000000588000000, 0x000000058a000000)
AC   0  F    TS     9 PTAMS 0x000000058a000000 NTAMS 0x000000058a000000 space 32768K,   0% used [0x000000058a000000, 0x000000058c000000)
AC   0  F    TS     9 PTAMS 0x000000058c000000 NTAMS 0x000000058c000000 space 32768K,   0% used [0x000000058c000000, 0x000000058e000000)
AC   0  F    TS     9 PTAMS 0x000000058e000000 NTAMS 0x000000058e000000 space 32768K,   0% used [0x000000058e000000, 0x0000000590000000)
AC   0  F    TS     9 PTAMS 0x0000000590000000 NTAMS 0x0000000590000000 space 32768K,   0% used [0x0000000590000000, 0x0000000592000000)
AC   0  F    TS     9 PTAMS 0x0000000592000000 NTAMS 0x0000000592000000 space 32768K,   0% used [0x0000000592000000, 0x0000000594000000)
AC   0  F    TS     9 PTAMS 0x0000000594000000 NTAMS 0x0000000594000000 space 32768K,   0% used [0x0000000594000000, 0x0000000596000000)
AC   0  F    TS    11 PTAMS 0x0000000596000000 NTAMS 0x0000000596000000 space 32768K,   0% used [0x0000000596000000, 0x0000000598000000)
AC   0  F    TS    11 PTAMS 0x0000000598000000 NTAMS 0x0000000598000000 space 32768K,   0% used [0x0000000598000000, 0x000000059a000000)
AC   0  F    TS    11 PTAMS 0x000000059a000000 NTAMS 0x000000059a000000 space 32768K,   0% used [0x000000059a000000, 0x000000059c000000)
AC   0  F    TS    11 PTAMS 0x000000059c000000 NTAMS 0x000000059c000000 space 32768K,   0% used [0x000000059c000000, 0x000000059e000000)
AC   0  F    TS    11 PTAMS 0x000000059e000000 NTAMS 0x000000059e000000 space 32768K,   0% used [0x000000059e000000, 0x00000005a0000000)
AC   0  F    TS    11 PTAMS 0x00000005a0000000 NTAMS 0x00000005a0000000 space 32768K,   0% used [0x00000005a0000000, 0x00000005a2000000)
AC   0  F    TS    11 PTAMS 0x00000005a2000000 NTAMS 0x00000005a2000000 space 32768K,   0% used [0x00000005a2000000, 0x00000005a4000000)
AC   0  F    TS    11 PTAMS 0x00000005a4000000 NTAMS 0x00000005a4000000 space 32768K,   0% used [0x00000005a4000000, 0x00000005a6000000)
AC   0  F    TS    11 PTAMS 0x00000005a6000000 NTAMS 0x00000005a6000000 space 32768K,   0% used [0x00000005a6000000, 0x00000005a8000000)
AC   0  F    TS    11 PTAMS 0x00000005a8000000 NTAMS 0x00000005a8000000 space 32768K,   0% used [0x00000005a8000000, 0x00000005aa000000)
AC   0  F    TS    11 PTAMS 0x00000005aa000000 NTAMS 0x00000005aa000000 space 32768K,   0% used [0x00000005aa000000, 0x00000005ac000000)
AC   0  F    TS    11 PTAMS 0x00000005ac000000 NTAMS 0x00000005ac000000 space 32768K,   0% used [0x00000005ac000000, 0x00000005ae000000)
AC   0  F    TS    11 PTAMS 0x00000005ae000000 NTAMS 0x00000005ae000000 space 32768K,   0% used [0x00000005ae000000, 0x00000005b0000000)
AC   0  F    TS    11 PTAMS 0x00000005b0000000 NTAMS 0x00000005b0000000 space 32768K,   0% used [0x00000005b0000000, 0x00000005b2000000)
AC   0  F    TS    11 PTAMS 0x00000005b2000000 NTAMS 0x00000005b2000000 space 32768K,   0% used [0x00000005b2000000, 0x00000005b4000000)
AC   0  F    TS    11 PTAMS 0x00000005b4000000 NTAMS 0x00000005b4000000 space 32768K,   0% used [0x00000005b4000000, 0x00000005b6000000)
AC   0  F    TS    11 PTAMS 0x00000005b6000000 NTAMS 0x00000005b6000000 space 32768K,   0% used [0x00000005b6000000, 0x00000005b8000000)
AC   0  F    TS    11 PTAMS 0x00000005b8000000 NTAMS 0x00000005b8000000 space 32768K,   0% used [0x00000005b8000000, 0x00000005ba000000)
AC   0  F    TS    11 PTAMS 0x00000005ba000000 NTAMS 0x00000005ba000000 space 32768K,   0% used [0x00000005ba000000, 0x00000005bc000000)
AC   0  F    TS    11 PTAMS 0x00000005bc000000 NTAMS 0x00000005bc000000 space 32768K,   0% used [0x00000005bc000000, 0x00000005be000000)
AC   0  F    TS    11 PTAMS 0x00000005be000000 NTAMS 0x00000005be000000 space 32768K,   0% used [0x00000005be000000, 0x00000005c0000000)
AC   0  F    TS    13 PTAMS 0x00000005c0000000 NTAMS 0x00000005c0000000 space 32768K,   0% used [0x00000005c0000000, 0x00000005c2000000)
AC   0  F    TS    13 PTAMS 0x00000005c2000000 NTAMS 0x00000005c2000000 space 32768K,   0% used [0x00000005c2000000, 0x00000005c4000000)
AC   0  F    TS    11 PTAMS 0x00000005c4000000 NTAMS 0x00000005c4000000 space 32768K,   0% used [0x00000005c4000000, 0x00000005c6000000)
AC   0  F    TS    11 PTAMS 0x00000005c6000000 NTAMS 0x00000005c6000000 space 32768K,   0% used [0x00000005c6000000, 0x00000005c8000000)
AC   0  F    TS    11 PTAMS 0x00000005c8000000 NTAMS 0x00000005c8000000 space 32768K,   0% used [0x00000005c8000000, 0x00000005ca000000)
AC   0  F    TS    11 PTAMS 0x00000005ca000000 NTAMS 0x00000005ca000000 space 32768K,   0% used [0x00000005ca000000, 0x00000005cc000000)
AC   0  F    TS    11 PTAMS 0x00000005cc000000 NTAMS 0x00000005cc000000 space 32768K,   0% used [0x00000005cc000000, 0x00000005ce000000)
AC   0  F    TS    11 PTAMS 0x00000005ce000000 NTAMS 0x00000005ce000000 space 32768K,   0% used [0x00000005ce000000, 0x00000005d0000000)
AC   0  F    TS    11 PTAMS 0x00000005d0000000 NTAMS 0x00000005d0000000 space 32768K,   0% used [0x00000005d0000000, 0x00000005d2000000)
AC   0  F    TS    11 PTAMS 0x00000005d2000000 NTAMS 0x00000005d2000000 space 32768K,   0% used [0x00000005d2000000, 0x00000005d4000000)
AC   0  F    TS    11 PTAMS 0x00000005d4000000 NTAMS 0x00000005d4000000 space 32768K,   0% used [0x00000005d4000000, 0x00000005d6000000)
AC   0  F    TS    11 PTAMS 0x00000005d6000000 NTAMS 0x00000005d6000000 space 32768K,   0% used [0x00000005d6000000, 0x00000005d8000000)
AC   0  F    TS    11 PTAMS 0x00000005d8000000 NTAMS 0x00000005d8000000 space 32768K,   0% used [0x00000005d8000000, 0x00000005da000000)
AC   0  F    TS    11 PTAMS 0x00000005da000000 NTAMS 0x00000005da000000 space 32768K,   0% used [0x00000005da000000, 0x00000005dc000000)
AC   0  F    TS    11 PTAMS 0x00000005dc000000 NTAMS 0x00000005dc000000 space 32768K,   0% used [0x00000005dc000000, 0x00000005de000000)
AC   0  F    TS    11 PTAMS 0x00000005de000000 NTAMS 0x00000005de000000 space 32768K,   0% used [0x00000005de000000, 0x00000005e0000000)
AC   0  F    TS    11 PTAMS 0x00000005e0000000 NTAMS 0x00000005e0000000 space 32768K,   0% used [0x00000005e0000000, 0x00000005e2000000)
AC   0  F    TS    11 PTAMS 0x00000005e2000000 NTAMS 0x00000005e2000000 space 32768K,   0% used [0x00000005e2000000, 0x00000005e4000000)
AC   0  F    TS    11 PTAMS 0x00000005e4000000 NTAMS 0x00000005e4000000 space 32768K,   0% used [0x00000005e4000000, 0x00000005e6000000)
AC   0  F    TS    11 PTAMS 0x00000005e6000000 NTAMS 0x00000005e6000000 space 32768K,   0% used [0x00000005e6000000, 0x00000005e8000000)
AC   0  F    TS    11 PTAMS 0x00000005e8000000 NTAMS 0x00000005e8000000 space 32768K,   0% used [0x00000005e8000000, 0x00000005ea000000)
AC   0  F    TS    11 PTAMS 0x00000005ea000000 NTAMS 0x00000005ea000000 space 32768K,   0% used [0x00000005ea000000, 0x00000005ec000000)
AC   0  F    TS    11 PTAMS 0x00000005ec000000 NTAMS 0x00000005ec000000 space 32768K,   0% used [0x00000005ec000000, 0x00000005ee000000)
AC   0  F    TS    11 PTAMS 0x00000005ee000000 NTAMS 0x00000005ee000000 space 32768K,   0% used [0x00000005ee000000, 0x00000005f0000000)
AC   0  F    TS    11 PTAMS 0x00000005f0000000 NTAMS 0x00000005f0000000 space 32768K,   0% used [0x00000005f0000000, 0x00000005f2000000)
AC   0  F    TS    11 PTAMS 0x00000005f2000000 NTAMS 0x00000005f2000000 space 32768K,   0% used [0x00000005f2000000, 0x00000005f4000000)
AC   0  F    TS    11 PTAMS 0x00000005f4000000 NTAMS 0x00000005f4000000 space 32768K,   0% used [0x00000005f4000000, 0x00000005f6000000)
AC   0  F    TS    11 PTAMS 0x00000005f6000000 NTAMS 0x00000005f6000000 space 32768K,   0% used [0x00000005f6000000, 0x00000005f8000000)
AC   0  F    TS    11 PTAMS 0x00000005f8000000 NTAMS 0x00000005f8000000 space 32768K,   0% used [0x00000005f8000000, 0x00000005fa000000)
AC   0  F    TS    11 PTAMS 0x00000005fa000000 NTAMS 0x00000005fa000000 space 32768K,   0% used [0x00000005fa000000, 0x00000005fc000000)
AC   0  F    TS    11 PTAMS 0x00000005fc000000 NTAMS 0x00000005fc000000 space 32768K,   0% used [0x00000005fc000000, 0x00000005fe000000)
AC   0  F    TS    11 PTAMS 0x00000005fe000000 NTAMS 0x00000005fe000000 space 32768K,   0% used [0x00000005fe000000, 0x0000000600000000)
AC   0  F    TS    11 PTAMS 0x0000000600000000 NTAMS 0x0000000600000000 space 32768K,   0% used [0x0000000600000000, 0x0000000602000000)
AC   0  F    TS    11 PTAMS 0x0000000602000000 NTAMS 0x0000000602000000 space 32768K,   0% used [0x0000000602000000, 0x0000000604000000)
AC   0  F    TS    11 PTAMS 0x0000000604000000 NTAMS 0x0000000604000000 space 32768K,   0% used [0x0000000604000000, 0x0000000606000000)
AC   0  F    TS    13 PTAMS 0x0000000606000000 NTAMS 0x0000000606000000 space 32768K,   0% used [0x0000000606000000, 0x0000000608000000)
AC   0  F    TS    13 PTAMS 0x0000000608000000 NTAMS 0x0000000608000000 space 32768K,   0% used [0x0000000608000000, 0x000000060a000000)
AC   0  F    TS    13 PTAMS 0x000000060a000000 NTAMS 0x000000060a000000 space 32768K,   0% used [0x000000060a000000, 0x000000060c000000)
AC   0  F    TS    13 PTAMS 0x000000060c000000 NTAMS 0x000000060c000000 space 32768K,   0% used [0x000000060c000000, 0x000000060e000000)
AC   0  F    TS    13 PTAMS 0x000000060e000000 NTAMS 0x000000060e000000 space 32768K,   0% used [0x000000060e000000, 0x0000000610000000)
AC   0  F    TS    13 PTAMS 0x0000000610000000 NTAMS 0x0000000610000000 space 32768K,   0% used [0x0000000610000000, 0x0000000612000000)
AC   0  F    TS    13 PTAMS 0x0000000612000000 NTAMS 0x0000000612000000 space 32768K,   0% used [0x0000000612000000, 0x0000000614000000)
AC   0  S CS TS    15 PTAMS 0x0000000614000000 NTAMS 0x0000000614000000 space 32768K,  33% used [0x0000000614000000, 0x0000000616000000)
AC   0  S CS TS    15 PTAMS 0x0000000616000000 NTAMS 0x0000000616000000 space 32768K, 100% used [0x0000000616000000, 0x0000000618000000)
AC   0  S CS TS    15 PTAMS 0x0000000618000000 NTAMS 0x0000000618000000 space 32768K, 100% used [0x0000000618000000, 0x000000061a000000)
AC   0  F    TS    13 PTAMS 0x000000061a000000 NTAMS 0x000000061a000000 space 32768K,   0% used [0x000000061a000000, 0x000000061c000000)
AC   0  F    TS    13 PTAMS 0x000000061c000000 NTAMS 0x000000061c000000 space 32768K,   0% used [0x000000061c000000, 0x000000061e000000)
AC   0  F    TS    13 PTAMS 0x000000061e000000 NTAMS 0x000000061e000000 space 32768K,   0% used [0x000000061e000000, 0x0000000620000000)
AC   0  F    TS    13 PTAMS 0x0000000620000000 NTAMS 0x0000000620000000 space 32768K,   0% used [0x0000000620000000, 0x0000000622000000)
AC   0  F    TS    13 PTAMS 0x0000000622000000 NTAMS 0x0000000622000000 space 32768K,   0% used [0x0000000622000000, 0x0000000624000000)
AC   0  F    TS    13 PTAMS 0x0000000624000000 NTAMS 0x0000000624000000 space 32768K,   0% used [0x0000000624000000, 0x0000000626000000)
AC   0  F    TS    13 PTAMS 0x0000000626000000 NTAMS 0x0000000626000000 space 32768K,   0% used [0x0000000626000000, 0x0000000628000000)
AC   0  F    TS    13 PTAMS 0x0000000628000000 NTAMS 0x0000000628000000 space 32768K,   0% used [0x0000000628000000, 0x000000062a000000)
AC   0  F    TS    13 PTAMS 0x000000062a000000 NTAMS 0x000000062a000000 space 32768K,   0% used [0x000000062a000000, 0x000000062c000000)
AC   0  F    TS    13 PTAMS 0x000000062c000000 NTAMS 0x000000062c000000 space 32768K,   0% used [0x000000062c000000, 0x000000062e000000)
AC   0  F    TS    13 PTAMS 0x000000062e000000 NTAMS 0x000000062e000000 space 32768K,   0% used [0x000000062e000000, 0x0000000630000000)
AC   0  F    TS    13 PTAMS 0x0000000630000000 NTAMS 0x0000000630000000 space 32768K,   0% used [0x0000000630000000, 0x0000000632000000)
AC   0  F    TS    13 PTAMS 0x0000000632000000 NTAMS 0x0000000632000000 space 32768K,   0% used [0x0000000632000000, 0x0000000634000000)
AC   0  F    TS    13 PTAMS 0x0000000634000000 NTAMS 0x0000000634000000 space 32768K,   0% used [0x0000000634000000, 0x0000000636000000)
AC   0  F    TS    13 PTAMS 0x0000000636000000 NTAMS 0x0000000636000000 space 32768K,   0% used [0x0000000636000000, 0x0000000638000000)
AC   0  F    TS    13 PTAMS 0x0000000638000000 NTAMS 0x0000000638000000 space 32768K,   0% used [0x0000000638000000, 0x000000063a000000)
AC   0  F    TS    13 PTAMS 0x000000063a000000 NTAMS 0x000000063a000000 space 32768K,   0% used [0x000000063a000000, 0x000000063c000000)
AC   0  F    TS    13 PTAMS 0x000000063c000000 NTAMS 0x000000063c000000 space 32768K,   0% used [0x000000063c000000, 0x000000063e000000)
AC   0  F    TS    13 PTAMS 0x000000063e000000 NTAMS 0x000000063e000000 space 32768K,   0% used [0x000000063e000000, 0x0000000640000000)
AC   0  F    TS    13 PTAMS 0x0000000640000000 NTAMS 0x0000000640000000 space 32768K,   0% used [0x0000000640000000, 0x0000000642000000)
AC   0  F    TS    13 PTAMS 0x0000000642000000 NTAMS 0x0000000642000000 space 32768K,   0% used [0x0000000642000000, 0x0000000644000000)
AC   0  F    TS    13 PTAMS 0x0000000644000000 NTAMS 0x0000000644000000 space 32768K,   0% used [0x0000000644000000, 0x0000000646000000)
AC   0  F    TS    13 PTAMS 0x0000000646000000 NTAMS 0x0000000646000000 space 32768K,   0% used [0x0000000646000000, 0x0000000648000000)
AC   0  F    TS    13 PTAMS 0x0000000648000000 NTAMS 0x0000000648000000 space 32768K,   0% used [0x0000000648000000, 0x000000064a000000)
AC   0  F    TS    13 PTAMS 0x000000064a000000 NTAMS 0x000000064a000000 space 32768K,   0% used [0x000000064a000000, 0x000000064c000000)
AC   0  F    TS    13 PTAMS 0x000000064c000000 NTAMS 0x000000064c000000 space 32768K,   0% used [0x000000064c000000, 0x000000064e000000)
AC   0  F    TS    13 PTAMS 0x000000064e000000 NTAMS 0x000000064e000000 space 32768K,   0% used [0x000000064e000000, 0x0000000650000000)
AC   0  F    TS    13 PTAMS 0x0000000650000000 NTAMS 0x0000000650000000 space 32768K,   0% used [0x0000000650000000, 0x0000000652000000)
AC   0  F    TS    13 PTAMS 0x0000000652000000 NTAMS 0x0000000652000000 space 32768K,   0% used [0x0000000652000000, 0x0000000654000000)
AC   0  F    TS    13 PTAMS 0x0000000654000000 NTAMS 0x0000000654000000 space 32768K,   0% used [0x0000000654000000, 0x0000000656000000)
AC   0  F    TS    13 PTAMS 0x0000000656000000 NTAMS 0x0000000656000000 space 32768K,   0% used [0x0000000656000000, 0x0000000658000000)
AC   0  F    TS    13 PTAMS 0x0000000658000000 NTAMS 0x0000000658000000 space 32768K,   0% used [0x0000000658000000, 0x000000065a000000)
AC   0  F    TS    13 PTAMS 0x000000065a000000 NTAMS 0x000000065a000000 space 32768K,   0% used [0x000000065a000000, 0x000000065c000000)
AC   0  F    TS    13 PTAMS 0x000000065c000000 NTAMS 0x000000065c000000 space 32768K,   0% used [0x000000065c000000, 0x000000065e000000)
AC   0  F    TS    13 PTAMS 0x000000065e000000 NTAMS 0x000000065e000000 space 32768K,   0% used [0x000000065e000000, 0x0000000660000000)

Card table byte_map: [0x0000000015020000,0x0000000016570000] byte_map_base: 0x0000000012770000

Marking Bits (Prev, Next): (CMBitMap*) 0x0000000003324308, (CMBitMap*) 0x0000000003324360
 Prev Bits: [0x0000000017ac0000, 0x0000000022540000)
 Next Bits: [0x0000000022540000, 0x000000002cfc0000)

Polling page: 0x0000000001510000

CodeCache: size=245760Kb used=25809Kb max_used=25889Kb free=219950Kb
 bounds [0x0000000003390000, 0x0000000004d00000, 0x0000000012390000]
 total_blobs=9943 nmethods=8607 adapters=1246
 compilation: enabled

Compilation events (10 events):
Event: 16.366 Thread 0x000000003161e800 10368       4       com.google.common.collect.ImmutableSet::equals (50 bytes)
Event: 16.368 Thread 0x000000003162e800 10372       3       com.google.common.reflect.TypeResolver$TypeTable::resolveInternal (105 bytes)
Event: 16.369 Thread 0x000000003162e800 nmethod 10372 0x0000000003b8d410 code [0x0000000003b8d6a0, 0x0000000003b8e8c8]
Event: 16.370 Thread 0x000000003161e800 nmethod 10368 0x0000000003e7cb10 code [0x0000000003e7cce0, 0x0000000003e7d208]
Event: 16.370 Thread 0x000000003161e800 10371       4       com.google.common.collect.ImmutableSet$Indexed::iterator (5 bytes)
Event: 16.372 Thread 0x000000003161e800 nmethod 10371 0x0000000003f5f590 code [0x0000000003f5f700, 0x0000000003f5faa8]
Event: 16.396 Thread 0x000000003161e800 10373 %     4       net.minecraft.state.StateContainer::<init> @ 210 (252 bytes)
Event: 16.405 Thread 0x000000003161e800 nmethod 10373% 0x00000000041bdb10 code [0x00000000041bdca0, 0x00000000041be5a8]
Event: 16.408 Thread 0x000000003162e800 10374       1       net.minecraft.item.DyeColor::func_176762_d (5 bytes)
Event: 16.408 Thread 0x000000003162e800 nmethod 10374 0x0000000004215a90 code [0x0000000004215be0, 0x0000000004215cf0]

GC Heap History (10 events):
Event: 13.252 GC heap after
Heap after GC invocations=46 (full 0):
 garbage-first heap   total 524288K, used 254369K [0x0000000516000000, 0x0000000518000080, 0x00000007c0000000)
  region size 32768K, 1 young (32768K), 1 survivors (32768K)
 Metaspace       used 60056K, capacity 65854K, committed 66128K, reserved 1105920K
  class space    used 8346K, capacity 9800K, committed 9856K, reserved 1048576K
}
Event: 13.299 GC heap before
{Heap before GC invocations=46 (full 0):
 garbage-first heap   total 524288K, used 319905K [0x0000000516000000, 0x0000000518000080, 0x00000007c0000000)
  region size 32768K, 3 young (98304K), 1 survivors (32768K)
 Metaspace       used 60077K, capacity 65930K, committed 66128K, reserved 1105920K
  class space    used 8352K, capacity 9806K, committed 9856K, reserved 1048576K
Event: 13.337 GC heap after
Heap after GC invocations=47 (full 0):
 garbage-first heap   total 1048576K, used 259462K [0x0000000516000000, 0x0000000518000100, 0x00000007c0000000)
  region size 32768K, 1 young (32768K), 1 survivors (32768K)
 Metaspace       used 60077K, capacity 65930K, committed 66128K, reserved 1105920K
  class space    used 8352K, capacity 9806K, committed 9856K, reserved 1048576K
}
Event: 13.717 GC heap before
{Heap before GC invocations=47 (full 0):
 garbage-first heap   total 1048576K, used 652678K [0x0000000516000000, 0x0000000518000100, 0x00000007c0000000)
  region size 32768K, 13 young (425984K), 1 survivors (32768K)
 Metaspace       used 60776K, capacity 66806K, committed 67152K, reserved 1105920K
  class space    used 8506K, capacity 10020K, committed 10112K, reserved 1048576K
Event: 13.745 GC heap after
Heap after GC invocations=48 (full 0):
 garbage-first heap   total 2097152K, used 263025K [0x0000000516000000, 0x0000000518000200, 0x00000007c0000000)
  region size 32768K, 1 young (32768K), 1 survivors (32768K)
 Metaspace       used 60776K, capacity 66806K, committed 67152K, reserved 1105920K
  class space    used 8506K, capacity 10020K, committed 10112K, reserved 1048576K
}
Event: 14.703 GC heap before
{Heap before GC invocations=48 (full 0):
 garbage-first heap   total 2097152K, used 1475441K [0x0000000516000000, 0x0000000518000200, 0x00000007c0000000)
  region size 32768K, 38 young (1245184K), 1 survivors (32768K)
 Metaspace       used 62461K, capacity 68752K, committed 68816K, reserved 1107968K
  class space    used 8879K, capacity 10470K, committed 10496K, reserved 1048576K
Event: 14.740 GC heap after
Heap after GC invocations=49 (full 0):
 garbage-first heap   total 3932160K, used 285359K [0x0000000516000000, 0x00000005180003c0, 0x00000007c0000000)
  region size 32768K, 2 young (65536K), 2 survivors (65536K)
 Metaspace       used 62461K, capacity 68752K, committed 68816K, reserved 1107968K
  class space    used 8879K, capacity 10470K, committed 10496K, reserved 1048576K
}
Event: 15.721 GC heap before
{Heap before GC invocations=49 (full 0):
 garbage-first heap   total 3932160K, used 1366703K [0x0000000516000000, 0x00000005180003c0, 0x00000007c0000000)
  region size 32768K, 35 young (1146880K), 2 survivors (65536K)
 Metaspace       used 64149K, capacity 70642K, committed 70736K, reserved 1110016K
  class space    used 9187K, capacity 10849K, committed 10880K, reserved 1048576K
Event: 15.772 GC heap after
Heap after GC invocations=50 (full 0):
 garbage-first heap   total 5406720K, used 297695K [0x0000000516000000, 0x0000000518000528, 0x00000007c0000000)
  region size 32768K, 2 young (65536K), 2 survivors (65536K)
 Metaspace       used 64149K, capacity 70642K, committed 70736K, reserved 1110016K
  class space    used 9187K, capacity 10849K, committed 10880K, reserved 1048576K
}
Event: 16.413 GC heap before
{Heap before GC invocations=50 (full 0):
 garbage-first heap   total 5406720K, used 1444575K [0x0000000516000000, 0x0000000518000528, 0x00000007c0000000)
  region size 32768K, 37 young (1212416K), 2 survivors (65536K)
 Metaspace       used 64313K, capacity 70818K, committed 70992K, reserved 1110016K
  class space    used 9205K, capacity 10865K, committed 10880K, reserved 1048576K

Deoptimization events (10 events):
Event: 16.233 Thread 0x00000000449e8800 Uncommon trap: reason=class_check action=maybe_recompile pc=0x0000000004cdf948 method=net.minecraft.util.math.shapes.NonOverlappingMerger.func_199637_b(Lnet/minecraft/util/math/shapes/IDoubleListMerger$IConsumer;)Z @ 60
Event: 16.233 Thread 0x00000000449e8800 Uncommon trap: reason=class_check action=maybe_recompile pc=0x0000000004cdf948 method=net.minecraft.util.math.shapes.NonOverlappingMerger.func_199637_b(Lnet/minecraft/util/math/shapes/IDoubleListMerger$IConsumer;)Z @ 60
Event: 16.240 Thread 0x00000000449e8800 Uncommon trap: reason=bimorphic action=maybe_recompile pc=0x0000000004cded24 method=net.minecraft.util.math.shapes.NonOverlappingMerger.size()I @ 13
Event: 16.240 Thread 0x00000000449e8800 Uncommon trap: reason=bimorphic action=maybe_recompile pc=0x0000000004cded24 method=net.minecraft.util.math.shapes.NonOverlappingMerger.size()I @ 13
Event: 16.240 Thread 0x00000000449e8800 Uncommon trap: reason=bimorphic action=maybe_recompile pc=0x0000000004cded24 method=net.minecraft.util.math.shapes.NonOverlappingMerger.size()I @ 13
Event: 16.240 Thread 0x00000000449e8800 Uncommon trap: reason=bimorphic action=maybe_recompile pc=0x0000000004cded24 method=net.minecraft.util.math.shapes.NonOverlappingMerger.size()I @ 13
Event: 16.240 Thread 0x00000000449e8800 Uncommon trap: reason=bimorphic action=maybe_recompile pc=0x0000000004ce28a4 method=net.minecraft.util.math.shapes.NonOverlappingMerger.getDouble(I)D @ 39
Event: 16.240 Thread 0x00000000449e8800 Uncommon trap: reason=bimorphic action=maybe_recompile pc=0x0000000004ce28a4 method=net.minecraft.util.math.shapes.NonOverlappingMerger.getDouble(I)D @ 39
Event: 16.240 Thread 0x00000000449e8800 Uncommon trap: reason=bimorphic action=maybe_recompile pc=0x0000000004ce28a4 method=net.minecraft.util.math.shapes.NonOverlappingMerger.getDouble(I)D @ 39
Event: 16.240 Thread 0x00000000449e8800 Uncommon trap: reason=bimorphic action=maybe_recompile pc=0x0000000004ce28a4 method=net.minecraft.util.math.shapes.NonOverlappingMerger.getDouble(I)D @ 39

Internal exceptions (10 events):
Event: 14.932 Thread 0x00000000449e8800 Exception <a 'java/lang/NoSuchMethodError': java.lang.Object.func_223256_c_(I)Ljava/lang/String;> (0x00000005f1694050) thrown at [C:\re\workspace\8-2-build-windows-amd64-cygwin\jdk8u51\3951\hotspot\src\share\vm\interpreter\linkResolver.cpp, line 582]
Event: 14.932 Thread 0x00000000449e8800 Exception <a 'java/lang/NoSuchMethodError': java.lang.Object.func_223255_b_(I)Ljava/lang/String;> (0x00000005f1696030) thrown at [C:\re\workspace\8-2-build-windows-amd64-cygwin\jdk8u51\3951\hotspot\src\share\vm\interpreter\linkResolver.cpp, line 582]
Event: 14.932 Thread 0x00000000449e8800 Exception <a 'java/lang/NoSuchMethodError': java.lang.Object.func_223253_a_(I)Ljava/lang/String;> (0x00000005f1697e98) thrown at [C:\re\workspace\8-2-build-windows-amd64-cygwin\jdk8u51\3951\hotspot\src\share\vm\interpreter\linkResolver.cpp, line 582]
Event: 14.997 Thread 0x00000000449e8800 Exception <a 'java/lang/NoSuchMethodError': java.lang.Object.func_237128_a_(Lcom/mojang/serialization/Codec;)Lcom/mojang/serialization/Codec;> (0x00000005efea0570) thrown at [C:\re\workspace\8-2-build-windows-amd64-cygwin\jdk8u51\3951\hotspot\src\share\vm\òç—wÿ-@
Event: 14.999 Thread 0x00000000449e8800 Exception <a 'java/lang/NoSuchMethodError': java.lang.Object.func_237106_a_(Lcom/mojang/serialization/Codec;)Lcom/mojang/serialization/Codec;> (0x00000005ed7c35f8) thrown at [C:\re\workspace\8-2-build-windows-amd64-cygwin\jdk8u51\3951\hotspot\src\share\vm\Bà’-Ü÷/@
Event: 15.984 Thread 0x00000000449e8800 Exception <a 'java/lang/NoSuchMethodError': java.lang.Object.lambda$static$0(Lnet/minecraft/block/BlockState;Lnet/minecraft/world/World;Lnet/minecraft/util/math/BlockPos;Lnet/minecraft/entity/player/PlayerEntity;Lnet/minecraft/util/Hand;Lnet/minecraft/item§Œ$æþ÷/@
Event: 15.984 Thread 0x00000000449e8800 Exception <a 'java/lang/NoSuchMethodError': java.lang.Object.lambda$createMap$1(Lit/unimi/dsi/fastutil/objects/Object2ObjectOpenHashMap;)V> (0x00000006463af350) thrown at [C:\re\workspace\8-2-build-windows-amd64-cygwin\jdk8u51\3951\hotspot\src\share\vm\intqs*ø/@
Event: 15.985 Thread 0x00000000449e8800 Exception <a 'java/lang/NoSuchMethodError': java.lang.Object.lambda$static$2(Lnet/minecraft/block/BlockState;Lnet/minecraft/world/World;Lnet/minecraft/util/math/BlockPos;Lnet/minecraft/entity/player/PlayerEntity;Lnet/minecraft/util/Hand;Lnet/minecraft/item9—(ø/@
Event: 15.985 Thread 0x00000000449e8800 Exception <a 'java/lang/NoSuchMethodError': java.lang.Object.lambda$static$3(Lnet/minecraft/block/BlockState;Lnet/minecraft/world/World;Lnet/minecraft/util/math/BlockPos;Lnet/minecraft/entity/player/PlayerEntity;Lnet/minecraft/util/Hand;Lnet/minecraft/item
Event: 15.985 Thread 0x00000000449e8800 Exception <a 'java/lang/NoSuchMethodError': java.lang.Object.lambda$static$4(Lnet/minecraft/block/BlockState;Lnet/minecraft/world/World;Lnet/minecraft/util/math/BlockPos;Lnet/minecraft/entity/player/PlayerEntity;Lnet/minecraft/util/Hand;Lnet/minecraft/item~'0þÜ-@

Events (10 events):
Event: 16.373 Thread 0x000000003161e800 flushing nmethod 0x00000000041be210
Event: 16.373 Thread 0x000000003161e800 flushing nmethod 0x0000000004215a90
Event: 16.373 Thread 0x000000003161e800 flushing nmethod 0x000000000422d990
Event: 16.373 Thread 0x000000003161e800 flushing nmethod 0x0000000004230d90
Event: 16.373 Thread 0x000000003161e800 flushing nmethod 0x0000000004234e10
Event: 16.373 Thread 0x000000003161e800 flushing nmethod 0x0000000004280090
Event: 16.395 Executing VM operation: ForceSafepoint
Event: 16.395 Executing VM operation: ForceSafepoint done
Event: 16.409 Thread 0x000000003162e800 flushing nmethod 0x0000000004490fd0
Event: 16.413 Executing VM operation: G1IncCollectionPause


Dynamic libraries:
0x00007ff75c980000 - 0x00007ff75c9b7000 	C:\Users\nrk47\AppData\Roaming\.minecraft\runtime\jre-legacy\windows\jre-legacy\bin\javaw.exe
0x00007ff8dcbc0000 - 0x00007ff8dce26000 	C:\WINDOWS\SYSTEM32\ntdll.dll
0x00007ff8db6a0000 - 0x00007ff8db769000 	C:\WINDOWS\System32\KERNEL32.DLL
0x00007ff8da050000 - 0x00007ff8da44e000 	C:\WINDOWS\System32\KERNELBASE.dll
0x00007ff8db5e0000 - 0x00007ff8db697000 	C:\WINDOWS\System32\ADVAPI32.dll
0x00007ff8daaf0000 - 0x00007ff8dab99000 	C:\WINDOWS\System32\msvcrt.dll
0x00007ff8dae40000 - 0x00007ff8daeea000 	C:\WINDOWS\System32\sechost.dll
0x00007ff8dac20000 - 0x00007ff8dad38000 	C:\WINDOWS\System32\RPCRT4.dll
0x00007ff8dafd0000 - 0x00007ff8db197000 	C:\WINDOWS\System32\USER32.dll
0x00007ff8da020000 - 0x00007ff8da047000 	C:\WINDOWS\System32\win32u.dll
0x00007ff8dc7f0000 - 0x00007ff8dc81b000 	C:\WINDOWS\System32\GDI32.dll
0x00007ff8da5a0000 - 0x00007ff8da6ca000 	C:\WINDOWS\System32\gdi32full.dll
0x00007ff8da4f0000 - 0x00007ff8da593000 	C:\WINDOWS\System32\msvcp_win.dll
0x00007ff8da6d0000 - 0x00007ff8da81c000 	C:\WINDOWS\System32\ucrtbase.dll
0x00007ff8b6c40000 - 0x00007ff8b6ed2000 	C:\WINDOWS\WinSxS\amd64_microsoft.windows.common-controls_6595b64144ccf1df_6.0.26100.8875_none_3e0d5d42e32fe9dd\COMCTL32.dll
0x00007ff8da8f0000 - 0x00007ff8da922000 	C:\WINDOWS\System32\IMM32.DLL
0x00000000577e0000 - 0x00000000578b2000 	C:\Users\nrk47\AppData\Roaming\.minecraft\runtime\jre-legacy\windows\jre-legacy\bin\msvcr100.dll
0x0000000056f50000 - 0x00000000577d3000 	C:\Users\nrk47\AppData\Roaming\.minecraft\runtime\jre-legacy\windows\jre-legacy\bin\server\jvm.dll
0x00007ff8daae0000 - 0x00007ff8daae8000 	C:\WINDOWS\System32\PSAPI.DLL
0x00007ff8cbc30000 - 0x00007ff8cbc66000 	C:\WINDOWS\SYSTEM32\WINMM.dll
0x00007ff8d4c90000 - 0x00007ff8d4c9a000 	C:\WINDOWS\SYSTEM32\WSOCK32.dll
0x00007ff8d2a70000 - 0x00007ff8d2a7b000 	C:\WINDOWS\SYSTEM32\VERSION.dll
0x00007ff8db550000 - 0x00007ff8db5d0000 	C:\WINDOWS\System32\WS2_32.dll
0x0000000058e50000 - 0x0000000058e5f000 	C:\Users\nrk47\AppData\Roaming\.minecraft\runtime\jre-legacy\windows\jre-legacy\bin\verify.dll
0x0000000058e20000 - 0x0000000058e49000 	C:\Users\nrk47\AppData\Roaming\.minecraft\runtime\jre-legacy\windows\jre-legacy\bin\java.dll
0x0000000058e00000 - 0x0000000058e16000 	C:\Users\nrk47\AppData\Roaming\.minecraft\runtime\jre-legacy\windows\jre-legacy\bin\zip.dll
0x00007ff8dbd30000 - 0x00007ff8dc4c2000 	C:\WINDOWS\System32\SHELL32.dll
0x00007ff8d7860000 - 0x00007ff8d80f2000 	C:\WINDOWS\SYSTEM32\windows.storage.dll
0x00007ff8db1a0000 - 0x00007ff8db523000 	C:\WINDOWS\System32\combase.dll
0x00007ff8dca30000 - 0x00007ff8dcb27000 	C:\WINDOWS\System32\SHCORE.dll
0x00007ff8dabb0000 - 0x00007ff8dac17000 	C:\WINDOWS\System32\shlwapi.dll
0x00007ff8d9d00000 - 0x00007ff8d9d29000 	C:\WINDOWS\SYSTEM32\profapi.dll
0x0000000058df0000 - 0x0000000058dfd000 	C:\Users\nrk47\AppData\Roaming\.minecraft\runtime\jre-legacy\windows\jre-legacy\bin\management.dll
0x0000000058dd0000 - 0x0000000058dea000 	C:\Users\nrk47\AppData\Roaming\.minecraft\runtime\jre-legacy\windows\jre-legacy\bin\net.dll
0x00007ff8d9010000 - 0x00007ff8d907c000 	C:\WINDOWS\system32\mswsock.dll
0x00007ff8aa870000 - 0x00007ff8aa888000 	C:\WINDOWS\system32\napinsp.dll
0x00007ff8d8470000 - 0x00007ff8d85c6000 	C:\WINDOWS\SYSTEM32\DNSAPI.dll
0x00007ff8d8e10000 - 0x00007ff8d8e1d000 	C:\WINDOWS\SYSTEM32\DSPARSE.dll
0x00007ff8d8430000 - 0x00007ff8d8463000 	C:\WINDOWS\SYSTEM32\IPHLPAPI.DLL
0x00007ff8daba0000 - 0x00007ff8dabaa000 	C:\WINDOWS\System32\NSI.dll
0x00007ff8aa850000 - 0x00007ff8aa863000 	C:\WINDOWS\System32\winrnr.dll
0x00007ff8aa890000 - 0x00007ff8aa8b2000 	C:\WINDOWS\system32\nlansp_c.dll
0x00007ff8cce90000 - 0x00007ff8ccea6000 	C:\WINDOWS\system32\wshbth.dll
0x00007ff8ca300000 - 0x00007ff8ca386000 	C:\WINDOWS\System32\fwpuclnt.dll
0x00007ff8bea10000 - 0x00007ff8bea1b000 	C:\Windows\System32\rasadhlp.dll
0x0000000058db0000 - 0x0000000058dc1000 	C:\Users\nrk47\AppData\Roaming\.minecraft\runtime\jre-legacy\windows\jre-legacy\bin\nio.dll
0x0000000056f20000 - 0x0000000056f44000 	C:\Users\nrk47\AppData\Roaming\.minecraft\runtime\jre-legacy\windows\jre-legacy\bin\sunec.dll
0x00007ff8d9440000 - 0x00007ff8d945b000 	C:\WINDOWS\SYSTEM32\CRYPTSP.dll
0x00007ff8d89e0000 - 0x00007ff8d8a19000 	C:\WINDOWS\system32\rsaenh.dll
0x00007ff8d90d0000 - 0x00007ff8d9102000 	C:\WINDOWS\SYSTEM32\USERENV.dll
0x00007ff8d9cd0000 - 0x00007ff8d9cfa000 	C:\WINDOWS\SYSTEM32\bcrypt.dll
0x00007ff8da830000 - 0x00007ff8da8dc000 	C:\WINDOWS\System32\bcryptprimitives.dll
0x00007ff8d9280000 - 0x00007ff8d928c000 	C:\WINDOWS\SYSTEM32\CRYPTBASE.dll
0x00007ff827d50000 - 0x00007ff827dc2000 	C:\Users\nrk47\AppData\Roaming\.minecraft\versions\CrimsonCraft\natives\lwjgl.dll
0x00007ff81b740000 - 0x00007ff81b991000 	C:\Users\nrk47\AppData\Roaming\.minecraft\versions\CrimsonCraft\natives\jemalloc.dll
0x00007ff8ac6f0000 - 0x00007ff8ac74e000 	C:\Users\nrk47\AppData\Roaming\.minecraft\versions\CrimsonCraft\natives\glfw.dll
0x00007ff8d6ef0000 - 0x00007ff8d6f99000 	C:\WINDOWS\system32\uxtheme.dll
0x00007ff891010000 - 0x00007ff89105b000 	C:\WINDOWS\SYSTEM32\dinput8.dll
0x00007ff825ba0000 - 0x00007ff825bbb000 	C:\WINDOWS\SYSTEM32\xinput1_4.dll
0x00007ff8d9900000 - 0x00007ff8d9951000 	C:\WINDOWS\SYSTEM32\cfgmgr32.dll
0x00007ff8d9960000 - 0x00007ff8d998f000 	C:\WINDOWS\SYSTEM32\DEVOBJ.dll
0x00007ff8d7190000 - 0x00007ff8d71bf000 	C:\WINDOWS\SYSTEM32\dwmapi.dll
0x00007ff8a53f0000 - 0x00007ff8a55d4000 	C:\WINDOWS\SYSTEM32\inputhost.dll
0x00007ff8d68b0000 - 0x00007ff8d69d5000 	C:\WINDOWS\SYSTEM32\CoreMessaging.dll
0x00007ff8dc4d0000 - 0x00007ff8dc62d000 	C:\WINDOWS\System32\MSCTF.dll
0x00007ff8d8a80000 - 0x00007ff8d8a9b000 	C:\WINDOWS\SYSTEM32\kernel.appcore.dll
0x00007ff8d8100000 - 0x00007ff8d810f000 	C:\WINDOWS\SYSTEM32\HID.DLL
0x00007ff8db820000 - 0x00007ff8dbca7000 	C:\WINDOWS\System32\SETUPAPI.DLL
0x00007ff8da460000 - 0x00007ff8da4e3000 	C:\WINDOWS\System32\WINTRUST.dll
0x00007ff8d9de0000 - 0x00007ff8d9f58000 	C:\WINDOWS\System32\CRYPT32.dll
0x00007ff8d94b0000 - 0x00007ff8d94c3000 	C:\WINDOWS\SYSTEM32\MSASN1.dll
0x00007ff869570000 - 0x00007ff86967c000 	C:\WINDOWS\SYSTEM32\opengl32.dll
0x00007ff8b46f0000 - 0x00007ff8b471d000 	C:\WINDOWS\SYSTEM32\GLU32.dll
0x00007ff8d6fd0000 - 0x00007ff8d7016000 	C:\WINDOWS\SYSTEM32\dxcore.dll
0x00007ff8b8320000 - 0x00007ff8b833a000 	C:\WINDOWS\SYSTEM32\windows.staterepositorycore.dll
0x00007ff809010000 - 0x00007ff80b935000 	C:\WINDOWS\System32\DriverStore\FileRepository\nv_dispig.inf_amd64_f4c7a2fd13e0f763\nvoglv64.dll
0x00007ff8da940000 - 0x00007ff8daad9000 	C:\WINDOWS\System32\ole32.dll
0x00007ff8daef0000 - 0x00007ff8dafc9000 	C:\WINDOWS\System32\OLEAUT32.dll
0x00007ff8d6d70000 - 0x00007ff8d6d99000 	C:\WINDOWS\SYSTEM32\WTSAPI32.dll
0x00007ff8d8d30000 - 0x00007ff8d8d79000 	C:\WINDOWS\SYSTEM32\SspiCli.dll
0x00007ff8d2a00000 - 0x00007ff8d2a3b000 	C:\WINDOWS\SYSTEM32\cryptnet.dll
0x00007ff8d9340000 - 0x00007ff8d93aa000 	C:\WINDOWS\SYSTEM32\wldp.dll
0x00007ff8d2880000 - 0x00007ff8d29f9000 	C:\WINDOWS\SYSTEM32\drvstore.dll
0x00007ff8d8bb0000 - 0x00007ff8d8be6000 	C:\WINDOWS\SYSTEM32\ntmarta.dll
0x00007ff8dca00000 - 0x00007ff8dca20000 	C:\WINDOWS\System32\imagehlp.dll
0x00007ff8cd8f0000 - 0x00007ff8d25ef000 	C:\WINDOWS\System32\DriverStore\FileRepository\nv_dispig.inf_amd64_f4c7a2fd13e0f763\nvgpucomp64.dll
0x00007ff88f050000 - 0x00007ff88f197000 	C:\WINDOWS\system32\nvspcap64.dll
0x00007ff8d9c40000 - 0x00007ff8d9c9e000 	C:\WINDOWS\SYSTEM32\powrprof.dll
0x00007ff8d9c20000 - 0x00007ff8d9c34000 	C:\WINDOWS\SYSTEM32\UMPDC.dll
0x00007ff8d99d0000 - 0x00007ff8d9a31000 	C:\WINDOWS\SYSTEM32\WINSTA.dll
0x00007ff827af0000 - 0x00007ff827b6f000 	C:\Users\nrk47\AppData\Roaming\.minecraft\versions\CrimsonCraft\natives\lwjgl_stb.dll
0x00007ff8b63a0000 - 0x00007ff8b645f000 	C:\WINDOWS\SYSTEM32\mscms.dll
0x00007ff8a73b0000 - 0x00007ff8a73f9000 	C:\WINDOWS\SYSTEM32\icm32.dll
0x00007ff8b5400000 - 0x00007ff8b5547000 	C:\WINDOWS\SYSTEM32\textinputframework.dll
0x00007ff827a90000 - 0x00007ff827ae8000 	C:\Users\nrk47\AppData\Roaming\.minecraft\versions\CrimsonCraft\natives\lwjgl_opengl.dll
0x00007ff8c46e0000 - 0x00007ff8c4922000 	C:\WINDOWS\SYSTEM32\dbghelp.dll

VM Arguments:
jvm_args: -Dos.name=Windows 10 -Dos.version=10.0 -Xmx10881M -XX:+UnlockExperimentalVMOptions -XX:+UseG1GC -XX:G1NewSizePercent=20 -XX:G1ReservePercent=20 -XX:MaxGCPauseMillis=50 -XX:G1HeapRegionSize=32M -Dfml.ignoreInvalidMinecraftCertificates=true -Dfml.ignorePatchDiscrepancies=true -Djava.net.preferIPv4Stack=true -XX:HeapDumpPath=MojangTricksIntelDriversForPerformance_javaw.exe_minecraft.exe.heapdump -Xss1M -Djava.library.path=C:\Users\nrk47\AppData\Roaming\.minecraft\versions\CrimsonCraft\natives -Dminecraft.launcher.brand=minecraft-launcher -Dminecraft.launcher.version=2.3.173 -XX:+IgnoreUnrecognizedVMOptions --add-exports=java.base/sun.security.util=ALL-UNNAMED --add-exports=jdk.naming.dns/com.sun.jndi.dns=java.naming --add-opens=java.base/java.util.jar=ALL-UNNAMED -Dminecraft.applet.TargetDirectory=C:\Users\nrk47\AppData\Roaming\.minecraft\versions\CrimsonCraft -DlibraryDirectory=C:\Users\nrk47\AppData\Roaming\.minecraft\libraries -Dcountry=RO -Dlog4j.configurationFile=C:\Users\nrk47\AppData\Roaming\.minecraft\assets\log_configs\client-1.12.xml -DLibLoader.modsFolder=C:\Users\nrk47\AppData\Roaming\.minecraft\versions\CrimsonCraft\mods 
java_command: cpw.mods.modlauncher.Launcher --username SZN_Nero --version CrimsonCraft --gameDir C:\Users\nrk47\AppData\Roaming\.minecraft\versions\CrimsonCraft --assetsDir C:\Users\nrk47\AppData\Roaming\.minecraft\assets --assetIndex 1.16 --uuid 123eddbd-cdd4-11ef-af44-9c6b00470e68 --accessToken null --userType mojang --versionType modified --width 925 --height 530 --launchTarget fmlclient --fml.forgeVersion 36.2.42 --fml.mcVersion 1.16.5 --fml.forgeGroup net.minecraftforge --fml.mcpVersion 20210115.111550
java_class_path (initial): C:\Users\nrk47\AppData\Roaming\.minecraft\libraries\net\minecraftforge\forge\1.16.5-36.2.42\forge-1.16.5-36.2.42.jar;C:\Users\nrk47\AppData\Roaming\.minecraft\libraries\org\ow2\asm\asm\9.6\asm-9.6.jar;C:\Users\nrk47\AppData\Roaming\.minecraft\libraries\org\ow2\asm\asm-commons\9.6\asm-commons-9.6.jar;C:\Users\nrk47\AppData\Roaming\.minecraft\libraries\org\ow2\asm\asm-tree\9.6\asm-tree-9.6.jar;C:\Users\nrk47\AppData\Roaming\.minecraft\libraries\org\ow2\asm\asm-util\9.6\asm-util-9.6.jar;C:\Users\nrk47\AppData\Roaming\.minecraft\libraries\org\ow2\asm\asm-analysis\9.6\asm-analysis-9.6.jar;C:\Users\nrk47\AppData\Roaming\.minecraft\libraries\cpw\mods\modlauncher\8.1.3\modlauncher-8.1.3.jar;C:\Users\nrk47\AppData\Roaming\.minecraft\libraries\cpw\mods\grossjava9hacks\1.3.3\grossjava9hacks-1.3.3.jar;C:\Users\nrk47\AppData\Roaming\.minecraft\libraries\net\minecraftforge\accesstransformers\3.0.1\accesstransformers-3.0.1.jar;C:\Users\nrk47\AppData\Roaming\.minecraft\libraries\org\antlr\antlr4-runtime\4.9.1\antlr4-runtime-4.9.1.jar;C:\Users\nrk47\AppData\Roaming\.minecraft\libraries\net\minecraftforge\eventbus\4.0.0\eventbus-4.0.0.jar;C:\Users\nrk47\AppData\Roaming\.minecraft\libraries\net\minecraftforge\forgespi\3.2.0\forgespi-3.2.0.jar;C:\Users\nrk47\AppData\Roaming\.minecraft\libraries\net\minecraftforge\coremods\4.0.6\coremods-4.0.6.jar;C:\Users\nrk47\AppData\Roaming\.minecraft\libraries\net\minecraftforge\unsafe\0.2.0\unsafe-0.2.0.jar;C:\Users\nrk47\AppData\Roaming\.minecraft\libraries\com\electronwill\night-config\core\3.6.3\core-3.6.3.jar;C:\Users\nrk47\AppData\Roaming\.minecraft\libraries\com\electronwill\night-config\toml\3.6.3\toml-3.6.3.jar;C:\Users\nrk47\AppData\Roaming\.minecraft\libraries\org\jline\jline\3.12.1\jline-3.12.1.jar;C:\Users\nrk47\AppData\Roaming\.minecraft\libraries\org\apache\maven\maven-artifact\3.6.3\maven-artifact-3.6.3.jar;C:\Users\nrk47\AppData\Roaming\.minecraft\libraries\net\jodah\typetools\0.8.3\typetools-0.8.3.jar;
Launcher Type: SUN_STANDARD

Environment Variables:
PATH=C:\Program Files\Eclipse Foundation\jdk-16.0.2.7-hotspot\bin;C:\Program Files\Common Files\Oracle\Java\javapath;C:\Program Files (x86)\Common Files\Oracle\Java\java8path;C:\Program Files (x86)\Common Files\Oracle\Java\javapath;C:\Program Files\ImageMagick-7.1.2-Q16-HDRI;C:\Program Files (x86)\Razer Chroma SDK\bin;C:\Program Files\Razer Chroma SDK\bin;C:\WINDOWS\system32;C:\WINDOWS;C:\WINDOWS\System32\Wbem;C:\WINDOWS\System32\WindowsPowerShell\v1.0\;C:\WINDOWS\System32\OpenSSH\;C:\WINDOWS\system32\config\systemprofile\AppData\Local\Microsoft\WindowsApps;C:\Program Files (x86)\Razer\ChromaBroadcast\bin;C:\Program Files\Razer\ChromaBroadcast\bin;C:\Users\nrk47\AppData\Local\Microsoft\WindowsApps;;C:\Program Files (x86)\NVIDIA Corporation\PhysX\Common;C:\Program Files\playit_gg\bin\;C:\Program Files\dotnet\;C:\Program Files\Cloudflare\Cloudflare WARP\;C:\Program Files\NVIDIA Corporation\NVIDIA App\NvDLISR;C:\Users\nrk47\AppData\Local\Microsoft\WindowsApps;C:\Users\nrk47\AppData\Local\Programs\Microsoft VS Code\bin;C:\Users\nrk47\AppData\Local\Python\bin;C:\Users\nrk47\.dotnet\tools;C:\Users\nrk47\AppData\Local\spicetify;C:\Users\nrk47\AppData\Local\Kingsoft\WPS Office\12.1.0.27458\clitool;C:\Program Files\Eclipse Foundation\jdk-16.0.2.7-hotspot\bin
USERNAME=nrk47
OS=Windows_NT
PROCESSOR_IDENTIFIER=Intel64 Family 6 Model 158 Stepping 10, GenuineIntel



---------------  S Y S T E M  ---------------

OS: Windows 10.0 , 64 bit Build 26100 (10.0.26100.8875)

CPU:total 6 (6 cores per cpu, 1 threads per core) family 6 model 158 stepping 10, cmov, cx8, fxsr, mmx, sse, sse2, sse3, ssse3, sse4.1, sse4.2, popcnt, avx, avx2, aes, clmul, erms, 3dnowpref, lzcnt, tsc, tscinvbit, bmi1, bmi2, adx

Memory: 4k page, physical 16713748k(1076304k free), swap 20908052k(1007628k free)

vm_info: Java HotSpot(TM) 64-Bit Server VM (25.51-b03) for windows-amd64 JRE (1.8.0_51-b16), built on Jun  8 2015 18:03:07 by "java_re" with MS VC++ 10.0 (VS2010)

time: Wed Aug 12 23:28:44 2026
elapsed time: 19 seconds (0d 0h 0m 19s)

